******************************************************************************
                  TI ARM Linker PC v20.2.7                     
******************************************************************************
>> Linked Fri Sep  8 16:23:34 2023

OUTPUT FILE NAME:   <EmbeddedSystemsProject.out>
ENTRY POINT SYMBOL: "resetISR"  address: 00004e75


MEMORY CONFIGURATION

         name            origin    length      used     unused   attr    fill
----------------------  --------  ---------  --------  --------  ----  --------
  FLASH                 00000000   00100000  00005a8d  000fa573  R  X
  SRAM                  20000000   00040000  000097ac  00036854  RW X


SEGMENT ALLOCATION MAP

run origin  load origin   length   init length attrs members
----------  ----------- ---------- ----------- ----- -------
00000000    00000000    00005a90   00005a90    r-x
  00000000    00000000    00000200   00000200    r-- .intvecs
  00000200    00000200    00005178   00005178    r-x .text
  00005378    00005378    000005dd   000005dd    r-- .const
  00005958    00005958    00000138   00000138    r-- .cinit
20000000    20000000    000087b4   00000000    rw-
  20000000    20000000    0000026c   00000000    rw- .vtable
  20000270    20000270    00008000   00000000    rw- .sysmem
  20008270    20008270    00000414   00000000    rw- .data
  20008688    20008688    0000012c   00000000    rw- .bss
2003f000    2003f000    00001000   00000000    rw-
  2003f000    2003f000    00001000   00000000    rw- .stack


SECTION ALLOCATION MAP

 output                                  attributes/
section   page    origin      length       input sections
--------  ----  ----------  ----------   ----------------
.intvecs   0    00000000    00000200     
                  00000000    00000200     nortos_msp432e4.aem4f : startup_msp432e4_ccs.oem4f (.intvecs:retain)

.text      0    00000200    00005178     
                  00000200    00000a4e     rtsv7M4_T_le_v4SPD16_eabi.lib : _printfi.c.obj (.text:__TI_printfi)
                  00000c4e    00000002     ti_drivers_config.obj (.text:Board_initHook)
                  00000c50    000002f0     drivers_msp432e4.aem4f : UARTMSP432E4.oem4f (.text:UARTMSP432E4_open)
                  00000f40    000002e0     msp432e4_driverlib.a : sysctl.o (.text:SysCtlClockFreqSet)
                  00001220    00000270     rtsv7M4_T_le_v4SPD16_eabi.lib : _printfi.c.obj (.text:_pconv_a)
                  00001490    0000023a     msp432e4_driverlib.a : gpio.o (.text:GPIOPadConfigSet)
                  000016ca    00000002     drivers_msp432e4.aem4f : UARTMSP432E4.oem4f (.text:UARTMSP432E4_init)
                  000016cc    000001d8     mainThread.obj (.text:mainThread)
                  000018a4    000001d0     rtsv7M4_T_le_v4SPD16_eabi.lib : _printfi.c.obj (.text:_pconv_g)
                  00001a74    000001c4     mainThread.obj (.text:memoryReadPrint)
                  00001c38    000001b6     rtsv7M4_T_le_v4SPD16_eabi.lib : fd_add_t2.asm.obj (.text)
                  00001dee    00000002     msp432e4_driverlib.a : interrupt.o (.text:_IntDefaultHandler)
                  00001df0    00000184     drivers_msp432e4.aem4f : GPIOMSP432E4.oem4f (.text:GPIO_setConfig)
                  00001f74    0000014c     rtsv7M4_T_le_v4SPD16_eabi.lib : vla_alloc.c.obj (.text:__vla_alloc)
                  000020c0    0000013c                                   : _printfi.c.obj (.text:_pconv_e)
                  000021fc    00000136                                   : fd_div_t2.asm.obj (.text)
                  00002332    00000002                                   : _lock.c.obj (.text:_nop)
                  00002334    00000130                                   : strtol.c.obj (.text:strtol)
                  00002464    00000124                                   : _printfi.c.obj (.text:fcvt)
                  00002588    00000110                                   : s_scalbn.c.obj (.text:scalbn)
                  00002698    00000100                                   : memory.c.obj (.text:aligned_alloc)
                  00002798    000000fc                                   : fd_mul_t2.asm.obj (.text)
                  00002894    000000f8     mainThread.obj (.text:aboutPrint)
                  0000298c    000000ee     mainThread.obj (.text:printPrint)
                  00002a7a    00000002     nortos_msp432e4.aem4f : startup_msp432e4_ccs.oem4f (.text:busFaultHandler)
                  00002a7c    000000e4     rtsv7M4_T_le_v4SPD16_eabi.lib : memory.c.obj (.text:free)
                  00002b60    000000e4                                   : memory.c.obj (.text:realloc)
                  00002c44    000000be     drivers_msp432e4.aem4f : UARTMSP432E4.oem4f (.text:UARTMSP432E4_close)
                  00002d02    000000b6                            : UARTMSP432E4.oem4f (.text:readTaskCallback)
                  00002db8    000000b1     rtsv7M4_T_le_v4SPD16_eabi.lib : _printfi.c.obj (.text:_ltostr)
                  00002e69    00000001     --HOLE-- [fill = 0]
                  00002e6a    000000b0     drivers_msp432e4.aem4f : UARTMSP432E4.oem4f (.text:readTaskBlocking)
                  00002f1a    00000002     nortos_msp432e4.aem4f : SemaphoreP_nortos.oem4f (.text:clkFxn)
                  00002f1c    000000ac     drivers_msp432e4.aem4f : GPIOMSP432E4.oem4f (.text:GPIO_init)
                  00002fc8    000000a4     msp432e4_driverlib.a : gpio.o (.text:GPIOIntTypeSet)
                  0000306c    000000a0     nortos_msp432e4.aem4f : SemaphoreP_nortos.oem4f (.text:SemaphoreP_pend)
                  0000310c    0000009e     drivers_msp432e4.aem4f : UARTMSP432E4.oem4f (.text:UARTMSP432E4_readPolling)
                  000031aa    0000009c     rtsv7M4_T_le_v4SPD16_eabi.lib : memcpy_t2.asm.obj (.text)
                  00003246    00000098     drivers_msp432e4.aem4f : UARTMSP432E4.oem4f (.text:UARTMSP432E4_write)
                  000032de    00000096     rtsv7M4_T_le_v4SPD16_eabi.lib : ull_div_t2.asm.obj (.text)
                  00003374    00000094     drivers_msp432e4.aem4f : UARTMSP432E4.oem4f (.text:readIsrTextBlocking)
                  00003408    00000090                            : UARTMSP432E4.oem4f (.text:UARTMSP432E4_control)
                  00003498    00000090     msp432e4_driverlib.a : sysctl.o (.text:_SysCtlFrequencyGet)
                  00003528    00000088     drivers_msp432e4.aem4f : UARTMSP432E4.oem4f (.text:readIsrTextCallback)
                  000035b0    00000086     rtsv7M4_T_le_v4SPD16_eabi.lib : fd_cmp_t2.asm.obj (.text:__aeabi_cdcmple)
                  00003636    00000086                                   : fd_cmp_t2.asm.obj (.text:__aeabi_cdrcmple)
                  000036bc    00000080     msp432e4_driverlib.a : interrupt.o (.text:IntDisable)
                  0000373c    00000080                          : interrupt.o (.text:IntEnable)
                  000037bc    0000007c     drivers_msp432e4.aem4f : UARTMSP432E4.oem4f (.text:writeData)
                  00003838    0000007a     rtsv7M4_T_le_v4SPD16_eabi.lib : memset_t2.asm.obj (.text)
                  000038b2    00000002     nortos_msp432e4.aem4f : startup_msp432e4_ccs.oem4f (.text:defaultHandler)
                  000038b4    00000078     rtsv7M4_T_le_v4SPD16_eabi.lib : vla_alloc.c.obj (.text:_ZN33_INTERNAL_11_vla_alloc_c_be8bd49b21free_dead_allocationsEPv)
                  0000392c    00000076     msp432e4_driverlib.a : uart.o (.text:UARTConfigSetExpClk)
                  000039a2    00000002     nortos_msp432e4.aem4f : startup_msp432e4_ccs.oem4f (.text:faultISR)
                  000039a4    00000070                           : HwiPMSP432E4_nortos.oem4f (.text:HwiP_construct)
                  00003a14    00000070     rtsv7M4_T_le_v4SPD16_eabi.lib : vla_alloc.c.obj (.text:__vla_dealloc)
                  00003a84    00000070                                   : memory.c.obj (.text:split)
                  00003af4    00000070     mainThread.obj (.text:stringStartsWith)
                  00003b64    0000006e     rtsv7M4_T_le_v4SPD16_eabi.lib : _printfi.c.obj (.text:_mcpy)
                  00003bd2    00000002     nortos_msp432e4.aem4f : startup_msp432e4_ccs.oem4f (.text:nmiISR)
                  00003bd4    0000006c     drivers_msp432e4.aem4f : PowerMSP432E4.oem4f (.text:Power_releaseDependency)
                  00003c40    00000068                            : GPIOMSP432E4.oem4f (.text:GPIO_hwiIntFxn)
                  00003ca8    00000068                            : PowerMSP432E4.oem4f (.text:Power_setDependency)
                  00003d10    00000068     rtsv7M4_T_le_v4SPD16_eabi.lib : copy_decompress_lzss.c.obj (.text:decompress:lzss:__TI_decompress_lzss)
                  00003d78    00000068     drivers_msp432e4.aem4f : UARTMSP432E4.oem4f (.text:readIsrBinaryBlocking)
                  00003de0    00000064                            : PowerMSP432E4.oem4f (.text:Power_init)
                  00003e44    00000064     rtsv7M4_T_le_v4SPD16_eabi.lib : s_frexp.c.obj (.text:frexp)
                  00003ea8    00000064     drivers_msp432e4.aem4f : UARTMSP432E4.oem4f (.text:readIsrBinaryCallback)
                  00003f0c    00000062     mainThread.obj (.text:helpPrint)
                  00003f6e    0000005c     msp432e4_driverlib.a : gpio.o (.text:GPIODirModeSet)
                  00003fca    00000002     rtsv7M4_T_le_v4SPD16_eabi.lib : div0.asm.obj (.text)
                  00003fcc    0000005c     msp432e4_driverlib.a : interrupt.o (.text:IntRegister)
                  00004028    0000005c     drivers_msp432e4.aem4f : UARTMSP432E4.oem4f (.text:getPowerResourceId)
                  00004084    00000058                            : GPIOMSP432E4.oem4f (.text:GPIO_setCallback)
                  000040dc    00000058     nortos_msp432e4.aem4f : ClockPSysTick_nortos.oem4f (.text:sysTickInit)
                  00004134    00000056     rtsv7M4_T_le_v4SPD16_eabi.lib : _printfi.c.obj (.text:_pconv_f)
                  0000418a    00000002     --HOLE-- [fill = 0]
                  0000418c    00000054     drivers_msp432e4.aem4f : GPIOMSP432E4.oem4f (.text:GPIO_write)
                  000041e0    00000054     msp432e4_driverlib.a : interrupt.o (.text:IntPrioritySet)
                  00004234    00000054     rtsv7M4_T_le_v4SPD16_eabi.lib : _ltoa.c.obj (.text:__TI_ltoa)
                  00004288    00000052                                   : _printfi.c.obj (.text:_ecpy)
                  000042da    00000002     --HOLE-- [fill = 0]
                  000042dc    00000050     nortos_msp432e4.aem4f : ClockPSysTick_nortos.oem4f (.text:ClockP_sysTickHandler)
                  0000432c    00000050                           : SemaphoreP_nortos.oem4f (.text:SemaphoreP_construct)
                  0000437c    00000050     drivers_msp432e4.aem4f : UARTMSP432E4.oem4f (.text:UARTMSP432E4_hwiIntFxn)
                  000043cc    0000004c                            : UARTMSP432E4.oem4f (.text:UARTMSP432E4_writePolling)
                  00004418    0000004c     rtsv7M4_T_le_v4SPD16_eabi.lib : atoi.c.obj (.text:atoi)
                  00004464    0000004c     drivers_msp432e4.aem4f : UARTMSP432E4.oem4f (.text:ringBufGet)
                  000044b0    00000048                            : UARTMSP432E4.oem4f (.text:UARTMSP432E4_writeCancel)
                  000044f8    00000048     rtsv7M4_T_le_v4SPD16_eabi.lib : fd_toi_t2.asm.obj (.text)
                  00004540    00000046     drivers_msp432e4.aem4f : RingBuf.oem4f (.text:RingBuf_put)
                  00004586    00000002     --HOLE-- [fill = 0]
                  00004588    00000044     nortos_msp432e4.aem4f : ClockPSysTick_nortos.oem4f (.text:ClockP_stop)
                  000045cc    00000044     msp432e4_driverlib.a : gpio.o (.text:GPIOPinConfigure)
                  00004610    00000044     nortos_msp432e4.aem4f : SemaphoreP_nortos.oem4f (.text:SemaphoreP_post)
                  00004654    00000044     msp432e4_driverlib.a : sysctl.o (.text:SysCtlPeripheralPresent)
                  00004698    00000044                          : sysctl.o (.text:SysCtlPeripheralReady)
                  000046dc    00000044     drivers_msp432e4.aem4f : UART.oem4f (.text:UART_init)
                  00004720    00000044     msp432e4_driverlib.a : sysctl.o (.text:_SysCtlMemTimingGet)
                  00004764    00000044     rtsv7M4_T_le_v4SPD16_eabi.lib : autoinit.c.obj (.text:__TI_auto_init_nobinit_nopinit:__TI_auto_init_nobinit_nopinit)
                  000047a8    00000040     nortos_msp432e4.aem4f : ClockPSysTick_nortos.oem4f (.text:ClockP_construct)
                  000047e8    00000040     drivers_msp432e4.aem4f : RingBuf.oem4f (.text:RingBuf_get)
                  00004828    00000040     msp432e4_driverlib.a : sysctl.o (.text:SysCtlPeripheralDisable)
                  00004868    00000040                          : sysctl.o (.text:SysCtlPeripheralEnable)
                  000048a8    00000040                          : sysctl.o (.text:SysCtlPeripheralPowerOff)
                  000048e8    00000040                          : sysctl.o (.text:SysCtlPeripheralPowerOn)
                  00004928    00000040                          : sysctl.o (.text:SysCtlPeripheralSleepDisable)
                  00004968    00000040                          : sysctl.o (.text:SysCtlPeripheralSleepEnable)
                  000049a8    00000040     drivers_msp432e4.aem4f : UARTMSP432E4.oem4f (.text:UARTMSP432E4_read)
                  000049e8    00000040                            : UART.oem4f (.text:UART_open)
                  00004a28    00000040     rtsv7M4_T_le_v4SPD16_eabi.lib : sprintf.c.obj (.text:sprintf)
                  00004a68    0000003e                                   : _printfi.c.obj (.text:_fcpy)
                  00004aa6    00000002     --HOLE-- [fill = 0]
                  00004aa8    0000003c     nortos_msp432e4.aem4f : ClockPSysTick_nortos.oem4f (.text:ClockP_destruct)
                  00004ae4    00000038                           : ClockPSysTick_nortos.oem4f (.text:addToList)
                  00004b1c    00000036     drivers_msp432e4.aem4f : UARTMSP432E4.oem4f (.text:UARTMSP432E4_readCancel)
                  00004b52    00000036     rtsv7M4_T_le_v4SPD16_eabi.lib : strncpy.c.obj (.text:strncpy)
                  00004b88    00000034     nortos_msp432e4.aem4f : ClockPSysTick_nortos.oem4f (.text:ClockP_startup)
                  00004bbc    00000034     rtsv7M4_T_le_v4SPD16_eabi.lib : boot_cortex_m.c.obj (.text:_c_int00_noargs:_c_int00_noargs)
                  00004bf0    00000030     ti_drivers_config.obj (.text:Board_init)
                  00004c20    00000030     nortos_msp432e4.aem4f : ClockPSysTick_nortos.oem4f (.text:ClockP_start)
                  00004c50    00000030     drivers_msp432e4.aem4f : GPIOMSP432E4.oem4f (.text:GPIOMSP432E4_undoPinConfig)
                  00004c80    00000030     msp432e4_driverlib.a : uart.o (.text:UARTDisable)
                  00004cb0    0000002e     rtsv7M4_T_le_v4SPD16_eabi.lib : i_tofd_t2.asm.obj (.text)
                  00004cde    00000002     --HOLE-- [fill = 0]
                  00004ce0    0000002c     msp432e4_driverlib.a : sysctl.o (.text:SysCtlPeripheralClockGating)
                  00004d0c    0000002a     nortos_msp432e4.aem4f : HwiPMSP432E4_nortos.oem4f (.text:HwiP_create)
                  00004d36    00000002     --HOLE-- [fill = 0]
                  00004d38    00000028     rtsv7M4_T_le_v4SPD16_eabi.lib : memory.c.obj (.text:free_list_insert)
                  00004d60    00000024     msp432e4_driverlib.a : gpio.o (.text:GPIOPinTypeUART)
                  00004d84    00000024     nortos_msp432e4.aem4f : HwiPMSP432E4_nortos.oem4f (.text:HwiP_dispatch)
                  00004da8    00000024     msp432e4_driverlib.a : uart.o (.text:UARTCharPutNonBlocking)
                  00004dcc    00000024                          : uart.o (.text:UARTEnable)
                  00004df0    00000022                          : gpio.o (.text:GPIOIntStatus)
                  00004e12    00000020                          : gpio.o (.text:GPIOPinWrite)
                  00004e32    00000020     drivers_msp432e4.aem4f : RingBuf.oem4f (.text:RingBuf_peek)
                  00004e52    00000020                            : GPIOMSP432E4.oem4f (.text:getGpioIntIndex)
                  00004e72    00000002     --HOLE-- [fill = 0]
                  00004e74    00000020     nortos_msp432e4.aem4f : startup_msp432e4_ccs.oem4f (.text:resetISR)
                  00004e94    0000001e     msp432e4_driverlib.a : uart.o (.text:UARTBusy)
                  00004eb2    0000001e                          : uart.o (.text:UARTCharPut)
                  00004ed0    0000001e                          : uart.o (.text:UARTCharsAvail)
                  00004eee    0000001e                          : uart.o (.text:UARTIntStatus)
                  00004f0c    0000001c                          : interrupt.o (.text:IntUnregister)
                  00004f28    0000001c                          : uart.o (.text:UARTCharGetNonBlocking)
                  00004f44    0000001c                          : uart.o (.text:UARTFlowControlSet)
                  00004f60    0000001c                          : uart.o (.text:UARTTxIntModeSet)
                  00004f7c    0000001c     rtsv7M4_T_le_v4SPD16_eabi.lib : copy_zero_init.c.obj (.text:decompress:ZI:__TI_zero_init_nomemset:__TI_zero_init_nomemset)
                  00004f98    0000001c                                   : memory.c.obj (.text:free_list_remove)
                  00004fb4    0000001c                                   : memccpy.c.obj (.text:memccpy)
                  00004fd0    0000001a     nortos_msp432e4.aem4f : ClockPSysTick_nortos.oem4f (.text:ClockP_create)
                  00004fea    0000001a                           : SemaphoreP_nortos.oem4f (.text:SemaphoreP_createBinary)
                  00005004    0000001a     rtsv7M4_T_le_v4SPD16_eabi.lib : s_copysign.c.obj (.text:copysign)
                  0000501e    00000002     --HOLE-- [fill = 0]
                  00005020    00000018     msp432e4_driverlib.a : fpu.o (.text:FPUEnable)
                  00005038    00000018     drivers_msp432e4.aem4f : PowerMSP432E4.oem4f (.text:Power_idleFunc)
                  00005050    00000018     msp432e4_driverlib.a : uart.o (.text:UARTFIFOLevelSet)
                  00005068    00000018                          : uart.o (.text:UARTIntDisable)
                  00005080    00000018                          : uart.o (.text:UARTIntEnable)
                  00005098    00000018     drivers_msp432e4.aem4f : UART.oem4f (.text:UART_Params_init)
                  000050b0    00000018     rtsv7M4_T_le_v4SPD16_eabi.lib : sprintf.c.obj (.text:_outs)
                  000050c8    00000018                                   : strcmp.c.obj (.text:strcmp)
                  000050e0    00000016     nortos_msp432e4.aem4f : SemaphoreP_nortos.oem4f (.text:SemaphoreP_create)
                  000050f6    00000016     msp432e4_driverlib.a : uart.o (.text:UARTCharGet)
                  0000510c    00000016     rtsv7M4_T_le_v4SPD16_eabi.lib : strchr.c.obj (.text:strchr)
                  00005122    00000014     msp432e4_driverlib.a : gpio.o (.text:GPIOIntClear)
                  00005136    00000002     --HOLE-- [fill = 0]
                  00005138    00000014     drivers_msp432e4.aem4f : GPIOMSP432E4.oem4f (.text:GPIOMSP432E4_getGpioBaseAddr)
                  0000514c    00000014                            : GPIOMSP432E4.oem4f (.text:GPIOMSP432E4_getPowerResourceId)
                  00005160    00000014     nortos_msp432e4.aem4f : HwiPMSP432E4_nortos.oem4f (.text:HwiP_inISR)
                  00005174    00000014     drivers_msp432e4.aem4f : PowerMSP432E4.oem4f (.text:Power_disablePolicy)
                  00005188    00000014     rtsv7M4_T_le_v4SPD16_eabi.lib : strlen.c.obj (.text:strlen)
                  0000519c    00000012     nortos_msp432e4.aem4f : HwiPMSP432E4_nortos.oem4f (.text:HwiP_Params_init)
                  000051ae    00000012                           : HwiPMSP432E4_nortos.oem4f (.text:HwiP_destruct)
                  000051c0    00000012     drivers_msp432e4.aem4f : RingBuf.oem4f (.text:RingBuf_construct)
                  000051d2    00000012     msp432e4_driverlib.a : uart.o (.text:UARTIntClear)
                  000051e4    00000012                          : uart.o (.text:UARTRxErrorGet)
                  000051f6    00000012     main.obj (.text:main)
                  00005208    00000012     rtsv7M4_T_le_v4SPD16_eabi.lib : wcslen.c.obj (.text:wcslen)
                  0000521a    00000010     nortos_msp432e4.aem4f : ClockPSysTick_nortos.oem4f (.text:ClockP_add)
                  0000522a    00000010                           : ClockPSysTick_nortos.oem4f (.text:ClockP_delete)
                  0000523a    00000002     --HOLE-- [fill = 0]
                  0000523c    00000010                           : ClockPSysTick_nortos.oem4f (.text:ClockP_getCpuFreq)
                  0000524c    00000010                           : HwiPMSP432E4_nortos.oem4f (.text:HwiP_delete)
                  0000525c    00000010     msp432e4_driverlib.a : interrupt.o (.text:IntMasterDisable)
                  0000526c    00000010                          : interrupt.o (.text:IntMasterEnable)
                  0000527c    00000010     nortos_msp432e4.aem4f : PowerMSP432E4_nortos.oem4f (.text:PowerMSP432E4_sleepPolicy)
                  0000528c    00000010     drivers_msp432e4.aem4f : PowerMSP432E4.oem4f (.text:Power_enablePolicy)
                  0000529c    00000010     nortos_msp432e4.aem4f : SemaphoreP_nortos.oem4f (.text:SemaphoreP_Params_init)
                  000052ac    00000010     msp432e4_driverlib.a : uart.o (.text:UARTRxErrorClear)
                  000052bc    00000010     drivers_msp432e4.aem4f : UARTMSP432E4.oem4f (.text:readBlockingTimeout)
                  000052cc    0000000e                            : RingBuf.oem4f (.text:RingBuf_isFull)
                  000052da    0000000e     rtsv7M4_T_le_v4SPD16_eabi.lib : copy_decompress_none.c.obj (.text:decompress:none:__TI_decompress_none)
                  000052e8    0000000c     msp432e4_driverlib.a : cpu.o (.text:CPUcpsid)
                  000052f4    0000000c                          : cpu.o (.text:CPUcpsie)
                  00005300    0000000a     nortos_msp432e4.aem4f : ClockPSysTick_nortos.oem4f (.text:ClockP_Params_init)
                  0000530a    0000000a                           : ClockPSysTick_nortos.oem4f (.text:ClockP_isActive)
                  00005314    0000000a     drivers_msp432e4.aem4f : UART.oem4f (.text:UART_read)
                  0000531e    0000000a                            : UART.oem4f (.text:UART_write)
                  00005328    0000000a     rtsv7M4_T_le_v4SPD16_eabi.lib : sprintf.c.obj (.text:_outc)
                  00005332    00000008     nortos_msp432e4.aem4f : HwiPMSP432E4_nortos.oem4f (.text:HwiP_restore)
                  0000533a    00000002     --HOLE-- [fill = 0]
                  0000533c    00000008     rtsv7M4_T_le_v4SPD16_eabi.lib : errno.c.obj (.text:__aeabi_errno_addr)
                  00005344    00000008                                   : memory.c.obj (.text:malloc)
                  0000534c    00000008     drivers_msp432e4.aem4f : UARTMSP432E4.oem4f (.text:readSemCallback)
                  00005354    00000008                            : UARTMSP432E4.oem4f (.text:writeSemCallback)
                  0000535c    00000004     nortos_msp432e4.aem4f : ClockPSysTick_nortos.oem4f (.text:ClockP_setTimeout)
                  00005360    00000004                           : HwiPMSP432E4_nortos.oem4f (.text:HwiP_disable)
                  00005364    00000004                           : HwiPMSP432E4_nortos.oem4f (.text:HwiP_enable)
                  00005368    00000004                           : SemaphoreP_nortos.oem4f (.text:SemaphoreP_delete)
                  0000536c    00000004     rtsv7M4_T_le_v4SPD16_eabi.lib : error.c.obj (.text:__abort_execution)
                  00005370    00000004                                   : pre_init.c.obj (.text:_system_pre_init)
                  00005374    00000004                                   : exit.c.obj (.text:abort:abort)

.const     0    00005378    000005dd     
                  00005378    000001b0     msp432e4_driverlib.a : sysctl.o (.const:g_pppui32XTALtoVCO)
                  00005528    00000101     rtsv7M4_T_le_v4SPD16_eabi.lib : ctype.c.obj (.const:.string:_ctypes_)
                  00005629    00000003     drivers_msp432e4.aem4f : GPIOMSP432E4.oem4f (.const:.string:inPinTypes)
                  0000562c    0000009c     msp432e4_driverlib.a : interrupt.o (.const:g_pui32Regs)
                  000056c8    00000048                          : gpio.o (.const:g_pui32GPIOBaseAddrs)
                  00005710    00000048     drivers_msp432e4.aem4f : GPIOMSP432E4.oem4f (.const:gpioBaseAddresses)
                  00005758    00000048                            : GPIOMSP432E4.oem4f (.const:powerMgrIds)
                  000057a0    00000030     msp432e4_driverlib.a : sysctl.o (.const:g_sXTALtoMEMTIM)
                  000057d0    0000002c     ti_drivers_config.obj (.const:uartMSP432E4HWAttrs)
                  000057fc    00000028     drivers_msp432e4.aem4f : UARTMSP432E4.oem4f (.const:UARTMSP432E4_fxnTable)
                  00005824    00000028     msp432e4_driverlib.a : sysctl.o (.const:g_pui32Xtals)
                  0000584c    00000024     drivers_msp432e4.aem4f : UART.oem4f (.const:UART_defaultParams)
                  00005870    00000020                            : GPIOMSP432E4.oem4f (.const:.string:gpioInterruptVectors)
                  00005890    00000020                            : UARTMSP432E4.oem4f (.const:staticFxnTable)
                  000058b0    00000014     ti_drivers_config.obj (.const:GPIOMSP432E4_config)
                  000058c4    00000014     msp432e4_driverlib.a : interrupt.o (.const:g_pui32Dii16Regs)
                  000058d8    00000014                          : interrupt.o (.const:g_pui32EnRegs)
                  000058ec    00000014     drivers_msp432e4.aem4f : UARTMSP432E4.oem4f (.const:parityType)
                  00005900    00000010                            : UARTMSP432E4.oem4f (.const:dataLength)
                  00005910    0000000d     mainThread.obj (.const:.string:$P$T0$1)
                  0000591d    00000003     ti_drivers_config.obj (.const)
                  00005920    0000000c     ti_drivers_config.obj (.const:UART_config)
                  0000592c    00000008     ti_drivers_config.obj (.const:PowerMSP432E4_config)
                  00005934    00000008     msp432e4_driverlib.a : sysctl.o (.const:g_pui32VCOFrequencies)
                  0000593c    00000008     drivers_msp432e4.aem4f : UARTMSP432E4.oem4f (.const:stopBits)
                  00005944    00000007                            : GPIOMSP432E4.oem4f (.const:.string:outPinStrengths)
                  0000594b    00000006                            : GPIOMSP432E4.oem4f (.const:.string:interruptType)
                  00005951    00000004                            : GPIOMSP432E4.oem4f (.const:.string:outPinTypes)

.cinit     0    00005958    00000138     
                  00005958    000000fd     (.cinit..data.load) [load image, compression = lzss]
                  00005a55    00000003     --HOLE-- [fill = 0]
                  00005a58    0000000c     (__TI_handler_table)
                  00005a64    00000004     --HOLE-- [fill = 0]
                  00005a68    00000008     (.cinit..bss.load) [load image, compression = zero_init]
                  00005a70    00000008     (.cinit..vtable.load) [load image, compression = zero_init]
                  00005a78    00000018     (__TI_cinit_table)

.init_array 
*          0    00000000    00000000     UNINITIALIZED

.vtable    0    20000000    0000026c     UNINITIALIZED
                  20000000    0000026c     msp432e4_driverlib.a : interrupt.o (.vtable)

.sysmem    0    20000270    00008000     UNINITIALIZED
                  20000270    00000010     rtsv7M4_T_le_v4SPD16_eabi.lib : memory.c.obj (.sysmem)
                  20000280    00007ff0     --HOLE--

.data      0    20008270    00000414     UNINITIALIZED
                  20008270    0000026c     nortos_msp432e4.aem4f : HwiPMSP432E4_nortos.oem4f (.data:HwiP_dispatchTable)
                  200084dc    0000016c     drivers_msp432e4.aem4f : PowerMSP432E4.oem4f (.data:PowerMSP432E4_module)
                  20008648    00000008     rtsv7M4_T_le_v4SPD16_eabi.lib : _lock.c.obj (.data:$O1$$)
                  20008650    00000008                                   : memory.c.obj (.data:$O1$$)
                  20008658    00000008     nortos_msp432e4.aem4f : SemaphoreP_nortos.oem4f (.data:SemaphoreP_defaultParams)
                  20008660    00000005     drivers_msp432e4.aem4f : GPIOMSP432E4.oem4f (.data)
                  20008665    00000003     nortos_msp432e4.aem4f : SemaphoreP_nortos.oem4f (.data)
                  20008668    00000005                           : ClockPSysTick_nortos.oem4f (.data)
                  2000866d    00000001     drivers_msp432e4.aem4f : UART.oem4f (.data)
                  2000866e    00000002     --HOLE--
                  20008670    00000004     ti_drivers_config.obj (.data:gpioCallbackFunctions)
                  20008674    00000004     ti_drivers_config.obj (.data:gpioPinConfigs)
                  20008678    00000004     nortos_msp432e4.aem4f : HwiPMSP432E4_nortos.oem4f (.data)
                  2000867c    00000004     rtsv7M4_T_le_v4SPD16_eabi.lib : errno.c.obj (.data)
                  20008680    00000004                                   : vla_alloc.c.obj (.data)

.bss       0    20008688    0000012c     UNINITIALIZED
                  20008688    00000090     drivers_msp432e4.aem4f : GPIOMSP432E4.oem4f (.bss:gpioCallbackInfo)
                  20008718    00000064     (.common:uartMSP432E4Objects)
                  2000877c    00000020     ti_drivers_config.obj (.bss:uartMSP432E4RingBuffer0)
                  2000879c    00000004     drivers_msp432e4.aem4f : GPIOMSP432E4.oem4f (.bss)
                  200087a0    00000010     (.common:ClockP_ctrl)
                  200087b0    00000004     nortos_msp432e4.aem4f : ClockPSysTick_nortos.oem4f (.bss)

.stack     0    2003f000    00001000     UNINITIALIZED
                  2003f000    00000004     rtsv7M4_T_le_v4SPD16_eabi.lib : boot_cortex_m.c.obj (.stack)
                  2003f004    00000ffc     --HOLE--

__llvm_prf_cnts 
*          0    20000000    00000000     UNINITIALIZED

.binit     0    00000000    00000000     

MODULE SUMMARY

       Module                       code    ro data   rw data
       ------                       ----    -------   -------
    .\
       mainThread.obj               1620    13        0      
       main.obj                     18      0         0      
    +--+----------------------------+-------+---------+---------+
       Total:                       1638    13        0      
                                                             
    .\syscfg\
       ti_drivers_config.obj        50      87        140    
    +--+----------------------------+-------+---------+---------+
       Total:                       50      87        140    
                                                             
    C:/ti/simplelink_msp432e4_sdk_4_20_00_12/kernel/nortos/lib/nortos_msp432e4.aem4f
       HwiPMSP432E4_nortos.oem4f    278     0         624    
       ClockPSysTick_nortos.oem4f   614     0         25     
       startup_msp432e4_ccs.oem4f   40      512       0      
       SemaphoreP_nortos.oem4f      378     0         11     
       PowerMSP432E4_nortos.oem4f   16      0         0      
    +--+----------------------------+-------+---------+---------+
       Total:                       1326    512       660    
                                                             
    C:/ti/simplelink_msp432e4_sdk_4_20_00_12/source/ti/devices/msp432e4/driverlib/lib/ccs/m4f/msp432e4_driverlib.a
       sysctl.o                     1512    528       0      
       interrupt.o                  494     196       620    
       gpio.o                       1016    72        0      
       uart.o                       588     0         0      
       cpu.o                        24      0         0      
       fpu.o                        24      0         0      
    +--+----------------------------+-------+---------+---------+
       Total:                       3658    796       620    
                                                             
    C:/ti/simplelink_msp432e4_sdk_4_20_00_12/source/ti/drivers/lib/drivers_msp432e4.aem4f
       UARTMSP432E4.oem4f           2914    116       0      
       GPIOMSP432E4.oem4f           956     196       153    
       PowerMSP432E4.oem4f          372     0         364    
       UART.oem4f                   176     36        1      
       RingBuf.oem4f                198     0         0      
    +--+----------------------------+-------+---------+---------+
       Total:                       4616    348       518    
                                                             
    C:\ti\ccs1240\ccs\tools\compiler\ti-cgt-arm_20.2.7.LTS\lib\rtsv7M4_T_le_v4SPD16_eabi.lib
       _printfi.c.obj               4851    0         0      
       memory.c.obj                 900     0         8      
       vla_alloc.c.obj              564     0         4      
       fd_add_t2.asm.obj            438     0         0      
       fd_div_t2.asm.obj            310     0         0      
       strtol.c.obj                 304     0         0      
       s_scalbn.c.obj               272     0         0      
       fd_cmp_t2.asm.obj            268     0         0      
       ctype.c.obj                  0       257       0      
       fd_mul_t2.asm.obj            252     0         0      
       memcpy_t2.asm.obj            156     0         0      
       ull_div_t2.asm.obj           150     0         0      
       memset_t2.asm.obj            122     0         0      
       copy_decompress_lzss.c.obj   104     0         0      
       s_frexp.c.obj                100     0         0      
       sprintf.c.obj                98      0         0      
       _ltoa.c.obj                  84      0         0      
       atoi.c.obj                   76      0         0      
       fd_toi_t2.asm.obj            72      0         0      
       autoinit.c.obj               68      0         0      
       strncpy.c.obj                54      0         0      
       boot_cortex_m.c.obj          52      0         0      
       i_tofd_t2.asm.obj            46      0         0      
       copy_zero_init.c.obj         28      0         0      
       memccpy.c.obj                28      0         0      
       s_copysign.c.obj             26      0         0      
       strcmp.c.obj                 24      0         0      
       strchr.c.obj                 22      0         0      
       strlen.c.obj                 20      0         0      
       wcslen.c.obj                 18      0         0      
       copy_decompress_none.c.obj   14      0         0      
       errno.c.obj                  8       0         4      
       _lock.c.obj                  2       0         8      
       error.c.obj                  4       0         0      
       exit.c.obj                   4       0         0      
       pre_init.c.obj               4       0         0      
       div0.asm.obj                 2       0         0      
    +--+----------------------------+-------+---------+---------+
       Total:                       9545    257       24     
                                                             
       Heap:                        0       0         32768  
       Stack:                       0       0         4096   
       Linker Generated:            0       305       0      
    +--+----------------------------+-------+---------+---------+
       Grand Total:                 20833   2318      38826  


LINKER GENERATED COPY TABLES

__TI_cinit_table @ 00005a78 records: 3, size/record: 8, table size: 24
	.data: load addr=00005958, load size=000000fd bytes, run addr=20008270, run size=00000414 bytes, compression=lzss
	.bss: load addr=00005a68, load size=00000008 bytes, run addr=20008688, run size=0000012c bytes, compression=zero_init
	.vtable: load addr=00005a70, load size=00000008 bytes, run addr=20000000, run size=0000026c bytes, compression=zero_init


LINKER GENERATED HANDLER TABLE

__TI_handler_table @ 00005a58 records: 3, size/record: 4, table size: 12
	index: 0, handler: __TI_zero_init
	index: 1, handler: __TI_decompress_lzss
	index: 2, handler: __TI_decompress_none


GLOBAL SYMBOLS: SORTED ALPHABETICALLY BY Name 

address   name                           
-------   ----                           
00004bf1  Board_init                     
00000c4f  Board_initHook                 
00005375  C$$EXIT                        
0000591d  CONFIG_GPIO_LED_0_CONST        
0000591e  CONFIG_UART_0_CONST            
000052e9  CPUcpsid                       
000052f5  CPUcpsie                       
00005301  ClockP_Params_init             
0000521b  ClockP_add                     
000047a9  ClockP_construct               
00004fd1  ClockP_create                  
200087a0  ClockP_ctrl                    
0000522b  ClockP_delete                  
00004aa9  ClockP_destruct                
000042dd  ClockP_doTick                  
0000523d  ClockP_getCpuFreq              
0000530b  ClockP_isActive                
0000535d  ClockP_setTimeout              
00004c21  ClockP_start                   
00004b89  ClockP_startup                 
00004589  ClockP_stop                    
000042dd  ClockP_sysTickHandler          
20008668  ClockP_tickPeriod              
00005021  FPUEnable                      
00003f6f  GPIODirModeSet                 
00005123  GPIOIntClear                   
00004df1  GPIOIntStatus                  
00002fc9  GPIOIntTypeSet                 
000058b0  GPIOMSP432E4_config            
00005139  GPIOMSP432E4_getGpioBaseAddr   
0000514d  GPIOMSP432E4_getPowerResourceId
00004c51  GPIOMSP432E4_undoPinConfig     
00001491  GPIOPadConfigSet               
000045cd  GPIOPinConfigure               
00004d61  GPIOPinTypeUART                
00004e13  GPIOPinWrite                   
00003c41  GPIO_hwiIntFxn                 
00002f1d  GPIO_init                      
00004085  GPIO_setCallback               
00001df1  GPIO_setConfig                 
0000418d  GPIO_write                     
0000519d  HwiP_Params_init               
000039a5  HwiP_construct                 
00004d0d  HwiP_create                    
0000524d  HwiP_delete                    
000051af  HwiP_destruct                  
00005361  HwiP_disable                   
00005365  HwiP_enable                    
00005161  HwiP_inISR                     
00005333  HwiP_restore                   
20008678  HwiP_swiPIntNum                
000036bd  IntDisable                     
0000373d  IntEnable                      
0000525d  IntMasterDisable               
0000526d  IntMasterEnable                
000041e1  IntPrioritySet                 
00003fcd  IntRegister                    
00004f0d  IntUnregister                  
00005365  NoRTOS_start                   
0000592c  PowerMSP432E4_config           
200084dc  PowerMSP432E4_module           
0000527d  PowerMSP432E4_sleepPolicy      
00005175  Power_disablePolicy            
0000528d  Power_enablePolicy             
00005039  Power_idleFunc                 
00003de1  Power_init                     
00003bd5  Power_releaseDependency        
00003ca9  Power_setDependency            
000051c1  RingBuf_construct              
000047e9  RingBuf_get                    
000052cd  RingBuf_isFull                 
00004e33  RingBuf_peek                   
00004541  RingBuf_put                    
0000529d  SemaphoreP_Params_init         
0000432d  SemaphoreP_construct           
000050e1  SemaphoreP_create              
00004feb  SemaphoreP_createBinary        
20008658  SemaphoreP_defaultParams       
00005369  SemaphoreP_delete              
0000306d  SemaphoreP_pend                
00004611  SemaphoreP_post                
00000f41  SysCtlClockFreqSet             
00004ce1  SysCtlPeripheralClockGating    
00004829  SysCtlPeripheralDisable        
00004869  SysCtlPeripheralEnable         
000048a9  SysCtlPeripheralPowerOff       
000048e9  SysCtlPeripheralPowerOn        
00004655  SysCtlPeripheralPresent        
00004699  SysCtlPeripheralReady          
00004929  SysCtlPeripheralSleepDisable   
00004969  SysCtlPeripheralSleepEnable    
00004e95  UARTBusy                       
000050f7  UARTCharGet                    
00004f29  UARTCharGetNonBlocking         
00004eb3  UARTCharPut                    
00004da9  UARTCharPutNonBlocking         
00004ed1  UARTCharsAvail                 
0000392d  UARTConfigSetExpClk            
00004c81  UARTDisable                    
00004dcd  UARTEnable                     
00005051  UARTFIFOLevelSet               
00004f45  UARTFlowControlSet             
000051d3  UARTIntClear                   
00005069  UARTIntDisable                 
00005081  UARTIntEnable                  
00004eef  UARTIntStatus                  
00002c45  UARTMSP432E4_close             
00003409  UARTMSP432E4_control           
000057fc  UARTMSP432E4_fxnTable          
000016cb  UARTMSP432E4_init              
00000c51  UARTMSP432E4_open              
000049a9  UARTMSP432E4_read              
00004b1d  UARTMSP432E4_readCancel        
0000310d  UARTMSP432E4_readPolling       
00003247  UARTMSP432E4_write             
000044b1  UARTMSP432E4_writeCancel       
000043cd  UARTMSP432E4_writePolling      
000052ad  UARTRxErrorClear               
000051e5  UARTRxErrorGet                 
00004f61  UARTTxIntModeSet               
00005099  UART_Params_init               
00005920  UART_config                    
0000591f  UART_count                     
0000584c  UART_defaultParams             
000046dd  UART_init                      
000049e9  UART_open                      
00005315  UART_read                      
0000531f  UART_write                     
20040000  __STACK_END                    
00001000  __STACK_SIZE                   
00008000  __SYSMEM_SIZE                  
00005a78  __TI_CINIT_Base                
00005a90  __TI_CINIT_Limit               
00005a58  __TI_Handler_Table_Base        
00005a64  __TI_Handler_Table_Limit       
00004765  __TI_auto_init_nobinit_nopinit 
00003d11  __TI_decompress_lzss           
000052db  __TI_decompress_none           
00004235  __TI_ltoa                      
ffffffff  __TI_pprof_out_hndl            
00000201  __TI_printfi                   
ffffffff  __TI_prof_data_size            
ffffffff  __TI_prof_data_start           
00005958  __TI_static_base__             
00004f7d  __TI_zero_init_nomemset        
0000536d  __abort_execution              
000035b1  __aeabi_cdcmpeq                
000035b1  __aeabi_cdcmple                
00003637  __aeabi_cdrcmple               
000044f9  __aeabi_d2iz                   
00001c43  __aeabi_dadd                   
000021fd  __aeabi_ddiv                   
00002799  __aeabi_dmul                   
00001c39  __aeabi_dsub                   
0000533d  __aeabi_errno_addr             
00004cb1  __aeabi_i2d                    
00003fcb  __aeabi_idiv0                  
00003fcb  __aeabi_ldiv0                  
00003839  __aeabi_memclr                 
00003839  __aeabi_memclr4                
00003839  __aeabi_memclr8                
000031ab  __aeabi_memcpy                 
000031ab  __aeabi_memcpy4                
000031ab  __aeabi_memcpy8                
0000383b  __aeabi_memset                 
0000383b  __aeabi_memset4                
0000383b  __aeabi_memset8                
000032df  __aeabi_uldivmod               
ffffffff  __binit__                      
ffffffff  __c_args__                     
UNDEFED   __mpu_init                     
2003f000  __stack                        
20000000  __start___llvm_prf_cnts        
20000000  __stop___llvm_prf_cnts         
00001f75  __vla_alloc                    
00003a15  __vla_dealloc                  
00004bbd  _c_int00_noargs                
00005528  _ctypes_                       
20008648  _lock                          
00002333  _nop                           
20000270  _sys_memory                    
UNDEFED   _system_post_cinit             
00005371  _system_pre_init               
2000864c  _unlock                        
00005375  abort                          
00002895  aboutPrint                     
00002699  aligned_alloc                  
00004419  atoi                           
ffffffff  binit                          
00002f1b  clkFxn                         
00005005  copysign                       
00005005  copysignl                      
2000867c  errno                          
00002a7d  free                           
00003e45  frexp                          
00003e45  frexpl                         
20000000  g_pfnRAMVectors                
20008670  gpioCallbackFunctions          
20008674  gpioPinConfigs                 
00003f0d  helpPrint                      
00002589  ldexp                          
00002589  ldexpl                         
000051f7  main                           
000016cd  mainThread                     
00005345  malloc                         
00002699  memalign                       
00004fb5  memccpy                        
000031ab  memcpy                         
00001a75  memoryReadPrint                
00003841  memset                         
0000298d  printPrint                     
00002b61  realloc                        
00004e75  resetISR                       
00000000  resetVectors                   
00002589  scalbn                         
00002589  scalbnl                        
00004a29  sprintf                        
0000510d  strchr                         
000050c9  strcmp                         
00003af5  stringStartsWith               
00005189  strlen                         
00004b53  strncpy                        
00002335  strtol                         
20008718  uartMSP432E4Objects            
00005209  wcslen                         


GLOBAL SYMBOLS: SORTED BY Symbol Address 

address   name                           
-------   ----                           
00000000  resetVectors                   
00000201  __TI_printfi                   
00000c4f  Board_initHook                 
00000c51  UARTMSP432E4_open              
00000f41  SysCtlClockFreqSet             
00001000  __STACK_SIZE                   
00001491  GPIOPadConfigSet               
000016cb  UARTMSP432E4_init              
000016cd  mainThread                     
00001a75  memoryReadPrint                
00001c39  __aeabi_dsub                   
00001c43  __aeabi_dadd                   
00001df1  GPIO_setConfig                 
00001f75  __vla_alloc                    
000021fd  __aeabi_ddiv                   
00002333  _nop                           
00002335  strtol                         
00002589  ldexp                          
00002589  ldexpl                         
00002589  scalbn                         
00002589  scalbnl                        
00002699  aligned_alloc                  
00002699  memalign                       
00002799  __aeabi_dmul                   
00002895  aboutPrint                     
0000298d  printPrint                     
00002a7d  free                           
00002b61  realloc                        
00002c45  UARTMSP432E4_close             
00002f1b  clkFxn                         
00002f1d  GPIO_init                      
00002fc9  GPIOIntTypeSet                 
0000306d  SemaphoreP_pend                
0000310d  UARTMSP432E4_readPolling       
000031ab  __aeabi_memcpy                 
000031ab  __aeabi_memcpy4                
000031ab  __aeabi_memcpy8                
000031ab  memcpy                         
00003247  UARTMSP432E4_write             
000032df  __aeabi_uldivmod               
00003409  UARTMSP432E4_control           
000035b1  __aeabi_cdcmpeq                
000035b1  __aeabi_cdcmple                
00003637  __aeabi_cdrcmple               
000036bd  IntDisable                     
0000373d  IntEnable                      
00003839  __aeabi_memclr                 
00003839  __aeabi_memclr4                
00003839  __aeabi_memclr8                
0000383b  __aeabi_memset                 
0000383b  __aeabi_memset4                
0000383b  __aeabi_memset8                
00003841  memset                         
0000392d  UARTConfigSetExpClk            
000039a5  HwiP_construct                 
00003a15  __vla_dealloc                  
00003af5  stringStartsWith               
00003bd5  Power_releaseDependency        
00003c41  GPIO_hwiIntFxn                 
00003ca9  Power_setDependency            
00003d11  __TI_decompress_lzss           
00003de1  Power_init                     
00003e45  frexp                          
00003e45  frexpl                         
00003f0d  helpPrint                      
00003f6f  GPIODirModeSet                 
00003fcb  __aeabi_idiv0                  
00003fcb  __aeabi_ldiv0                  
00003fcd  IntRegister                    
00004085  GPIO_setCallback               
0000418d  GPIO_write                     
000041e1  IntPrioritySet                 
00004235  __TI_ltoa                      
000042dd  ClockP_doTick                  
000042dd  ClockP_sysTickHandler          
0000432d  SemaphoreP_construct           
000043cd  UARTMSP432E4_writePolling      
00004419  atoi                           
000044b1  UARTMSP432E4_writeCancel       
000044f9  __aeabi_d2iz                   
00004541  RingBuf_put                    
00004589  ClockP_stop                    
000045cd  GPIOPinConfigure               
00004611  SemaphoreP_post                
00004655  SysCtlPeripheralPresent        
00004699  SysCtlPeripheralReady          
000046dd  UART_init                      
00004765  __TI_auto_init_nobinit_nopinit 
000047a9  ClockP_construct               
000047e9  RingBuf_get                    
00004829  SysCtlPeripheralDisable        
00004869  SysCtlPeripheralEnable         
000048a9  SysCtlPeripheralPowerOff       
000048e9  SysCtlPeripheralPowerOn        
00004929  SysCtlPeripheralSleepDisable   
00004969  SysCtlPeripheralSleepEnable    
000049a9  UARTMSP432E4_read              
000049e9  UART_open                      
00004a29  sprintf                        
00004aa9  ClockP_destruct                
00004b1d  UARTMSP432E4_readCancel        
00004b53  strncpy                        
00004b89  ClockP_startup                 
00004bbd  _c_int00_noargs                
00004bf1  Board_init                     
00004c21  ClockP_start                   
00004c51  GPIOMSP432E4_undoPinConfig     
00004c81  UARTDisable                    
00004cb1  __aeabi_i2d                    
00004ce1  SysCtlPeripheralClockGating    
00004d0d  HwiP_create                    
00004d61  GPIOPinTypeUART                
00004da9  UARTCharPutNonBlocking         
00004dcd  UARTEnable                     
00004df1  GPIOIntStatus                  
00004e13  GPIOPinWrite                   
00004e33  RingBuf_peek                   
00004e75  resetISR                       
00004e95  UARTBusy                       
00004eb3  UARTCharPut                    
00004ed1  UARTCharsAvail                 
00004eef  UARTIntStatus                  
00004f0d  IntUnregister                  
00004f29  UARTCharGetNonBlocking         
00004f45  UARTFlowControlSet             
00004f61  UARTTxIntModeSet               
00004f7d  __TI_zero_init_nomemset        
00004fb5  memccpy                        
00004fd1  ClockP_create                  
00004feb  SemaphoreP_createBinary        
00005005  copysign                       
00005005  copysignl                      
00005021  FPUEnable                      
00005039  Power_idleFunc                 
00005051  UARTFIFOLevelSet               
00005069  UARTIntDisable                 
00005081  UARTIntEnable                  
00005099  UART_Params_init               
000050c9  strcmp                         
000050e1  SemaphoreP_create              
000050f7  UARTCharGet                    
0000510d  strchr                         
00005123  GPIOIntClear                   
00005139  GPIOMSP432E4_getGpioBaseAddr   
0000514d  GPIOMSP432E4_getPowerResourceId
00005161  HwiP_inISR                     
00005175  Power_disablePolicy            
00005189  strlen                         
0000519d  HwiP_Params_init               
000051af  HwiP_destruct                  
000051c1  RingBuf_construct              
000051d3  UARTIntClear                   
000051e5  UARTRxErrorGet                 
000051f7  main                           
00005209  wcslen                         
0000521b  ClockP_add                     
0000522b  ClockP_delete                  
0000523d  ClockP_getCpuFreq              
0000524d  HwiP_delete                    
0000525d  IntMasterDisable               
0000526d  IntMasterEnable                
0000527d  PowerMSP432E4_sleepPolicy      
0000528d  Power_enablePolicy             
0000529d  SemaphoreP_Params_init         
000052ad  UARTRxErrorClear               
000052cd  RingBuf_isFull                 
000052db  __TI_decompress_none           
000052e9  CPUcpsid                       
000052f5  CPUcpsie                       
00005301  ClockP_Params_init             
0000530b  ClockP_isActive                
00005315  UART_read                      
0000531f  UART_write                     
00005333  HwiP_restore                   
0000533d  __aeabi_errno_addr             
00005345  malloc                         
0000535d  ClockP_setTimeout              
00005361  HwiP_disable                   
00005365  HwiP_enable                    
00005365  NoRTOS_start                   
00005369  SemaphoreP_delete              
0000536d  __abort_execution              
00005371  _system_pre_init               
00005375  C$$EXIT                        
00005375  abort                          
00005528  _ctypes_                       
000057fc  UARTMSP432E4_fxnTable          
0000584c  UART_defaultParams             
000058b0  GPIOMSP432E4_config            
0000591d  CONFIG_GPIO_LED_0_CONST        
0000591e  CONFIG_UART_0_CONST            
0000591f  UART_count                     
00005920  UART_config                    
0000592c  PowerMSP432E4_config           
00005958  __TI_static_base__             
00005a58  __TI_Handler_Table_Base        
00005a64  __TI_Handler_Table_Limit       
00005a78  __TI_CINIT_Base                
00005a90  __TI_CINIT_Limit               
00008000  __SYSMEM_SIZE                  
20000000  __start___llvm_prf_cnts        
20000000  __stop___llvm_prf_cnts         
20000000  g_pfnRAMVectors                
20000270  _sys_memory                    
200084dc  PowerMSP432E4_module           
20008648  _lock                          
2000864c  _unlock                        
20008658  SemaphoreP_defaultParams       
20008668  ClockP_tickPeriod              
20008670  gpioCallbackFunctions          
20008674  gpioPinConfigs                 
20008678  HwiP_swiPIntNum                
2000867c  errno                          
20008718  uartMSP432E4Objects            
200087a0  ClockP_ctrl                    
2003f000  __stack                        
20040000  __STACK_END                    
ffffffff  __TI_pprof_out_hndl            
ffffffff  __TI_prof_data_size            
ffffffff  __TI_prof_data_start           
ffffffff  __binit__                      
ffffffff  __c_args__                     
ffffffff  binit                          
UNDEFED   __mpu_init                     
UNDEFED   _system_post_cinit             

[225 symbols]
