******************************************************************************
                  TI ARM Linker PC v20.2.7                     
******************************************************************************
>> Linked Fri Sep  8 12:52:42 2023

OUTPUT FILE NAME:   <EmbeddedSystemsProject.out>
ENTRY POINT SYMBOL: "resetISR"  address: 00004b99


MEMORY CONFIGURATION

         name            origin    length      used     unused   attr    fill
----------------------  --------  ---------  --------  --------  ----  --------
  FLASH                 00000000   00100000  000057b1  000fa84f  R  X
  SRAM                  20000000   00040000  000097ac  00036854  RW X


SEGMENT ALLOCATION MAP

run origin  load origin   length   init length attrs members
----------  ----------- ---------- ----------- ----- -------
00000000    00000000    000057b8   000057b8    r-x
  00000000    00000000    00000200   00000200    r-- .intvecs
  00000200    00000200    00004e9c   00004e9c    r-x .text
  0000509c    0000509c    000005dd   000005dd    r-- .const
  00005680    00005680    00000138   00000138    r-- .cinit
20000000    20000000    000087b4   00000000    rw-
  20000000    20000000    0000026c   00000000    rw- .vtable
  20000270    20000270    00008000   00000000    rw- .sysmem
  20008270    20008270    00000414   00000000    rw- .data
  20008688    20008688    0000012c   00000000    rw- .bss
2003f000    2003f000    00001000   00000000    rw-
  2003f000    2003f000    00001000   00000000    rw- .stack


SECTION ALLOCATION MAP

 output                                  attributes/
section   page    origin      length       input sections
--------  ----  ----------  ----------   ----------------
.intvecs   0    00000000    00000200     
                  00000000    00000200     nortos_msp432e4.aem4f : startup_msp432e4_ccs.oem4f (.intvecs:retain)

.text      0    00000200    00004e9c     
                  00000200    00000a4e     rtsv7M4_T_le_v4SPD16_eabi.lib : _printfi.c.obj (.text:__TI_printfi)
                  00000c4e    00000002     ti_drivers_config.obj (.text:Board_initHook)
                  00000c50    000002f0     drivers_msp432e4.aem4f : UARTMSP432E4.oem4f (.text:UARTMSP432E4_open)
                  00000f40    000002e0     msp432e4_driverlib.a : sysctl.o (.text:SysCtlClockFreqSet)
                  00001220    00000270     rtsv7M4_T_le_v4SPD16_eabi.lib : _printfi.c.obj (.text:_pconv_a)
                  00001490    0000023a     msp432e4_driverlib.a : gpio.o (.text:GPIOPadConfigSet)
                  000016ca    00000002     drivers_msp432e4.aem4f : UARTMSP432E4.oem4f (.text:UARTMSP432E4_init)
                  000016cc    000001d0     rtsv7M4_T_le_v4SPD16_eabi.lib : _printfi.c.obj (.text:_pconv_g)
                  0000189c    000001cc     mainThread.obj (.text:mainThread)
                  00001a68    000001b6     rtsv7M4_T_le_v4SPD16_eabi.lib : fd_add_t2.asm.obj (.text)
                  00001c1e    00000002     msp432e4_driverlib.a : interrupt.o (.text:_IntDefaultHandler)
                  00001c20    00000184     drivers_msp432e4.aem4f : GPIOMSP432E4.oem4f (.text:GPIO_setConfig)
                  00001da4    0000014c     rtsv7M4_T_le_v4SPD16_eabi.lib : vla_alloc.c.obj (.text:__vla_alloc)
                  00001ef0    0000013c                                   : _printfi.c.obj (.text:_pconv_e)
                  0000202c    00000136                                   : fd_div_t2.asm.obj (.text)
                  00002162    00000002                                   : _lock.c.obj (.text:_nop)
                  00002164    00000124                                   : _printfi.c.obj (.text:fcvt)
                  00002288    00000112     mainThread.obj (.text:printPrint)
                  0000239a    00000002     nortos_msp432e4.aem4f : startup_msp432e4_ccs.oem4f (.text:busFaultHandler)
                  0000239c    00000110     rtsv7M4_T_le_v4SPD16_eabi.lib : s_scalbn.c.obj (.text:scalbn)
                  000024ac    00000100                                   : memory.c.obj (.text:aligned_alloc)
                  000025ac    000000fc                                   : fd_mul_t2.asm.obj (.text)
                  000026a8    000000f8     mainThread.obj (.text:aboutPrint)
                  000027a0    000000e4     rtsv7M4_T_le_v4SPD16_eabi.lib : memory.c.obj (.text:free)
                  00002884    000000e4                                   : memory.c.obj (.text:realloc)
                  00002968    000000be     drivers_msp432e4.aem4f : UARTMSP432E4.oem4f (.text:UARTMSP432E4_close)
                  00002a26    000000b6                            : UARTMSP432E4.oem4f (.text:readTaskCallback)
                  00002adc    000000b1     rtsv7M4_T_le_v4SPD16_eabi.lib : _printfi.c.obj (.text:_ltostr)
                  00002b8d    00000001     --HOLE-- [fill = 0]
                  00002b8e    000000b0     drivers_msp432e4.aem4f : UARTMSP432E4.oem4f (.text:readTaskBlocking)
                  00002c3e    00000002     nortos_msp432e4.aem4f : SemaphoreP_nortos.oem4f (.text:clkFxn)
                  00002c40    000000ac     drivers_msp432e4.aem4f : GPIOMSP432E4.oem4f (.text:GPIO_init)
                  00002cec    000000a4     msp432e4_driverlib.a : gpio.o (.text:GPIOIntTypeSet)
                  00002d90    000000a0     nortos_msp432e4.aem4f : SemaphoreP_nortos.oem4f (.text:SemaphoreP_pend)
                  00002e30    0000009e     drivers_msp432e4.aem4f : UARTMSP432E4.oem4f (.text:UARTMSP432E4_readPolling)
                  00002ece    0000009c     rtsv7M4_T_le_v4SPD16_eabi.lib : memcpy_t2.asm.obj (.text)
                  00002f6a    00000098     drivers_msp432e4.aem4f : UARTMSP432E4.oem4f (.text:UARTMSP432E4_write)
                  00003002    00000096     rtsv7M4_T_le_v4SPD16_eabi.lib : ull_div_t2.asm.obj (.text)
                  00003098    00000094     drivers_msp432e4.aem4f : UARTMSP432E4.oem4f (.text:readIsrTextBlocking)
                  0000312c    00000090                            : UARTMSP432E4.oem4f (.text:UARTMSP432E4_control)
                  000031bc    00000090     msp432e4_driverlib.a : sysctl.o (.text:_SysCtlFrequencyGet)
                  0000324c    00000088     drivers_msp432e4.aem4f : UARTMSP432E4.oem4f (.text:readIsrTextCallback)
                  000032d4    00000086     rtsv7M4_T_le_v4SPD16_eabi.lib : fd_cmp_t2.asm.obj (.text:__aeabi_cdcmple)
                  0000335a    00000086                                   : fd_cmp_t2.asm.obj (.text:__aeabi_cdrcmple)
                  000033e0    00000080     msp432e4_driverlib.a : interrupt.o (.text:IntDisable)
                  00003460    00000080                          : interrupt.o (.text:IntEnable)
                  000034e0    0000007c     drivers_msp432e4.aem4f : UARTMSP432E4.oem4f (.text:writeData)
                  0000355c    0000007a     rtsv7M4_T_le_v4SPD16_eabi.lib : memset_t2.asm.obj (.text)
                  000035d6    00000002     nortos_msp432e4.aem4f : startup_msp432e4_ccs.oem4f (.text:defaultHandler)
                  000035d8    00000078     rtsv7M4_T_le_v4SPD16_eabi.lib : vla_alloc.c.obj (.text:_ZN33_INTERNAL_11_vla_alloc_c_be8bd49b21free_dead_allocationsEPv)
                  00003650    00000076     msp432e4_driverlib.a : uart.o (.text:UARTConfigSetExpClk)
                  000036c6    00000002     nortos_msp432e4.aem4f : startup_msp432e4_ccs.oem4f (.text:faultISR)
                  000036c8    00000070                           : HwiPMSP432E4_nortos.oem4f (.text:HwiP_construct)
                  00003738    00000070     rtsv7M4_T_le_v4SPD16_eabi.lib : vla_alloc.c.obj (.text:__vla_dealloc)
                  000037a8    00000070                                   : memory.c.obj (.text:split)
                  00003818    00000070     mainThread.obj (.text:stringStartsWith)
                  00003888    0000006e     rtsv7M4_T_le_v4SPD16_eabi.lib : _printfi.c.obj (.text:_mcpy)
                  000038f6    00000002     nortos_msp432e4.aem4f : startup_msp432e4_ccs.oem4f (.text:nmiISR)
                  000038f8    0000006c     drivers_msp432e4.aem4f : PowerMSP432E4.oem4f (.text:Power_releaseDependency)
                  00003964    00000068                            : GPIOMSP432E4.oem4f (.text:GPIO_hwiIntFxn)
                  000039cc    00000068                            : PowerMSP432E4.oem4f (.text:Power_setDependency)
                  00003a34    00000068     rtsv7M4_T_le_v4SPD16_eabi.lib : copy_decompress_lzss.c.obj (.text:decompress:lzss:__TI_decompress_lzss)
                  00003a9c    00000068     drivers_msp432e4.aem4f : UARTMSP432E4.oem4f (.text:readIsrBinaryBlocking)
                  00003b04    00000064                            : PowerMSP432E4.oem4f (.text:Power_init)
                  00003b68    00000064     rtsv7M4_T_le_v4SPD16_eabi.lib : s_frexp.c.obj (.text:frexp)
                  00003bcc    00000064     drivers_msp432e4.aem4f : UARTMSP432E4.oem4f (.text:readIsrBinaryCallback)
                  00003c30    00000062     mainThread.obj (.text:helpPrint)
                  00003c92    0000005c     msp432e4_driverlib.a : gpio.o (.text:GPIODirModeSet)
                  00003cee    00000002     rtsv7M4_T_le_v4SPD16_eabi.lib : div0.asm.obj (.text)
                  00003cf0    0000005c     msp432e4_driverlib.a : interrupt.o (.text:IntRegister)
                  00003d4c    0000005c     drivers_msp432e4.aem4f : UARTMSP432E4.oem4f (.text:getPowerResourceId)
                  00003da8    00000058                            : GPIOMSP432E4.oem4f (.text:GPIO_setCallback)
                  00003e00    00000058     nortos_msp432e4.aem4f : ClockPSysTick_nortos.oem4f (.text:sysTickInit)
                  00003e58    00000056     rtsv7M4_T_le_v4SPD16_eabi.lib : _printfi.c.obj (.text:_pconv_f)
                  00003eae    00000002     --HOLE-- [fill = 0]
                  00003eb0    00000054     drivers_msp432e4.aem4f : GPIOMSP432E4.oem4f (.text:GPIO_write)
                  00003f04    00000054     msp432e4_driverlib.a : interrupt.o (.text:IntPrioritySet)
                  00003f58    00000054     rtsv7M4_T_le_v4SPD16_eabi.lib : _ltoa.c.obj (.text:__TI_ltoa)
                  00003fac    00000052                                   : _printfi.c.obj (.text:_ecpy)
                  00003ffe    00000002     --HOLE-- [fill = 0]
                  00004000    00000050     nortos_msp432e4.aem4f : ClockPSysTick_nortos.oem4f (.text:ClockP_sysTickHandler)
                  00004050    00000050                           : SemaphoreP_nortos.oem4f (.text:SemaphoreP_construct)
                  000040a0    00000050     drivers_msp432e4.aem4f : UARTMSP432E4.oem4f (.text:UARTMSP432E4_hwiIntFxn)
                  000040f0    0000004c                            : UARTMSP432E4.oem4f (.text:UARTMSP432E4_writePolling)
                  0000413c    0000004c     rtsv7M4_T_le_v4SPD16_eabi.lib : atoi.c.obj (.text:atoi)
                  00004188    0000004c     drivers_msp432e4.aem4f : UARTMSP432E4.oem4f (.text:ringBufGet)
                  000041d4    00000048                            : UARTMSP432E4.oem4f (.text:UARTMSP432E4_writeCancel)
                  0000421c    00000048     rtsv7M4_T_le_v4SPD16_eabi.lib : fd_toi_t2.asm.obj (.text)
                  00004264    00000046     drivers_msp432e4.aem4f : RingBuf.oem4f (.text:RingBuf_put)
                  000042aa    00000002     --HOLE-- [fill = 0]
                  000042ac    00000044     nortos_msp432e4.aem4f : ClockPSysTick_nortos.oem4f (.text:ClockP_stop)
                  000042f0    00000044     msp432e4_driverlib.a : gpio.o (.text:GPIOPinConfigure)
                  00004334    00000044     nortos_msp432e4.aem4f : SemaphoreP_nortos.oem4f (.text:SemaphoreP_post)
                  00004378    00000044     msp432e4_driverlib.a : sysctl.o (.text:SysCtlPeripheralPresent)
                  000043bc    00000044                          : sysctl.o (.text:SysCtlPeripheralReady)
                  00004400    00000044     drivers_msp432e4.aem4f : UART.oem4f (.text:UART_init)
                  00004444    00000044     msp432e4_driverlib.a : sysctl.o (.text:_SysCtlMemTimingGet)
                  00004488    00000044     rtsv7M4_T_le_v4SPD16_eabi.lib : autoinit.c.obj (.text:__TI_auto_init_nobinit_nopinit:__TI_auto_init_nobinit_nopinit)
                  000044cc    00000040     nortos_msp432e4.aem4f : ClockPSysTick_nortos.oem4f (.text:ClockP_construct)
                  0000450c    00000040     drivers_msp432e4.aem4f : RingBuf.oem4f (.text:RingBuf_get)
                  0000454c    00000040     msp432e4_driverlib.a : sysctl.o (.text:SysCtlPeripheralDisable)
                  0000458c    00000040                          : sysctl.o (.text:SysCtlPeripheralEnable)
                  000045cc    00000040                          : sysctl.o (.text:SysCtlPeripheralPowerOff)
                  0000460c    00000040                          : sysctl.o (.text:SysCtlPeripheralPowerOn)
                  0000464c    00000040                          : sysctl.o (.text:SysCtlPeripheralSleepDisable)
                  0000468c    00000040                          : sysctl.o (.text:SysCtlPeripheralSleepEnable)
                  000046cc    00000040     drivers_msp432e4.aem4f : UARTMSP432E4.oem4f (.text:UARTMSP432E4_read)
                  0000470c    00000040                            : UART.oem4f (.text:UART_open)
                  0000474c    00000040     rtsv7M4_T_le_v4SPD16_eabi.lib : sprintf.c.obj (.text:sprintf)
                  0000478c    0000003e                                   : _printfi.c.obj (.text:_fcpy)
                  000047ca    00000002     --HOLE-- [fill = 0]
                  000047cc    0000003c     nortos_msp432e4.aem4f : ClockPSysTick_nortos.oem4f (.text:ClockP_destruct)
                  00004808    00000038                           : ClockPSysTick_nortos.oem4f (.text:addToList)
                  00004840    00000036     drivers_msp432e4.aem4f : UARTMSP432E4.oem4f (.text:UARTMSP432E4_readCancel)
                  00004876    00000036     rtsv7M4_T_le_v4SPD16_eabi.lib : strncpy.c.obj (.text:strncpy)
                  000048ac    00000034     nortos_msp432e4.aem4f : ClockPSysTick_nortos.oem4f (.text:ClockP_startup)
                  000048e0    00000034     rtsv7M4_T_le_v4SPD16_eabi.lib : boot_cortex_m.c.obj (.text:_c_int00_noargs:_c_int00_noargs)
                  00004914    00000030     ti_drivers_config.obj (.text:Board_init)
                  00004944    00000030     nortos_msp432e4.aem4f : ClockPSysTick_nortos.oem4f (.text:ClockP_start)
                  00004974    00000030     drivers_msp432e4.aem4f : GPIOMSP432E4.oem4f (.text:GPIOMSP432E4_undoPinConfig)
                  000049a4    00000030     msp432e4_driverlib.a : uart.o (.text:UARTDisable)
                  000049d4    0000002e     rtsv7M4_T_le_v4SPD16_eabi.lib : i_tofd_t2.asm.obj (.text)
                  00004a02    00000002     --HOLE-- [fill = 0]
                  00004a04    0000002c     msp432e4_driverlib.a : sysctl.o (.text:SysCtlPeripheralClockGating)
                  00004a30    0000002a     nortos_msp432e4.aem4f : HwiPMSP432E4_nortos.oem4f (.text:HwiP_create)
                  00004a5a    00000002     --HOLE-- [fill = 0]
                  00004a5c    00000028     rtsv7M4_T_le_v4SPD16_eabi.lib : memory.c.obj (.text:free_list_insert)
                  00004a84    00000024     msp432e4_driverlib.a : gpio.o (.text:GPIOPinTypeUART)
                  00004aa8    00000024     nortos_msp432e4.aem4f : HwiPMSP432E4_nortos.oem4f (.text:HwiP_dispatch)
                  00004acc    00000024     msp432e4_driverlib.a : uart.o (.text:UARTCharPutNonBlocking)
                  00004af0    00000024                          : uart.o (.text:UARTEnable)
                  00004b14    00000022                          : gpio.o (.text:GPIOIntStatus)
                  00004b36    00000020                          : gpio.o (.text:GPIOPinWrite)
                  00004b56    00000020     drivers_msp432e4.aem4f : RingBuf.oem4f (.text:RingBuf_peek)
                  00004b76    00000020                            : GPIOMSP432E4.oem4f (.text:getGpioIntIndex)
                  00004b96    00000002     --HOLE-- [fill = 0]
                  00004b98    00000020     nortos_msp432e4.aem4f : startup_msp432e4_ccs.oem4f (.text:resetISR)
                  00004bb8    0000001e     msp432e4_driverlib.a : uart.o (.text:UARTBusy)
                  00004bd6    0000001e                          : uart.o (.text:UARTCharPut)
                  00004bf4    0000001e                          : uart.o (.text:UARTCharsAvail)
                  00004c12    0000001e                          : uart.o (.text:UARTIntStatus)
                  00004c30    0000001c                          : interrupt.o (.text:IntUnregister)
                  00004c4c    0000001c                          : uart.o (.text:UARTCharGetNonBlocking)
                  00004c68    0000001c                          : uart.o (.text:UARTFlowControlSet)
                  00004c84    0000001c                          : uart.o (.text:UARTTxIntModeSet)
                  00004ca0    0000001c     rtsv7M4_T_le_v4SPD16_eabi.lib : copy_zero_init.c.obj (.text:decompress:ZI:__TI_zero_init_nomemset:__TI_zero_init_nomemset)
                  00004cbc    0000001c                                   : memory.c.obj (.text:free_list_remove)
                  00004cd8    0000001c                                   : memccpy.c.obj (.text:memccpy)
                  00004cf4    0000001a     nortos_msp432e4.aem4f : ClockPSysTick_nortos.oem4f (.text:ClockP_create)
                  00004d0e    0000001a                           : SemaphoreP_nortos.oem4f (.text:SemaphoreP_createBinary)
                  00004d28    0000001a     rtsv7M4_T_le_v4SPD16_eabi.lib : s_copysign.c.obj (.text:copysign)
                  00004d42    00000002     --HOLE-- [fill = 0]
                  00004d44    00000018     msp432e4_driverlib.a : fpu.o (.text:FPUEnable)
                  00004d5c    00000018     drivers_msp432e4.aem4f : PowerMSP432E4.oem4f (.text:Power_idleFunc)
                  00004d74    00000018     msp432e4_driverlib.a : uart.o (.text:UARTFIFOLevelSet)
                  00004d8c    00000018                          : uart.o (.text:UARTIntDisable)
                  00004da4    00000018                          : uart.o (.text:UARTIntEnable)
                  00004dbc    00000018     drivers_msp432e4.aem4f : UART.oem4f (.text:UART_Params_init)
                  00004dd4    00000018     rtsv7M4_T_le_v4SPD16_eabi.lib : sprintf.c.obj (.text:_outs)
                  00004dec    00000018                                   : strcmp.c.obj (.text:strcmp)
                  00004e04    00000016     nortos_msp432e4.aem4f : SemaphoreP_nortos.oem4f (.text:SemaphoreP_create)
                  00004e1a    00000016     msp432e4_driverlib.a : uart.o (.text:UARTCharGet)
                  00004e30    00000016     rtsv7M4_T_le_v4SPD16_eabi.lib : strchr.c.obj (.text:strchr)
                  00004e46    00000014     msp432e4_driverlib.a : gpio.o (.text:GPIOIntClear)
                  00004e5a    00000002     --HOLE-- [fill = 0]
                  00004e5c    00000014     drivers_msp432e4.aem4f : GPIOMSP432E4.oem4f (.text:GPIOMSP432E4_getGpioBaseAddr)
                  00004e70    00000014                            : GPIOMSP432E4.oem4f (.text:GPIOMSP432E4_getPowerResourceId)
                  00004e84    00000014     nortos_msp432e4.aem4f : HwiPMSP432E4_nortos.oem4f (.text:HwiP_inISR)
                  00004e98    00000014     drivers_msp432e4.aem4f : PowerMSP432E4.oem4f (.text:Power_disablePolicy)
                  00004eac    00000014     rtsv7M4_T_le_v4SPD16_eabi.lib : strlen.c.obj (.text:strlen)
                  00004ec0    00000012     nortos_msp432e4.aem4f : HwiPMSP432E4_nortos.oem4f (.text:HwiP_Params_init)
                  00004ed2    00000012                           : HwiPMSP432E4_nortos.oem4f (.text:HwiP_destruct)
                  00004ee4    00000012     drivers_msp432e4.aem4f : RingBuf.oem4f (.text:RingBuf_construct)
                  00004ef6    00000012     msp432e4_driverlib.a : uart.o (.text:UARTIntClear)
                  00004f08    00000012                          : uart.o (.text:UARTRxErrorGet)
                  00004f1a    00000012     main.obj (.text:main)
                  00004f2c    00000012     rtsv7M4_T_le_v4SPD16_eabi.lib : wcslen.c.obj (.text:wcslen)
                  00004f3e    00000010     nortos_msp432e4.aem4f : ClockPSysTick_nortos.oem4f (.text:ClockP_add)
                  00004f4e    00000010                           : ClockPSysTick_nortos.oem4f (.text:ClockP_delete)
                  00004f5e    00000002     --HOLE-- [fill = 0]
                  00004f60    00000010                           : ClockPSysTick_nortos.oem4f (.text:ClockP_getCpuFreq)
                  00004f70    00000010                           : HwiPMSP432E4_nortos.oem4f (.text:HwiP_delete)
                  00004f80    00000010     msp432e4_driverlib.a : interrupt.o (.text:IntMasterDisable)
                  00004f90    00000010                          : interrupt.o (.text:IntMasterEnable)
                  00004fa0    00000010     nortos_msp432e4.aem4f : PowerMSP432E4_nortos.oem4f (.text:PowerMSP432E4_sleepPolicy)
                  00004fb0    00000010     drivers_msp432e4.aem4f : PowerMSP432E4.oem4f (.text:Power_enablePolicy)
                  00004fc0    00000010     nortos_msp432e4.aem4f : SemaphoreP_nortos.oem4f (.text:SemaphoreP_Params_init)
                  00004fd0    00000010     msp432e4_driverlib.a : uart.o (.text:UARTRxErrorClear)
                  00004fe0    00000010     drivers_msp432e4.aem4f : UARTMSP432E4.oem4f (.text:readBlockingTimeout)
                  00004ff0    0000000e                            : RingBuf.oem4f (.text:RingBuf_isFull)
                  00004ffe    0000000e     rtsv7M4_T_le_v4SPD16_eabi.lib : copy_decompress_none.c.obj (.text:decompress:none:__TI_decompress_none)
                  0000500c    0000000c     msp432e4_driverlib.a : cpu.o (.text:CPUcpsid)
                  00005018    0000000c                          : cpu.o (.text:CPUcpsie)
                  00005024    0000000a     nortos_msp432e4.aem4f : ClockPSysTick_nortos.oem4f (.text:ClockP_Params_init)
                  0000502e    0000000a                           : ClockPSysTick_nortos.oem4f (.text:ClockP_isActive)
                  00005038    0000000a     drivers_msp432e4.aem4f : UART.oem4f (.text:UART_read)
                  00005042    0000000a                            : UART.oem4f (.text:UART_write)
                  0000504c    0000000a     rtsv7M4_T_le_v4SPD16_eabi.lib : sprintf.c.obj (.text:_outc)
                  00005056    00000008     nortos_msp432e4.aem4f : HwiPMSP432E4_nortos.oem4f (.text:HwiP_restore)
                  0000505e    00000002     --HOLE-- [fill = 0]
                  00005060    00000008     rtsv7M4_T_le_v4SPD16_eabi.lib : errno.c.obj (.text:__aeabi_errno_addr)
                  00005068    00000008                                   : memory.c.obj (.text:malloc)
                  00005070    00000008     drivers_msp432e4.aem4f : UARTMSP432E4.oem4f (.text:readSemCallback)
                  00005078    00000008                            : UARTMSP432E4.oem4f (.text:writeSemCallback)
                  00005080    00000004     nortos_msp432e4.aem4f : ClockPSysTick_nortos.oem4f (.text:ClockP_setTimeout)
                  00005084    00000004                           : HwiPMSP432E4_nortos.oem4f (.text:HwiP_disable)
                  00005088    00000004                           : HwiPMSP432E4_nortos.oem4f (.text:HwiP_enable)
                  0000508c    00000004                           : SemaphoreP_nortos.oem4f (.text:SemaphoreP_delete)
                  00005090    00000004     rtsv7M4_T_le_v4SPD16_eabi.lib : error.c.obj (.text:__abort_execution)
                  00005094    00000004                                   : pre_init.c.obj (.text:_system_pre_init)
                  00005098    00000004                                   : exit.c.obj (.text:abort:abort)

.const     0    0000509c    000005dd     
                  0000509c    000001b0     msp432e4_driverlib.a : sysctl.o (.const:g_pppui32XTALtoVCO)
                  0000524c    00000101     rtsv7M4_T_le_v4SPD16_eabi.lib : ctype.c.obj (.const:.string:_ctypes_)
                  0000534d    00000003     drivers_msp432e4.aem4f : GPIOMSP432E4.oem4f (.const:.string:inPinTypes)
                  00005350    0000009c     msp432e4_driverlib.a : interrupt.o (.const:g_pui32Regs)
                  000053ec    00000048                          : gpio.o (.const:g_pui32GPIOBaseAddrs)
                  00005434    00000048     drivers_msp432e4.aem4f : GPIOMSP432E4.oem4f (.const:gpioBaseAddresses)
                  0000547c    00000048                            : GPIOMSP432E4.oem4f (.const:powerMgrIds)
                  000054c4    00000030     msp432e4_driverlib.a : sysctl.o (.const:g_sXTALtoMEMTIM)
                  000054f4    0000002c     ti_drivers_config.obj (.const:uartMSP432E4HWAttrs)
                  00005520    00000028     drivers_msp432e4.aem4f : UARTMSP432E4.oem4f (.const:UARTMSP432E4_fxnTable)
                  00005548    00000028     msp432e4_driverlib.a : sysctl.o (.const:g_pui32Xtals)
                  00005570    00000024     drivers_msp432e4.aem4f : UART.oem4f (.const:UART_defaultParams)
                  00005594    00000020                            : GPIOMSP432E4.oem4f (.const:.string:gpioInterruptVectors)
                  000055b4    00000020                            : UARTMSP432E4.oem4f (.const:staticFxnTable)
                  000055d4    00000014     ti_drivers_config.obj (.const:GPIOMSP432E4_config)
                  000055e8    00000014     msp432e4_driverlib.a : interrupt.o (.const:g_pui32Dii16Regs)
                  000055fc    00000014                          : interrupt.o (.const:g_pui32EnRegs)
                  00005610    00000014     drivers_msp432e4.aem4f : UARTMSP432E4.oem4f (.const:parityType)
                  00005624    00000010                            : UARTMSP432E4.oem4f (.const:dataLength)
                  00005634    0000000d     mainThread.obj (.const:.string:$P$T0$1)
                  00005641    00000003     ti_drivers_config.obj (.const)
                  00005644    0000000c     ti_drivers_config.obj (.const:UART_config)
                  00005650    00000008     ti_drivers_config.obj (.const:PowerMSP432E4_config)
                  00005658    00000008     msp432e4_driverlib.a : sysctl.o (.const:g_pui32VCOFrequencies)
                  00005660    00000008     drivers_msp432e4.aem4f : UARTMSP432E4.oem4f (.const:stopBits)
                  00005668    00000007                            : GPIOMSP432E4.oem4f (.const:.string:outPinStrengths)
                  0000566f    00000006                            : GPIOMSP432E4.oem4f (.const:.string:interruptType)
                  00005675    00000004                            : GPIOMSP432E4.oem4f (.const:.string:outPinTypes)

.cinit     0    00005680    00000138     
                  00005680    000000fd     (.cinit..data.load) [load image, compression = lzss]
                  0000577d    00000003     --HOLE-- [fill = 0]
                  00005780    0000000c     (__TI_handler_table)
                  0000578c    00000004     --HOLE-- [fill = 0]
                  00005790    00000008     (.cinit..bss.load) [load image, compression = zero_init]
                  00005798    00000008     (.cinit..vtable.load) [load image, compression = zero_init]
                  000057a0    00000018     (__TI_cinit_table)

.init_array 
*          0    00000000    00000000     UNINITIALIZED

.vtable    0    20000000    0000026c     UNINITIALIZED
                  20000000    0000026c     msp432e4_driverlib.a : interrupt.o (.vtable)

.sysmem    0    20000270    00008000     UNINITIALIZED
                  20000270    00000010     rtsv7M4_T_le_v4SPD16_eabi.lib : memory.c.obj (.sysmem)
                  20000280    00007ff0     --HOLE--

.data      0    20008270    00000414     UNINITIALIZED
                  20008270    0000026c     nortos_msp432e4.aem4f : HwiPMSP432E4_nortos.oem4f (.data:HwiP_dispatchTable)
                  200084dc    0000016c     drivers_msp432e4.aem4f : PowerMSP432E4.oem4f (.data:PowerMSP432E4_module)
                  20008648    00000008     rtsv7M4_T_le_v4SPD16_eabi.lib : _lock.c.obj (.data:$O1$$)
                  20008650    00000008                                   : memory.c.obj (.data:$O1$$)
                  20008658    00000008     nortos_msp432e4.aem4f : SemaphoreP_nortos.oem4f (.data:SemaphoreP_defaultParams)
                  20008660    00000005     drivers_msp432e4.aem4f : GPIOMSP432E4.oem4f (.data)
                  20008665    00000003     nortos_msp432e4.aem4f : SemaphoreP_nortos.oem4f (.data)
                  20008668    00000005                           : ClockPSysTick_nortos.oem4f (.data)
                  2000866d    00000001     drivers_msp432e4.aem4f : UART.oem4f (.data)
                  2000866e    00000002     --HOLE--
                  20008670    00000004     ti_drivers_config.obj (.data:gpioCallbackFunctions)
                  20008674    00000004     ti_drivers_config.obj (.data:gpioPinConfigs)
                  20008678    00000004     nortos_msp432e4.aem4f : HwiPMSP432E4_nortos.oem4f (.data)
                  2000867c    00000004     rtsv7M4_T_le_v4SPD16_eabi.lib : errno.c.obj (.data)
                  20008680    00000004                                   : vla_alloc.c.obj (.data)

.bss       0    20008688    0000012c     UNINITIALIZED
                  20008688    00000090     drivers_msp432e4.aem4f : GPIOMSP432E4.oem4f (.bss:gpioCallbackInfo)
                  20008718    00000064     (.common:uartMSP432E4Objects)
                  2000877c    00000020     ti_drivers_config.obj (.bss:uartMSP432E4RingBuffer0)
                  2000879c    00000004     drivers_msp432e4.aem4f : GPIOMSP432E4.oem4f (.bss)
                  200087a0    00000010     (.common:ClockP_ctrl)
                  200087b0    00000004     nortos_msp432e4.aem4f : ClockPSysTick_nortos.oem4f (.bss)

.stack     0    2003f000    00001000     UNINITIALIZED
                  2003f000    00000004     rtsv7M4_T_le_v4SPD16_eabi.lib : boot_cortex_m.c.obj (.stack)
                  2003f004    00000ffc     --HOLE--

__llvm_prf_cnts 
*          0    20000000    00000000     UNINITIALIZED

.binit     0    00000000    00000000     

MODULE SUMMARY

       Module                       code    ro data   rw data
       ------                       ----    -------   -------
    .\
       mainThread.obj               1192    13        0      
       main.obj                     18      0         0      
    +--+----------------------------+-------+---------+---------+
       Total:                       1210    13        0      
                                                             
    .\syscfg\
       ti_drivers_config.obj        50      87        140    
    +--+----------------------------+-------+---------+---------+
       Total:                       50      87        140    
                                                             
    C:/ti/simplelink_msp432e4_sdk_4_20_00_12/kernel/nortos/lib/nortos_msp432e4.aem4f
       HwiPMSP432E4_nortos.oem4f    278     0         624    
       ClockPSysTick_nortos.oem4f   614     0         25     
       startup_msp432e4_ccs.oem4f   40      512       0      
       SemaphoreP_nortos.oem4f      378     0         11     
       PowerMSP432E4_nortos.oem4f   16      0         0      
    +--+----------------------------+-------+---------+---------+
       Total:                       1326    512       660    
                                                             
    C:/ti/simplelink_msp432e4_sdk_4_20_00_12/source/ti/devices/msp432e4/driverlib/lib/ccs/m4f/msp432e4_driverlib.a
       sysctl.o                     1512    528       0      
       interrupt.o                  494     196       620    
       gpio.o                       1016    72        0      
       uart.o                       588     0         0      
       cpu.o                        24      0         0      
       fpu.o                        24      0         0      
    +--+----------------------------+-------+---------+---------+
       Total:                       3658    796       620    
                                                             
    C:/ti/simplelink_msp432e4_sdk_4_20_00_12/source/ti/drivers/lib/drivers_msp432e4.aem4f
       UARTMSP432E4.oem4f           2914    116       0      
       GPIOMSP432E4.oem4f           956     196       153    
       PowerMSP432E4.oem4f          372     0         364    
       UART.oem4f                   176     36        1      
       RingBuf.oem4f                198     0         0      
    +--+----------------------------+-------+---------+---------+
       Total:                       4616    348       518    
                                                             
    C:\ti\ccs1240\ccs\tools\compiler\ti-cgt-arm_20.2.7.LTS\lib\rtsv7M4_T_le_v4SPD16_eabi.lib
       _printfi.c.obj               4851    0         0      
       memory.c.obj                 900     0         8      
       vla_alloc.c.obj              564     0         4      
       fd_add_t2.asm.obj            438     0         0      
       fd_div_t2.asm.obj            310     0         0      
       s_scalbn.c.obj               272     0         0      
       fd_cmp_t2.asm.obj            268     0         0      
       ctype.c.obj                  0       257       0      
       fd_mul_t2.asm.obj            252     0         0      
       memcpy_t2.asm.obj            156     0         0      
       ull_div_t2.asm.obj           150     0         0      
       memset_t2.asm.obj            122     0         0      
       copy_decompress_lzss.c.obj   104     0         0      
       s_frexp.c.obj                100     0         0      
       sprintf.c.obj                98      0         0      
       _ltoa.c.obj                  84      0         0      
       atoi.c.obj                   76      0         0      
       fd_toi_t2.asm.obj            72      0         0      
       autoinit.c.obj               68      0         0      
       strncpy.c.obj                54      0         0      
       boot_cortex_m.c.obj          52      0         0      
       i_tofd_t2.asm.obj            46      0         0      
       copy_zero_init.c.obj         28      0         0      
       memccpy.c.obj                28      0         0      
       s_copysign.c.obj             26      0         0      
       strcmp.c.obj                 24      0         0      
       strchr.c.obj                 22      0         0      
       strlen.c.obj                 20      0         0      
       wcslen.c.obj                 18      0         0      
       copy_decompress_none.c.obj   14      0         0      
       errno.c.obj                  8       0         4      
       _lock.c.obj                  2       0         8      
       error.c.obj                  4       0         0      
       exit.c.obj                   4       0         0      
       pre_init.c.obj               4       0         0      
       div0.asm.obj                 2       0         0      
    +--+----------------------------+-------+---------+---------+
       Total:                       9241    257       24     
                                                             
       Heap:                        0       0         32768  
       Stack:                       0       0         4096   
       Linker Generated:            0       305       0      
    +--+----------------------------+-------+---------+---------+
       Grand Total:                 20101   2318      38826  


LINKER GENERATED COPY TABLES

__TI_cinit_table @ 000057a0 records: 3, size/record: 8, table size: 24
	.data: load addr=00005680, load size=000000fd bytes, run addr=20008270, run size=00000414 bytes, compression=lzss
	.bss: load addr=00005790, load size=00000008 bytes, run addr=20008688, run size=0000012c bytes, compression=zero_init
	.vtable: load addr=00005798, load size=00000008 bytes, run addr=20000000, run size=0000026c bytes, compression=zero_init


LINKER GENERATED HANDLER TABLE

__TI_handler_table @ 00005780 records: 3, size/record: 4, table size: 12
	index: 0, handler: __TI_zero_init
	index: 1, handler: __TI_decompress_lzss
	index: 2, handler: __TI_decompress_none


GLOBAL SYMBOLS: SORTED ALPHABETICALLY BY Name 

address   name                           
-------   ----                           
00004915  Board_init                     
00000c4f  Board_initHook                 
00005099  C$$EXIT                        
00005641  CONFIG_GPIO_LED_0_CONST        
00005642  CONFIG_UART_0_CONST            
0000500d  CPUcpsid                       
00005019  CPUcpsie                       
00005025  ClockP_Params_init             
00004f3f  ClockP_add                     
000044cd  ClockP_construct               
00004cf5  ClockP_create                  
200087a0  ClockP_ctrl                    
00004f4f  ClockP_delete                  
000047cd  ClockP_destruct                
00004001  ClockP_doTick                  
00004f61  ClockP_getCpuFreq              
0000502f  ClockP_isActive                
00005081  ClockP_setTimeout              
00004945  ClockP_start                   
000048ad  ClockP_startup                 
000042ad  ClockP_stop                    
00004001  ClockP_sysTickHandler          
20008668  ClockP_tickPeriod              
00004d45  FPUEnable                      
00003c93  GPIODirModeSet                 
00004e47  GPIOIntClear                   
00004b15  GPIOIntStatus                  
00002ced  GPIOIntTypeSet                 
000055d4  GPIOMSP432E4_config            
00004e5d  GPIOMSP432E4_getGpioBaseAddr   
00004e71  GPIOMSP432E4_getPowerResourceId
00004975  GPIOMSP432E4_undoPinConfig     
00001491  GPIOPadConfigSet               
000042f1  GPIOPinConfigure               
00004a85  GPIOPinTypeUART                
00004b37  GPIOPinWrite                   
00003965  GPIO_hwiIntFxn                 
00002c41  GPIO_init                      
00003da9  GPIO_setCallback               
00001c21  GPIO_setConfig                 
00003eb1  GPIO_write                     
00004ec1  HwiP_Params_init               
000036c9  HwiP_construct                 
00004a31  HwiP_create                    
00004f71  HwiP_delete                    
00004ed3  HwiP_destruct                  
00005085  HwiP_disable                   
00005089  HwiP_enable                    
00004e85  HwiP_inISR                     
00005057  HwiP_restore                   
20008678  HwiP_swiPIntNum                
000033e1  IntDisable                     
00003461  IntEnable                      
00004f81  IntMasterDisable               
00004f91  IntMasterEnable                
00003f05  IntPrioritySet                 
00003cf1  IntRegister                    
00004c31  IntUnregister                  
00005089  NoRTOS_start                   
00005650  PowerMSP432E4_config           
200084dc  PowerMSP432E4_module           
00004fa1  PowerMSP432E4_sleepPolicy      
00004e99  Power_disablePolicy            
00004fb1  Power_enablePolicy             
00004d5d  Power_idleFunc                 
00003b05  Power_init                     
000038f9  Power_releaseDependency        
000039cd  Power_setDependency            
00004ee5  RingBuf_construct              
0000450d  RingBuf_get                    
00004ff1  RingBuf_isFull                 
00004b57  RingBuf_peek                   
00004265  RingBuf_put                    
00004fc1  SemaphoreP_Params_init         
00004051  SemaphoreP_construct           
00004e05  SemaphoreP_create              
00004d0f  SemaphoreP_createBinary        
20008658  SemaphoreP_defaultParams       
0000508d  SemaphoreP_delete              
00002d91  SemaphoreP_pend                
00004335  SemaphoreP_post                
00000f41  SysCtlClockFreqSet             
00004a05  SysCtlPeripheralClockGating    
0000454d  SysCtlPeripheralDisable        
0000458d  SysCtlPeripheralEnable         
000045cd  SysCtlPeripheralPowerOff       
0000460d  SysCtlPeripheralPowerOn        
00004379  SysCtlPeripheralPresent        
000043bd  SysCtlPeripheralReady          
0000464d  SysCtlPeripheralSleepDisable   
0000468d  SysCtlPeripheralSleepEnable    
00004bb9  UARTBusy                       
00004e1b  UARTCharGet                    
00004c4d  UARTCharGetNonBlocking         
00004bd7  UARTCharPut                    
00004acd  UARTCharPutNonBlocking         
00004bf5  UARTCharsAvail                 
00003651  UARTConfigSetExpClk            
000049a5  UARTDisable                    
00004af1  UARTEnable                     
00004d75  UARTFIFOLevelSet               
00004c69  UARTFlowControlSet             
00004ef7  UARTIntClear                   
00004d8d  UARTIntDisable                 
00004da5  UARTIntEnable                  
00004c13  UARTIntStatus                  
00002969  UARTMSP432E4_close             
0000312d  UARTMSP432E4_control           
00005520  UARTMSP432E4_fxnTable          
000016cb  UARTMSP432E4_init              
00000c51  UARTMSP432E4_open              
000046cd  UARTMSP432E4_read              
00004841  UARTMSP432E4_readCancel        
00002e31  UARTMSP432E4_readPolling       
00002f6b  UARTMSP432E4_write             
000041d5  UARTMSP432E4_writeCancel       
000040f1  UARTMSP432E4_writePolling      
00004fd1  UARTRxErrorClear               
00004f09  UARTRxErrorGet                 
00004c85  UARTTxIntModeSet               
00004dbd  UART_Params_init               
00005644  UART_config                    
00005643  UART_count                     
00005570  UART_defaultParams             
00004401  UART_init                      
0000470d  UART_open                      
00005039  UART_read                      
00005043  UART_write                     
20040000  __STACK_END                    
00001000  __STACK_SIZE                   
00008000  __SYSMEM_SIZE                  
000057a0  __TI_CINIT_Base                
000057b8  __TI_CINIT_Limit               
00005780  __TI_Handler_Table_Base        
0000578c  __TI_Handler_Table_Limit       
00004489  __TI_auto_init_nobinit_nopinit 
00003a35  __TI_decompress_lzss           
00004fff  __TI_decompress_none           
00003f59  __TI_ltoa                      
ffffffff  __TI_pprof_out_hndl            
00000201  __TI_printfi                   
ffffffff  __TI_prof_data_size            
ffffffff  __TI_prof_data_start           
00005680  __TI_static_base__             
00004ca1  __TI_zero_init_nomemset        
00005091  __abort_execution              
000032d5  __aeabi_cdcmpeq                
000032d5  __aeabi_cdcmple                
0000335b  __aeabi_cdrcmple               
0000421d  __aeabi_d2iz                   
00001a73  __aeabi_dadd                   
0000202d  __aeabi_ddiv                   
000025ad  __aeabi_dmul                   
00001a69  __aeabi_dsub                   
00005061  __aeabi_errno_addr             
000049d5  __aeabi_i2d                    
00003cef  __aeabi_idiv0                  
00003cef  __aeabi_ldiv0                  
0000355d  __aeabi_memclr                 
0000355d  __aeabi_memclr4                
0000355d  __aeabi_memclr8                
00002ecf  __aeabi_memcpy                 
00002ecf  __aeabi_memcpy4                
00002ecf  __aeabi_memcpy8                
0000355f  __aeabi_memset                 
0000355f  __aeabi_memset4                
0000355f  __aeabi_memset8                
00003003  __aeabi_uldivmod               
ffffffff  __binit__                      
ffffffff  __c_args__                     
UNDEFED   __mpu_init                     
2003f000  __stack                        
20000000  __start___llvm_prf_cnts        
20000000  __stop___llvm_prf_cnts         
00001da5  __vla_alloc                    
00003739  __vla_dealloc                  
000048e1  _c_int00_noargs                
0000524c  _ctypes_                       
20008648  _lock                          
00002163  _nop                           
20000270  _sys_memory                    
UNDEFED   _system_post_cinit             
00005095  _system_pre_init               
2000864c  _unlock                        
00005099  abort                          
000026a9  aboutPrint                     
000024ad  aligned_alloc                  
0000413d  atoi                           
ffffffff  binit                          
00002c3f  clkFxn                         
00004d29  copysign                       
00004d29  copysignl                      
2000867c  errno                          
000027a1  free                           
00003b69  frexp                          
00003b69  frexpl                         
20000000  g_pfnRAMVectors                
20008670  gpioCallbackFunctions          
20008674  gpioPinConfigs                 
00003c31  helpPrint                      
0000239d  ldexp                          
0000239d  ldexpl                         
00004f1b  main                           
0000189d  mainThread                     
00005069  malloc                         
000024ad  memalign                       
00004cd9  memccpy                        
00002ecf  memcpy                         
00003565  memset                         
00002289  printPrint                     
00002885  realloc                        
00004b99  resetISR                       
00000000  resetVectors                   
0000239d  scalbn                         
0000239d  scalbnl                        
0000474d  sprintf                        
00004e31  strchr                         
00004ded  strcmp                         
00003819  stringStartsWith               
00004ead  strlen                         
00004877  strncpy                        
20008718  uartMSP432E4Objects            
00004f2d  wcslen                         


GLOBAL SYMBOLS: SORTED BY Symbol Address 

address   name                           
-------   ----                           
00000000  resetVectors                   
00000201  __TI_printfi                   
00000c4f  Board_initHook                 
00000c51  UARTMSP432E4_open              
00000f41  SysCtlClockFreqSet             
00001000  __STACK_SIZE                   
00001491  GPIOPadConfigSet               
000016cb  UARTMSP432E4_init              
0000189d  mainThread                     
00001a69  __aeabi_dsub                   
00001a73  __aeabi_dadd                   
00001c21  GPIO_setConfig                 
00001da5  __vla_alloc                    
0000202d  __aeabi_ddiv                   
00002163  _nop                           
00002289  printPrint                     
0000239d  ldexp                          
0000239d  ldexpl                         
0000239d  scalbn                         
0000239d  scalbnl                        
000024ad  aligned_alloc                  
000024ad  memalign                       
000025ad  __aeabi_dmul                   
000026a9  aboutPrint                     
000027a1  free                           
00002885  realloc                        
00002969  UARTMSP432E4_close             
00002c3f  clkFxn                         
00002c41  GPIO_init                      
00002ced  GPIOIntTypeSet                 
00002d91  SemaphoreP_pend                
00002e31  UARTMSP432E4_readPolling       
00002ecf  __aeabi_memcpy                 
00002ecf  __aeabi_memcpy4                
00002ecf  __aeabi_memcpy8                
00002ecf  memcpy                         
00002f6b  UARTMSP432E4_write             
00003003  __aeabi_uldivmod               
0000312d  UARTMSP432E4_control           
000032d5  __aeabi_cdcmpeq                
000032d5  __aeabi_cdcmple                
0000335b  __aeabi_cdrcmple               
000033e1  IntDisable                     
00003461  IntEnable                      
0000355d  __aeabi_memclr                 
0000355d  __aeabi_memclr4                
0000355d  __aeabi_memclr8                
0000355f  __aeabi_memset                 
0000355f  __aeabi_memset4                
0000355f  __aeabi_memset8                
00003565  memset                         
00003651  UARTConfigSetExpClk            
000036c9  HwiP_construct                 
00003739  __vla_dealloc                  
00003819  stringStartsWith               
000038f9  Power_releaseDependency        
00003965  GPIO_hwiIntFxn                 
000039cd  Power_setDependency            
00003a35  __TI_decompress_lzss           
00003b05  Power_init                     
00003b69  frexp                          
00003b69  frexpl                         
00003c31  helpPrint                      
00003c93  GPIODirModeSet                 
00003cef  __aeabi_idiv0                  
00003cef  __aeabi_ldiv0                  
00003cf1  IntRegister                    
00003da9  GPIO_setCallback               
00003eb1  GPIO_write                     
00003f05  IntPrioritySet                 
00003f59  __TI_ltoa                      
00004001  ClockP_doTick                  
00004001  ClockP_sysTickHandler          
00004051  SemaphoreP_construct           
000040f1  UARTMSP432E4_writePolling      
0000413d  atoi                           
000041d5  UARTMSP432E4_writeCancel       
0000421d  __aeabi_d2iz                   
00004265  RingBuf_put                    
000042ad  ClockP_stop                    
000042f1  GPIOPinConfigure               
00004335  SemaphoreP_post                
00004379  SysCtlPeripheralPresent        
000043bd  SysCtlPeripheralReady          
00004401  UART_init                      
00004489  __TI_auto_init_nobinit_nopinit 
000044cd  ClockP_construct               
0000450d  RingBuf_get                    
0000454d  SysCtlPeripheralDisable        
0000458d  SysCtlPeripheralEnable         
000045cd  SysCtlPeripheralPowerOff       
0000460d  SysCtlPeripheralPowerOn        
0000464d  SysCtlPeripheralSleepDisable   
0000468d  SysCtlPeripheralSleepEnable    
000046cd  UARTMSP432E4_read              
0000470d  UART_open                      
0000474d  sprintf                        
000047cd  ClockP_destruct                
00004841  UARTMSP432E4_readCancel        
00004877  strncpy                        
000048ad  ClockP_startup                 
000048e1  _c_int00_noargs                
00004915  Board_init                     
00004945  ClockP_start                   
00004975  GPIOMSP432E4_undoPinConfig     
000049a5  UARTDisable                    
000049d5  __aeabi_i2d                    
00004a05  SysCtlPeripheralClockGating    
00004a31  HwiP_create                    
00004a85  GPIOPinTypeUART                
00004acd  UARTCharPutNonBlocking         
00004af1  UARTEnable                     
00004b15  GPIOIntStatus                  
00004b37  GPIOPinWrite                   
00004b57  RingBuf_peek                   
00004b99  resetISR                       
00004bb9  UARTBusy                       
00004bd7  UARTCharPut                    
00004bf5  UARTCharsAvail                 
00004c13  UARTIntStatus                  
00004c31  IntUnregister                  
00004c4d  UARTCharGetNonBlocking         
00004c69  UARTFlowControlSet             
00004c85  UARTTxIntModeSet               
00004ca1  __TI_zero_init_nomemset        
00004cd9  memccpy                        
00004cf5  ClockP_create                  
00004d0f  SemaphoreP_createBinary        
00004d29  copysign                       
00004d29  copysignl                      
00004d45  FPUEnable                      
00004d5d  Power_idleFunc                 
00004d75  UARTFIFOLevelSet               
00004d8d  UARTIntDisable                 
00004da5  UARTIntEnable                  
00004dbd  UART_Params_init               
00004ded  strcmp                         
00004e05  SemaphoreP_create              
00004e1b  UARTCharGet                    
00004e31  strchr                         
00004e47  GPIOIntClear                   
00004e5d  GPIOMSP432E4_getGpioBaseAddr   
00004e71  GPIOMSP432E4_getPowerResourceId
00004e85  HwiP_inISR                     
00004e99  Power_disablePolicy            
00004ead  strlen                         
00004ec1  HwiP_Params_init               
00004ed3  HwiP_destruct                  
00004ee5  RingBuf_construct              
00004ef7  UARTIntClear                   
00004f09  UARTRxErrorGet                 
00004f1b  main                           
00004f2d  wcslen                         
00004f3f  ClockP_add                     
00004f4f  ClockP_delete                  
00004f61  ClockP_getCpuFreq              
00004f71  HwiP_delete                    
00004f81  IntMasterDisable               
00004f91  IntMasterEnable                
00004fa1  PowerMSP432E4_sleepPolicy      
00004fb1  Power_enablePolicy             
00004fc1  SemaphoreP_Params_init         
00004fd1  UARTRxErrorClear               
00004ff1  RingBuf_isFull                 
00004fff  __TI_decompress_none           
0000500d  CPUcpsid                       
00005019  CPUcpsie                       
00005025  ClockP_Params_init             
0000502f  ClockP_isActive                
00005039  UART_read                      
00005043  UART_write                     
00005057  HwiP_restore                   
00005061  __aeabi_errno_addr             
00005069  malloc                         
00005081  ClockP_setTimeout              
00005085  HwiP_disable                   
00005089  HwiP_enable                    
00005089  NoRTOS_start                   
0000508d  SemaphoreP_delete              
00005091  __abort_execution              
00005095  _system_pre_init               
00005099  C$$EXIT                        
00005099  abort                          
0000524c  _ctypes_                       
00005520  UARTMSP432E4_fxnTable          
00005570  UART_defaultParams             
000055d4  GPIOMSP432E4_config            
00005641  CONFIG_GPIO_LED_0_CONST        
00005642  CONFIG_UART_0_CONST            
00005643  UART_count                     
00005644  UART_config                    
00005650  PowerMSP432E4_config           
00005680  __TI_static_base__             
00005780  __TI_Handler_Table_Base        
0000578c  __TI_Handler_Table_Limit       
000057a0  __TI_CINIT_Base                
000057b8  __TI_CINIT_Limit               
00008000  __SYSMEM_SIZE                  
20000000  __start___llvm_prf_cnts        
20000000  __stop___llvm_prf_cnts         
20000000  g_pfnRAMVectors                
20000270  _sys_memory                    
200084dc  PowerMSP432E4_module           
20008648  _lock                          
2000864c  _unlock                        
20008658  SemaphoreP_defaultParams       
20008668  ClockP_tickPeriod              
20008670  gpioCallbackFunctions          
20008674  gpioPinConfigs                 
20008678  HwiP_swiPIntNum                
2000867c  errno                          
20008718  uartMSP432E4Objects            
200087a0  ClockP_ctrl                    
2003f000  __stack                        
20040000  __STACK_END                    
ffffffff  __TI_pprof_out_hndl            
ffffffff  __TI_prof_data_size            
ffffffff  __TI_prof_data_start           
ffffffff  __binit__                      
ffffffff  __c_args__                     
ffffffff  binit                          
UNDEFED   __mpu_init                     
UNDEFED   _system_post_cinit             

[223 symbols]
