<?xml version="1.0" encoding="ISO-8859-1" ?>
<link_info>
   <banner>TI ARM Linker PC v20.2.7.LTS</banner>
   <copyright>Copyright (c) 1996-2018 Texas Instruments Incorporated</copyright>
   <link_time>0x64fb90d6</link_time>
   <link_errors>0x0</link_errors>
   <output_file>EmbeddedSystemsProject.out</output_file>
   <entry_point>
      <name>resetISR</name>
      <address>0x4e75</address>
   </entry_point>
   <input_file_list>
      <input_file id="fl-2">
         <path>.\</path>
         <kind>object</kind>
         <file>main.obj</file>
         <name>main.obj</name>
      </input_file>
      <input_file id="fl-3">
         <path>.\</path>
         <kind>object</kind>
         <file>mainThread.obj</file>
         <name>mainThread.obj</name>
      </input_file>
      <input_file id="fl-4">
         <path>.\syscfg\</path>
         <kind>object</kind>
         <file>ti_drivers_config.obj</file>
         <name>ti_drivers_config.obj</name>
      </input_file>
      <input_file id="fl-f">
         <kind>object</kind>
         <file>&lt;internal&gt;</file>
         <name>&lt;internal&gt;</name>
      </input_file>
      <input_file id="fl-10">
         <path>C:\ti\simplelink_msp432e4_sdk_4_20_00_12\source\ti\drivers\lib\</path>
         <kind>archive</kind>
         <file>drivers_msp432e4.aem4f</file>
         <name>GPIOMSP432E4.oem4f</name>
      </input_file>
      <input_file id="fl-11">
         <path>C:\ti\simplelink_msp432e4_sdk_4_20_00_12\source\ti\drivers\lib\</path>
         <kind>archive</kind>
         <file>drivers_msp432e4.aem4f</file>
         <name>PowerMSP432E4.oem4f</name>
      </input_file>
      <input_file id="fl-12">
         <path>C:\ti\simplelink_msp432e4_sdk_4_20_00_12\source\ti\drivers\lib\</path>
         <kind>archive</kind>
         <file>drivers_msp432e4.aem4f</file>
         <name>UART.oem4f</name>
      </input_file>
      <input_file id="fl-13">
         <path>C:\ti\simplelink_msp432e4_sdk_4_20_00_12\source\ti\drivers\lib\</path>
         <kind>archive</kind>
         <file>drivers_msp432e4.aem4f</file>
         <name>UARTMSP432E4.oem4f</name>
      </input_file>
      <input_file id="fl-14">
         <path>C:\ti\simplelink_msp432e4_sdk_4_20_00_12\source\ti\drivers\lib\</path>
         <kind>archive</kind>
         <file>drivers_msp432e4.aem4f</file>
         <name>RingBuf.oem4f</name>
      </input_file>
      <input_file id="fl-15">
         <path>C:\ti\simplelink_msp432e4_sdk_4_20_00_12\kernel\nortos\lib\</path>
         <kind>archive</kind>
         <file>nortos_msp432e4.aem4f</file>
         <name>NoRTOS.oem4f</name>
      </input_file>
      <input_file id="fl-16">
         <path>C:\ti\simplelink_msp432e4_sdk_4_20_00_12\kernel\nortos\lib\</path>
         <kind>archive</kind>
         <file>nortos_msp432e4.aem4f</file>
         <name>SemaphoreP_nortos.oem4f</name>
      </input_file>
      <input_file id="fl-17">
         <path>C:\ti\simplelink_msp432e4_sdk_4_20_00_12\kernel\nortos\lib\</path>
         <kind>archive</kind>
         <file>nortos_msp432e4.aem4f</file>
         <name>ClockPSysTick_nortos.oem4f</name>
      </input_file>
      <input_file id="fl-18">
         <path>C:\ti\simplelink_msp432e4_sdk_4_20_00_12\kernel\nortos\lib\</path>
         <kind>archive</kind>
         <file>nortos_msp432e4.aem4f</file>
         <name>HwiPMSP432E4_nortos.oem4f</name>
      </input_file>
      <input_file id="fl-19">
         <path>C:\ti\simplelink_msp432e4_sdk_4_20_00_12\kernel\nortos\lib\</path>
         <kind>archive</kind>
         <file>nortos_msp432e4.aem4f</file>
         <name>PowerMSP432E4_nortos.oem4f</name>
      </input_file>
      <input_file id="fl-1a">
         <path>C:\ti\simplelink_msp432e4_sdk_4_20_00_12\kernel\nortos\lib\</path>
         <kind>archive</kind>
         <file>nortos_msp432e4.aem4f</file>
         <name>startup_msp432e4_ccs.oem4f</name>
      </input_file>
      <input_file id="fl-1b">
         <path>C:\ti\simplelink_msp432e4_sdk_4_20_00_12\source\ti\devices\msp432e4\driverlib\lib\ccs\m4f\</path>
         <kind>archive</kind>
         <file>msp432e4_driverlib.a</file>
         <name>fpu.o</name>
      </input_file>
      <input_file id="fl-1c">
         <path>C:\ti\simplelink_msp432e4_sdk_4_20_00_12\source\ti\devices\msp432e4\driverlib\lib\ccs\m4f\</path>
         <kind>archive</kind>
         <file>msp432e4_driverlib.a</file>
         <name>gpio.o</name>
      </input_file>
      <input_file id="fl-1d">
         <path>C:\ti\simplelink_msp432e4_sdk_4_20_00_12\source\ti\devices\msp432e4\driverlib\lib\ccs\m4f\</path>
         <kind>archive</kind>
         <file>msp432e4_driverlib.a</file>
         <name>interrupt.o</name>
      </input_file>
      <input_file id="fl-1e">
         <path>C:\ti\simplelink_msp432e4_sdk_4_20_00_12\source\ti\devices\msp432e4\driverlib\lib\ccs\m4f\</path>
         <kind>archive</kind>
         <file>msp432e4_driverlib.a</file>
         <name>sysctl.o</name>
      </input_file>
      <input_file id="fl-1f">
         <path>C:\ti\simplelink_msp432e4_sdk_4_20_00_12\source\ti\devices\msp432e4\driverlib\lib\ccs\m4f\</path>
         <kind>archive</kind>
         <file>msp432e4_driverlib.a</file>
         <name>uart.o</name>
      </input_file>
      <input_file id="fl-20">
         <path>C:\ti\simplelink_msp432e4_sdk_4_20_00_12\source\ti\devices\msp432e4\driverlib\lib\ccs\m4f\</path>
         <kind>archive</kind>
         <file>msp432e4_driverlib.a</file>
         <name>cpu.o</name>
      </input_file>
      <input_file id="fl-d6">
         <path>C:\ti\ccs1240\ccs\tools\compiler\ti-cgt-arm_20.2.7.LTS\lib\</path>
         <kind>archive</kind>
         <file>rtsv7M4_T_le_v4SPD16_eabi.lib</file>
         <name>vla_alloc.c.obj</name>
      </input_file>
      <input_file id="fl-d7">
         <path>C:\ti\ccs1240\ccs\tools\compiler\ti-cgt-arm_20.2.7.LTS\lib\</path>
         <kind>archive</kind>
         <file>rtsv7M4_T_le_v4SPD16_eabi.lib</file>
         <name>sprintf.c.obj</name>
      </input_file>
      <input_file id="fl-d8">
         <path>C:\ti\ccs1240\ccs\tools\compiler\ti-cgt-arm_20.2.7.LTS\lib\</path>
         <kind>archive</kind>
         <file>rtsv7M4_T_le_v4SPD16_eabi.lib</file>
         <name>ll_mul_t2.asm.obj</name>
      </input_file>
      <input_file id="fl-d9">
         <path>C:\ti\ccs1240\ccs\tools\compiler\ti-cgt-arm_20.2.7.LTS\lib\</path>
         <kind>archive</kind>
         <file>rtsv7M4_T_le_v4SPD16_eabi.lib</file>
         <name>memcpy_t2.asm.obj</name>
      </input_file>
      <input_file id="fl-da">
         <path>C:\ti\ccs1240\ccs\tools\compiler\ti-cgt-arm_20.2.7.LTS\lib\</path>
         <kind>archive</kind>
         <file>rtsv7M4_T_le_v4SPD16_eabi.lib</file>
         <name>memset_t2.asm.obj</name>
      </input_file>
      <input_file id="fl-db">
         <path>C:\ti\ccs1240\ccs\tools\compiler\ti-cgt-arm_20.2.7.LTS\lib\</path>
         <kind>archive</kind>
         <file>rtsv7M4_T_le_v4SPD16_eabi.lib</file>
         <name>ull_div_t2.asm.obj</name>
      </input_file>
      <input_file id="fl-dc">
         <path>C:\ti\ccs1240\ccs\tools\compiler\ti-cgt-arm_20.2.7.LTS\lib\</path>
         <kind>archive</kind>
         <file>rtsv7M4_T_le_v4SPD16_eabi.lib</file>
         <name>copy_zero_init.c.obj</name>
      </input_file>
      <input_file id="fl-dd">
         <path>C:\ti\ccs1240\ccs\tools\compiler\ti-cgt-arm_20.2.7.LTS\lib\</path>
         <kind>archive</kind>
         <file>rtsv7M4_T_le_v4SPD16_eabi.lib</file>
         <name>copy_decompress_none.c.obj</name>
      </input_file>
      <input_file id="fl-de">
         <path>C:\ti\ccs1240\ccs\tools\compiler\ti-cgt-arm_20.2.7.LTS\lib\</path>
         <kind>archive</kind>
         <file>rtsv7M4_T_le_v4SPD16_eabi.lib</file>
         <name>copy_decompress_lzss.c.obj</name>
      </input_file>
      <input_file id="fl-df">
         <path>C:\ti\ccs1240\ccs\tools\compiler\ti-cgt-arm_20.2.7.LTS\lib\</path>
         <kind>archive</kind>
         <file>rtsv7M4_T_le_v4SPD16_eabi.lib</file>
         <name>memory.c.obj</name>
      </input_file>
      <input_file id="fl-e0">
         <path>C:\ti\ccs1240\ccs\tools\compiler\ti-cgt-arm_20.2.7.LTS\lib\</path>
         <kind>archive</kind>
         <file>rtsv7M4_T_le_v4SPD16_eabi.lib</file>
         <name>strcmp.c.obj</name>
      </input_file>
      <input_file id="fl-e1">
         <path>C:\ti\ccs1240\ccs\tools\compiler\ti-cgt-arm_20.2.7.LTS\lib\</path>
         <kind>archive</kind>
         <file>rtsv7M4_T_le_v4SPD16_eabi.lib</file>
         <name>strlen.c.obj</name>
      </input_file>
      <input_file id="fl-e2">
         <path>C:\ti\ccs1240\ccs\tools\compiler\ti-cgt-arm_20.2.7.LTS\lib\</path>
         <kind>archive</kind>
         <file>rtsv7M4_T_le_v4SPD16_eabi.lib</file>
         <name>strncpy.c.obj</name>
      </input_file>
      <input_file id="fl-e3">
         <path>C:\ti\ccs1240\ccs\tools\compiler\ti-cgt-arm_20.2.7.LTS\lib\</path>
         <kind>archive</kind>
         <file>rtsv7M4_T_le_v4SPD16_eabi.lib</file>
         <name>strtol.c.obj</name>
      </input_file>
      <input_file id="fl-e4">
         <path>C:\ti\ccs1240\ccs\tools\compiler\ti-cgt-arm_20.2.7.LTS\lib\</path>
         <kind>archive</kind>
         <file>rtsv7M4_T_le_v4SPD16_eabi.lib</file>
         <name>boot_cortex_m.c.obj</name>
      </input_file>
      <input_file id="fl-e5">
         <path>C:\ti\ccs1240\ccs\tools\compiler\ti-cgt-arm_20.2.7.LTS\lib\</path>
         <kind>archive</kind>
         <file>rtsv7M4_T_le_v4SPD16_eabi.lib</file>
         <name>errno.c.obj</name>
      </input_file>
      <input_file id="fl-e6">
         <path>C:\ti\ccs1240\ccs\tools\compiler\ti-cgt-arm_20.2.7.LTS\lib\</path>
         <kind>archive</kind>
         <file>rtsv7M4_T_le_v4SPD16_eabi.lib</file>
         <name>error.c.obj</name>
      </input_file>
      <input_file id="fl-e7">
         <path>C:\ti\ccs1240\ccs\tools\compiler\ti-cgt-arm_20.2.7.LTS\lib\</path>
         <kind>archive</kind>
         <file>rtsv7M4_T_le_v4SPD16_eabi.lib</file>
         <name>_printfi.c.obj</name>
      </input_file>
      <input_file id="fl-e8">
         <path>C:\ti\ccs1240\ccs\tools\compiler\ti-cgt-arm_20.2.7.LTS\lib\</path>
         <kind>archive</kind>
         <file>rtsv7M4_T_le_v4SPD16_eabi.lib</file>
         <name>div0.asm.obj</name>
      </input_file>
      <input_file id="fl-e9">
         <path>C:\ti\ccs1240\ccs\tools\compiler\ti-cgt-arm_20.2.7.LTS\lib\</path>
         <kind>archive</kind>
         <file>rtsv7M4_T_le_v4SPD16_eabi.lib</file>
         <name>fd_add_t2.asm.obj</name>
      </input_file>
      <input_file id="fl-ea">
         <path>C:\ti\ccs1240\ccs\tools\compiler\ti-cgt-arm_20.2.7.LTS\lib\</path>
         <kind>archive</kind>
         <file>rtsv7M4_T_le_v4SPD16_eabi.lib</file>
         <name>fd_cmp_t2.asm.obj</name>
      </input_file>
      <input_file id="fl-eb">
         <path>C:\ti\ccs1240\ccs\tools\compiler\ti-cgt-arm_20.2.7.LTS\lib\</path>
         <kind>archive</kind>
         <file>rtsv7M4_T_le_v4SPD16_eabi.lib</file>
         <name>fd_div_t2.asm.obj</name>
      </input_file>
      <input_file id="fl-ec">
         <path>C:\ti\ccs1240\ccs\tools\compiler\ti-cgt-arm_20.2.7.LTS\lib\</path>
         <kind>archive</kind>
         <file>rtsv7M4_T_le_v4SPD16_eabi.lib</file>
         <name>fd_mul_t2.asm.obj</name>
      </input_file>
      <input_file id="fl-ed">
         <path>C:\ti\ccs1240\ccs\tools\compiler\ti-cgt-arm_20.2.7.LTS\lib\</path>
         <kind>archive</kind>
         <file>rtsv7M4_T_le_v4SPD16_eabi.lib</file>
         <name>fd_toi_t2.asm.obj</name>
      </input_file>
      <input_file id="fl-ee">
         <path>C:\ti\ccs1240\ccs\tools\compiler\ti-cgt-arm_20.2.7.LTS\lib\</path>
         <kind>archive</kind>
         <file>rtsv7M4_T_le_v4SPD16_eabi.lib</file>
         <name>i_tofd_t2.asm.obj</name>
      </input_file>
      <input_file id="fl-ef">
         <path>C:\ti\ccs1240\ccs\tools\compiler\ti-cgt-arm_20.2.7.LTS\lib\</path>
         <kind>archive</kind>
         <file>rtsv7M4_T_le_v4SPD16_eabi.lib</file>
         <name>autoinit.c.obj</name>
      </input_file>
      <input_file id="fl-f0">
         <path>C:\ti\ccs1240\ccs\tools\compiler\ti-cgt-arm_20.2.7.LTS\lib\</path>
         <kind>archive</kind>
         <file>rtsv7M4_T_le_v4SPD16_eabi.lib</file>
         <name>pre_init.c.obj</name>
      </input_file>
      <input_file id="fl-f1">
         <path>C:\ti\ccs1240\ccs\tools\compiler\ti-cgt-arm_20.2.7.LTS\lib\</path>
         <kind>archive</kind>
         <file>rtsv7M4_T_le_v4SPD16_eabi.lib</file>
         <name>cpy_tbl.c.obj</name>
      </input_file>
      <input_file id="fl-f2">
         <path>C:\ti\ccs1240\ccs\tools\compiler\ti-cgt-arm_20.2.7.LTS\lib\</path>
         <kind>archive</kind>
         <file>rtsv7M4_T_le_v4SPD16_eabi.lib</file>
         <name>exit.c.obj</name>
      </input_file>
      <input_file id="fl-f3">
         <path>C:\ti\ccs1240\ccs\tools\compiler\ti-cgt-arm_20.2.7.LTS\lib\</path>
         <kind>archive</kind>
         <file>rtsv7M4_T_le_v4SPD16_eabi.lib</file>
         <name>_lock.c.obj</name>
      </input_file>
      <input_file id="fl-f4">
         <path>C:\ti\ccs1240\ccs\tools\compiler\ti-cgt-arm_20.2.7.LTS\lib\</path>
         <kind>archive</kind>
         <file>rtsv7M4_T_le_v4SPD16_eabi.lib</file>
         <name>_ltoa.c.obj</name>
      </input_file>
      <input_file id="fl-f5">
         <path>C:\ti\ccs1240\ccs\tools\compiler\ti-cgt-arm_20.2.7.LTS\lib\</path>
         <kind>archive</kind>
         <file>rtsv7M4_T_le_v4SPD16_eabi.lib</file>
         <name>args_main.c.obj</name>
      </input_file>
      <input_file id="fl-f6">
         <path>C:\ti\ccs1240\ccs\tools\compiler\ti-cgt-arm_20.2.7.LTS\lib\</path>
         <kind>archive</kind>
         <file>rtsv7M4_T_le_v4SPD16_eabi.lib</file>
         <name>atoi.c.obj</name>
      </input_file>
      <input_file id="fl-f7">
         <path>C:\ti\ccs1240\ccs\tools\compiler\ti-cgt-arm_20.2.7.LTS\lib\</path>
         <kind>archive</kind>
         <file>rtsv7M4_T_le_v4SPD16_eabi.lib</file>
         <name>ctype.c.obj</name>
      </input_file>
      <input_file id="fl-f8">
         <path>C:\ti\ccs1240\ccs\tools\compiler\ti-cgt-arm_20.2.7.LTS\lib\</path>
         <kind>archive</kind>
         <file>rtsv7M4_T_le_v4SPD16_eabi.lib</file>
         <name>memccpy.c.obj</name>
      </input_file>
      <input_file id="fl-f9">
         <path>C:\ti\ccs1240\ccs\tools\compiler\ti-cgt-arm_20.2.7.LTS\lib\</path>
         <kind>archive</kind>
         <file>rtsv7M4_T_le_v4SPD16_eabi.lib</file>
         <name>strchr.c.obj</name>
      </input_file>
      <input_file id="fl-fa">
         <path>C:\ti\ccs1240\ccs\tools\compiler\ti-cgt-arm_20.2.7.LTS\lib\</path>
         <kind>archive</kind>
         <file>rtsv7M4_T_le_v4SPD16_eabi.lib</file>
         <name>wcslen.c.obj</name>
      </input_file>
      <input_file id="fl-fb">
         <path>C:\ti\ccs1240\ccs\tools\compiler\ti-cgt-arm_20.2.7.LTS\lib\</path>
         <kind>archive</kind>
         <file>rtsv7M4_T_le_v4SPD16_eabi.lib</file>
         <name>s_frexp.c.obj</name>
      </input_file>
      <input_file id="fl-fc">
         <path>C:\ti\ccs1240\ccs\tools\compiler\ti-cgt-arm_20.2.7.LTS\lib\</path>
         <kind>archive</kind>
         <file>rtsv7M4_T_le_v4SPD16_eabi.lib</file>
         <name>s_scalbn.c.obj</name>
      </input_file>
      <input_file id="fl-fd">
         <path>C:\ti\ccs1240\ccs\tools\compiler\ti-cgt-arm_20.2.7.LTS\lib\</path>
         <kind>archive</kind>
         <file>rtsv7M4_T_le_v4SPD16_eabi.lib</file>
         <name>s_copysign.c.obj</name>
      </input_file>
   </input_file_list>
   <object_component_list>
      <object_component id="oc-358">
         <name>.text:__TI_printfi</name>
         <load_address>0x200</load_address>
         <run_address>0x200</run_address>
         <size>0xa4e</size>
         <input_file_ref idref="fl-e7"/>
      </object_component>
      <object_component id="oc-209">
         <name>.text:Board_initHook</name>
         <load_address>0xc4e</load_address>
         <run_address>0xc4e</run_address>
         <size>0x2</size>
         <input_file_ref idref="fl-4"/>
      </object_component>
      <object_component id="oc-569">
         <name>.text:UARTMSP432E4_open</name>
         <load_address>0xc50</load_address>
         <run_address>0xc50</run_address>
         <size>0x2f0</size>
         <input_file_ref idref="fl-13"/>
      </object_component>
      <object_component id="oc-5e">
         <name>.text:SysCtlClockFreqSet</name>
         <load_address>0xf40</load_address>
         <run_address>0xf40</run_address>
         <size>0x2e0</size>
         <input_file_ref idref="fl-1e"/>
      </object_component>
      <object_component id="oc-4b5">
         <name>.text:_pconv_a</name>
         <load_address>0x1220</load_address>
         <run_address>0x1220</run_address>
         <size>0x270</size>
         <input_file_ref idref="fl-e7"/>
      </object_component>
      <object_component id="oc-30c">
         <name>.text:GPIOPadConfigSet</name>
         <load_address>0x1490</load_address>
         <run_address>0x1490</run_address>
         <size>0x23a</size>
         <input_file_ref idref="fl-1c"/>
      </object_component>
      <object_component id="oc-563">
         <name>.text:UARTMSP432E4_init</name>
         <load_address>0x16ca</load_address>
         <run_address>0x16ca</run_address>
         <size>0x2</size>
         <input_file_ref idref="fl-13"/>
      </object_component>
      <object_component id="oc-18b">
         <name>.text:mainThread</name>
         <load_address>0x16cc</load_address>
         <run_address>0x16cc</run_address>
         <size>0x1d8</size>
         <input_file_ref idref="fl-3"/>
      </object_component>
      <object_component id="oc-4a3">
         <name>.text:_pconv_g</name>
         <load_address>0x18a4</load_address>
         <run_address>0x18a4</run_address>
         <size>0x1d0</size>
         <input_file_ref idref="fl-e7"/>
      </object_component>
      <object_component id="oc-265">
         <name>.text:memoryReadPrint</name>
         <load_address>0x1a74</load_address>
         <run_address>0x1a74</run_address>
         <size>0x1c4</size>
         <input_file_ref idref="fl-3"/>
      </object_component>
      <object_component id="oc-5f1">
         <name>.text</name>
         <load_address>0x1c38</load_address>
         <run_address>0x1c38</run_address>
         <size>0x1b6</size>
         <input_file_ref idref="fl-e9"/>
      </object_component>
      <object_component id="oc-89f">
         <name>.text:_IntDefaultHandler</name>
         <load_address>0x1dee</load_address>
         <run_address>0x1dee</run_address>
         <size>0x2</size>
         <input_file_ref idref="fl-1d"/>
      </object_component>
      <object_component id="oc-223">
         <name>.text:GPIO_setConfig</name>
         <load_address>0x1df0</load_address>
         <run_address>0x1df0</run_address>
         <size>0x184</size>
         <input_file_ref idref="fl-10"/>
      </object_component>
      <object_component id="oc-371">
         <name>.text:__vla_alloc</name>
         <load_address>0x1f74</load_address>
         <run_address>0x1f74</run_address>
         <size>0x14c</size>
         <input_file_ref idref="fl-d6"/>
      </object_component>
      <object_component id="oc-4af">
         <name>.text:_pconv_e</name>
         <load_address>0x20c0</load_address>
         <run_address>0x20c0</run_address>
         <size>0x13c</size>
         <input_file_ref idref="fl-e7"/>
      </object_component>
      <object_component id="oc-5d7">
         <name>.text</name>
         <load_address>0x21fc</load_address>
         <run_address>0x21fc</run_address>
         <size>0x136</size>
         <input_file_ref idref="fl-eb"/>
      </object_component>
      <object_component id="oc-39a">
         <name>.text:_nop</name>
         <load_address>0x2332</load_address>
         <run_address>0x2332</run_address>
         <size>0x2</size>
         <input_file_ref idref="fl-f3"/>
      </object_component>
      <object_component id="oc-38c">
         <name>.text:strtol</name>
         <load_address>0x2334</load_address>
         <run_address>0x2334</run_address>
         <size>0x130</size>
         <input_file_ref idref="fl-e3"/>
      </object_component>
      <object_component id="oc-603">
         <name>.text:fcvt</name>
         <load_address>0x2464</load_address>
         <run_address>0x2464</run_address>
         <size>0x124</size>
         <input_file_ref idref="fl-e7"/>
      </object_component>
      <object_component id="oc-617">
         <name>.text:scalbn</name>
         <load_address>0x2588</load_address>
         <run_address>0x2588</run_address>
         <size>0x110</size>
         <input_file_ref idref="fl-fc"/>
      </object_component>
      <object_component id="oc-5a2">
         <name>.text:aligned_alloc</name>
         <load_address>0x2698</load_address>
         <run_address>0x2698</run_address>
         <size>0x100</size>
         <input_file_ref idref="fl-df"/>
      </object_component>
      <object_component id="oc-5d2">
         <name>.text</name>
         <load_address>0x2798</load_address>
         <run_address>0x2798</run_address>
         <size>0xfc</size>
         <input_file_ref idref="fl-ec"/>
      </object_component>
      <object_component id="oc-259">
         <name>.text:aboutPrint</name>
         <load_address>0x2894</load_address>
         <run_address>0x2894</run_address>
         <size>0xf8</size>
         <input_file_ref idref="fl-3"/>
      </object_component>
      <object_component id="oc-26b">
         <name>.text:printPrint</name>
         <load_address>0x298c</load_address>
         <run_address>0x298c</run_address>
         <size>0xee</size>
         <input_file_ref idref="fl-3"/>
      </object_component>
      <object_component id="oc-78">
         <name>.text:busFaultHandler</name>
         <load_address>0x2a7a</load_address>
         <run_address>0x2a7a</run_address>
         <size>0x2</size>
         <input_file_ref idref="fl-1a"/>
      </object_component>
      <object_component id="oc-3d7">
         <name>.text:free</name>
         <load_address>0x2a7c</load_address>
         <run_address>0x2a7c</run_address>
         <size>0xe4</size>
         <input_file_ref idref="fl-df"/>
      </object_component>
      <object_component id="oc-4e9">
         <name>.text:realloc</name>
         <load_address>0x2b60</load_address>
         <run_address>0x2b60</run_address>
         <size>0xe4</size>
         <input_file_ref idref="fl-df"/>
      </object_component>
      <object_component id="oc-557">
         <name>.text:UARTMSP432E4_close</name>
         <load_address>0x2c44</load_address>
         <run_address>0x2c44</run_address>
         <size>0xbe</size>
         <input_file_ref idref="fl-13"/>
      </object_component>
      <object_component id="oc-808">
         <name>.text:readTaskCallback</name>
         <load_address>0x2d02</load_address>
         <run_address>0x2d02</run_address>
         <size>0xb6</size>
         <input_file_ref idref="fl-13"/>
      </object_component>
      <object_component id="oc-498">
         <name>.text:_ltostr</name>
         <load_address>0x2db8</load_address>
         <run_address>0x2db8</run_address>
         <size>0xb1</size>
         <input_file_ref idref="fl-e7"/>
      </object_component>
      <object_component id="oc-7f6">
         <name>.text:readTaskBlocking</name>
         <load_address>0x2e6a</load_address>
         <run_address>0x2e6a</run_address>
         <size>0xb0</size>
         <input_file_ref idref="fl-13"/>
      </object_component>
      <object_component id="oc-3fc">
         <name>.text:clkFxn</name>
         <load_address>0x2f1a</load_address>
         <run_address>0x2f1a</run_address>
         <size>0x2</size>
         <input_file_ref idref="fl-16"/>
      </object_component>
      <object_component id="oc-217">
         <name>.text:GPIO_init</name>
         <load_address>0x2f1c</load_address>
         <run_address>0x2f1c</run_address>
         <size>0xac</size>
         <input_file_ref idref="fl-10"/>
      </object_component>
      <object_component id="oc-324">
         <name>.text:GPIOIntTypeSet</name>
         <load_address>0x2fc8</load_address>
         <run_address>0x2fc8</run_address>
         <size>0xa4</size>
         <input_file_ref idref="fl-1c"/>
      </object_component>
      <object_component id="oc-2d3">
         <name>.text:SemaphoreP_pend</name>
         <load_address>0x306c</load_address>
         <run_address>0x306c</run_address>
         <size>0xa0</size>
         <input_file_ref idref="fl-16"/>
      </object_component>
      <object_component id="oc-575">
         <name>.text:UARTMSP432E4_readPolling</name>
         <load_address>0x310c</load_address>
         <run_address>0x310c</run_address>
         <size>0x9e</size>
         <input_file_ref idref="fl-13"/>
      </object_component>
      <object_component id="oc-3a">
         <name>.text</name>
         <load_address>0x31aa</load_address>
         <run_address>0x31aa</run_address>
         <size>0x9c</size>
         <input_file_ref idref="fl-d9"/>
      </object_component>
      <object_component id="oc-581">
         <name>.text:UARTMSP432E4_write</name>
         <load_address>0x3246</load_address>
         <run_address>0x3246</run_address>
         <size>0x98</size>
         <input_file_ref idref="fl-13"/>
      </object_component>
      <object_component id="oc-5cb">
         <name>.text</name>
         <load_address>0x32de</load_address>
         <run_address>0x32de</run_address>
         <size>0x96</size>
         <input_file_ref idref="fl-db"/>
      </object_component>
      <object_component id="oc-7fc">
         <name>.text:readIsrTextBlocking</name>
         <load_address>0x3374</load_address>
         <run_address>0x3374</run_address>
         <size>0x94</size>
         <input_file_ref idref="fl-13"/>
      </object_component>
      <object_component id="oc-55d">
         <name>.text:UARTMSP432E4_control</name>
         <load_address>0x3408</load_address>
         <run_address>0x3408</run_address>
         <size>0x90</size>
         <input_file_ref idref="fl-13"/>
      </object_component>
      <object_component id="oc-bb">
         <name>.text:_SysCtlFrequencyGet</name>
         <load_address>0x3498</load_address>
         <run_address>0x3498</run_address>
         <size>0x90</size>
         <input_file_ref idref="fl-1e"/>
      </object_component>
      <object_component id="oc-80e">
         <name>.text:readIsrTextCallback</name>
         <load_address>0x3528</load_address>
         <run_address>0x3528</run_address>
         <size>0x88</size>
         <input_file_ref idref="fl-13"/>
      </object_component>
      <object_component id="oc-49e">
         <name>.text:__aeabi_cdcmple</name>
         <load_address>0x35b0</load_address>
         <run_address>0x35b0</run_address>
         <size>0x86</size>
         <input_file_ref idref="fl-ea"/>
      </object_component>
      <object_component id="oc-5dc">
         <name>.text:__aeabi_cdrcmple</name>
         <load_address>0x3636</load_address>
         <run_address>0x3636</run_address>
         <size>0x86</size>
         <input_file_ref idref="fl-ea"/>
      </object_component>
      <object_component id="oc-86f">
         <name>.text:IntDisable</name>
         <load_address>0x36bc</load_address>
         <run_address>0x36bc</run_address>
         <size>0x80</size>
         <input_file_ref idref="fl-1d"/>
      </object_component>
      <object_component id="oc-5b5">
         <name>.text:IntEnable</name>
         <load_address>0x373c</load_address>
         <run_address>0x373c</run_address>
         <size>0x80</size>
         <input_file_ref idref="fl-1d"/>
      </object_component>
      <object_component id="oc-74e">
         <name>.text:writeData</name>
         <load_address>0x37bc</load_address>
         <run_address>0x37bc</run_address>
         <size>0x7c</size>
         <input_file_ref idref="fl-13"/>
      </object_component>
      <object_component id="oc-a2">
         <name>.text</name>
         <load_address>0x3838</load_address>
         <run_address>0x3838</run_address>
         <size>0x7a</size>
         <input_file_ref idref="fl-da"/>
      </object_component>
      <object_component id="oc-72">
         <name>.text:defaultHandler</name>
         <load_address>0x38b2</load_address>
         <run_address>0x38b2</run_address>
         <size>0x2</size>
         <input_file_ref idref="fl-1a"/>
      </object_component>
      <object_component id="oc-4e3">
         <name>.text:_ZN33_INTERNAL_11_vla_alloc_c_be8bd49b21free_dead_allocationsEPv</name>
         <load_address>0x38b4</load_address>
         <run_address>0x38b4</run_address>
         <size>0x78</size>
         <input_file_ref idref="fl-d6"/>
      </object_component>
      <object_component id="oc-6fe">
         <name>.text:UARTConfigSetExpClk</name>
         <load_address>0x392c</load_address>
         <run_address>0x392c</run_address>
         <size>0x76</size>
         <input_file_ref idref="fl-1f"/>
      </object_component>
      <object_component id="oc-6c">
         <name>.text:faultISR</name>
         <load_address>0x39a2</load_address>
         <run_address>0x39a2</run_address>
         <size>0x2</size>
         <input_file_ref idref="fl-1a"/>
      </object_component>
      <object_component id="oc-458">
         <name>.text:HwiP_construct</name>
         <load_address>0x39a4</load_address>
         <run_address>0x39a4</run_address>
         <size>0x70</size>
         <input_file_ref idref="fl-18"/>
      </object_component>
      <object_component id="oc-383">
         <name>.text:__vla_dealloc</name>
         <load_address>0x3a14</load_address>
         <run_address>0x3a14</run_address>
         <size>0x70</size>
         <input_file_ref idref="fl-d6"/>
      </object_component>
      <object_component id="oc-645">
         <name>.text:split</name>
         <load_address>0x3a84</load_address>
         <run_address>0x3a84</run_address>
         <size>0x70</size>
         <input_file_ref idref="fl-df"/>
      </object_component>
      <object_component id="oc-253">
         <name>.text:stringStartsWith</name>
         <load_address>0x3af4</load_address>
         <run_address>0x3af4</run_address>
         <size>0x70</size>
         <input_file_ref idref="fl-3"/>
      </object_component>
      <object_component id="oc-5fc">
         <name>.text:_mcpy</name>
         <load_address>0x3b64</load_address>
         <run_address>0x3b64</run_address>
         <size>0x6e</size>
         <input_file_ref idref="fl-e7"/>
      </object_component>
      <object_component id="oc-66">
         <name>.text:nmiISR</name>
         <load_address>0x3bd2</load_address>
         <run_address>0x3bd2</run_address>
         <size>0x2</size>
         <input_file_ref idref="fl-1a"/>
      </object_component>
      <object_component id="oc-68f">
         <name>.text:Power_releaseDependency</name>
         <load_address>0x3bd4</load_address>
         <run_address>0x3bd4</run_address>
         <size>0x6c</size>
         <input_file_ref idref="fl-11"/>
      </object_component>
      <object_component id="oc-33f">
         <name>.text:GPIO_hwiIntFxn</name>
         <load_address>0x3c40</load_address>
         <run_address>0x3c40</run_address>
         <size>0x68</size>
         <input_file_ref idref="fl-10"/>
      </object_component>
      <object_component id="oc-2fa">
         <name>.text:Power_setDependency</name>
         <load_address>0x3ca8</load_address>
         <run_address>0x3ca8</run_address>
         <size>0x68</size>
         <input_file_ref idref="fl-11"/>
      </object_component>
      <object_component id="oc-13">
         <name>.text:decompress:lzss:__TI_decompress_lzss</name>
         <load_address>0x3d10</load_address>
         <run_address>0x3d10</run_address>
         <size>0x68</size>
         <input_file_ref idref="fl-de"/>
      </object_component>
      <object_component id="oc-7f0">
         <name>.text:readIsrBinaryBlocking</name>
         <load_address>0x3d78</load_address>
         <run_address>0x3d78</run_address>
         <size>0x68</size>
         <input_file_ref idref="fl-13"/>
      </object_component>
      <object_component id="oc-203">
         <name>.text:Power_init</name>
         <load_address>0x3de0</load_address>
         <run_address>0x3de0</run_address>
         <size>0x64</size>
         <input_file_ref idref="fl-11"/>
      </object_component>
      <object_component id="oc-611">
         <name>.text:frexp</name>
         <load_address>0x3e44</load_address>
         <run_address>0x3e44</run_address>
         <size>0x64</size>
         <input_file_ref idref="fl-fb"/>
      </object_component>
      <object_component id="oc-802">
         <name>.text:readIsrBinaryCallback</name>
         <load_address>0x3ea8</load_address>
         <run_address>0x3ea8</run_address>
         <size>0x64</size>
         <input_file_ref idref="fl-13"/>
      </object_component>
      <object_component id="oc-25f">
         <name>.text:helpPrint</name>
         <load_address>0x3f0c</load_address>
         <run_address>0x3f0c</run_address>
         <size>0x62</size>
         <input_file_ref idref="fl-3"/>
      </object_component>
      <object_component id="oc-300">
         <name>.text:GPIODirModeSet</name>
         <load_address>0x3f6e</load_address>
         <run_address>0x3f6e</run_address>
         <size>0x5c</size>
         <input_file_ref idref="fl-1c"/>
      </object_component>
      <object_component id="oc-776">
         <name>.text</name>
         <load_address>0x3fca</load_address>
         <run_address>0x3fca</run_address>
         <size>0x2</size>
         <input_file_ref idref="fl-e8"/>
      </object_component>
      <object_component id="oc-5a9">
         <name>.text:IntRegister</name>
         <load_address>0x3fcc</load_address>
         <run_address>0x3fcc</run_address>
         <size>0x5c</size>
         <input_file_ref idref="fl-1d"/>
      </object_component>
      <object_component id="oc-689">
         <name>.text:getPowerResourceId</name>
         <load_address>0x4028</load_address>
         <run_address>0x4028</run_address>
         <size>0x5c</size>
         <input_file_ref idref="fl-13"/>
      </object_component>
      <object_component id="oc-2d9">
         <name>.text:GPIO_setCallback</name>
         <load_address>0x4084</load_address>
         <run_address>0x4084</run_address>
         <size>0x58</size>
         <input_file_ref idref="fl-10"/>
      </object_component>
      <object_component id="oc-7af">
         <name>.text:sysTickInit</name>
         <load_address>0x40dc</load_address>
         <run_address>0x40dc</run_address>
         <size>0x58</size>
         <input_file_ref idref="fl-17"/>
      </object_component>
      <object_component id="oc-4a9">
         <name>.text:_pconv_f</name>
         <load_address>0x4134</load_address>
         <run_address>0x4134</run_address>
         <size>0x56</size>
         <input_file_ref idref="fl-e7"/>
      </object_component>
      <object_component id="oc-229">
         <name>.text:GPIO_write</name>
         <load_address>0x418c</load_address>
         <run_address>0x418c</run_address>
         <size>0x54</size>
         <input_file_ref idref="fl-10"/>
      </object_component>
      <object_component id="oc-5af">
         <name>.text:IntPrioritySet</name>
         <load_address>0x41e0</load_address>
         <run_address>0x41e0</run_address>
         <size>0x54</size>
         <input_file_ref idref="fl-1d"/>
      </object_component>
      <object_component id="oc-5e6">
         <name>.text:__TI_ltoa</name>
         <load_address>0x4234</load_address>
         <run_address>0x4234</run_address>
         <size>0x54</size>
         <input_file_ref idref="fl-f4"/>
      </object_component>
      <object_component id="oc-5f6">
         <name>.text:_ecpy</name>
         <load_address>0x4288</load_address>
         <run_address>0x4288</run_address>
         <size>0x52</size>
         <input_file_ref idref="fl-e7"/>
      </object_component>
      <object_component id="oc-7e">
         <name>.text:ClockP_sysTickHandler</name>
         <load_address>0x42dc</load_address>
         <run_address>0x42dc</run_address>
         <size>0x50</size>
         <input_file_ref idref="fl-17"/>
      </object_component>
      <object_component id="oc-51c">
         <name>.text:SemaphoreP_construct</name>
         <load_address>0x432c</load_address>
         <run_address>0x432c</run_address>
         <size>0x50</size>
         <input_file_ref idref="fl-16"/>
      </object_component>
      <object_component id="oc-707">
         <name>.text:UARTMSP432E4_hwiIntFxn</name>
         <load_address>0x437c</load_address>
         <run_address>0x437c</run_address>
         <size>0x50</size>
         <input_file_ref idref="fl-13"/>
      </object_component>
      <object_component id="oc-587">
         <name>.text:UARTMSP432E4_writePolling</name>
         <load_address>0x43cc</load_address>
         <run_address>0x43cc</run_address>
         <size>0x4c</size>
         <input_file_ref idref="fl-13"/>
      </object_component>
      <object_component id="oc-492">
         <name>.text:atoi</name>
         <load_address>0x4418</load_address>
         <run_address>0x4418</run_address>
         <size>0x4c</size>
         <input_file_ref idref="fl-f6"/>
      </object_component>
      <object_component id="oc-72e">
         <name>.text:ringBufGet</name>
         <load_address>0x4464</load_address>
         <run_address>0x4464</run_address>
         <size>0x4c</size>
         <input_file_ref idref="fl-13"/>
      </object_component>
      <object_component id="oc-58d">
         <name>.text:UARTMSP432E4_writeCancel</name>
         <load_address>0x44b0</load_address>
         <run_address>0x44b0</run_address>
         <size>0x48</size>
         <input_file_ref idref="fl-13"/>
      </object_component>
      <object_component id="oc-5e1">
         <name>.text</name>
         <load_address>0x44f8</load_address>
         <run_address>0x44f8</run_address>
         <size>0x48</size>
         <input_file_ref idref="fl-ed"/>
      </object_component>
      <object_component id="oc-83e">
         <name>.text:RingBuf_put</name>
         <load_address>0x4540</load_address>
         <run_address>0x4540</run_address>
         <size>0x46</size>
         <input_file_ref idref="fl-14"/>
      </object_component>
      <object_component id="oc-544">
         <name>.text:ClockP_stop</name>
         <load_address>0x4588</load_address>
         <run_address>0x4588</run_address>
         <size>0x44</size>
         <input_file_ref idref="fl-17"/>
      </object_component>
      <object_component id="oc-6c2">
         <name>.text:GPIOPinConfigure</name>
         <load_address>0x45cc</load_address>
         <run_address>0x45cc</run_address>
         <size>0x44</size>
         <input_file_ref idref="fl-1c"/>
      </object_component>
      <object_component id="oc-2df">
         <name>.text:SemaphoreP_post</name>
         <load_address>0x4610</load_address>
         <run_address>0x4610</run_address>
         <size>0x44</size>
         <input_file_ref idref="fl-16"/>
      </object_component>
      <object_component id="oc-42d">
         <name>.text:SysCtlPeripheralPresent</name>
         <load_address>0x4654</load_address>
         <run_address>0x4654</run_address>
         <size>0x44</size>
         <input_file_ref idref="fl-1e"/>
      </object_component>
      <object_component id="oc-445">
         <name>.text:SysCtlPeripheralReady</name>
         <load_address>0x4698</load_address>
         <run_address>0x4698</run_address>
         <size>0x44</size>
         <input_file_ref idref="fl-1e"/>
      </object_component>
      <object_component id="oc-21d">
         <name>.text:UART_init</name>
         <load_address>0x46dc</load_address>
         <run_address>0x46dc</run_address>
         <size>0x44</size>
         <input_file_ref idref="fl-12"/>
      </object_component>
      <object_component id="oc-b5">
         <name>.text:_SysCtlMemTimingGet</name>
         <load_address>0x4720</load_address>
         <run_address>0x4720</run_address>
         <size>0x44</size>
         <input_file_ref idref="fl-1e"/>
      </object_component>
      <object_component id="oc-19e">
         <name>.text:__TI_auto_init_nobinit_nopinit:__TI_auto_init_nobinit_nopinit</name>
         <load_address>0x4764</load_address>
         <run_address>0x4764</run_address>
         <size>0x44</size>
         <input_file_ref idref="fl-ef"/>
      </object_component>
      <object_component id="oc-7e4">
         <name>.text:ClockP_construct</name>
         <load_address>0x47a8</load_address>
         <run_address>0x47a8</run_address>
         <size>0x40</size>
         <input_file_ref idref="fl-17"/>
      </object_component>
      <object_component id="oc-832">
         <name>.text:RingBuf_get</name>
         <load_address>0x47e8</load_address>
         <run_address>0x47e8</run_address>
         <size>0x40</size>
         <input_file_ref idref="fl-14"/>
      </object_component>
      <object_component id="oc-7c1">
         <name>.text:SysCtlPeripheralDisable</name>
         <load_address>0x4828</load_address>
         <run_address>0x4828</run_address>
         <size>0x40</size>
         <input_file_ref idref="fl-1e"/>
      </object_component>
      <object_component id="oc-439">
         <name>.text:SysCtlPeripheralEnable</name>
         <load_address>0x4868</load_address>
         <run_address>0x4868</run_address>
         <size>0x40</size>
         <input_file_ref idref="fl-1e"/>
      </object_component>
      <object_component id="oc-2a0">
         <name>.text:SysCtlPeripheralPowerOff</name>
         <load_address>0x48a8</load_address>
         <run_address>0x48a8</run_address>
         <size>0x40</size>
         <input_file_ref idref="fl-1e"/>
      </object_component>
      <object_component id="oc-433">
         <name>.text:SysCtlPeripheralPowerOn</name>
         <load_address>0x48e8</load_address>
         <run_address>0x48e8</run_address>
         <size>0x40</size>
         <input_file_ref idref="fl-1e"/>
      </object_component>
      <object_component id="oc-7c7">
         <name>.text:SysCtlPeripheralSleepDisable</name>
         <load_address>0x4928</load_address>
         <run_address>0x4928</run_address>
         <size>0x40</size>
         <input_file_ref idref="fl-1e"/>
      </object_component>
      <object_component id="oc-43f">
         <name>.text:SysCtlPeripheralSleepEnable</name>
         <load_address>0x4968</load_address>
         <run_address>0x4968</run_address>
         <size>0x40</size>
         <input_file_ref idref="fl-1e"/>
      </object_component>
      <object_component id="oc-56f">
         <name>.text:UARTMSP432E4_read</name>
         <load_address>0x49a8</load_address>
         <run_address>0x49a8</run_address>
         <size>0x40</size>
         <input_file_ref idref="fl-13"/>
      </object_component>
      <object_component id="oc-235">
         <name>.text:UART_open</name>
         <load_address>0x49e8</load_address>
         <run_address>0x49e8</run_address>
         <size>0x40</size>
         <input_file_ref idref="fl-12"/>
      </object_component>
      <object_component id="oc-24d">
         <name>.text:sprintf</name>
         <load_address>0x4a28</load_address>
         <run_address>0x4a28</run_address>
         <size>0x40</size>
         <input_file_ref idref="fl-d7"/>
      </object_component>
      <object_component id="oc-609">
         <name>.text:_fcpy</name>
         <load_address>0x4a68</load_address>
         <run_address>0x4a68</run_address>
         <size>0x3e</size>
         <input_file_ref idref="fl-e7"/>
      </object_component>
      <object_component id="oc-3f6">
         <name>.text:ClockP_destruct</name>
         <load_address>0x4aa8</load_address>
         <run_address>0x4aa8</run_address>
         <size>0x3c</size>
         <input_file_ref idref="fl-17"/>
      </object_component>
      <object_component id="oc-ec">
         <name>.text:addToList</name>
         <load_address>0x4ae4</load_address>
         <run_address>0x4ae4</run_address>
         <size>0x38</size>
         <input_file_ref idref="fl-17"/>
      </object_component>
      <object_component id="oc-57b">
         <name>.text:UARTMSP432E4_readCancel</name>
         <load_address>0x4b1c</load_address>
         <run_address>0x4b1c</run_address>
         <size>0x36</size>
         <input_file_ref idref="fl-13"/>
      </object_component>
      <object_component id="oc-377">
         <name>.text:strncpy</name>
         <load_address>0x4b52</load_address>
         <run_address>0x4b52</run_address>
         <size>0x36</size>
         <input_file_ref idref="fl-e2"/>
      </object_component>
      <object_component id="oc-670">
         <name>.text:ClockP_startup</name>
         <load_address>0x4b88</load_address>
         <run_address>0x4b88</run_address>
         <size>0x34</size>
         <input_file_ref idref="fl-17"/>
      </object_component>
      <object_component id="oc-d6">
         <name>.text:_c_int00_noargs:_c_int00_noargs</name>
         <load_address>0x4bbc</load_address>
         <run_address>0x4bbc</run_address>
         <size>0x34</size>
         <input_file_ref idref="fl-e4"/>
      </object_component>
      <object_component id="oc-17f">
         <name>.text:Board_init</name>
         <load_address>0x4bf0</load_address>
         <run_address>0x4bf0</run_address>
         <size>0x30</size>
         <input_file_ref idref="fl-4"/>
      </object_component>
      <object_component id="oc-3e4">
         <name>.text:ClockP_start</name>
         <load_address>0x4c20</load_address>
         <run_address>0x4c20</run_address>
         <size>0x30</size>
         <input_file_ref idref="fl-17"/>
      </object_component>
      <object_component id="oc-695">
         <name>.text:GPIOMSP432E4_undoPinConfig</name>
         <load_address>0x4c50</load_address>
         <run_address>0x4c50</run_address>
         <size>0x30</size>
         <input_file_ref idref="fl-10"/>
      </object_component>
      <object_component id="oc-683">
         <name>.text:UARTDisable</name>
         <load_address>0x4c80</load_address>
         <run_address>0x4c80</run_address>
         <size>0x30</size>
         <input_file_ref idref="fl-1f"/>
      </object_component>
      <object_component id="oc-5ec">
         <name>.text</name>
         <load_address>0x4cb0</load_address>
         <run_address>0x4cb0</run_address>
         <size>0x2e</size>
         <input_file_ref idref="fl-ee"/>
      </object_component>
      <object_component id="oc-2a6">
         <name>.text:SysCtlPeripheralClockGating</name>
         <load_address>0x4ce0</load_address>
         <run_address>0x4ce0</run_address>
         <size>0x2c</size>
         <input_file_ref idref="fl-1e"/>
      </object_component>
      <object_component id="oc-31e">
         <name>.text:HwiP_create</name>
         <load_address>0x4d0c</load_address>
         <run_address>0x4d0c</run_address>
         <size>0x2a</size>
         <input_file_ref idref="fl-18"/>
      </object_component>
      <object_component id="oc-53c">
         <name>.text:free_list_insert</name>
         <load_address>0x4d38</load_address>
         <run_address>0x4d38</run_address>
         <size>0x28</size>
         <input_file_ref idref="fl-df"/>
      </object_component>
      <object_component id="oc-6ce">
         <name>.text:GPIOPinTypeUART</name>
         <load_address>0x4d60</load_address>
         <run_address>0x4d60</run_address>
         <size>0x24</size>
         <input_file_ref idref="fl-1c"/>
      </object_component>
      <object_component id="oc-5bb">
         <name>.text:HwiP_dispatch</name>
         <load_address>0x4d84</load_address>
         <run_address>0x4d84</run_address>
         <size>0x24</size>
         <input_file_ref idref="fl-18"/>
      </object_component>
      <object_component id="oc-849">
         <name>.text:UARTCharPutNonBlocking</name>
         <load_address>0x4da8</load_address>
         <run_address>0x4da8</run_address>
         <size>0x24</size>
         <input_file_ref idref="fl-1f"/>
      </object_component>
      <object_component id="oc-6ec">
         <name>.text:UARTEnable</name>
         <load_address>0x4dcc</load_address>
         <run_address>0x4dcc</run_address>
         <size>0x24</size>
         <input_file_ref idref="fl-1f"/>
      </object_component>
      <object_component id="oc-46b">
         <name>.text:GPIOIntStatus</name>
         <load_address>0x4df0</load_address>
         <run_address>0x4df0</run_address>
         <size>0x22</size>
         <input_file_ref idref="fl-1c"/>
      </object_component>
      <object_component id="oc-306">
         <name>.text:GPIOPinWrite</name>
         <load_address>0x4e12</load_address>
         <run_address>0x4e12</run_address>
         <size>0x20</size>
         <input_file_ref idref="fl-1c"/>
      </object_component>
      <object_component id="oc-6ae">
         <name>.text:RingBuf_peek</name>
         <load_address>0x4e32</load_address>
         <run_address>0x4e32</run_address>
         <size>0x20</size>
         <input_file_ref idref="fl-14"/>
      </object_component>
      <object_component id="oc-312">
         <name>.text:getGpioIntIndex</name>
         <load_address>0x4e52</load_address>
         <run_address>0x4e52</run_address>
         <size>0x20</size>
         <input_file_ref idref="fl-10"/>
      </object_component>
      <object_component id="oc-20">
         <name>.text:resetISR</name>
         <load_address>0x4e74</load_address>
         <run_address>0x4e74</run_address>
         <size>0x20</size>
         <input_file_ref idref="fl-1a"/>
      </object_component>
      <object_component id="oc-742">
         <name>.text:UARTBusy</name>
         <load_address>0x4e94</load_address>
         <run_address>0x4e94</run_address>
         <size>0x1e</size>
         <input_file_ref idref="fl-1f"/>
      </object_component>
      <object_component id="oc-73a">
         <name>.text:UARTCharPut</name>
         <load_address>0x4eb2</load_address>
         <run_address>0x4eb2</run_address>
         <size>0x1e</size>
         <input_file_ref idref="fl-1f"/>
      </object_component>
      <object_component id="oc-882">
         <name>.text:UARTCharsAvail</name>
         <load_address>0x4ed0</load_address>
         <run_address>0x4ed0</run_address>
         <size>0x1e</size>
         <input_file_ref idref="fl-1f"/>
      </object_component>
      <object_component id="oc-748">
         <name>.text:UARTIntStatus</name>
         <load_address>0x4eee</load_address>
         <run_address>0x4eee</run_address>
         <size>0x1e</size>
         <input_file_ref idref="fl-1f"/>
      </object_component>
      <object_component id="oc-875">
         <name>.text:IntUnregister</name>
         <load_address>0x4f0c</load_address>
         <run_address>0x4f0c</run_address>
         <size>0x1c</size>
         <input_file_ref idref="fl-1d"/>
      </object_component>
      <object_component id="oc-838">
         <name>.text:UARTCharGetNonBlocking</name>
         <load_address>0x4f28</load_address>
         <run_address>0x4f28</run_address>
         <size>0x1c</size>
         <input_file_ref idref="fl-1f"/>
      </object_component>
      <object_component id="oc-6d4">
         <name>.text:UARTFlowControlSet</name>
         <load_address>0x4f44</load_address>
         <run_address>0x4f44</run_address>
         <size>0x1c</size>
         <input_file_ref idref="fl-1f"/>
      </object_component>
      <object_component id="oc-754">
         <name>.text:UARTTxIntModeSet</name>
         <load_address>0x4f60</load_address>
         <run_address>0x4f60</run_address>
         <size>0x1c</size>
         <input_file_ref idref="fl-1f"/>
      </object_component>
      <object_component id="oc-46">
         <name>.text:decompress:ZI:__TI_zero_init_nomemset:__TI_zero_init_nomemset</name>
         <load_address>0x4f7c</load_address>
         <run_address>0x4f7c</run_address>
         <size>0x1c</size>
         <input_file_ref idref="fl-dc"/>
      </object_component>
      <object_component id="oc-536">
         <name>.text:free_list_remove</name>
         <load_address>0x4f98</load_address>
         <run_address>0x4f98</run_address>
         <size>0x1c</size>
         <input_file_ref idref="fl-df"/>
      </object_component>
      <object_component id="oc-4bb">
         <name>.text:memccpy</name>
         <load_address>0x4fb4</load_address>
         <run_address>0x4fb4</run_address>
         <size>0x1c</size>
         <input_file_ref idref="fl-f8"/>
      </object_component>
      <object_component id="oc-6e0">
         <name>.text:ClockP_create</name>
         <load_address>0x4fd0</load_address>
         <run_address>0x4fd0</run_address>
         <size>0x1a</size>
         <input_file_ref idref="fl-17"/>
      </object_component>
      <object_component id="oc-2bb">
         <name>.text:SemaphoreP_createBinary</name>
         <load_address>0x4fea</load_address>
         <run_address>0x4fea</run_address>
         <size>0x1a</size>
         <input_file_ref idref="fl-16"/>
      </object_component>
      <object_component id="oc-78f">
         <name>.text:copysign</name>
         <load_address>0x5004</load_address>
         <run_address>0x5004</run_address>
         <size>0x1a</size>
         <input_file_ref idref="fl-fd"/>
      </object_component>
      <object_component id="oc-58">
         <name>.text:FPUEnable</name>
         <load_address>0x5020</load_address>
         <run_address>0x5020</run_address>
         <size>0x18</size>
         <input_file_ref idref="fl-1b"/>
      </object_component>
      <object_component id="oc-668">
         <name>.text:Power_idleFunc</name>
         <load_address>0x5038</load_address>
         <run_address>0x5038</run_address>
         <size>0x18</size>
         <input_file_ref idref="fl-11"/>
      </object_component>
      <object_component id="oc-6f2">
         <name>.text:UARTFIFOLevelSet</name>
         <load_address>0x5050</load_address>
         <run_address>0x5050</run_address>
         <size>0x18</size>
         <input_file_ref idref="fl-1f"/>
      </object_component>
      <object_component id="oc-67d">
         <name>.text:UARTIntDisable</name>
         <load_address>0x5068</load_address>
         <run_address>0x5068</run_address>
         <size>0x18</size>
         <input_file_ref idref="fl-1f"/>
      </object_component>
      <object_component id="oc-6b4">
         <name>.text:UARTIntEnable</name>
         <load_address>0x5080</load_address>
         <run_address>0x5080</run_address>
         <size>0x18</size>
         <input_file_ref idref="fl-1f"/>
      </object_component>
      <object_component id="oc-22f">
         <name>.text:UART_Params_init</name>
         <load_address>0x5098</load_address>
         <run_address>0x5098</run_address>
         <size>0x18</size>
         <input_file_ref idref="fl-12"/>
      </object_component>
      <object_component id="oc-35e">
         <name>.text:_outs</name>
         <load_address>0x50b0</load_address>
         <run_address>0x50b0</run_address>
         <size>0x18</size>
         <input_file_ref idref="fl-d7"/>
      </object_component>
      <object_component id="oc-37d">
         <name>.text:strcmp</name>
         <load_address>0x50c8</load_address>
         <run_address>0x50c8</run_address>
         <size>0x18</size>
         <input_file_ref idref="fl-e0"/>
      </object_component>
      <object_component id="oc-3cc">
         <name>.text:SemaphoreP_create</name>
         <load_address>0x50e0</load_address>
         <run_address>0x50e0</run_address>
         <size>0x16</size>
         <input_file_ref idref="fl-16"/>
      </object_component>
      <object_component id="oc-734">
         <name>.text:UARTCharGet</name>
         <load_address>0x50f6</load_address>
         <run_address>0x50f6</run_address>
         <size>0x16</size>
         <input_file_ref idref="fl-1f"/>
      </object_component>
      <object_component id="oc-61d">
         <name>.text:strchr</name>
         <load_address>0x510c</load_address>
         <run_address>0x510c</run_address>
         <size>0x16</size>
         <input_file_ref idref="fl-f9"/>
      </object_component>
      <object_component id="oc-32a">
         <name>.text:GPIOIntClear</name>
         <load_address>0x5122</load_address>
         <run_address>0x5122</run_address>
         <size>0x14</size>
         <input_file_ref idref="fl-1c"/>
      </object_component>
      <object_component id="oc-6c8">
         <name>.text:GPIOMSP432E4_getGpioBaseAddr</name>
         <load_address>0x5138</load_address>
         <run_address>0x5138</run_address>
         <size>0x14</size>
         <input_file_ref idref="fl-10"/>
      </object_component>
      <object_component id="oc-69b">
         <name>.text:GPIOMSP432E4_getPowerResourceId</name>
         <load_address>0x514c</load_address>
         <run_address>0x514c</run_address>
         <size>0x14</size>
         <input_file_ref idref="fl-10"/>
      </object_component>
      <object_component id="oc-407">
         <name>.text:HwiP_inISR</name>
         <load_address>0x5160</load_address>
         <run_address>0x5160</run_address>
         <size>0x14</size>
         <input_file_ref idref="fl-18"/>
      </object_component>
      <object_component id="oc-40d">
         <name>.text:Power_disablePolicy</name>
         <load_address>0x5174</load_address>
         <run_address>0x5174</run_address>
         <size>0x14</size>
         <input_file_ref idref="fl-11"/>
      </object_component>
      <object_component id="oc-247">
         <name>.text:strlen</name>
         <load_address>0x5188</load_address>
         <run_address>0x5188</run_address>
         <size>0x14</size>
         <input_file_ref idref="fl-e1"/>
      </object_component>
      <object_component id="oc-318">
         <name>.text:HwiP_Params_init</name>
         <load_address>0x519c</load_address>
         <run_address>0x519c</run_address>
         <size>0x12</size>
         <input_file_ref idref="fl-18"/>
      </object_component>
      <object_component id="oc-7d0">
         <name>.text:HwiP_destruct</name>
         <load_address>0x51ae</load_address>
         <run_address>0x51ae</run_address>
         <size>0x12</size>
         <input_file_ref idref="fl-18"/>
      </object_component>
      <object_component id="oc-6bc">
         <name>.text:RingBuf_construct</name>
         <load_address>0x51c0</load_address>
         <run_address>0x51c0</run_address>
         <size>0x12</size>
         <input_file_ref idref="fl-14"/>
      </object_component>
      <object_component id="oc-6e6">
         <name>.text:UARTIntClear</name>
         <load_address>0x51d2</load_address>
         <run_address>0x51d2</run_address>
         <size>0x12</size>
         <input_file_ref idref="fl-1f"/>
      </object_component>
      <object_component id="oc-816">
         <name>.text:UARTRxErrorGet</name>
         <load_address>0x51e4</load_address>
         <run_address>0x51e4</run_address>
         <size>0x12</size>
         <input_file_ref idref="fl-1f"/>
      </object_component>
      <object_component id="oc-13f">
         <name>.text:main</name>
         <load_address>0x51f6</load_address>
         <run_address>0x51f6</run_address>
         <size>0x12</size>
         <input_file_ref idref="fl-2"/>
      </object_component>
      <object_component id="oc-4c1">
         <name>.text:wcslen</name>
         <load_address>0x5208</load_address>
         <run_address>0x5208</run_address>
         <size>0x12</size>
         <input_file_ref idref="fl-fa"/>
      </object_component>
      <object_component id="oc-3de">
         <name>.text:ClockP_add</name>
         <load_address>0x521a</load_address>
         <run_address>0x521a</run_address>
         <size>0x10</size>
         <input_file_ref idref="fl-17"/>
      </object_component>
      <object_component id="oc-6a7">
         <name>.text:ClockP_delete</name>
         <load_address>0x522a</load_address>
         <run_address>0x522a</run_address>
         <size>0x10</size>
         <input_file_ref idref="fl-17"/>
      </object_component>
      <object_component id="oc-6f8">
         <name>.text:ClockP_getCpuFreq</name>
         <load_address>0x523c</load_address>
         <run_address>0x523c</run_address>
         <size>0x10</size>
         <input_file_ref idref="fl-17"/>
      </object_component>
      <object_component id="oc-6a1">
         <name>.text:HwiP_delete</name>
         <load_address>0x524c</load_address>
         <run_address>0x524c</run_address>
         <size>0x10</size>
         <input_file_ref idref="fl-18"/>
      </object_component>
      <object_component id="oc-52">
         <name>.text:IntMasterDisable</name>
         <load_address>0x525c</load_address>
         <run_address>0x525c</run_address>
         <size>0x10</size>
         <input_file_ref idref="fl-1d"/>
      </object_component>
      <object_component id="oc-210">
         <name>.text:IntMasterEnable</name>
         <load_address>0x526c</load_address>
         <run_address>0x526c</run_address>
         <size>0x10</size>
         <input_file_ref idref="fl-1d"/>
      </object_component>
      <object_component id="oc-3bb">
         <name>.text:PowerMSP432E4_sleepPolicy</name>
         <load_address>0x527c</load_address>
         <run_address>0x527c</run_address>
         <size>0x10</size>
         <input_file_ref idref="fl-19"/>
      </object_component>
      <object_component id="oc-3ea">
         <name>.text:Power_enablePolicy</name>
         <load_address>0x528c</load_address>
         <run_address>0x528c</run_address>
         <size>0x10</size>
         <input_file_ref idref="fl-11"/>
      </object_component>
      <object_component id="oc-3c6">
         <name>.text:SemaphoreP_Params_init</name>
         <load_address>0x529c</load_address>
         <run_address>0x529c</run_address>
         <size>0x10</size>
         <input_file_ref idref="fl-16"/>
      </object_component>
      <object_component id="oc-81c">
         <name>.text:UARTRxErrorClear</name>
         <load_address>0x52ac</load_address>
         <run_address>0x52ac</run_address>
         <size>0x10</size>
         <input_file_ref idref="fl-1f"/>
      </object_component>
      <object_component id="oc-719">
         <name>.text:readBlockingTimeout</name>
         <load_address>0x52bc</load_address>
         <run_address>0x52bc</run_address>
         <size>0x10</size>
         <input_file_ref idref="fl-13"/>
      </object_component>
      <object_component id="oc-82c">
         <name>.text:RingBuf_isFull</name>
         <load_address>0x52cc</load_address>
         <run_address>0x52cc</run_address>
         <size>0xe</size>
         <input_file_ref idref="fl-14"/>
      </object_component>
      <object_component id="oc-19">
         <name>.text:decompress:none:__TI_decompress_none</name>
         <load_address>0x52da</load_address>
         <run_address>0x52da</run_address>
         <size>0xe</size>
         <input_file_ref idref="fl-dd"/>
      </object_component>
      <object_component id="oc-a8">
         <name>.text:CPUcpsid</name>
         <load_address>0x52e8</load_address>
         <run_address>0x52e8</run_address>
         <size>0xc</size>
         <input_file_ref idref="fl-20"/>
      </object_component>
      <object_component id="oc-2b4">
         <name>.text:CPUcpsie</name>
         <load_address>0x52f4</load_address>
         <run_address>0x52f4</run_address>
         <size>0xc</size>
         <input_file_ref idref="fl-20"/>
      </object_component>
      <object_component id="oc-6da">
         <name>.text:ClockP_Params_init</name>
         <load_address>0x5300</load_address>
         <run_address>0x5300</run_address>
         <size>0xa</size>
         <input_file_ref idref="fl-17"/>
      </object_component>
      <object_component id="oc-3f0">
         <name>.text:ClockP_isActive</name>
         <load_address>0x530a</load_address>
         <run_address>0x530a</run_address>
         <size>0xa</size>
         <input_file_ref idref="fl-17"/>
      </object_component>
      <object_component id="oc-23b">
         <name>.text:UART_read</name>
         <load_address>0x5314</load_address>
         <run_address>0x5314</run_address>
         <size>0xa</size>
         <input_file_ref idref="fl-12"/>
      </object_component>
      <object_component id="oc-241">
         <name>.text:UART_write</name>
         <load_address>0x531e</load_address>
         <run_address>0x531e</run_address>
         <size>0xa</size>
         <input_file_ref idref="fl-12"/>
      </object_component>
      <object_component id="oc-364">
         <name>.text:_outc</name>
         <load_address>0x5328</load_address>
         <run_address>0x5328</run_address>
         <size>0xa</size>
         <input_file_ref idref="fl-d7"/>
      </object_component>
      <object_component id="oc-2c7">
         <name>.text:HwiP_restore</name>
         <load_address>0x5332</load_address>
         <run_address>0x5332</run_address>
         <size>0x8</size>
         <input_file_ref idref="fl-18"/>
      </object_component>
      <object_component id="oc-4c7">
         <name>.text:__aeabi_errno_addr</name>
         <load_address>0x533c</load_address>
         <run_address>0x533c</run_address>
         <size>0x8</size>
         <input_file_ref idref="fl-e5"/>
      </object_component>
      <object_component id="oc-452">
         <name>.text:malloc</name>
         <load_address>0x5344</load_address>
         <run_address>0x5344</run_address>
         <size>0x8</size>
         <input_file_ref idref="fl-df"/>
      </object_component>
      <object_component id="oc-713">
         <name>.text:readSemCallback</name>
         <load_address>0x534c</load_address>
         <run_address>0x534c</run_address>
         <size>0x8</size>
         <input_file_ref idref="fl-13"/>
      </object_component>
      <object_component id="oc-70d">
         <name>.text:writeSemCallback</name>
         <load_address>0x5354</load_address>
         <run_address>0x5354</run_address>
         <size>0x8</size>
         <input_file_ref idref="fl-13"/>
      </object_component>
      <object_component id="oc-889">
         <name>.text:ClockP_setTimeout</name>
         <load_address>0x535c</load_address>
         <run_address>0x535c</run_address>
         <size>0x4</size>
         <input_file_ref idref="fl-17"/>
      </object_component>
      <object_component id="oc-2c1">
         <name>.text:HwiP_disable</name>
         <load_address>0x5360</load_address>
         <run_address>0x5360</run_address>
         <size>0x4</size>
         <input_file_ref idref="fl-18"/>
      </object_component>
      <object_component id="oc-185">
         <name>.text:HwiP_enable</name>
         <load_address>0x5364</load_address>
         <run_address>0x5364</run_address>
         <size>0x4</size>
         <input_file_ref idref="fl-18"/>
      </object_component>
      <object_component id="oc-2cd">
         <name>.text:SemaphoreP_delete</name>
         <load_address>0x5368</load_address>
         <run_address>0x5368</run_address>
         <size>0x4</size>
         <input_file_ref idref="fl-16"/>
      </object_component>
      <object_component id="oc-4dd">
         <name>.text:__abort_execution</name>
         <load_address>0x536c</load_address>
         <run_address>0x536c</run_address>
         <size>0x4</size>
         <input_file_ref idref="fl-e6"/>
      </object_component>
      <object_component id="oc-139">
         <name>.text:_system_pre_init</name>
         <load_address>0x5370</load_address>
         <run_address>0x5370</run_address>
         <size>0x4</size>
         <input_file_ref idref="fl-f0"/>
      </object_component>
      <object_component id="oc-192">
         <name>.text:abort:abort</name>
         <load_address>0x5374</load_address>
         <run_address>0x5374</run_address>
         <size>0x4</size>
         <input_file_ref idref="fl-f2"/>
      </object_component>
      <object_component id="oc-c7">
         <name>.const:g_pppui32XTALtoVCO</name>
         <load_address>0x5378</load_address>
         <run_address>0x5378</run_address>
         <size>0x1b0</size>
         <input_file_ref idref="fl-1e"/>
      </object_component>
      <object_component id="oc-503">
         <name>.const:.string:_ctypes_</name>
         <load_address>0x5528</load_address>
         <run_address>0x5528</run_address>
         <size>0x101</size>
         <input_file_ref idref="fl-f7"/>
      </object_component>
      <object_component id="oc-339">
         <name>.const:.string:inPinTypes</name>
         <load_address>0x5629</load_address>
         <run_address>0x5629</run_address>
         <size>0x3</size>
         <input_file_ref idref="fl-10"/>
      </object_component>
      <object_component id="oc-767">
         <name>.const:g_pui32Regs</name>
         <load_address>0x562c</load_address>
         <run_address>0x562c</run_address>
         <size>0x9c</size>
         <input_file_ref idref="fl-1d"/>
      </object_component>
      <object_component id="oc-7dc">
         <name>.const:g_pui32GPIOBaseAddrs</name>
         <load_address>0x56c8</load_address>
         <run_address>0x56c8</run_address>
         <size>0x48</size>
         <input_file_ref idref="fl-1c"/>
      </object_component>
      <object_component id="oc-348">
         <name>.const:gpioBaseAddresses</name>
         <load_address>0x5710</load_address>
         <run_address>0x5710</run_address>
         <size>0x48</size>
         <input_file_ref idref="fl-10"/>
      </object_component>
      <object_component id="oc-330">
         <name>.const:powerMgrIds</name>
         <load_address>0x5758</load_address>
         <run_address>0x5758</run_address>
         <size>0x48</size>
         <input_file_ref idref="fl-10"/>
      </object_component>
      <object_component id="oc-123">
         <name>.const:g_sXTALtoMEMTIM</name>
         <load_address>0x57a0</load_address>
         <run_address>0x57a0</run_address>
         <size>0x30</size>
         <input_file_ref idref="fl-1e"/>
      </object_component>
      <object_component id="oc-428">
         <name>.const:uartMSP432E4HWAttrs</name>
         <load_address>0x57d0</load_address>
         <run_address>0x57d0</run_address>
         <size>0x2c</size>
         <input_file_ref idref="fl-4"/>
      </object_component>
      <object_component id="oc-424">
         <name>.const:UARTMSP432E4_fxnTable</name>
         <load_address>0x57fc</load_address>
         <run_address>0x57fc</run_address>
         <size>0x28</size>
         <input_file_ref idref="fl-13"/>
      </object_component>
      <object_component id="oc-c1">
         <name>.const:g_pui32Xtals</name>
         <load_address>0x5824</load_address>
         <run_address>0x5824</run_address>
         <size>0x28</size>
         <input_file_ref idref="fl-1e"/>
      </object_component>
      <object_component id="oc-34e">
         <name>.const:UART_defaultParams</name>
         <load_address>0x584c</load_address>
         <run_address>0x584c</run_address>
         <size>0x24</size>
         <input_file_ref idref="fl-12"/>
      </object_component>
      <object_component id="oc-33c">
         <name>.const:.string:gpioInterruptVectors</name>
         <load_address>0x5870</load_address>
         <run_address>0x5870</run_address>
         <size>0x20</size>
         <input_file_ref idref="fl-10"/>
      </object_component>
      <object_component id="oc-704">
         <name>.const:staticFxnTable</name>
         <load_address>0x5890</load_address>
         <run_address>0x5890</run_address>
         <size>0x20</size>
         <input_file_ref idref="fl-13"/>
      </object_component>
      <object_component id="oc-2e9">
         <name>.const:GPIOMSP432E4_config</name>
         <load_address>0x58b0</load_address>
         <run_address>0x58b0</run_address>
         <size>0x14</size>
         <input_file_ref idref="fl-4"/>
      </object_component>
      <object_component id="oc-89b">
         <name>.const:g_pui32Dii16Regs</name>
         <load_address>0x58c4</load_address>
         <run_address>0x58c4</run_address>
         <size>0x14</size>
         <input_file_ref idref="fl-1d"/>
      </object_component>
      <object_component id="oc-76b">
         <name>.const:g_pui32EnRegs</name>
         <load_address>0x58d8</load_address>
         <run_address>0x58d8</run_address>
         <size>0x14</size>
         <input_file_ref idref="fl-1d"/>
      </object_component>
      <object_component id="oc-71f">
         <name>.const:parityType</name>
         <load_address>0x58ec</load_address>
         <run_address>0x58ec</run_address>
         <size>0x14</size>
         <input_file_ref idref="fl-13"/>
      </object_component>
      <object_component id="oc-725">
         <name>.const:dataLength</name>
         <load_address>0x5900</load_address>
         <run_address>0x5900</run_address>
         <size>0x10</size>
         <input_file_ref idref="fl-13"/>
      </object_component>
      <object_component id="oc-271">
         <name>.const:.string:$P$T0$1</name>
         <load_address>0x5910</load_address>
         <run_address>0x5910</run_address>
         <size>0xd</size>
         <input_file_ref idref="fl-3"/>
      </object_component>
      <object_component id="oc-2f3">
         <name>.const</name>
         <load_address>0x591d</load_address>
         <run_address>0x591d</run_address>
         <size>0x3</size>
         <input_file_ref idref="fl-4"/>
      </object_component>
      <object_component id="oc-2f6">
         <name>.const:UART_config</name>
         <load_address>0x5920</load_address>
         <run_address>0x5920</run_address>
         <size>0xc</size>
         <input_file_ref idref="fl-4"/>
      </object_component>
      <object_component id="oc-2ac">
         <name>.const:PowerMSP432E4_config</name>
         <load_address>0x592c</load_address>
         <run_address>0x592c</run_address>
         <size>0x8</size>
         <input_file_ref idref="fl-4"/>
      </object_component>
      <object_component id="oc-c4">
         <name>.const:g_pui32VCOFrequencies</name>
         <load_address>0x5934</load_address>
         <run_address>0x5934</run_address>
         <size>0x8</size>
         <input_file_ref idref="fl-1e"/>
      </object_component>
      <object_component id="oc-722">
         <name>.const:stopBits</name>
         <load_address>0x593c</load_address>
         <run_address>0x593c</run_address>
         <size>0x8</size>
         <input_file_ref idref="fl-13"/>
      </object_component>
      <object_component id="oc-333">
         <name>.const:.string:outPinStrengths</name>
         <load_address>0x5944</load_address>
         <run_address>0x5944</run_address>
         <size>0x7</size>
         <input_file_ref idref="fl-10"/>
      </object_component>
      <object_component id="oc-345">
         <name>.const:.string:interruptType</name>
         <load_address>0x594b</load_address>
         <run_address>0x594b</run_address>
         <size>0x6</size>
         <input_file_ref idref="fl-10"/>
      </object_component>
      <object_component id="oc-336">
         <name>.const:.string:outPinTypes</name>
         <load_address>0x5951</load_address>
         <run_address>0x5951</run_address>
         <size>0x4</size>
         <input_file_ref idref="fl-10"/>
      </object_component>
      <object_component id="oc-8e3">
         <name>.cinit..data.load</name>
         <load_address>0x5958</load_address>
         <run_address>0x5958</run_address>
         <size>0xfd</size>
      </object_component>
      <object_component id="oc-8e0">
         <name>__TI_handler_table</name>
         <load_address>0x5a58</load_address>
         <run_address>0x5a58</run_address>
         <size>0xc</size>
      </object_component>
      <object_component id="oc-8e4">
         <name>.cinit..bss.load</name>
         <load_address>0x5a68</load_address>
         <run_address>0x5a68</run_address>
         <size>0x8</size>
      </object_component>
      <object_component id="oc-8e2">
         <name>.cinit..vtable.load</name>
         <load_address>0x5a70</load_address>
         <run_address>0x5a70</run_address>
         <size>0x8</size>
      </object_component>
      <object_component id="oc-8e1">
         <name>__TI_cinit_table</name>
         <load_address>0x5a78</load_address>
         <run_address>0x5a78</run_address>
         <size>0x18</size>
      </object_component>
      <object_component id="oc-762">
         <name>.vtable</name>
         <uninitialized>true</uninitialized>
         <run_address>0x20000000</run_address>
         <size>0x26c</size>
         <input_file_ref idref="fl-1d"/>
      </object_component>
      <object_component id="oc-416">
         <name>.data:gpioPinConfigs</name>
         <load_address>0x20008674</load_address>
         <run_address>0x20008674</run_address>
         <size>0x4</size>
         <input_file_ref idref="fl-4"/>
      </object_component>
      <object_component id="oc-419">
         <name>.data:gpioCallbackFunctions</name>
         <load_address>0x20008670</load_address>
         <run_address>0x20008670</run_address>
         <size>0x4</size>
         <input_file_ref idref="fl-4"/>
      </object_component>
      <object_component id="oc-2e6">
         <name>.data</name>
         <load_address>0x20008660</load_address>
         <run_address>0x20008660</run_address>
         <size>0x5</size>
         <input_file_ref idref="fl-10"/>
      </object_component>
      <object_component id="oc-2af">
         <name>.data:PowerMSP432E4_module</name>
         <load_address>0x200084dc</load_address>
         <run_address>0x200084dc</run_address>
         <size>0x16c</size>
         <input_file_ref idref="fl-11"/>
      </object_component>
      <object_component id="oc-2f0">
         <name>.data</name>
         <load_address>0x2000866d</load_address>
         <run_address>0x2000866d</run_address>
         <size>0x1</size>
         <input_file_ref idref="fl-12"/>
      </object_component>
      <object_component id="oc-402">
         <name>.data</name>
         <load_address>0x20008665</load_address>
         <run_address>0x20008665</run_address>
         <size>0x3</size>
         <input_file_ref idref="fl-16"/>
      </object_component>
      <object_component id="oc-518">
         <name>.data:SemaphoreP_defaultParams</name>
         <load_address>0x20008658</load_address>
         <run_address>0x20008658</run_address>
         <size>0x8</size>
         <input_file_ref idref="fl-16"/>
      </object_component>
      <object_component id="oc-7b5">
         <name>.data</name>
         <load_address>0x20008668</load_address>
         <run_address>0x20008668</run_address>
         <size>0x5</size>
         <input_file_ref idref="fl-17"/>
      </object_component>
      <object_component id="oc-5c4">
         <name>.data:HwiP_dispatchTable</name>
         <load_address>0x20008270</load_address>
         <run_address>0x20008270</run_address>
         <size>0x26c</size>
         <input_file_ref idref="fl-18"/>
      </object_component>
      <object_component id="oc-5c1">
         <name>.data</name>
         <load_address>0x20008678</load_address>
         <run_address>0x20008678</run_address>
         <size>0x4</size>
         <input_file_ref idref="fl-18"/>
      </object_component>
      <object_component id="oc-4ef">
         <name>.data</name>
         <load_address>0x20008680</load_address>
         <run_address>0x20008680</run_address>
         <size>0x4</size>
         <input_file_ref idref="fl-d6"/>
      </object_component>
      <object_component id="oc-677">
         <name>.data:$O1$$</name>
[...]
         <object_component_ref idref="oc-407"/>
      </symbol>
      <symbol id="sm-680">
         <name>HwiP_destruct</name>
         <value>0x51af</value>
         <object_component_ref idref="oc-7d0"/>
      </symbol>
      <symbol id="sm-681">
         <name>HwiP_swiPIntNum</name>
         <value>0x20008678</value>
         <object_component_ref idref="oc-5c1"/>
      </symbol>
      <symbol id="sm-682">
         <name>HwiP_Params_init</name>
         <value>0x519d</value>
         <object_component_ref idref="oc-318"/>
      </symbol>
      <symbol id="sm-683">
         <name>HwiP_disable</name>
         <value>0x5361</value>
         <object_component_ref idref="oc-2c1"/>
      </symbol>
      <symbol id="sm-684">
         <name>HwiP_create</name>
         <value>0x4d0d</value>
         <object_component_ref idref="oc-31e"/>
      </symbol>
      <symbol id="sm-685">
         <name>HwiP_enable</name>
         <value>0x5365</value>
         <object_component_ref idref="oc-185"/>
      </symbol>
      <symbol id="sm-686">
         <name>HwiP_restore</name>
         <value>0x5333</value>
         <object_component_ref idref="oc-2c7"/>
      </symbol>
      <symbol id="sm-693">
         <name>PowerMSP432E4_sleepPolicy</name>
         <value>0x527d</value>
         <object_component_ref idref="oc-3bb"/>
      </symbol>
      <symbol id="sm-6d1">
         <name>resetISR</name>
         <value>0x4e75</value>
         <object_component_ref idref="oc-20"/>
      </symbol>
      <symbol id="sm-6d2">
         <name>resetVectors</name>
         <value>0x0</value>
         <object_component_ref idref="oc-26"/>
      </symbol>
      <symbol id="sm-6f5">
         <name>FPUEnable</name>
         <value>0x5021</value>
         <object_component_ref idref="oc-58"/>
      </symbol>
      <symbol id="sm-771">
         <name>GPIOPinConfigure</name>
         <value>0x45cd</value>
         <object_component_ref idref="oc-6c2"/>
      </symbol>
      <symbol id="sm-772">
         <name>GPIOIntTypeSet</name>
         <value>0x2fc9</value>
         <object_component_ref idref="oc-324"/>
      </symbol>
      <symbol id="sm-773">
         <name>GPIOIntClear</name>
         <value>0x5123</value>
         <object_component_ref idref="oc-32a"/>
      </symbol>
      <symbol id="sm-774">
         <name>GPIOPinTypeUART</name>
         <value>0x4d61</value>
         <object_component_ref idref="oc-6ce"/>
      </symbol>
      <symbol id="sm-775">
         <name>GPIOIntStatus</name>
         <value>0x4df1</value>
         <object_component_ref idref="oc-46b"/>
      </symbol>
      <symbol id="sm-776">
         <name>GPIODirModeSet</name>
         <value>0x3f6f</value>
         <object_component_ref idref="oc-300"/>
      </symbol>
      <symbol id="sm-777">
         <name>GPIOPinWrite</name>
         <value>0x4e13</value>
         <object_component_ref idref="oc-306"/>
      </symbol>
      <symbol id="sm-778">
         <name>GPIOPadConfigSet</name>
         <value>0x1491</value>
         <object_component_ref idref="oc-30c"/>
      </symbol>
      <symbol id="sm-7f8">
         <name>IntPrioritySet</name>
         <value>0x41e1</value>
         <object_component_ref idref="oc-5af"/>
      </symbol>
      <symbol id="sm-7f9">
         <name>IntEnable</name>
         <value>0x373d</value>
         <object_component_ref idref="oc-5b5"/>
      </symbol>
      <symbol id="sm-7fa">
         <name>IntDisable</name>
         <value>0x36bd</value>
         <object_component_ref idref="oc-86f"/>
      </symbol>
      <symbol id="sm-7fb">
         <name>IntRegister</name>
         <value>0x3fcd</value>
         <object_component_ref idref="oc-5a9"/>
      </symbol>
      <symbol id="sm-7fc">
         <name>IntMasterDisable</name>
         <value>0x525d</value>
         <object_component_ref idref="oc-52"/>
      </symbol>
      <symbol id="sm-7fd">
         <name>IntUnregister</name>
         <value>0x4f0d</value>
         <object_component_ref idref="oc-875"/>
      </symbol>
      <symbol id="sm-7fe">
         <name>g_pfnRAMVectors</name>
         <value>0x20000000</value>
         <object_component_ref idref="oc-762"/>
      </symbol>
      <symbol id="sm-7ff">
         <name>IntMasterEnable</name>
         <value>0x526d</value>
         <object_component_ref idref="oc-210"/>
      </symbol>
      <symbol id="sm-8cd">
         <name>SysCtlPeripheralPresent</name>
         <value>0x4655</value>
         <object_component_ref idref="oc-42d"/>
      </symbol>
      <symbol id="sm-8ce">
         <name>SysCtlPeripheralClockGating</name>
         <value>0x4ce1</value>
         <object_component_ref idref="oc-2a6"/>
      </symbol>
      <symbol id="sm-8cf">
         <name>SysCtlPeripheralEnable</name>
         <value>0x4869</value>
         <object_component_ref idref="oc-439"/>
      </symbol>
      <symbol id="sm-8d0">
         <name>SysCtlPeripheralPowerOff</name>
         <value>0x48a9</value>
         <object_component_ref idref="oc-2a0"/>
      </symbol>
      <symbol id="sm-8d1">
         <name>SysCtlPeripheralPowerOn</name>
         <value>0x48e9</value>
         <object_component_ref idref="oc-433"/>
      </symbol>
      <symbol id="sm-8d2">
         <name>SysCtlPeripheralSleepDisable</name>
         <value>0x4929</value>
         <object_component_ref idref="oc-7c7"/>
      </symbol>
      <symbol id="sm-8d3">
         <name>SysCtlPeripheralDisable</name>
         <value>0x4829</value>
         <object_component_ref idref="oc-7c1"/>
      </symbol>
      <symbol id="sm-8d4">
         <name>SysCtlPeripheralSleepEnable</name>
         <value>0x4969</value>
         <object_component_ref idref="oc-43f"/>
      </symbol>
      <symbol id="sm-8d5">
         <name>SysCtlPeripheralReady</name>
         <value>0x4699</value>
         <object_component_ref idref="oc-445"/>
      </symbol>
      <symbol id="sm-8d6">
         <name>SysCtlClockFreqSet</name>
         <value>0xf41</value>
         <object_component_ref idref="oc-5e"/>
      </symbol>
      <symbol id="sm-97b">
         <name>UARTCharPutNonBlocking</name>
         <value>0x4da9</value>
         <object_component_ref idref="oc-849"/>
      </symbol>
      <symbol id="sm-97c">
         <name>UARTTxIntModeSet</name>
         <value>0x4f61</value>
         <object_component_ref idref="oc-754"/>
      </symbol>
      <symbol id="sm-97d">
         <name>UARTRxErrorClear</name>
         <value>0x52ad</value>
         <object_component_ref idref="oc-81c"/>
      </symbol>
      <symbol id="sm-97e">
         <name>UARTFlowControlSet</name>
         <value>0x4f45</value>
         <object_component_ref idref="oc-6d4"/>
      </symbol>
      <symbol id="sm-97f">
         <name>UARTConfigSetExpClk</name>
         <value>0x392d</value>
         <object_component_ref idref="oc-6fe"/>
      </symbol>
      <symbol id="sm-980">
         <name>UARTDisable</name>
         <value>0x4c81</value>
         <object_component_ref idref="oc-683"/>
      </symbol>
      <symbol id="sm-981">
         <name>UARTBusy</name>
         <value>0x4e95</value>
         <object_component_ref idref="oc-742"/>
      </symbol>
      <symbol id="sm-982">
         <name>UARTIntEnable</name>
         <value>0x5081</value>
         <object_component_ref idref="oc-6b4"/>
      </symbol>
      <symbol id="sm-983">
         <name>UARTCharsAvail</name>
         <value>0x4ed1</value>
         <object_component_ref idref="oc-882"/>
      </symbol>
      <symbol id="sm-984">
         <name>UARTCharGetNonBlocking</name>
         <value>0x4f29</value>
         <object_component_ref idref="oc-838"/>
      </symbol>
      <symbol id="sm-985">
         <name>UARTIntDisable</name>
         <value>0x5069</value>
         <object_component_ref idref="oc-67d"/>
      </symbol>
      <symbol id="sm-986">
         <name>UARTCharPut</name>
         <value>0x4eb3</value>
         <object_component_ref idref="oc-73a"/>
      </symbol>
      <symbol id="sm-987">
         <name>UARTRxErrorGet</name>
         <value>0x51e5</value>
         <object_component_ref idref="oc-816"/>
      </symbol>
      <symbol id="sm-988">
         <name>UARTEnable</name>
         <value>0x4dcd</value>
         <object_component_ref idref="oc-6ec"/>
      </symbol>
      <symbol id="sm-989">
         <name>UARTIntClear</name>
         <value>0x51d3</value>
         <object_component_ref idref="oc-6e6"/>
      </symbol>
      <symbol id="sm-98a">
         <name>UARTIntStatus</name>
         <value>0x4eef</value>
         <object_component_ref idref="oc-748"/>
      </symbol>
      <symbol id="sm-98b">
         <name>UARTCharGet</name>
         <value>0x50f7</value>
         <object_component_ref idref="oc-734"/>
      </symbol>
      <symbol id="sm-98c">
         <name>UARTFIFOLevelSet</name>
         <value>0x5051</value>
         <object_component_ref idref="oc-6f2"/>
      </symbol>
      <symbol id="sm-99e">
         <name>CPUcpsie</name>
         <value>0x52f5</value>
         <object_component_ref idref="oc-2b4"/>
      </symbol>
      <symbol id="sm-99f">
         <name>CPUcpsid</name>
         <value>0x52e9</value>
         <object_component_ref idref="oc-a8"/>
      </symbol>
      <symbol id="sm-a02">
         <name>__vla_dealloc</name>
         <value>0x3a15</value>
         <object_component_ref idref="oc-383"/>
      </symbol>
      <symbol id="sm-a03">
         <name>__vla_alloc</name>
         <value>0x1f75</value>
         <object_component_ref idref="oc-371"/>
      </symbol>
      <symbol id="sm-a2a">
         <name>sprintf</name>
         <value>0x4a29</value>
         <object_component_ref idref="oc-24d"/>
      </symbol>
      <symbol id="sm-a46">
         <name>memcpy</name>
         <value>0x31ab</value>
         <object_component_ref idref="oc-3a"/>
      </symbol>
      <symbol id="sm-a47">
         <name>__aeabi_memcpy</name>
         <value>0x31ab</value>
         <object_component_ref idref="oc-3a"/>
      </symbol>
      <symbol id="sm-a48">
         <name>__aeabi_memcpy8</name>
         <value>0x31ab</value>
         <object_component_ref idref="oc-3a"/>
      </symbol>
      <symbol id="sm-a49">
         <name>__aeabi_memcpy4</name>
         <value>0x31ab</value>
         <object_component_ref idref="oc-3a"/>
      </symbol>
      <symbol id="sm-a58">
         <name>__aeabi_memset</name>
         <value>0x383b</value>
         <object_component_ref idref="oc-a2"/>
      </symbol>
      <symbol id="sm-a59">
         <name>memset</name>
         <value>0x3841</value>
         <object_component_ref idref="oc-a2"/>
      </symbol>
      <symbol id="sm-a5a">
         <name>__aeabi_memset8</name>
         <value>0x383b</value>
         <object_component_ref idref="oc-a2"/>
      </symbol>
      <symbol id="sm-a5b">
         <name>__aeabi_memset4</name>
         <value>0x383b</value>
         <object_component_ref idref="oc-a2"/>
      </symbol>
      <symbol id="sm-a5c">
         <name>__aeabi_memclr8</name>
         <value>0x3839</value>
         <object_component_ref idref="oc-a2"/>
      </symbol>
      <symbol id="sm-a5d">
         <name>__aeabi_memclr4</name>
         <value>0x3839</value>
         <object_component_ref idref="oc-a2"/>
      </symbol>
      <symbol id="sm-a5e">
         <name>__aeabi_memclr</name>
         <value>0x3839</value>
         <object_component_ref idref="oc-a2"/>
      </symbol>
      <symbol id="sm-a6b">
         <name>__aeabi_uldivmod</name>
         <value>0x32df</value>
         <object_component_ref idref="oc-5cb"/>
      </symbol>
      <symbol id="sm-a84">
         <name>__TI_zero_init_nomemset</name>
         <value>0x4f7d</value>
         <object_component_ref idref="oc-46"/>
      </symbol>
      <symbol id="sm-a9b">
         <name>__TI_decompress_none</name>
         <value>0x52db</value>
         <object_component_ref idref="oc-19"/>
      </symbol>
      <symbol id="sm-abe">
         <name>__TI_decompress_lzss</name>
         <value>0x3d11</value>
         <object_component_ref idref="oc-13"/>
      </symbol>
      <symbol id="sm-b5c">
         <name>_sys_memory</name>
         <value>0x20000270</value>
         <object_component_ref idref="oc-29"/>
      </symbol>
      <symbol id="sm-b5d">
         <name>free</name>
         <value>0x2a7d</value>
         <object_component_ref idref="oc-3d7"/>
      </symbol>
      <symbol id="sm-b5e">
         <name>realloc</name>
         <value>0x2b61</value>
         <object_component_ref idref="oc-4e9"/>
      </symbol>
      <symbol id="sm-b5f">
         <name>memalign</name>
         <value>0x2699</value>
         <object_component_ref idref="oc-5a2"/>
      </symbol>
      <symbol id="sm-b60">
         <name>malloc</name>
         <value>0x5345</value>
         <object_component_ref idref="oc-452"/>
      </symbol>
      <symbol id="sm-b61">
         <name>aligned_alloc</name>
         <value>0x2699</value>
         <object_component_ref idref="oc-5a2"/>
      </symbol>
      <symbol id="sm-b70">
         <name>strcmp</name>
         <value>0x50c9</value>
         <object_component_ref idref="oc-37d"/>
      </symbol>
      <symbol id="sm-b7e">
         <name>strlen</name>
         <value>0x5189</value>
         <object_component_ref idref="oc-247"/>
      </symbol>
      <symbol id="sm-b8e">
         <name>strncpy</name>
         <value>0x4b53</value>
         <object_component_ref idref="oc-377"/>
      </symbol>
      <symbol id="sm-bb2">
         <name>strtol</name>
         <value>0x2335</value>
         <object_component_ref idref="oc-38c"/>
      </symbol>
      <symbol id="sm-bc5">
         <name>__stack</name>
         <value>0x2003f000</value>
         <object_component_ref idref="oc-2c"/>
      </symbol>
      <symbol id="sm-bc6">
         <name>_c_int00_noargs</name>
         <value>0x4bbd</value>
         <object_component_ref idref="oc-d6"/>
      </symbol>
      <symbol id="sm-bdc">
         <name>__aeabi_errno_addr</name>
         <value>0x533d</value>
         <object_component_ref idref="oc-4c7"/>
      </symbol>
      <symbol id="sm-bdd">
         <name>errno</name>
         <value>0x2000867c</value>
         <object_component_ref idref="oc-62d"/>
      </symbol>
      <symbol id="sm-be7">
         <name>__abort_execution</name>
         <value>0x536d</value>
         <object_component_ref idref="oc-4dd"/>
      </symbol>
      <symbol id="sm-d4c">
         <name>__TI_printfi</name>
         <value>0x201</value>
         <object_component_ref idref="oc-358"/>
      </symbol>
      <symbol id="sm-d56">
         <name>__aeabi_idiv0</name>
         <value>0x3fcb</value>
         <object_component_ref idref="oc-776"/>
      </symbol>
      <symbol id="sm-d57">
         <name>__aeabi_ldiv0</name>
         <value>0x3fcb</value>
         <object_component_ref idref="oc-776"/>
      </symbol>
      <symbol id="sm-d6e">
         <name>__aeabi_dsub</name>
         <value>0x1c39</value>
         <object_component_ref idref="oc-5f1"/>
      </symbol>
      <symbol id="sm-d6f">
         <name>__aeabi_dadd</name>
         <value>0x1c43</value>
         <object_component_ref idref="oc-5f1"/>
      </symbol>
      <symbol id="sm-d91">
         <name>__aeabi_cdcmpeq</name>
         <value>0x35b1</value>
         <object_component_ref idref="oc-49e"/>
      </symbol>
      <symbol id="sm-d92">
         <name>__aeabi_cdcmple</name>
         <value>0x35b1</value>
         <object_component_ref idref="oc-49e"/>
      </symbol>
      <symbol id="sm-d93">
         <name>__aeabi_cdrcmple</name>
         <value>0x3637</value>
         <object_component_ref idref="oc-5dc"/>
      </symbol>
      <symbol id="sm-da7">
         <name>__aeabi_ddiv</name>
         <value>0x21fd</value>
         <object_component_ref idref="oc-5d7"/>
      </symbol>
      <symbol id="sm-db2">
         <name>__aeabi_dmul</name>
         <value>0x2799</value>
         <object_component_ref idref="oc-5d2"/>
      </symbol>
      <symbol id="sm-dbc">
         <name>__aeabi_d2iz</name>
         <value>0x44f9</value>
         <object_component_ref idref="oc-5e1"/>
      </symbol>
      <symbol id="sm-dc6">
         <name>__aeabi_i2d</name>
         <value>0x4cb1</value>
         <object_component_ref idref="oc-5ec"/>
      </symbol>
      <symbol id="sm-dee">
         <name>__TI_auto_init_nobinit_nopinit</name>
         <value>0x4765</value>
         <object_component_ref idref="oc-19e"/>
      </symbol>
      <symbol id="sm-df8">
         <name>_system_pre_init</name>
         <value>0x5371</value>
         <object_component_ref idref="oc-139"/>
      </symbol>
      <symbol id="sm-e04">
         <name>C$$EXIT</name>
         <value>0x5375</value>
         <object_component_ref idref="oc-192"/>
      </symbol>
      <symbol id="sm-e05">
         <name>abort</name>
         <value>0x5375</value>
         <object_component_ref idref="oc-192"/>
      </symbol>
      <symbol id="sm-e1a">
         <name>_nop</name>
         <value>0x2333</value>
         <object_component_ref idref="oc-39a"/>
      </symbol>
      <symbol id="sm-e1b">
         <name>_lock</name>
         <value>0x20008648</value>
         <object_component_ref idref="oc-27a"/>
      </symbol>
      <symbol id="sm-e1c">
         <name>_unlock</name>
         <value>0x2000864c</value>
         <object_component_ref idref="oc-27a"/>
      </symbol>
      <symbol id="sm-e2b">
         <name>__TI_ltoa</name>
         <value>0x4235</value>
         <object_component_ref idref="oc-5e6"/>
      </symbol>
      <symbol id="sm-e42">
         <name>atoi</name>
         <value>0x4419</value>
         <object_component_ref idref="oc-492"/>
      </symbol>
      <symbol id="sm-e4d">
         <name>_ctypes_</name>
         <value>0x5528</value>
         <object_component_ref idref="oc-503"/>
      </symbol>
      <symbol id="sm-e5d">
         <name>memccpy</name>
         <value>0x4fb5</value>
         <object_component_ref idref="oc-4bb"/>
      </symbol>
      <symbol id="sm-e6d">
         <name>strchr</name>
         <value>0x510d</value>
         <object_component_ref idref="oc-61d"/>
      </symbol>
      <symbol id="sm-e86">
         <name>wcslen</name>
         <value>0x5209</value>
         <object_component_ref idref="oc-4c1"/>
      </symbol>
      <symbol id="sm-ea6">
         <name>frexpl</name>
         <value>0x3e45</value>
         <object_component_ref idref="oc-611"/>
      </symbol>
      <symbol id="sm-ea7">
         <name>frexp</name>
         <value>0x3e45</value>
         <object_component_ref idref="oc-611"/>
      </symbol>
      <symbol id="sm-ec4">
         <name>scalbn</name>
         <value>0x2589</value>
         <object_component_ref idref="oc-617"/>
      </symbol>
      <symbol id="sm-ec5">
         <name>scalbnl</name>
         <value>0x2589</value>
         <object_component_ref idref="oc-617"/>
      </symbol>
      <symbol id="sm-ec6">
         <name>ldexpl</name>
         <value>0x2589</value>
         <object_component_ref idref="oc-617"/>
      </symbol>
      <symbol id="sm-ec7">
         <name>ldexp</name>
         <value>0x2589</value>
         <object_component_ref idref="oc-617"/>
      </symbol>
      <symbol id="sm-ed1">
         <name>copysign</name>
         <value>0x5005</value>
         <object_component_ref idref="oc-78f"/>
      </symbol>
      <symbol id="sm-ed2">
         <name>copysignl</name>
         <value>0x5005</value>
         <object_component_ref idref="oc-78f"/>
      </symbol>
      <symbol id="sm-ed3">
         <name>__TI_static_base__</name>
         <value>0x5958</value>
      </symbol>
      <symbol id="sm-ed6">
         <name>__mpu_init</name>
         <value>0x0</value>
      </symbol>
      <symbol id="sm-ed7">
         <name>_system_post_cinit</name>
         <value>0x0</value>
      </symbol>
      <symbol id="sm-ed8">
         <name>NoRTOS_start</name>
         <value>0x5365</value>
      </symbol>
   </symbol_table>
   <title>Link successful</title>
</link_info>
