<?xml version="1.0" encoding="ISO-8859-1" ?>
<link_info>
   <banner>TI ARM Linker PC v20.2.7.LTS</banner>
   <copyright>Copyright (c) 1996-2018 Texas Instruments Incorporated</copyright>
   <link_time>0x64fb5abe</link_time>
   <link_errors>0x0</link_errors>
   <output_file>EmbeddedSystemsProject.out</output_file>
   <entry_point>
      <name>resetISR</name>
      <address>0x4b71</address>
   </entry_point>
   <input_file_list>
      <input_file id="fl-2">
         <path>.\</path>
         <kind>object</kind>
         <file>main.obj</file>
         <name>main.obj</name>
      </input_file>
      <input_file id="fl-3">
         <path>.\</path>
         <kind>object</kind>
         <file>mainThread.obj</file>
         <name>mainThread.obj</name>
      </input_file>
      <input_file id="fl-4">
         <path>.\syscfg\</path>
         <kind>object</kind>
         <file>ti_drivers_config.obj</file>
         <name>ti_drivers_config.obj</name>
      </input_file>
      <input_file id="fl-f">
         <kind>object</kind>
         <file>&lt;internal&gt;</file>
         <name>&lt;internal&gt;</name>
      </input_file>
      <input_file id="fl-10">
         <path>C:\ti\simplelink_msp432e4_sdk_4_20_00_12\source\ti\drivers\lib\</path>
         <kind>archive</kind>
         <file>drivers_msp432e4.aem4f</file>
         <name>GPIOMSP432E4.oem4f</name>
      </input_file>
      <input_file id="fl-11">
         <path>C:\ti\simplelink_msp432e4_sdk_4_20_00_12\source\ti\drivers\lib\</path>
         <kind>archive</kind>
         <file>drivers_msp432e4.aem4f</file>
         <name>PowerMSP432E4.oem4f</name>
      </input_file>
      <input_file id="fl-12">
         <path>C:\ti\simplelink_msp432e4_sdk_4_20_00_12\source\ti\drivers\lib\</path>
         <kind>archive</kind>
         <file>drivers_msp432e4.aem4f</file>
         <name>UART.oem4f</name>
      </input_file>
      <input_file id="fl-13">
         <path>C:\ti\simplelink_msp432e4_sdk_4_20_00_12\source\ti\drivers\lib\</path>
         <kind>archive</kind>
         <file>drivers_msp432e4.aem4f</file>
         <name>UARTMSP432E4.oem4f</name>
      </input_file>
      <input_file id="fl-14">
         <path>C:\ti\simplelink_msp432e4_sdk_4_20_00_12\source\ti\drivers\lib\</path>
         <kind>archive</kind>
         <file>drivers_msp432e4.aem4f</file>
         <name>RingBuf.oem4f</name>
      </input_file>
      <input_file id="fl-15">
         <path>C:\ti\simplelink_msp432e4_sdk_4_20_00_12\kernel\nortos\lib\</path>
         <kind>archive</kind>
         <file>nortos_msp432e4.aem4f</file>
         <name>NoRTOS.oem4f</name>
      </input_file>
      <input_file id="fl-16">
         <path>C:\ti\simplelink_msp432e4_sdk_4_20_00_12\kernel\nortos\lib\</path>
         <kind>archive</kind>
         <file>nortos_msp432e4.aem4f</file>
         <name>SemaphoreP_nortos.oem4f</name>
      </input_file>
      <input_file id="fl-17">
         <path>C:\ti\simplelink_msp432e4_sdk_4_20_00_12\kernel\nortos\lib\</path>
         <kind>archive</kind>
         <file>nortos_msp432e4.aem4f</file>
         <name>ClockPSysTick_nortos.oem4f</name>
      </input_file>
      <input_file id="fl-18">
         <path>C:\ti\simplelink_msp432e4_sdk_4_20_00_12\kernel\nortos\lib\</path>
         <kind>archive</kind>
         <file>nortos_msp432e4.aem4f</file>
         <name>HwiPMSP432E4_nortos.oem4f</name>
      </input_file>
      <input_file id="fl-19">
         <path>C:\ti\simplelink_msp432e4_sdk_4_20_00_12\kernel\nortos\lib\</path>
         <kind>archive</kind>
         <file>nortos_msp432e4.aem4f</file>
         <name>PowerMSP432E4_nortos.oem4f</name>
      </input_file>
      <input_file id="fl-1a">
         <path>C:\ti\simplelink_msp432e4_sdk_4_20_00_12\kernel\nortos\lib\</path>
         <kind>archive</kind>
         <file>nortos_msp432e4.aem4f</file>
         <name>startup_msp432e4_ccs.oem4f</name>
      </input_file>
      <input_file id="fl-1b">
         <path>C:\ti\simplelink_msp432e4_sdk_4_20_00_12\source\ti\devices\msp432e4\driverlib\lib\ccs\m4f\</path>
         <kind>archive</kind>
         <file>msp432e4_driverlib.a</file>
         <name>fpu.o</name>
      </input_file>
      <input_file id="fl-1c">
         <path>C:\ti\simplelink_msp432e4_sdk_4_20_00_12\source\ti\devices\msp432e4\driverlib\lib\ccs\m4f\</path>
         <kind>archive</kind>
         <file>msp432e4_driverlib.a</file>
         <name>gpio.o</name>
      </input_file>
      <input_file id="fl-1d">
         <path>C:\ti\simplelink_msp432e4_sdk_4_20_00_12\source\ti\devices\msp432e4\driverlib\lib\ccs\m4f\</path>
         <kind>archive</kind>
         <file>msp432e4_driverlib.a</file>
         <name>interrupt.o</name>
      </input_file>
      <input_file id="fl-1e">
         <path>C:\ti\simplelink_msp432e4_sdk_4_20_00_12\source\ti\devices\msp432e4\driverlib\lib\ccs\m4f\</path>
         <kind>archive</kind>
         <file>msp432e4_driverlib.a</file>
         <name>sysctl.o</name>
      </input_file>
      <input_file id="fl-1f">
         <path>C:\ti\simplelink_msp432e4_sdk_4_20_00_12\source\ti\devices\msp432e4\driverlib\lib\ccs\m4f\</path>
         <kind>archive</kind>
         <file>msp432e4_driverlib.a</file>
         <name>uart.o</name>
      </input_file>
      <input_file id="fl-20">
         <path>C:\ti\simplelink_msp432e4_sdk_4_20_00_12\source\ti\devices\msp432e4\driverlib\lib\ccs\m4f\</path>
         <kind>archive</kind>
         <file>msp432e4_driverlib.a</file>
         <name>cpu.o</name>
      </input_file>
      <input_file id="fl-d6">
         <path>C:\ti\ccs1240\ccs\tools\compiler\ti-cgt-arm_20.2.7.LTS\lib\</path>
         <kind>archive</kind>
         <file>rtsv7M4_T_le_v4SPD16_eabi.lib</file>
         <name>vla_alloc.c.obj</name>
      </input_file>
      <input_file id="fl-d7">
         <path>C:\ti\ccs1240\ccs\tools\compiler\ti-cgt-arm_20.2.7.LTS\lib\</path>
         <kind>archive</kind>
         <file>rtsv7M4_T_le_v4SPD16_eabi.lib</file>
         <name>sprintf.c.obj</name>
      </input_file>
      <input_file id="fl-d8">
         <path>C:\ti\ccs1240\ccs\tools\compiler\ti-cgt-arm_20.2.7.LTS\lib\</path>
         <kind>archive</kind>
         <file>rtsv7M4_T_le_v4SPD16_eabi.lib</file>
         <name>ll_mul_t2.asm.obj</name>
      </input_file>
      <input_file id="fl-d9">
         <path>C:\ti\ccs1240\ccs\tools\compiler\ti-cgt-arm_20.2.7.LTS\lib\</path>
         <kind>archive</kind>
         <file>rtsv7M4_T_le_v4SPD16_eabi.lib</file>
         <name>memcpy_t2.asm.obj</name>
      </input_file>
      <input_file id="fl-da">
         <path>C:\ti\ccs1240\ccs\tools\compiler\ti-cgt-arm_20.2.7.LTS\lib\</path>
         <kind>archive</kind>
         <file>rtsv7M4_T_le_v4SPD16_eabi.lib</file>
         <name>ull_div_t2.asm.obj</name>
      </input_file>
      <input_file id="fl-db">
         <path>C:\ti\ccs1240\ccs\tools\compiler\ti-cgt-arm_20.2.7.LTS\lib\</path>
         <kind>archive</kind>
         <file>rtsv7M4_T_le_v4SPD16_eabi.lib</file>
         <name>copy_zero_init.c.obj</name>
      </input_file>
      <input_file id="fl-dc">
         <path>C:\ti\ccs1240\ccs\tools\compiler\ti-cgt-arm_20.2.7.LTS\lib\</path>
         <kind>archive</kind>
         <file>rtsv7M4_T_le_v4SPD16_eabi.lib</file>
         <name>copy_decompress_none.c.obj</name>
      </input_file>
      <input_file id="fl-dd">
         <path>C:\ti\ccs1240\ccs\tools\compiler\ti-cgt-arm_20.2.7.LTS\lib\</path>
         <kind>archive</kind>
         <file>rtsv7M4_T_le_v4SPD16_eabi.lib</file>
         <name>copy_decompress_lzss.c.obj</name>
      </input_file>
      <input_file id="fl-de">
         <path>C:\ti\ccs1240\ccs\tools\compiler\ti-cgt-arm_20.2.7.LTS\lib\</path>
         <kind>archive</kind>
         <file>rtsv7M4_T_le_v4SPD16_eabi.lib</file>
         <name>memory.c.obj</name>
      </input_file>
      <input_file id="fl-df">
         <path>C:\ti\ccs1240\ccs\tools\compiler\ti-cgt-arm_20.2.7.LTS\lib\</path>
         <kind>archive</kind>
         <file>rtsv7M4_T_le_v4SPD16_eabi.lib</file>
         <name>strcmp.c.obj</name>
      </input_file>
      <input_file id="fl-e0">
         <path>C:\ti\ccs1240\ccs\tools\compiler\ti-cgt-arm_20.2.7.LTS\lib\</path>
         <kind>archive</kind>
         <file>rtsv7M4_T_le_v4SPD16_eabi.lib</file>
         <name>strlen.c.obj</name>
      </input_file>
      <input_file id="fl-e1">
         <path>C:\ti\ccs1240\ccs\tools\compiler\ti-cgt-arm_20.2.7.LTS\lib\</path>
         <kind>archive</kind>
         <file>rtsv7M4_T_le_v4SPD16_eabi.lib</file>
         <name>strncpy.c.obj</name>
      </input_file>
      <input_file id="fl-e2">
         <path>C:\ti\ccs1240\ccs\tools\compiler\ti-cgt-arm_20.2.7.LTS\lib\</path>
         <kind>archive</kind>
         <file>rtsv7M4_T_le_v4SPD16_eabi.lib</file>
         <name>boot_cortex_m.c.obj</name>
      </input_file>
      <input_file id="fl-e3">
         <path>C:\ti\ccs1240\ccs\tools\compiler\ti-cgt-arm_20.2.7.LTS\lib\</path>
         <kind>archive</kind>
         <file>rtsv7M4_T_le_v4SPD16_eabi.lib</file>
         <name>error.c.obj</name>
      </input_file>
      <input_file id="fl-e4">
         <path>C:\ti\ccs1240\ccs\tools\compiler\ti-cgt-arm_20.2.7.LTS\lib\</path>
         <kind>archive</kind>
         <file>rtsv7M4_T_le_v4SPD16_eabi.lib</file>
         <name>_printfi.c.obj</name>
      </input_file>
      <input_file id="fl-e5">
         <path>C:\ti\ccs1240\ccs\tools\compiler\ti-cgt-arm_20.2.7.LTS\lib\</path>
         <kind>archive</kind>
         <file>rtsv7M4_T_le_v4SPD16_eabi.lib</file>
         <name>div0.asm.obj</name>
      </input_file>
      <input_file id="fl-e6">
         <path>C:\ti\ccs1240\ccs\tools\compiler\ti-cgt-arm_20.2.7.LTS\lib\</path>
         <kind>archive</kind>
         <file>rtsv7M4_T_le_v4SPD16_eabi.lib</file>
         <name>fd_add_t2.asm.obj</name>
      </input_file>
      <input_file id="fl-e7">
         <path>C:\ti\ccs1240\ccs\tools\compiler\ti-cgt-arm_20.2.7.LTS\lib\</path>
         <kind>archive</kind>
         <file>rtsv7M4_T_le_v4SPD16_eabi.lib</file>
         <name>fd_cmp_t2.asm.obj</name>
      </input_file>
      <input_file id="fl-e8">
         <path>C:\ti\ccs1240\ccs\tools\compiler\ti-cgt-arm_20.2.7.LTS\lib\</path>
         <kind>archive</kind>
         <file>rtsv7M4_T_le_v4SPD16_eabi.lib</file>
         <name>fd_div_t2.asm.obj</name>
      </input_file>
      <input_file id="fl-e9">
         <path>C:\ti\ccs1240\ccs\tools\compiler\ti-cgt-arm_20.2.7.LTS\lib\</path>
         <kind>archive</kind>
         <file>rtsv7M4_T_le_v4SPD16_eabi.lib</file>
         <name>fd_mul_t2.asm.obj</name>
      </input_file>
      <input_file id="fl-ea">
         <path>C:\ti\ccs1240\ccs\tools\compiler\ti-cgt-arm_20.2.7.LTS\lib\</path>
         <kind>archive</kind>
         <file>rtsv7M4_T_le_v4SPD16_eabi.lib</file>
         <name>fd_toi_t2.asm.obj</name>
      </input_file>
      <input_file id="fl-eb">
         <path>C:\ti\ccs1240\ccs\tools\compiler\ti-cgt-arm_20.2.7.LTS\lib\</path>
         <kind>archive</kind>
         <file>rtsv7M4_T_le_v4SPD16_eabi.lib</file>
         <name>i_tofd_t2.asm.obj</name>
      </input_file>
      <input_file id="fl-ec">
         <path>C:\ti\ccs1240\ccs\tools\compiler\ti-cgt-arm_20.2.7.LTS\lib\</path>
         <kind>archive</kind>
         <file>rtsv7M4_T_le_v4SPD16_eabi.lib</file>
         <name>memset_t2.asm.obj</name>
      </input_file>
      <input_file id="fl-ed">
         <path>C:\ti\ccs1240\ccs\tools\compiler\ti-cgt-arm_20.2.7.LTS\lib\</path>
         <kind>archive</kind>
         <file>rtsv7M4_T_le_v4SPD16_eabi.lib</file>
         <name>autoinit.c.obj</name>
      </input_file>
      <input_file id="fl-ee">
         <path>C:\ti\ccs1240\ccs\tools\compiler\ti-cgt-arm_20.2.7.LTS\lib\</path>
         <kind>archive</kind>
         <file>rtsv7M4_T_le_v4SPD16_eabi.lib</file>
         <name>pre_init.c.obj</name>
      </input_file>
      <input_file id="fl-ef">
         <path>C:\ti\ccs1240\ccs\tools\compiler\ti-cgt-arm_20.2.7.LTS\lib\</path>
         <kind>archive</kind>
         <file>rtsv7M4_T_le_v4SPD16_eabi.lib</file>
         <name>cpy_tbl.c.obj</name>
      </input_file>
      <input_file id="fl-f0">
         <path>C:\ti\ccs1240\ccs\tools\compiler\ti-cgt-arm_20.2.7.LTS\lib\</path>
         <kind>archive</kind>
         <file>rtsv7M4_T_le_v4SPD16_eabi.lib</file>
         <name>exit.c.obj</name>
      </input_file>
      <input_file id="fl-f1">
         <path>C:\ti\ccs1240\ccs\tools\compiler\ti-cgt-arm_20.2.7.LTS\lib\</path>
         <kind>archive</kind>
         <file>rtsv7M4_T_le_v4SPD16_eabi.lib</file>
         <name>_lock.c.obj</name>
      </input_file>
      <input_file id="fl-f2">
         <path>C:\ti\ccs1240\ccs\tools\compiler\ti-cgt-arm_20.2.7.LTS\lib\</path>
         <kind>archive</kind>
         <file>rtsv7M4_T_le_v4SPD16_eabi.lib</file>
         <name>_ltoa.c.obj</name>
      </input_file>
      <input_file id="fl-f3">
         <path>C:\ti\ccs1240\ccs\tools\compiler\ti-cgt-arm_20.2.7.LTS\lib\</path>
         <kind>archive</kind>
         <file>rtsv7M4_T_le_v4SPD16_eabi.lib</file>
         <name>args_main.c.obj</name>
      </input_file>
      <input_file id="fl-f4">
         <path>C:\ti\ccs1240\ccs\tools\compiler\ti-cgt-arm_20.2.7.LTS\lib\</path>
         <kind>archive</kind>
         <file>rtsv7M4_T_le_v4SPD16_eabi.lib</file>
         <name>atoi.c.obj</name>
      </input_file>
      <input_file id="fl-f5">
         <path>C:\ti\ccs1240\ccs\tools\compiler\ti-cgt-arm_20.2.7.LTS\lib\</path>
         <kind>archive</kind>
         <file>rtsv7M4_T_le_v4SPD16_eabi.lib</file>
         <name>ctype.c.obj</name>
      </input_file>
      <input_file id="fl-f6">
         <path>C:\ti\ccs1240\ccs\tools\compiler\ti-cgt-arm_20.2.7.LTS\lib\</path>
         <kind>archive</kind>
         <file>rtsv7M4_T_le_v4SPD16_eabi.lib</file>
         <name>memccpy.c.obj</name>
      </input_file>
      <input_file id="fl-f7">
         <path>C:\ti\ccs1240\ccs\tools\compiler\ti-cgt-arm_20.2.7.LTS\lib\</path>
         <kind>archive</kind>
         <file>rtsv7M4_T_le_v4SPD16_eabi.lib</file>
         <name>strchr.c.obj</name>
      </input_file>
      <input_file id="fl-f8">
         <path>C:\ti\ccs1240\ccs\tools\compiler\ti-cgt-arm_20.2.7.LTS\lib\</path>
         <kind>archive</kind>
         <file>rtsv7M4_T_le_v4SPD16_eabi.lib</file>
         <name>errno.c.obj</name>
      </input_file>
      <input_file id="fl-f9">
         <path>C:\ti\ccs1240\ccs\tools\compiler\ti-cgt-arm_20.2.7.LTS\lib\</path>
         <kind>archive</kind>
         <file>rtsv7M4_T_le_v4SPD16_eabi.lib</file>
         <name>wcslen.c.obj</name>
      </input_file>
      <input_file id="fl-fa">
         <path>C:\ti\ccs1240\ccs\tools\compiler\ti-cgt-arm_20.2.7.LTS\lib\</path>
         <kind>archive</kind>
         <file>rtsv7M4_T_le_v4SPD16_eabi.lib</file>
         <name>s_frexp.c.obj</name>
      </input_file>
      <input_file id="fl-fb">
         <path>C:\ti\ccs1240\ccs\tools\compiler\ti-cgt-arm_20.2.7.LTS\lib\</path>
         <kind>archive</kind>
         <file>rtsv7M4_T_le_v4SPD16_eabi.lib</file>
         <name>s_scalbn.c.obj</name>
      </input_file>
      <input_file id="fl-fc">
         <path>C:\ti\ccs1240\ccs\tools\compiler\ti-cgt-arm_20.2.7.LTS\lib\</path>
         <kind>archive</kind>
         <file>rtsv7M4_T_le_v4SPD16_eabi.lib</file>
         <name>s_copysign.c.obj</name>
      </input_file>
   </input_file_list>
   <object_component_list>
      <object_component id="oc-34c">
         <name>.text:__TI_printfi</name>
         <load_address>0x200</load_address>
         <run_address>0x200</run_address>
         <size>0xa4e</size>
         <input_file_ref idref="fl-e4"/>
      </object_component>
      <object_component id="oc-209">
         <name>.text:Board_initHook</name>
         <load_address>0xc4e</load_address>
         <run_address>0xc4e</run_address>
         <size>0x2</size>
         <input_file_ref idref="fl-4"/>
      </object_component>
      <object_component id="oc-550">
         <name>.text:UARTMSP432E4_open</name>
         <load_address>0xc50</load_address>
         <run_address>0xc50</run_address>
         <size>0x2f0</size>
         <input_file_ref idref="fl-13"/>
      </object_component>
      <object_component id="oc-5e">
         <name>.text:SysCtlClockFreqSet</name>
         <load_address>0xf40</load_address>
         <run_address>0xf40</run_address>
         <size>0x2e0</size>
         <input_file_ref idref="fl-1e"/>
      </object_component>
      <object_component id="oc-4a1">
         <name>.text:_pconv_a</name>
         <load_address>0x1220</load_address>
         <run_address>0x1220</run_address>
         <size>0x270</size>
         <input_file_ref idref="fl-e4"/>
      </object_component>
      <object_component id="oc-300">
         <name>.text:GPIOPadConfigSet</name>
         <load_address>0x1490</load_address>
         <run_address>0x1490</run_address>
         <size>0x23a</size>
         <input_file_ref idref="fl-1c"/>
      </object_component>
      <object_component id="oc-54a">
         <name>.text:UARTMSP432E4_init</name>
         <load_address>0x16ca</load_address>
         <run_address>0x16ca</run_address>
         <size>0x2</size>
         <input_file_ref idref="fl-13"/>
      </object_component>
      <object_component id="oc-48f">
         <name>.text:_pconv_g</name>
         <load_address>0x16cc</load_address>
         <run_address>0x16cc</run_address>
         <size>0x1d0</size>
         <input_file_ref idref="fl-e4"/>
      </object_component>
      <object_component id="oc-5db">
         <name>.text</name>
         <load_address>0x189c</load_address>
         <run_address>0x189c</run_address>
         <size>0x1c0</size>
         <input_file_ref idref="fl-3"/>
      </object_component>
      <object_component id="oc-5e2">
         <name>.text</name>
         <load_address>0x1a5c</load_address>
         <run_address>0x1a5c</run_address>
         <size>0x1b6</size>
         <input_file_ref idref="fl-e6"/>
      </object_component>
      <object_component id="oc-887">
         <name>.text:_IntDefaultHandler</name>
         <load_address>0x1c12</load_address>
         <run_address>0x1c12</run_address>
         <size>0x2</size>
         <input_file_ref idref="fl-1d"/>
      </object_component>
      <object_component id="oc-18b">
         <name>.text:mainThread</name>
         <load_address>0x1a54</load_address>
         <run_address>0x1a54</run_address>
         <size>0x194</size>
         <input_file_ref idref="fl-3"/>
      </object_component>
      <object_component id="oc-223">
         <name>.text:GPIO_setConfig</name>
         <load_address>0x1c14</load_address>
         <run_address>0x1c14</run_address>
         <size>0x184</size>
         <input_file_ref idref="fl-10"/>
      </object_component>
      <object_component id="oc-365">
         <name>.text:__vla_alloc</name>
         <load_address>0x1d98</load_address>
         <run_address>0x1d98</run_address>
         <size>0x14c</size>
         <input_file_ref idref="fl-d6"/>
      </object_component>
      <object_component id="oc-49b">
         <name>.text:_pconv_e</name>
         <load_address>0x1ee4</load_address>
         <run_address>0x1ee4</run_address>
         <size>0x13c</size>
         <input_file_ref idref="fl-e4"/>
      </object_component>
      <object_component id="oc-5c1">
         <name>.text</name>
         <load_address>0x2020</load_address>
         <run_address>0x2020</run_address>
         <size>0x136</size>
         <input_file_ref idref="fl-e8"/>
      </object_component>
      <object_component id="oc-386">
         <name>.text:_nop</name>
         <load_address>0x2156</load_address>
         <run_address>0x2156</run_address>
         <size>0x2</size>
         <input_file_ref idref="fl-f1"/>
      </object_component>
      <object_component id="oc-5ed">
         <name>.text:fcvt</name>
         <load_address>0x2158</load_address>
         <run_address>0x2158</run_address>
         <size>0x124</size>
         <input_file_ref idref="fl-e4"/>
      </object_component>
      <object_component id="oc-608">
         <name>.text:scalbn</name>
         <load_address>0x227c</load_address>
         <run_address>0x227c</run_address>
         <size>0x110</size>
         <input_file_ref idref="fl-fb"/>
      </object_component>
      <object_component id="oc-589">
         <name>.text:aligned_alloc</name>
         <load_address>0x238c</load_address>
         <run_address>0x238c</run_address>
         <size>0x100</size>
         <input_file_ref idref="fl-de"/>
      </object_component>
      <object_component id="oc-5bc">
         <name>.text</name>
         <load_address>0x248c</load_address>
         <run_address>0x248c</run_address>
         <size>0xfc</size>
         <input_file_ref idref="fl-e9"/>
      </object_component>
      <object_component id="oc-259">
         <name>.text:aboutPrint</name>
         <load_address>0x2588</load_address>
         <run_address>0x2588</run_address>
         <size>0xf8</size>
         <input_file_ref idref="fl-3"/>
      </object_component>
      <object_component id="oc-265">
         <name>.text:printPrint</name>
         <load_address>0x2680</load_address>
         <run_address>0x2680</run_address>
         <size>0xf6</size>
         <input_file_ref idref="fl-3"/>
      </object_component>
      <object_component id="oc-78">
         <name>.text:busFaultHandler</name>
         <load_address>0x2776</load_address>
         <run_address>0x2776</run_address>
         <size>0x2</size>
         <input_file_ref idref="fl-1a"/>
      </object_component>
      <object_component id="oc-3ca">
         <name>.text:free</name>
         <load_address>0x2778</load_address>
         <run_address>0x2778</run_address>
         <size>0xe4</size>
         <input_file_ref idref="fl-de"/>
      </object_component>
      <object_component id="oc-4d5">
         <name>.text:realloc</name>
         <load_address>0x285c</load_address>
         <run_address>0x285c</run_address>
         <size>0xe4</size>
         <input_file_ref idref="fl-de"/>
      </object_component>
      <object_component id="oc-53e">
         <name>.text:UARTMSP432E4_close</name>
         <load_address>0x2940</load_address>
         <run_address>0x2940</run_address>
         <size>0xbe</size>
         <input_file_ref idref="fl-13"/>
      </object_component>
      <object_component id="oc-7ee">
         <name>.text:readTaskCallback</name>
         <load_address>0x29fe</load_address>
         <run_address>0x29fe</run_address>
         <size>0xb6</size>
         <input_file_ref idref="fl-13"/>
      </object_component>
      <object_component id="oc-484">
         <name>.text:_ltostr</name>
         <load_address>0x2ab4</load_address>
         <run_address>0x2ab4</run_address>
         <size>0xb1</size>
         <input_file_ref idref="fl-e4"/>
      </object_component>
      <object_component id="oc-7dc">
         <name>.text:readTaskBlocking</name>
         <load_address>0x2b66</load_address>
         <run_address>0x2b66</run_address>
         <size>0xb0</size>
         <input_file_ref idref="fl-13"/>
      </object_component>
      <object_component id="oc-3ef">
         <name>.text:clkFxn</name>
         <load_address>0x2c16</load_address>
         <run_address>0x2c16</run_address>
         <size>0x2</size>
         <input_file_ref idref="fl-1a"/>
      </object_component>
      <object_component id="oc-217">
         <name>.text:GPIO_init</name>
         <load_address>0x2c18</load_address>
         <run_address>0x2c18</run_address>
         <size>0xac</size>
         <input_file_ref idref="fl-10"/>
      </object_component>
      <object_component id="oc-318">
         <name>.text:GPIOIntTypeSet</name>
         <load_address>0x2cc4</load_address>
         <run_address>0x2cc4</run_address>
         <size>0xa4</size>
         <input_file_ref idref="fl-1c"/>
      </object_component>
      <object_component id="oc-2c7">
         <name>.text:SemaphoreP_pend</name>
         <load_address>0x2d68</load_address>
         <run_address>0x2d68</run_address>
         <size>0xa0</size>
         <input_file_ref idref="fl-16"/>
      </object_component>
      <object_component id="oc-55c">
         <name>.text:UARTMSP432E4_readPolling</name>
         <load_address>0x2e08</load_address>
         <run_address>0x2e08</run_address>
         <size>0x9e</size>
         <input_file_ref idref="fl-13"/>
      </object_component>
      <object_component id="oc-3a">
         <name>.text</name>
         <load_address>0x2ea6</load_address>
         <run_address>0x2ea6</run_address>
         <size>0x9c</size>
         <input_file_ref idref="fl-d9"/>
      </object_component>
      <object_component id="oc-568">
         <name>.text:UARTMSP432E4_write</name>
         <load_address>0x2f42</load_address>
         <run_address>0x2f42</run_address>
         <size>0x98</size>
         <input_file_ref idref="fl-13"/>
      </object_component>
      <object_component id="oc-5b5">
         <name>.text</name>
         <load_address>0x2fda</load_address>
         <run_address>0x2fda</run_address>
         <size>0x96</size>
         <input_file_ref idref="fl-da"/>
      </object_component>
      <object_component id="oc-7e2">
         <name>.text:readIsrTextBlocking</name>
         <load_address>0x3070</load_address>
         <run_address>0x3070</run_address>
         <size>0x94</size>
         <input_file_ref idref="fl-13"/>
      </object_component>
      <object_component id="oc-544">
         <name>.text:UARTMSP432E4_control</name>
         <load_address>0x3104</load_address>
         <run_address>0x3104</run_address>
         <size>0x90</size>
         <input_file_ref idref="fl-13"/>
      </object_component>
      <object_component id="oc-bb">
         <name>.text:_SysCtlFrequencyGet</name>
         <load_address>0x3194</load_address>
         <run_address>0x3194</run_address>
         <size>0x90</size>
         <input_file_ref idref="fl-1e"/>
      </object_component>
      <object_component id="oc-7f4">
         <name>.text:readIsrTextCallback</name>
         <load_address>0x3224</load_address>
         <run_address>0x3224</run_address>
         <size>0x88</size>
         <input_file_ref idref="fl-13"/>
      </object_component>
      <object_component id="oc-48a">
         <name>.text:__aeabi_cdcmple</name>
         <load_address>0x32ac</load_address>
         <run_address>0x32ac</run_address>
         <size>0x86</size>
         <input_file_ref idref="fl-e7"/>
      </object_component>
      <object_component id="oc-5c6">
         <name>.text:__aeabi_cdrcmple</name>
         <load_address>0x3332</load_address>
         <run_address>0x3332</run_address>
         <size>0x86</size>
         <input_file_ref idref="fl-e7"/>
      </object_component>
      <object_component id="oc-857">
         <name>.text:IntDisable</name>
         <load_address>0x33b8</load_address>
         <run_address>0x33b8</run_address>
         <size>0x80</size>
         <input_file_ref idref="fl-1d"/>
      </object_component>
      <object_component id="oc-59c">
         <name>.text:IntEnable</name>
         <load_address>0x3438</load_address>
         <run_address>0x3438</run_address>
         <size>0x80</size>
         <input_file_ref idref="fl-1d"/>
      </object_component>
      <object_component id="oc-733">
         <name>.text:writeData</name>
         <load_address>0x34b8</load_address>
         <run_address>0x34b8</run_address>
         <size>0x7c</size>
         <input_file_ref idref="fl-13"/>
      </object_component>
      <object_component id="oc-a2">
         <name>.text</name>
         <load_address>0x3534</load_address>
         <run_address>0x3534</run_address>
         <size>0x7a</size>
         <input_file_ref idref="fl-ec"/>
      </object_component>
      <object_component id="oc-72">
         <name>.text:defaultHandler</name>
         <load_address>0x35ae</load_address>
         <run_address>0x35ae</run_address>
         <size>0x2</size>
         <input_file_ref idref="fl-16"/>
      </object_component>
      <object_component id="oc-4cf">
         <name>.text:_ZN33_INTERNAL_11_vla_alloc_c_be8bd49b21free_dead_allocationsEPv</name>
         <load_address>0x35b0</load_address>
         <run_address>0x35b0</run_address>
         <size>0x78</size>
         <input_file_ref idref="fl-d6"/>
      </object_component>
      <object_component id="oc-6e3">
         <name>.text:UARTConfigSetExpClk</name>
         <load_address>0x3628</load_address>
         <run_address>0x3628</run_address>
         <size>0x76</size>
         <input_file_ref idref="fl-1f"/>
      </object_component>
      <object_component id="oc-6c">
         <name>.text:faultISR</name>
         <load_address>0x369e</load_address>
         <run_address>0x369e</run_address>
         <size>0x2</size>
         <input_file_ref idref="fl-1a"/>
      </object_component>
      <object_component id="oc-444">
         <name>.text:HwiP_construct</name>
         <load_address>0x36a0</load_address>
         <run_address>0x36a0</run_address>
         <size>0x70</size>
         <input_file_ref idref="fl-18"/>
      </object_component>
      <object_component id="oc-377">
         <name>.text:__vla_dealloc</name>
         <load_address>0x3710</load_address>
         <run_address>0x3710</run_address>
         <size>0x70</size>
         <input_file_ref idref="fl-d6"/>
      </object_component>
      <object_component id="oc-62f">
         <name>.text:split</name>
         <load_address>0x3780</load_address>
         <run_address>0x3780</run_address>
         <size>0x70</size>
         <input_file_ref idref="fl-de"/>
      </object_component>
      <object_component id="oc-253">
         <name>.text:stringStartsWith</name>
         <load_address>0x37f0</load_address>
         <run_address>0x37f0</run_address>
         <size>0x70</size>
         <input_file_ref idref="fl-3"/>
      </object_component>
      <object_component id="oc-5e6">
         <name>.text:_mcpy</name>
         <load_address>0x3860</load_address>
         <run_address>0x3860</run_address>
         <size>0x6e</size>
         <input_file_ref idref="fl-e4"/>
      </object_component>
      <object_component id="oc-66">
         <name>.text:nmiISR</name>
         <load_address>0x38ce</load_address>
         <run_address>0x38ce</run_address>
         <size>0x2</size>
         <input_file_ref idref="fl-1a"/>
      </object_component>
      <object_component id="oc-674">
         <name>.text:Power_releaseDependency</name>
         <load_address>0x38d0</load_address>
         <run_address>0x38d0</run_address>
         <size>0x6c</size>
         <input_file_ref idref="fl-11"/>
      </object_component>
      <object_component id="oc-333">
         <name>.text:GPIO_hwiIntFxn</name>
         <load_address>0x393c</load_address>
         <run_address>0x393c</run_address>
         <size>0x68</size>
         <input_file_ref idref="fl-10"/>
      </object_component>
      <object_component id="oc-2ee">
         <name>.text:Power_setDependency</name>
         <load_address>0x39a4</load_address>
         <run_address>0x39a4</run_address>
         <size>0x68</size>
         <input_file_ref idref="fl-11"/>
      </object_component>
      <object_component id="oc-13">
         <name>.text:decompress:lzss:__TI_decompress_lzss</name>
         <load_address>0x3a0c</load_address>
         <run_address>0x3a0c</run_address>
         <size>0x68</size>
         <input_file_ref idref="fl-dd"/>
      </object_component>
      <object_component id="oc-7d6">
         <name>.text:readIsrBinaryBlocking</name>
         <load_address>0x3a74</load_address>
         <run_address>0x3a74</run_address>
         <size>0x68</size>
         <input_file_ref idref="fl-13"/>
      </object_component>
      <object_component id="oc-203">
         <name>.text:Power_init</name>
         <load_address>0x3adc</load_address>
         <run_address>0x3adc</run_address>
         <size>0x64</size>
         <input_file_ref idref="fl-11"/>
      </object_component>
      <object_component id="oc-5fb">
         <name>.text:frexp</name>
         <load_address>0x3b40</load_address>
         <run_address>0x3b40</run_address>
         <size>0x64</size>
         <input_file_ref idref="fl-fa"/>
      </object_component>
      <object_component id="oc-7e8">
         <name>.text:readIsrBinaryCallback</name>
         <load_address>0x3ba4</load_address>
         <run_address>0x3ba4</run_address>
         <size>0x64</size>
         <input_file_ref idref="fl-13"/>
      </object_component>
      <object_component id="oc-25f">
         <name>.text:helpPrint</name>
         <load_address>0x3c08</load_address>
         <run_address>0x3c08</run_address>
         <size>0x62</size>
         <input_file_ref idref="fl-3"/>
      </object_component>
      <object_component id="oc-2f4">
         <name>.text:GPIODirModeSet</name>
         <load_address>0x3c6a</load_address>
         <run_address>0x3c6a</run_address>
         <size>0x5c</size>
         <input_file_ref idref="fl-1c"/>
      </object_component>
      <object_component id="oc-765">
         <name>.text</name>
         <load_address>0x3cc6</load_address>
         <run_address>0x3cc6</run_address>
         <size>0x2</size>
         <input_file_ref idref="fl-1a"/>
      </object_component>
      <object_component id="oc-590">
         <name>.text:IntRegister</name>
         <load_address>0x3cc8</load_address>
         <run_address>0x3cc8</run_address>
         <size>0x5c</size>
         <input_file_ref idref="fl-1d"/>
      </object_component>
      <object_component id="oc-66e">
         <name>.text:getPowerResourceId</name>
         <load_address>0x3d24</load_address>
         <run_address>0x3d24</run_address>
         <size>0x5c</size>
         <input_file_ref idref="fl-13"/>
      </object_component>
      <object_component id="oc-2cd">
         <name>.text:GPIO_setCallback</name>
         <load_address>0x3d80</load_address>
         <run_address>0x3d80</run_address>
         <size>0x58</size>
         <input_file_ref idref="fl-10"/>
      </object_component>
      <object_component id="oc-795">
         <name>.text:sysTickInit</name>
         <load_address>0x3dd8</load_address>
         <run_address>0x3dd8</run_address>
         <size>0x58</size>
         <input_file_ref idref="fl-17"/>
      </object_component>
      <object_component id="oc-495">
         <name>.text:_pconv_f</name>
         <load_address>0x3e30</load_address>
         <run_address>0x3e30</run_address>
         <size>0x56</size>
         <input_file_ref idref="fl-e4"/>
      </object_component>
      <object_component id="oc-75e">
         <name>.text</name>
         <load_address>0x3d62</load_address>
         <run_address>0x3d62</run_address>
         <size>0x2</size>
         <input_file_ref idref="fl-e5"/>
      </object_component>
      <object_component id="oc-229">
         <name>.text:GPIO_write</name>
         <load_address>0x3e88</load_address>
         <run_address>0x3e88</run_address>
         <size>0x54</size>
         <input_file_ref idref="fl-10"/>
      </object_component>
      <object_component id="oc-596">
         <name>.text:IntPrioritySet</name>
         <load_address>0x3edc</load_address>
         <run_address>0x3edc</run_address>
         <size>0x54</size>
         <input_file_ref idref="fl-1d"/>
      </object_component>
      <object_component id="oc-5d0">
         <name>.text:__TI_ltoa</name>
         <load_address>0x3f30</load_address>
         <run_address>0x3f30</run_address>
         <size>0x54</size>
         <input_file_ref idref="fl-f2"/>
      </object_component>
      <object_component id="oc-5e0">
         <name>.text:_ecpy</name>
         <load_address>0x3f84</load_address>
         <run_address>0x3f84</run_address>
         <size>0x52</size>
         <input_file_ref idref="fl-e4"/>
      </object_component>
      <object_component id="oc-7e">
         <name>.text:ClockP_sysTickHandler</name>
         <load_address>0x3fd8</load_address>
         <run_address>0x3fd8</run_address>
         <size>0x50</size>
         <input_file_ref idref="fl-17"/>
      </object_component>
      <object_component id="oc-503">
         <name>.text:SemaphoreP_construct</name>
         <load_address>0x4028</load_address>
         <run_address>0x4028</run_address>
         <size>0x50</size>
         <input_file_ref idref="fl-16"/>
      </object_component>
      <object_component id="oc-6ec">
         <name>.text:UARTMSP432E4_hwiIntFxn</name>
         <load_address>0x4078</load_address>
         <run_address>0x4078</run_address>
         <size>0x50</size>
         <input_file_ref idref="fl-13"/>
      </object_component>
      <object_component id="oc-56e">
         <name>.text:UARTMSP432E4_writePolling</name>
         <load_address>0x40c8</load_address>
         <run_address>0x40c8</run_address>
         <size>0x4c</size>
         <input_file_ref idref="fl-13"/>
      </object_component>
      <object_component id="oc-47e">
         <name>.text:atoi</name>
         <load_address>0x4114</load_address>
         <run_address>0x4114</run_address>
         <size>0x4c</size>
         <input_file_ref idref="fl-f4"/>
      </object_component>
      <object_component id="oc-713">
         <name>.text:ringBufGet</name>
         <load_address>0x4160</load_address>
         <run_address>0x4160</run_address>
         <size>0x4c</size>
         <input_file_ref idref="fl-13"/>
      </object_component>
      <object_component id="oc-574">
         <name>.text:UARTMSP432E4_writeCancel</name>
         <load_address>0x41ac</load_address>
         <run_address>0x41ac</run_address>
         <size>0x48</size>
         <input_file_ref idref="fl-13"/>
      </object_component>
      <object_component id="oc-5cb">
         <name>.text</name>
         <load_address>0x41f4</load_address>
         <run_address>0x41f4</run_address>
         <size>0x48</size>
         <input_file_ref idref="fl-ea"/>
      </object_component>
      <object_component id="oc-824">
         <name>.text:RingBuf_put</name>
         <load_address>0x423c</load_address>
         <run_address>0x423c</run_address>
         <size>0x46</size>
         <input_file_ref idref="fl-14"/>
      </object_component>
      <object_component id="oc-52b">
         <name>.text:ClockP_stop</name>
         <load_address>0x4284</load_address>
         <run_address>0x4284</run_address>
         <size>0x44</size>
         <input_file_ref idref="fl-17"/>
      </object_component>
      <object_component id="oc-6a7">
         <name>.text:GPIOPinConfigure</name>
         <load_address>0x42c8</load_address>
         <run_address>0x42c8</run_address>
         <size>0x44</size>
         <input_file_ref idref="fl-1c"/>
      </object_component>
      <object_component id="oc-2d3">
         <name>.text:SemaphoreP_post</name>
         <load_address>0x430c</load_address>
         <run_address>0x430c</run_address>
         <size>0x44</size>
         <input_file_ref idref="fl-16"/>
      </object_component>
      <object_component id="oc-419">
         <name>.text:SysCtlPeripheralPresent</name>
         <load_address>0x4350</load_address>
         <run_address>0x4350</run_address>
         <size>0x44</size>
         <input_file_ref idref="fl-1e"/>
      </object_component>
      <object_component id="oc-431">
         <name>.text:SysCtlPeripheralReady</name>
         <load_address>0x4394</load_address>
         <run_address>0x4394</run_address>
         <size>0x44</size>
         <input_file_ref idref="fl-1e"/>
      </object_component>
      <object_component id="oc-21d">
         <name>.text:UART_init</name>
         <load_address>0x43d8</load_address>
         <run_address>0x43d8</run_address>
         <size>0x44</size>
         <input_file_ref idref="fl-12"/>
      </object_component>
      <object_component id="oc-b5">
         <name>.text:_SysCtlMemTimingGet</name>
         <load_address>0x441c</load_address>
         <run_address>0x441c</run_address>
         <size>0x44</size>
         <input_file_ref idref="fl-1e"/>
      </object_component>
      <object_component id="oc-19e">
         <name>.text:__TI_auto_init_nobinit_nopinit:__TI_auto_init_nobinit_nopinit</name>
         <load_address>0x4460</load_address>
         <run_address>0x4460</run_address>
         <size>0x44</size>
         <input_file_ref idref="fl-ed"/>
      </object_component>
      <object_component id="oc-7ca">
         <name>.text:ClockP_construct</name>
         <load_address>0x44a4</load_address>
         <run_address>0x44a4</run_address>
         <size>0x40</size>
         <input_file_ref idref="fl-17"/>
      </object_component>
      <object_component id="oc-818">
         <name>.text:RingBuf_get</name>
         <load_address>0x44e4</load_address>
         <run_address>0x44e4</run_address>
         <size>0x40</size>
         <input_file_ref idref="fl-14"/>
      </object_component>
      <object_component id="oc-7a7">
         <name>.text:SysCtlPeripheralDisable</name>
         <load_address>0x4524</load_address>
         <run_address>0x4524</run_address>
         <size>0x40</size>
         <input_file_ref idref="fl-1e"/>
      </object_component>
      <object_component id="oc-425">
         <name>.text:SysCtlPeripheralEnable</name>
         <load_address>0x4564</load_address>
         <run_address>0x4564</run_address>
         <size>0x40</size>
         <input_file_ref idref="fl-1e"/>
      </object_component>
      <object_component id="oc-294">
         <name>.text:SysCtlPeripheralPowerOff</name>
         <load_address>0x45a4</load_address>
         <run_address>0x45a4</run_address>
         <size>0x40</size>
         <input_file_ref idref="fl-1e"/>
      </object_component>
      <object_component id="oc-41f">
         <name>.text:SysCtlPeripheralPowerOn</name>
         <load_address>0x45e4</load_address>
         <run_address>0x45e4</run_address>
         <size>0x40</size>
         <input_file_ref idref="fl-1e"/>
      </object_component>
      <object_component id="oc-7ad">
         <name>.text:SysCtlPeripheralSleepDisable</name>
         <load_address>0x4624</load_address>
         <run_address>0x4624</run_address>
         <size>0x40</size>
         <input_file_ref idref="fl-1e"/>
      </object_component>
      <object_component id="oc-42b">
         <name>.text:SysCtlPeripheralSleepEnable</name>
         <load_address>0x4664</load_address>
         <run_address>0x4664</run_address>
         <size>0x40</size>
         <input_file_ref idref="fl-1e"/>
      </object_component>
      <object_component id="oc-556">
         <name>.text:UARTMSP432E4_read</name>
         <load_address>0x46a4</load_address>
         <run_address>0x46a4</run_address>
         <size>0x40</size>
         <input_file_ref idref="fl-13"/>
      </object_component>
      <object_component id="oc-235">
         <name>.text:UART_open</name>
         <load_address>0x46e4</load_address>
         <run_address>0x46e4</run_address>
         <size>0x40</size>
         <input_file_ref idref="fl-12"/>
      </object_component>
      <object_component id="oc-24d">
         <name>.text:sprintf</name>
         <load_address>0x4724</load_address>
         <run_address>0x4724</run_address>
         <size>0x40</size>
         <input_file_ref idref="fl-d7"/>
      </object_component>
      <object_component id="oc-5f3">
         <name>.text:_fcpy</name>
         <load_address>0x4764</load_address>
         <run_address>0x4764</run_address>
         <size>0x3e</size>
         <input_file_ref idref="fl-e4"/>
      </object_component>
      <object_component id="oc-3e2">
         <name>.text:ClockP_destruct</name>
         <load_address>0x47a4</load_address>
         <run_address>0x47a4</run_address>
         <size>0x3c</size>
         <input_file_ref idref="fl-17"/>
      </object_component>
      <object_component id="oc-ec">
         <name>.text:addToList</name>
         <load_address>0x47e0</load_address>
         <run_address>0x47e0</run_address>
         <size>0x38</size>
         <input_file_ref idref="fl-17"/>
      </object_component>
      <object_component id="oc-562">
         <name>.text:UARTMSP432E4_readCancel</name>
         <load_address>0x4818</load_address>
         <run_address>0x4818</run_address>
         <size>0x36</size>
         <input_file_ref idref="fl-13"/>
      </object_component>
      <object_component id="oc-36b">
         <name>.text:strncpy</name>
         <load_address>0x484e</load_address>
         <run_address>0x484e</run_address>
         <size>0x36</size>
         <input_file_ref idref="fl-e1"/>
      </object_component>
      <object_component id="oc-655">
         <name>.text:ClockP_startup</name>
         <load_address>0x4884</load_address>
         <run_address>0x4884</run_address>
         <size>0x34</size>
         <input_file_ref idref="fl-17"/>
      </object_component>
      <object_component id="oc-d6">
         <name>.text:_c_int00_noargs:_c_int00_noargs</name>
         <load_address>0x48b8</load_address>
         <run_address>0x48b8</run_address>
         <size>0x34</size>
         <input_file_ref idref="fl-e2"/>
      </object_component>
      <object_component id="oc-17f">
         <name>.text:Board_init</name>
         <load_address>0x48ec</load_address>
         <run_address>0x48ec</run_address>
         <size>0x30</size>
         <input_file_ref idref="fl-4"/>
      </object_component>
      <object_component id="oc-3d0">
         <name>.text:ClockP_start</name>
         <load_address>0x491c</load_address>
         <run_address>0x491c</run_address>
         <size>0x30</size>
         <input_file_ref idref="fl-17"/>
      </object_component>
      <object_component id="oc-67a">
         <name>.text:GPIOMSP432E4_undoPinConfig</name>
         <load_address>0x494c</load_address>
         <run_address>0x494c</run_address>
         <size>0x30</size>
         <input_file_ref idref="fl-10"/>
      </object_component>
      <object_component id="oc-668">
         <name>.text:UARTDisable</name>
         <load_address>0x497c</load_address>
         <run_address>0x497c</run_address>
         <size>0x30</size>
         <input_file_ref idref="fl-1f"/>
      </object_component>
      <object_component id="oc-5d6">
         <name>.text</name>
         <load_address>0x49ac</load_address>
         <run_address>0x49ac</run_address>
         <size>0x2e</size>
         <input_file_ref idref="fl-eb"/>
      </object_component>
      <object_component id="oc-29a">
         <name>.text:SysCtlPeripheralClockGating</name>
         <load_address>0x49dc</load_address>
         <run_address>0x49dc</run_address>
         <size>0x2c</size>
         <input_file_ref idref="fl-1e"/>
      </object_component>
      <object_component id="oc-312">
         <name>.text:HwiP_create</name>
         <load_address>0x4a08</load_address>
         <run_address>0x4a08</run_address>
         <size>0x2a</size>
         <input_file_ref idref="fl-18"/>
      </object_component>
      <object_component id="oc-523">
         <name>.text:free_list_insert</name>
         <load_address>0x4a34</load_address>
         <run_address>0x4a34</run_address>
         <size>0x28</size>
         <input_file_ref idref="fl-de"/>
      </object_component>
      <object_component id="oc-6b3">
         <name>.text:GPIOPinTypeUART</name>
         <load_address>0x4a5c</load_address>
         <run_address>0x4a5c</run_address>
         <size>0x24</size>
         <input_file_ref idref="fl-1c"/>
      </object_component>
      <object_component id="oc-5a2">
         <name>.text:HwiP_dispatch</name>
         <load_address>0x4a80</load_address>
         <run_address>0x4a80</run_address>
         <size>0x24</size>
         <input_file_ref idref="fl-18"/>
      </object_component>
      <object_component id="oc-82f">
         <name>.text:UARTCharPutNonBlocking</name>
         <load_address>0x4aa4</load_address>
         <run_address>0x4aa4</run_address>
         <size>0x24</size>
         <input_file_ref idref="fl-1f"/>
      </object_component>
      <object_component id="oc-6d1">
         <name>.text:UARTEnable</name>
         <load_address>0x4ac8</load_address>
         <run_address>0x4ac8</run_address>
         <size>0x24</size>
         <input_file_ref idref="fl-1f"/>
      </object_component>
      <object_component id="oc-457">
         <name>.text:GPIOIntStatus</name>
         <load_address>0x4aec</load_address>
         <run_address>0x4aec</run_address>
         <size>0x22</size>
         <input_file_ref idref="fl-1c"/>
      </object_component>
      <object_component id="oc-2fa">
         <name>.text:GPIOPinWrite</name>
         <load_address>0x4b0e</load_address>
         <run_address>0x4b0e</run_address>
         <size>0x20</size>
         <input_file_ref idref="fl-1c"/>
      </object_component>
      <object_component id="oc-693">
         <name>.text:RingBuf_peek</name>
         <load_address>0x4b2e</load_address>
         <run_address>0x4b2e</run_address>
         <size>0x20</size>
         <input_file_ref idref="fl-14"/>
      </object_component>
      <object_component id="oc-306">
         <name>.text:getGpioIntIndex</name>
         <load_address>0x4b4e</load_address>
         <run_address>0x4b4e</run_address>
         <size>0x20</size>
         <input_file_ref idref="fl-10"/>
      </object_component>
      <object_component id="oc-20">
         <name>.text:resetISR</name>
         <load_address>0x4b70</load_address>
         <run_address>0x4b70</run_address>
         <size>0x20</size>
         <input_file_ref idref="fl-1a"/>
      </object_component>
      <object_component id="oc-727">
         <name>.text:UARTBusy</name>
         <load_address>0x4b90</load_address>
         <run_address>0x4b90</run_address>
         <size>0x1e</size>
         <input_file_ref idref="fl-1f"/>
      </object_component>
      <object_component id="oc-71f">
         <name>.text:UARTCharPut</name>
         <load_address>0x4bae</load_address>
         <run_address>0x4bae</run_address>
         <size>0x1e</size>
         <input_file_ref idref="fl-1f"/>
      </object_component>
      <object_component id="oc-86a">
         <name>.text:UARTCharsAvail</name>
         <load_address>0x4bcc</load_address>
         <run_address>0x4bcc</run_address>
         <size>0x1e</size>
         <input_file_ref idref="fl-1f"/>
      </object_component>
      <object_component id="oc-72d">
         <name>.text:UARTIntStatus</name>
         <load_address>0x4bea</load_address>
         <run_address>0x4bea</run_address>
         <size>0x1e</size>
         <input_file_ref idref="fl-1f"/>
      </object_component>
      <object_component id="oc-85d">
         <name>.text:IntUnregister</name>
         <load_address>0x4c08</load_address>
         <run_address>0x4c08</run_address>
         <size>0x1c</size>
         <input_file_ref idref="fl-1d"/>
      </object_component>
      <object_component id="oc-81e">
         <name>.text:UARTCharGetNonBlocking</name>
         <load_address>0x4c24</load_address>
         <run_address>0x4c24</run_address>
         <size>0x1c</size>
         <input_file_ref idref="fl-1f"/>
      </object_component>
      <object_component id="oc-6b9">
         <name>.text:UARTFlowControlSet</name>
         <load_address>0x4c40</load_address>
         <run_address>0x4c40</run_address>
         <size>0x1c</size>
         <input_file_ref idref="fl-1f"/>
      </object_component>
      <object_component id="oc-739">
         <name>.text:UARTTxIntModeSet</name>
         <load_address>0x4c5c</load_address>
         <run_address>0x4c5c</run_address>
         <size>0x1c</size>
         <input_file_ref idref="fl-1f"/>
      </object_component>
      <object_component id="oc-46">
         <name>.text:decompress:ZI:__TI_zero_init_nomemset:__TI_zero_init_nomemset</name>
         <load_address>0x4c78</load_address>
         <run_address>0x4c78</run_address>
         <size>0x1c</size>
         <input_file_ref idref="fl-db"/>
      </object_component>
      <object_component id="oc-51d">
         <name>.text:free_list_remove</name>
         <load_address>0x4c94</load_address>
         <run_address>0x4c94</run_address>
         <size>0x1c</size>
         <input_file_ref idref="fl-de"/>
      </object_component>
      <object_component id="oc-4a7">
         <name>.text:memccpy</name>
         <load_address>0x4cb0</load_address>
         <run_address>0x4cb0</run_address>
         <size>0x1c</size>
         <input_file_ref idref="fl-f6"/>
      </object_component>
      <object_component id="oc-6c5">
         <name>.text:ClockP_create</name>
         <load_address>0x4ccc</load_address>
         <run_address>0x4ccc</run_address>
         <size>0x1a</size>
         <input_file_ref idref="fl-17"/>
      </object_component>
      <object_component id="oc-2af">
         <name>.text:SemaphoreP_createBinary</name>
         <load_address>0x4ce6</load_address>
         <run_address>0x4ce6</run_address>
         <size>0x1a</size>
         <input_file_ref idref="fl-16"/>
      </object_component>
      <object_component id="oc-777">
         <name>.text:copysign</name>
         <load_address>0x4d00</load_address>
         <run_address>0x4d00</run_address>
         <size>0x1a</size>
         <input_file_ref idref="fl-fc"/>
      </object_component>
      <object_component id="oc-58">
         <name>.text:FPUEnable</name>
         <load_address>0x4d1c</load_address>
         <run_address>0x4d1c</run_address>
         <size>0x18</size>
         <input_file_ref idref="fl-1b"/>
      </object_component>
      <object_component id="oc-64d">
         <name>.text:Power_idleFunc</name>
         <load_address>0x4d34</load_address>
         <run_address>0x4d34</run_address>
         <size>0x18</size>
         <input_file_ref idref="fl-11"/>
      </object_component>
      <object_component id="oc-6d7">
         <name>.text:UARTFIFOLevelSet</name>
         <load_address>0x4d4c</load_address>
         <run_address>0x4d4c</run_address>
         <size>0x18</size>
         <input_file_ref idref="fl-1f"/>
      </object_component>
      <object_component id="oc-662">
         <name>.text:UARTIntDisable</name>
         <load_address>0x4d64</load_address>
         <run_address>0x4d64</run_address>
         <size>0x18</size>
         <input_file_ref idref="fl-1f"/>
      </object_component>
      <object_component id="oc-699">
         <name>.text:UARTIntEnable</name>
         <load_address>0x4d7c</load_address>
         <run_address>0x4d7c</run_address>
         <size>0x18</size>
         <input_file_ref idref="fl-1f"/>
      </object_component>
      <object_component id="oc-22f">
         <name>.text:UART_Params_init</name>
         <load_address>0x4d94</load_address>
         <run_address>0x4d94</run_address>
         <size>0x18</size>
         <input_file_ref idref="fl-12"/>
      </object_component>
      <object_component id="oc-352">
         <name>.text:_outs</name>
         <load_address>0x4dac</load_address>
         <run_address>0x4dac</run_address>
         <size>0x18</size>
         <input_file_ref idref="fl-d7"/>
      </object_component>
      <object_component id="oc-371">
         <name>.text:strcmp</name>
         <load_address>0x4dc4</load_address>
         <run_address>0x4dc4</run_address>
         <size>0x18</size>
         <input_file_ref idref="fl-df"/>
      </object_component>
      <object_component id="oc-3b8">
         <name>.text:SemaphoreP_create</name>
         <load_address>0x4ddc</load_address>
         <run_address>0x4ddc</run_address>
         <size>0x16</size>
         <input_file_ref idref="fl-16"/>
      </object_component>
      <object_component id="oc-719">
         <name>.text:UARTCharGet</name>
         <load_address>0x4df2</load_address>
         <run_address>0x4df2</run_address>
         <size>0x16</size>
         <input_file_ref idref="fl-1f"/>
      </object_component>
      <object_component id="oc-607">
         <name>.text:strchr</name>
         <load_address>0x4e08</load_address>
         <run_address>0x4e08</run_address>
         <size>0x16</size>
         <input_file_ref idref="fl-f7"/>
      </object_component>
      <object_component id="oc-31e">
         <name>.text:GPIOIntClear</name>
         <load_address>0x4e1e</load_address>
         <run_address>0x4e1e</run_address>
         <size>0x14</size>
         <input_file_ref idref="fl-1c"/>
      </object_component>
      <object_component id="oc-6ad">
         <name>.text:GPIOMSP432E4_getGpioBaseAddr</name>
         <load_address>0x4e34</load_address>
         <run_address>0x4e34</run_address>
         <size>0x14</size>
         <input_file_ref idref="fl-10"/>
      </object_component>
      <object_component id="oc-680">
         <name>.text:GPIOMSP432E4_getPowerResourceId</name>
         <load_address>0x4e48</load_address>
         <run_address>0x4e48</run_address>
         <size>0x14</size>
         <input_file_ref idref="fl-10"/>
      </object_component>
      <object_component id="oc-3f3">
         <name>.text:HwiP_inISR</name>
         <load_address>0x4e5c</load_address>
         <run_address>0x4e5c</run_address>
         <size>0x14</size>
         <input_file_ref idref="fl-18"/>
      </object_component>
      <object_component id="oc-3f9">
         <name>.text:Power_disablePolicy</name>
         <load_address>0x4e70</load_address>
         <run_address>0x4e70</run_address>
         <size>0x14</size>
         <input_file_ref idref="fl-11"/>
      </object_component>
      <object_component id="oc-247">
         <name>.text:strlen</name>
         <load_address>0x4e84</load_address>
         <run_address>0x4e84</run_address>
         <size>0x14</size>
         <input_file_ref idref="fl-e0"/>
      </object_component>
      <object_component id="oc-30c">
         <name>.text:HwiP_Params_init</name>
         <load_address>0x4e98</load_address>
         <run_address>0x4e98</run_address>
         <size>0x12</size>
         <input_file_ref idref="fl-18"/>
      </object_component>
      <object_component id="oc-7b6">
         <name>.text:HwiP_destruct</name>
         <load_address>0x4eaa</load_address>
         <run_address>0x4eaa</run_address>
         <size>0x12</size>
         <input_file_ref idref="fl-18"/>
      </object_component>
      <object_component id="oc-6a1">
         <name>.text:RingBuf_construct</name>
         <load_address>0x4ebc</load_address>
         <run_address>0x4ebc</run_address>
         <size>0x12</size>
         <input_file_ref idref="fl-14"/>
      </object_component>
      <object_component id="oc-6cb">
         <name>.text:UARTIntClear</name>
         <load_address>0x4ece</load_address>
         <run_address>0x4ece</run_address>
         <size>0x12</size>
         <input_file_ref idref="fl-1f"/>
      </object_component>
      <object_component id="oc-7fc">
         <name>.text:UARTRxErrorGet</name>
         <load_address>0x4ee0</load_address>
         <run_address>0x4ee0</run_address>
         <size>0x12</size>
         <input_file_ref idref="fl-1f"/>
      </object_component>
      <object_component id="oc-13f">
         <name>.text:main</name>
         <load_address>0x4ef2</load_address>
         <run_address>0x4ef2</run_address>
         <size>0x12</size>
         <input_file_ref idref="fl-2"/>
      </object_component>
      <object_component id="oc-4ad">
         <name>.text:wcslen</name>
         <load_address>0x4f04</load_address>
         <run_address>0x4f04</run_address>
         <size>0x12</size>
         <input_file_ref idref="fl-f9"/>
      </object_component>
      <object_component id="oc-3ca">
         <name>.text:ClockP_add</name>
         <load_address>0x4f16</load_address>
         <run_address>0x4f16</run_address>
         <size>0x10</size>
         <input_file_ref idref="fl-17"/>
      </object_component>
      <object_component id="oc-68c">
         <name>.text:ClockP_delete</name>
         <load_address>0x4f26</load_address>
         <run_address>0x4f26</run_address>
         <size>0x10</size>
         <input_file_ref idref="fl-17"/>
      </object_component>
      <object_component id="oc-6dd">
         <name>.text:ClockP_getCpuFreq</name>
         <load_address>0x4f38</load_address>
         <run_address>0x4f38</run_address>
         <size>0x10</size>
         <input_file_ref idref="fl-17"/>
      </object_component>
      <object_component id="oc-686">
         <name>.text:HwiP_delete</name>
         <load_address>0x4f48</load_address>
         <run_address>0x4f48</run_address>
         <size>0x10</size>
         <input_file_ref idref="fl-18"/>
      </object_component>
      <object_component id="oc-52">
         <name>.text:IntMasterDisable</name>
         <load_address>0x4f58</load_address>
         <run_address>0x4f58</run_address>
         <size>0x10</size>
         <input_file_ref idref="fl-1d"/>
      </object_component>
      <object_component id="oc-210">
         <name>.text:IntMasterEnable</name>
         <load_address>0x4f68</load_address>
         <run_address>0x4f68</run_address>
         <size>0x10</size>
         <input_file_ref idref="fl-1d"/>
      </object_component>
      <object_component id="oc-3a7">
         <name>.text:PowerMSP432E4_sleepPolicy</name>
         <load_address>0x4f78</load_address>
         <run_address>0x4f78</run_address>
         <size>0x10</size>
         <input_file_ref idref="fl-19"/>
      </object_component>
      <object_component id="oc-3d6">
         <name>.text:Power_enablePolicy</name>
         <load_address>0x4f88</load_address>
         <run_address>0x4f88</run_address>
         <size>0x10</size>
         <input_file_ref idref="fl-11"/>
      </object_component>
      <object_component id="oc-3b2">
         <name>.text:SemaphoreP_Params_init</name>
         <load_address>0x4f98</load_address>
         <run_address>0x4f98</run_address>
         <size>0x10</size>
         <input_file_ref idref="fl-16"/>
      </object_component>
      <object_component id="oc-802">
         <name>.text:UARTRxErrorClear</name>
         <load_address>0x4fa8</load_address>
         <run_address>0x4fa8</run_address>
         <size>0x10</size>
         <input_file_ref idref="fl-1f"/>
      </object_component>
      <object_component id="oc-6fe">
         <name>.text:readBlockingTimeout</name>
         <load_address>0x4fb8</load_address>
         <run_address>0x4fb8</run_address>
         <size>0x10</size>
         <input_file_ref idref="fl-13"/>
      </object_component>
      <object_component id="oc-812">
         <name>.text:RingBuf_isFull</name>
         <load_address>0x4fc8</load_address>
         <run_address>0x4fc8</run_address>
         <size>0xe</size>
         <input_file_ref idref="fl-14"/>
      </object_component>
      <object_component id="oc-19">
         <name>.text:decompress:none:__TI_decompress_none</name>
         <load_address>0x4fd6</load_address>
         <run_address>0x4fd6</run_address>
         <size>0xe</size>
         <input_file_ref idref="fl-dc"/>
      </object_component>
      <object_component id="oc-a8">
         <name>.text:CPUcpsid</name>
         <load_address>0x4fe4</load_address>
         <run_address>0x4fe4</run_address>
         <size>0xc</size>
         <input_file_ref idref="fl-20"/>
      </object_component>
      <object_component id="oc-2a8">
         <name>.text:CPUcpsie</name>
         <load_address>0x4ff0</load_address>
         <run_address>0x4ff0</run_address>
         <size>0xc</size>
         <input_file_ref idref="fl-20"/>
      </object_component>
      <object_component id="oc-6bf">
         <name>.text:ClockP_Params_init</name>
         <load_address>0x4ffc</load_address>
         <run_address>0x4ffc</run_address>
         <size>0xa</size>
         <input_file_ref idref="fl-17"/>
      </object_component>
      <object_component id="oc-3dc">
         <name>.text:ClockP_isActive</name>
         <load_address>0x5006</load_address>
         <run_address>0x5006</run_address>
         <size>0xa</size>
         <input_file_ref idref="fl-17"/>
      </object_component>
      <object_component id="oc-23b">
         <name>.text:UART_read</name>
         <load_address>0x5010</load_address>
         <run_address>0x5010</run_address>
         <size>0xa</size>
         <input_file_ref idref="fl-12"/>
      </object_component>
      <object_component id="oc-241">
         <name>.text:UART_write</name>
         <load_address>0x501a</load_address>
         <run_address>0x501a</run_address>
         <size>0xa</size>
         <input_file_ref idref="fl-12"/>
      </object_component>
      <object_component id="oc-358">
         <name>.text:_outc</name>
         <load_address>0x5024</load_address>
         <run_address>0x5024</run_address>
         <size>0xa</size>
         <input_file_ref idref="fl-d7"/>
      </object_component>
      <object_component id="oc-2bb">
         <name>.text:HwiP_restore</name>
         <load_address>0x502e</load_address>
         <run_address>0x502e</run_address>
         <size>0x8</size>
         <input_file_ref idref="fl-18"/>
      </object_component>
      <object_component id="oc-4b3">
         <name>.text:__aeabi_errno_addr</name>
         <load_address>0x5038</load_address>
         <run_address>0x5038</run_address>
         <size>0x8</size>
         <input_file_ref idref="fl-f8"/>
      </object_component>
      <object_component id="oc-43e">
         <name>.text:malloc</name>
         <load_address>0x5040</load_address>
         <run_address>0x5040</run_address>
         <size>0x8</size>
         <input_file_ref idref="fl-de"/>
      </object_component>
      <object_component id="oc-6f8">
         <name>.text:readSemCallback</name>
         <load_address>0x5048</load_address>
         <run_address>0x5048</run_address>
         <size>0x8</size>
         <input_file_ref idref="fl-13"/>
      </object_component>
      <object_component id="oc-6f2">
         <name>.text:writeSemCallback</name>
         <load_address>0x5050</load_address>
         <run_address>0x5050</run_address>
         <size>0x8</size>
         <input_file_ref idref="fl-13"/>
      </object_component>
      <object_component id="oc-871">
         <name>.text:ClockP_setTimeout</name>
         <load_address>0x5058</load_address>
         <run_address>0x5058</run_address>
         <size>0x4</size>
         <input_file_ref idref="fl-17"/>
      </object_component>
      <object_component id="oc-2b5">
         <name>.text:HwiP_disable</name>
         <load_address>0x505c</load_address>
         <run_address>0x505c</run_address>
         <size>0x4</size>
         <input_file_ref idref="fl-18"/>
      </object_component>
      <object_component id="oc-185">
         <name>.text:HwiP_enable</name>
         <load_address>0x5060</load_address>
         <run_address>0x5060</run_address>
         <size>0x4</size>
         <input_file_ref idref="fl-18"/>
      </object_component>
      <object_component id="oc-2c1">
         <name>.text:SemaphoreP_delete</name>
         <load_address>0x5064</load_address>
         <run_address>0x5064</run_address>
         <size>0x4</size>
         <input_file_ref idref="fl-16"/>
      </object_component>
      <object_component id="oc-4c9">
         <name>.text:__abort_execution</name>
         <load_address>0x5068</load_address>
         <run_address>0x5068</run_address>
         <size>0x4</size>
         <input_file_ref idref="fl-e3"/>
      </object_component>
      <object_component id="oc-139">
         <name>.text:_system_pre_init</name>
         <load_address>0x506c</load_address>
         <run_address>0x506c</run_address>
         <size>0x4</size>
         <input_file_ref idref="fl-ee"/>
      </object_component>
      <object_component id="oc-192">
         <name>.text:abort:abort</name>
         <load_address>0x5070</load_address>
         <run_address>0x5070</run_address>
         <size>0x4</size>
         <input_file_ref idref="fl-f0"/>
      </object_component>
      <object_component id="oc-c7">
         <name>.const:g_pppui32XTALtoVCO</name>
         <load_address>0x5074</load_address>
         <run_address>0x5074</run_address>
         <size>0x1b0</size>
         <input_file_ref idref="fl-1e"/>
      </object_component>
      <object_component id="oc-5b0">
         <name>.const:.string:_ctypes_</name>
         <load_address>0x5224</load_address>
         <run_address>0x5224</run_address>
         <size>0x101</size>
         <input_file_ref idref="fl-f5"/>
      </object_component>
      <object_component id="oc-32d">
         <name>.const:.string:inPinTypes</name>
         <load_address>0x5325</load_address>
         <run_address>0x5325</run_address>
         <size>0x3</size>
         <input_file_ref idref="fl-10"/>
      </object_component>
      <object_component id="oc-74c">
         <name>.const:g_pui32Regs</name>
         <load_address>0x5328</load_address>
         <run_address>0x5328</run_address>
         <size>0x9c</size>
         <input_file_ref idref="fl-1d"/>
      </object_component>
      <object_component id="oc-7c2">
         <name>.const:g_pui32GPIOBaseAddrs</name>
         <load_address>0x53c4</load_address>
         <run_address>0x53c4</run_address>
         <size>0x48</size>
         <input_file_ref idref="fl-1c"/>
      </object_component>
      <object_component id="oc-33c">
         <name>.const:gpioBaseAddresses</name>
         <load_address>0x540c</load_address>
         <run_address>0x540c</run_address>
         <size>0x48</size>
         <input_file_ref idref="fl-10"/>
      </object_component>
      <object_component id="oc-324">
         <name>.const:powerMgrIds</name>
         <load_address>0x5454</load_address>
         <run_address>0x5454</run_address>
         <size>0x48</size>
         <input_file_ref idref="fl-10"/>
      </object_component>
      <object_component id="oc-123">
         <name>.const:g_sXTALtoMEMTIM</name>
         <load_address>0x549c</load_address>
         <run_address>0x549c</run_address>
         <size>0x30</size>
         <input_file_ref idref="fl-1e"/>
      </object_component>
      <object_component id="oc-414">
         <name>.const:uartMSP432E4HWAttrs</name>
         <load_address>0x54cc</load_address>
         <run_address>0x54cc</run_address>
         <size>0x2c</size>
         <input_file_ref idref="fl-4"/>
      </object_component>
      <object_component id="oc-410">
         <name>.const:UARTMSP432E4_fxnTable</name>
         <load_address>0x54f8</load_address>
         <run_address>0x54f8</run_address>
         <size>0x28</size>
         <input_file_ref idref="fl-13"/>
      </object_component>
      <object_component id="oc-c1">
         <name>.const:g_pui32Xtals</name>
         <load_address>0x5520</load_address>
         <run_address>0x5520</run_address>
         <size>0x28</size>
         <input_file_ref idref="fl-1e"/>
      </object_component>
      <object_component id="oc-342">
         <name>.const:UART_defaultParams</name>
         <load_address>0x5548</load_address>
         <run_address>0x5548</run_address>
         <size>0x24</size>
         <input_file_ref idref="fl-12"/>
      </object_component>
      <object_component id="oc-330">
         <name>.const:.string:gpioInterruptVectors</name>
         <load_address>0x556c</load_address>
         <run_address>0x556c</run_address>
         <size>0x20</size>
         <input_file_ref idref="fl-10"/>
      </object_component>
      <object_component id="oc-6e9">
         <name>.const:staticFxnTable</name>
         <load_address>0x558c</load_address>
         <run_address>0x558c</run_address>
         <size>0x20</size>
         <input_file_ref idref="fl-13"/>
      </object_component>
      <object_component id="oc-2dd">
         <name>.const:GPIOMSP432E4_config</name>
         <load_address>0x55ac</load_address>
         <run_address>0x55ac</run_address>
         <size>0x14</size>
         <input_file_ref idref="fl-4"/>
      </object_component>
      <object_component id="oc-883">
         <name>.const:g_pui32Dii16Regs</name>
         <load_address>0x55c0</load_address>
         <run_address>0x55c0</run_address>
         <size>0x14</size>
         <input_file_ref idref="fl-1d"/>
      </object_component>
      <object_component id="oc-750">
         <name>.const:g_pui32EnRegs</name>
         <load_address>0x55d4</load_address>
         <run_address>0x55d4</run_address>
         <size>0x14</size>
         <input_file_ref idref="fl-1d"/>
      </object_component>
      <object_component id="oc-704">
         <name>.const:parityType</name>
         <load_address>0x55e8</load_address>
         <run_address>0x55e8</run_address>
         <size>0x14</size>
         <input_file_ref idref="fl-13"/>
      </object_component>
      <object_component id="oc-70a">
         <name>.const:dataLength</name>
         <load_address>0x55fc</load_address>
         <run_address>0x55fc</run_address>
         <size>0x10</size>
         <input_file_ref idref="fl-13"/>
      </object_component>
      <object_component id="oc-265">
         <name>.const:.string:$P$T0$1</name>
         <load_address>0x560c</load_address>
         <run_address>0x560c</run_address>
         <size>0xd</size>
         <input_file_ref idref="fl-3"/>
      </object_component>
      <object_component id="oc-2e7">
         <name>.const</name>
         <load_address>0x5619</load_address>
         <run_address>0x5619</run_address>
         <size>0x3</size>
         <input_file_ref idref="fl-4"/>
      </object_component>
      <object_component id="oc-2ea">
         <name>.const:UART_config</name>
         <load_address>0x561c</load_address>
         <run_address>0x561c</run_address>
         <size>0xc</size>
         <input_file_ref idref="fl-4"/>
      </object_component>
      <object_component id="oc-2a0">
         <name>.const:PowerMSP432E4_config</name>
         <load_address>0x5628</load_address>
         <run_address>0x5628</run_address>
         <size>0x8</size>
         <input_file_ref idref="fl-4"/>
      </object_component>
      <object_component id="oc-c4">
         <name>.const:g_pui32VCOFrequencies</name>
         <load_address>0x5630</load_address>
         <run_address>0x5630</run_address>
         <size>0x8</size>
         <input_file_ref idref="fl-1e"/>
      </object_component>
      <object_component id="oc-707">
         <name>.const:stopBits</name>
         <load_address>0x5638</load_address>
         <run_address>0x5638</run_address>
         <size>0x8</size>
         <input_file_ref idref="fl-13"/>
      </object_component>
      <object_component id="oc-327">
         <name>.const:.string:outPinStrengths</name>
         <load_address>0x5640</load_address>
         <run_address>0x5640</run_address>
         <size>0x7</size>
         <input_file_ref idref="fl-10"/>
      </object_component>
      <object_component id="oc-339">
         <name>.const:.string:interruptType</name>
         <load_address>0x5647</load_address>
         <run_address>0x5647</run_address>
         <size>0x6</size>
         <input_file_ref idref="fl-10"/>
      </object_component>
      <object_component id="oc-32a">
         <name>.const:.string:outPinTypes</name>
         <load_address>0x564d</load_address>
         <run_address>0x564d</run_address>
         <size>0x4</size>
         <input_file_ref idref="fl-10"/>
      </object_component>
      <object_component id="oc-8cb">
         <name>.cinit..data.load</name>
         <load_address>0x5658</load_address>
         <run_address>0x5658</run_address>
         <size>0xfd</size>
      </object_component>
      <object_component id="oc-8c8">
         <name>__TI_handler_table</name>
         <load_address>0x5758</load_address>
         <run_address>0x5758</run_address>
         <size>0xc</size>
      </object_component>
      <object_component id="oc-8cc">
         <name>.cinit..bss.load</name>
         <load_address>0x5768</load_address>
         <run_address>0x5768</run_address>
         <size>0x8</size>
      </object_component>
      <object_component id="oc-8ca">
         <name>.cinit..vtable.load</name>
         <load_address>0x5770</load_address>
         <run_address>0x5770</run_address>
         <size>0x8</size>
      </object_component>
      <object_component id="oc-8c9">
         <name>__TI_cinit_table</name>
         <load_address>0x5778</load_address>
         <run_address>0x5778</run_address>
         <size>0x18</size>
      </object_component>
      <object_component id="oc-747">
         <name>.vtable</name>
         <uninitialized>true</uninitialized>
         <run_address>0x20000000</run_address>
         <size>0x26c</size>
         <input_file_ref idref="fl-1d"/>
      </object_component>
      <object_component id="oc-402">
         <name>.data:gpioPinConfigs</name>
         <load_address>0x20008674</load_address>
         <run_address>0x20008674</run_address>
         <size>0x4</size>
         <input_file_ref idref="fl-4"/>
      </object_component>
      <object_component id="oc-405">
         <name>.data:gpioCallbackFunctions</name>
         <load_address>0x20008670</load_address>
         <run_address>0x20008670</run_address>
         <size>0x4</size>
         <input_file_ref idref="fl-4"/>
      </object_component>
      <object_component id="oc-2da">
         <name>.data</name>
         <load_address>0x20008660</load_address>
         <run_address>0x20008660</run_address>
         <size>0x5</size>
         <input_file_ref idref="fl-10"/>
      </object_component>
      <object_component id="oc-2a3">
         <name>.data:PowerMSP432E4_module</name>
         <load_address>0x200084dc</load_address>
         <run_address>0x200084dc</run_address>
         <size>0x16c</size>
         <input_file_ref idref="fl-11"/>
      </object_component>
      <object_component id="oc-2e4">
         <name>.data</name>
         <load_address>0x2000866d</load_address>
         <run_address>0x2000866d</run_address>
         <size>0x1</size>
         <input_file_ref idref="fl-12"/>
      </object_component>
      <object_component id="oc-3ee">
         <name>.data</name>
         <load_address>0x20008665</load_address>
         <run_address>0x20008665</run_address>
         <size>0x3</size>
         <input_file_ref idref="fl-16"/>
      </object_component>
      <object_component id="oc-4ff">
         <name>.data:SemaphoreP_defaultParams</name>
         <load_address>0x20008658</load_address>
         <run_address>0x20008658</run_address>
         <size>0x8</size>
         <input_file_ref idref="fl-16"/>
      </object_component>
      <object_component id="oc-79b">
         <name>.data</name>
         <load_address>0x20008668</load_address>
         <run_address>0x20008668</run_address>
         <size>0x5</size>
         <input_file_ref idref="fl-17"/>
      </object_component>
      <object_component id="oc-5ab">
         <name>.data:HwiP_dispatchTable</name>
         <load_address>0x20008270</load_address>
         <run_address>0x20008270</run_address>
         <size>0x26c</size>
         <input_file_ref idref="fl-18"/>
      </object_component>
      <object_component id="oc-5a8">
         <name>.data</name>
         <load_address>0x20008678</load_address>
         <run_address>0x20008678</run_address>
         <size>0x4</size>
         <input_file_ref idref="fl-18"/>
      </object_component>
      <object_component id="oc-4db">
         <name>.data</name>
         <load_address>0x20008680</load_address>
         <run_address>0x20008680</run_address>
         <size>0x4</size>
         <input_file_ref idref="fl-d6"/>
      </object_component>
      <object_component id="oc-65c">
         <name>.data:$O1$$</name>
         <load_address>0x20008650</load_address>
         <run_address>0x20008650</run_address>
         <size>0x8</size>
         <input_file_ref idref="fl-de"/>
      </object_component>
      <object_component id="oc-26e">
         <name>.data:$O1$$</name>
[...]
         <object_component_ref idref="oc-44b"/>
      </symbol>
      <symbol id="sm-654">
         <name>HwiP_inISR</name>
         <value>0x4e5d</value>
         <object_component_ref idref="oc-3fa"/>
      </symbol>
      <symbol id="sm-655">
         <name>HwiP_destruct</name>
         <value>0x4eab</value>
         <object_component_ref idref="oc-7bd"/>
      </symbol>
      <symbol id="sm-656">
         <name>HwiP_swiPIntNum</name>
         <value>0x20008678</value>
         <object_component_ref idref="oc-5a8"/>
      </symbol>
      <symbol id="sm-657">
         <name>HwiP_Params_init</name>
         <value>0x4e99</value>
         <object_component_ref idref="oc-312"/>
      </symbol>
      <symbol id="sm-658">
         <name>HwiP_disable</name>
         <value>0x505d</value>
         <object_component_ref idref="oc-2bb"/>
      </symbol>
      <symbol id="sm-659">
         <name>HwiP_create</name>
         <value>0x4a09</value>
         <object_component_ref idref="oc-318"/>
      </symbol>
      <symbol id="sm-65a">
         <name>HwiP_enable</name>
         <value>0x5061</value>
         <object_component_ref idref="oc-185"/>
      </symbol>
      <symbol id="sm-65b">
         <name>HwiP_restore</name>
         <value>0x502f</value>
         <object_component_ref idref="oc-2c1"/>
      </symbol>
      <symbol id="sm-668">
         <name>PowerMSP432E4_sleepPolicy</name>
         <value>0x4f79</value>
         <object_component_ref idref="oc-3ae"/>
      </symbol>
      <symbol id="sm-6a6">
         <name>resetISR</name>
         <value>0x4b71</value>
         <object_component_ref idref="oc-20"/>
      </symbol>
      <symbol id="sm-6a7">
         <name>resetVectors</name>
         <value>0x0</value>
         <object_component_ref idref="oc-26"/>
      </symbol>
      <symbol id="sm-6ca">
         <name>FPUEnable</name>
         <value>0x4d1d</value>
         <object_component_ref idref="oc-58"/>
      </symbol>
      <symbol id="sm-746">
         <name>GPIOPinConfigure</name>
         <value>0x42c9</value>
         <object_component_ref idref="oc-6ae"/>
      </symbol>
      <symbol id="sm-747">
         <name>GPIOIntTypeSet</name>
         <value>0x2cc5</value>
         <object_component_ref idref="oc-31e"/>
      </symbol>
      <symbol id="sm-748">
         <name>GPIOIntClear</name>
         <value>0x4e1f</value>
         <object_component_ref idref="oc-324"/>
      </symbol>
      <symbol id="sm-749">
         <name>GPIOPinTypeUART</name>
         <value>0x4a5d</value>
         <object_component_ref idref="oc-6ba"/>
      </symbol>
      <symbol id="sm-74a">
         <name>GPIOIntStatus</name>
         <value>0x4aed</value>
         <object_component_ref idref="oc-45e"/>
      </symbol>
      <symbol id="sm-74b">
         <name>GPIODirModeSet</name>
         <value>0x3c6b</value>
         <object_component_ref idref="oc-2fa"/>
      </symbol>
      <symbol id="sm-74c">
         <name>GPIOPinWrite</name>
         <value>0x4b0f</value>
         <object_component_ref idref="oc-300"/>
      </symbol>
      <symbol id="sm-74d">
         <name>GPIOPadConfigSet</name>
         <value>0x1491</value>
         <object_component_ref idref="oc-300"/>
      </symbol>
      <symbol id="sm-7cd">
         <name>IntPrioritySet</name>
         <value>0x3edd</value>
         <object_component_ref idref="oc-59d"/>
      </symbol>
      <symbol id="sm-7ce">
         <name>IntEnable</name>
         <value>0x3439</value>
         <object_component_ref idref="oc-5a3"/>
      </symbol>
      <symbol id="sm-7cf">
         <name>IntDisable</name>
         <value>0x33b9</value>
         <object_component_ref idref="oc-85e"/>
      </symbol>
      <symbol id="sm-7d0">
         <name>IntRegister</name>
         <value>0x3cc9</value>
         <object_component_ref idref="oc-597"/>
      </symbol>
      <symbol id="sm-7d1">
         <name>IntMasterDisable</name>
         <value>0x4f59</value>
         <object_component_ref idref="oc-52"/>
      </symbol>
      <symbol id="sm-7d2">
         <name>IntUnregister</name>
         <value>0x4c09</value>
         <object_component_ref idref="oc-864"/>
      </symbol>
      <symbol id="sm-7d3">
         <name>g_pfnRAMVectors</name>
         <value>0x20000000</value>
         <object_component_ref idref="oc-747"/>
      </symbol>
      <symbol id="sm-7d4">
         <name>IntMasterEnable</name>
         <value>0x4f69</value>
         <object_component_ref idref="oc-210"/>
      </symbol>
      <symbol id="sm-8a2">
         <name>SysCtlPeripheralPresent</name>
         <value>0x4351</value>
         <object_component_ref idref="oc-420"/>
      </symbol>
      <symbol id="sm-8a3">
         <name>SysCtlPeripheralClockGating</name>
         <value>0x49dd</value>
         <object_component_ref idref="oc-2a0"/>
      </symbol>
      <symbol id="sm-8a4">
         <name>SysCtlPeripheralEnable</name>
         <value>0x4565</value>
         <object_component_ref idref="oc-42c"/>
      </symbol>
      <symbol id="sm-8a5">
         <name>SysCtlPeripheralPowerOff</name>
         <value>0x45a5</value>
         <object_component_ref idref="oc-29a"/>
      </symbol>
      <symbol id="sm-8a6">
         <name>SysCtlPeripheralPowerOn</name>
         <value>0x45e5</value>
         <object_component_ref idref="oc-426"/>
      </symbol>
      <symbol id="sm-8a7">
         <name>SysCtlPeripheralSleepDisable</name>
         <value>0x4625</value>
         <object_component_ref idref="oc-7b4"/>
      </symbol>
      <symbol id="sm-8a8">
         <name>SysCtlPeripheralDisable</name>
         <value>0x4525</value>
         <object_component_ref idref="oc-7ae"/>
      </symbol>
      <symbol id="sm-8a9">
         <name>SysCtlPeripheralSleepEnable</name>
         <value>0x4665</value>
         <object_component_ref idref="oc-432"/>
      </symbol>
      <symbol id="sm-8aa">
         <name>SysCtlPeripheralReady</name>
         <value>0x4395</value>
         <object_component_ref idref="oc-438"/>
      </symbol>
      <symbol id="sm-8ab">
         <name>SysCtlClockFreqSet</name>
         <value>0xf41</value>
         <object_component_ref idref="oc-5e"/>
      </symbol>
      <symbol id="sm-950">
         <name>UARTCharPutNonBlocking</name>
         <value>0x4aa5</value>
         <object_component_ref idref="oc-836"/>
      </symbol>
      <symbol id="sm-951">
         <name>UARTTxIntModeSet</name>
         <value>0x4c5d</value>
         <object_component_ref idref="oc-740"/>
      </symbol>
      <symbol id="sm-952">
         <name>UARTRxErrorClear</name>
         <value>0x4fa9</value>
         <object_component_ref idref="oc-809"/>
      </symbol>
      <symbol id="sm-953">
         <name>UARTFlowControlSet</name>
         <value>0x4c41</value>
         <object_component_ref idref="oc-6c0"/>
      </symbol>
      <symbol id="sm-954">
         <name>UARTConfigSetExpClk</name>
         <value>0x3629</value>
         <object_component_ref idref="oc-6ea"/>
      </symbol>
      <symbol id="sm-955">
         <name>UARTDisable</name>
         <value>0x497d</value>
         <object_component_ref idref="oc-66f"/>
      </symbol>
      <symbol id="sm-956">
         <name>UARTBusy</name>
         <value>0x4b91</value>
         <object_component_ref idref="oc-72e"/>
      </symbol>
      <symbol id="sm-957">
         <name>UARTIntEnable</name>
         <value>0x4d7d</value>
         <object_component_ref idref="oc-6a0"/>
      </symbol>
      <symbol id="sm-958">
         <name>UARTCharsAvail</name>
         <value>0x4bcd</value>
         <object_component_ref idref="oc-871"/>
      </symbol>
      <symbol id="sm-959">
         <name>UARTCharGetNonBlocking</name>
         <value>0x4c25</value>
         <object_component_ref idref="oc-825"/>
      </symbol>
      <symbol id="sm-95a">
         <name>UARTIntDisable</name>
         <value>0x4d65</value>
         <object_component_ref idref="oc-669"/>
      </symbol>
      <symbol id="sm-95b">
         <name>UARTCharPut</name>
         <value>0x4baf</value>
         <object_component_ref idref="oc-726"/>
      </symbol>
      <symbol id="sm-95c">
         <name>UARTRxErrorGet</name>
         <value>0x4ee1</value>
         <object_component_ref idref="oc-803"/>
      </symbol>
      <symbol id="sm-95d">
         <name>UARTEnable</name>
         <value>0x4ac9</value>
         <object_component_ref idref="oc-6d8"/>
      </symbol>
      <symbol id="sm-95e">
         <name>UARTIntClear</name>
         <value>0x4ecf</value>
         <object_component_ref idref="oc-6d2"/>
      </symbol>
      <symbol id="sm-95f">
         <name>UARTIntStatus</name>
         <value>0x4beb</value>
         <object_component_ref idref="oc-734"/>
      </symbol>
      <symbol id="sm-960">
         <name>UARTCharGet</name>
         <value>0x4df3</value>
         <object_component_ref idref="oc-720"/>
      </symbol>
      <symbol id="sm-961">
         <name>UARTFIFOLevelSet</name>
         <value>0x4d4d</value>
         <object_component_ref idref="oc-6de"/>
      </symbol>
      <symbol id="sm-973">
         <name>CPUcpsie</name>
         <value>0x4ff1</value>
         <object_component_ref idref="oc-2ae"/>
      </symbol>
      <symbol id="sm-974">
         <name>CPUcpsid</name>
         <value>0x4fe5</value>
         <object_component_ref idref="oc-a8"/>
      </symbol>
      <symbol id="sm-9d7">
         <name>__vla_dealloc</name>
         <value>0x3711</value>
         <object_component_ref idref="oc-37d"/>
      </symbol>
      <symbol id="sm-9d8">
         <name>__vla_alloc</name>
         <value>0x1d99</value>
         <object_component_ref idref="oc-36b"/>
      </symbol>
      <symbol id="sm-9ff">
         <name>sprintf</name>
         <value>0x4725</value>
         <object_component_ref idref="oc-24d"/>
      </symbol>
      <symbol id="sm-a1b">
         <name>memcpy</name>
         <value>0x2ea7</value>
         <object_component_ref idref="oc-3a"/>
      </symbol>
      <symbol id="sm-a1c">
         <name>__aeabi_memcpy</name>
         <value>0x2ea7</value>
         <object_component_ref idref="oc-3a"/>
      </symbol>
      <symbol id="sm-a1d">
         <name>__aeabi_memcpy8</name>
         <value>0x2ea7</value>
         <object_component_ref idref="oc-3a"/>
      </symbol>
      <symbol id="sm-a1e">
         <name>__aeabi_memcpy4</name>
         <value>0x2ea7</value>
         <object_component_ref idref="oc-3a"/>
      </symbol>
      <symbol id="sm-a2b">
         <name>__aeabi_uldivmod</name>
         <value>0x2fdb</value>
         <object_component_ref idref="oc-5bc"/>
      </symbol>
      <symbol id="sm-a44">
         <name>__TI_zero_init_nomemset</name>
         <value>0x4c79</value>
         <object_component_ref idref="oc-46"/>
      </symbol>
      <symbol id="sm-a5b">
         <name>__TI_decompress_none</name>
         <value>0x4fd7</value>
         <object_component_ref idref="oc-19"/>
      </symbol>
      <symbol id="sm-a7e">
         <name>__TI_decompress_lzss</name>
         <value>0x3a0d</value>
         <object_component_ref idref="oc-13"/>
      </symbol>
      <symbol id="sm-b1c">
         <name>_sys_memory</name>
         <value>0x20000270</value>
         <object_component_ref idref="oc-29"/>
      </symbol>
      <symbol id="sm-b1d">
         <name>free</name>
         <value>0x2779</value>
         <object_component_ref idref="oc-3ca"/>
      </symbol>
      <symbol id="sm-b1e">
         <name>realloc</name>
         <value>0x285d</value>
         <object_component_ref idref="oc-4dc"/>
      </symbol>
      <symbol id="sm-b1f">
         <name>memalign</name>
         <value>0x238d</value>
         <object_component_ref idref="oc-590"/>
      </symbol>
      <symbol id="sm-b20">
         <name>malloc</name>
         <value>0x5041</value>
         <object_component_ref idref="oc-445"/>
      </symbol>
      <symbol id="sm-b21">
         <name>aligned_alloc</name>
         <value>0x238d</value>
         <object_component_ref idref="oc-590"/>
      </symbol>
      <symbol id="sm-b30">
         <name>strcmp</name>
         <value>0x4dc5</value>
         <object_component_ref idref="oc-377"/>
      </symbol>
      <symbol id="sm-b3e">
         <name>strlen</name>
         <value>0x4e85</value>
         <object_component_ref idref="oc-247"/>
      </symbol>
      <symbol id="sm-b4e">
         <name>strncpy</name>
         <value>0x484f</value>
         <object_component_ref idref="oc-371"/>
      </symbol>
      <symbol id="sm-b61">
         <name>__stack</name>
         <value>0x2003f000</value>
         <object_component_ref idref="oc-2c"/>
      </symbol>
      <symbol id="sm-b62">
         <name>_c_int00_noargs</name>
         <value>0x48b9</value>
         <object_component_ref idref="oc-d6"/>
      </symbol>
      <symbol id="sm-b6c">
         <name>__abort_execution</name>
         <value>0x5069</value>
         <object_component_ref idref="oc-4d0"/>
      </symbol>
      <symbol id="sm-cd1">
         <name>__TI_printfi</name>
         <value>0x201</value>
         <object_component_ref idref="oc-34c"/>
      </symbol>
      <symbol id="sm-cdb">
         <name>__aeabi_idiv0</name>
         <value>0x3cc7</value>
         <object_component_ref idref="oc-765"/>
      </symbol>
      <symbol id="sm-cdc">
         <name>__aeabi_ldiv0</name>
         <value>0x3cc7</value>
         <object_component_ref idref="oc-765"/>
      </symbol>
      <symbol id="sm-cf3">
         <name>__aeabi_dsub</name>
         <value>0x1a5d</value>
         <object_component_ref idref="oc-5e2"/>
      </symbol>
      <symbol id="sm-cf4">
         <name>__aeabi_dadd</name>
         <value>0x1a67</value>
         <object_component_ref idref="oc-5e2"/>
      </symbol>
      <symbol id="sm-d16">
         <name>__aeabi_cdcmpeq</name>
         <value>0x32ad</value>
         <object_component_ref idref="oc-491"/>
      </symbol>
      <symbol id="sm-d17">
         <name>__aeabi_cdcmple</name>
         <value>0x32ad</value>
         <object_component_ref idref="oc-491"/>
      </symbol>
      <symbol id="sm-d18">
         <name>__aeabi_cdrcmple</name>
         <value>0x3333</value>
         <object_component_ref idref="oc-5cd"/>
      </symbol>
      <symbol id="sm-d2c">
         <name>__aeabi_ddiv</name>
         <value>0x2021</value>
         <object_component_ref idref="oc-5c8"/>
      </symbol>
      <symbol id="sm-d37">
         <name>__aeabi_dmul</name>
         <value>0x248d</value>
         <object_component_ref idref="oc-5c3"/>
      </symbol>
      <symbol id="sm-d41">
         <name>__aeabi_d2iz</name>
         <value>0x41f5</value>
         <object_component_ref idref="oc-5d2"/>
      </symbol>
      <symbol id="sm-d4b">
         <name>__aeabi_i2d</name>
         <value>0x49ad</value>
         <object_component_ref idref="oc-5dd"/>
      </symbol>
      <symbol id="sm-d5a">
         <name>__aeabi_memset</name>
         <value>0x3537</value>
         <object_component_ref idref="oc-a2"/>
      </symbol>
      <symbol id="sm-d5b">
         <name>memset</name>
         <value>0x353d</value>
         <object_component_ref idref="oc-a2"/>
      </symbol>
      <symbol id="sm-d5c">
         <name>__aeabi_memset8</name>
         <value>0x3537</value>
         <object_component_ref idref="oc-a2"/>
      </symbol>
      <symbol id="sm-d5d">
         <name>__aeabi_memset4</name>
         <value>0x3537</value>
         <object_component_ref idref="oc-a2"/>
      </symbol>
      <symbol id="sm-d5e">
         <name>__aeabi_memclr8</name>
         <value>0x3535</value>
         <object_component_ref idref="oc-a2"/>
      </symbol>
      <symbol id="sm-d5f">
         <name>__aeabi_memclr4</name>
         <value>0x3535</value>
         <object_component_ref idref="oc-a2"/>
      </symbol>
      <symbol id="sm-d60">
         <name>__aeabi_memclr</name>
         <value>0x3535</value>
         <object_component_ref idref="oc-a2"/>
      </symbol>
      <symbol id="sm-d88">
         <name>__TI_auto_init_nobinit_nopinit</name>
         <value>0x4461</value>
         <object_component_ref idref="oc-19e"/>
      </symbol>
      <symbol id="sm-d92">
         <name>_system_pre_init</name>
         <value>0x506d</value>
         <object_component_ref idref="oc-139"/>
      </symbol>
      <symbol id="sm-d9e">
         <name>C$$EXIT</name>
         <value>0x5071</value>
         <object_component_ref idref="oc-192"/>
      </symbol>
      <symbol id="sm-d9f">
         <name>abort</name>
         <value>0x5071</value>
         <object_component_ref idref="oc-192"/>
      </symbol>
      <symbol id="sm-db4">
         <name>_nop</name>
         <value>0x2157</value>
         <object_component_ref idref="oc-38d"/>
      </symbol>
      <symbol id="sm-db5">
         <name>_lock</name>
         <value>0x20008648</value>
         <object_component_ref idref="oc-26e"/>
      </symbol>
      <symbol id="sm-db6">
         <name>_unlock</name>
         <value>0x2000864c</value>
         <object_component_ref idref="oc-26e"/>
      </symbol>
      <symbol id="sm-dc5">
         <name>__TI_ltoa</name>
         <value>0x3f31</value>
         <object_component_ref idref="oc-5d7"/>
      </symbol>
      <symbol id="sm-ddc">
         <name>atoi</name>
         <value>0x4115</value>
         <object_component_ref idref="oc-485"/>
      </symbol>
      <symbol id="sm-de7">
         <name>_ctypes_</name>
         <value>0x5224</value>
         <object_component_ref idref="oc-5b7"/>
      </symbol>
      <symbol id="sm-df7">
         <name>memccpy</name>
         <value>0x4cb1</value>
         <object_component_ref idref="oc-4ae"/>
      </symbol>
      <symbol id="sm-e07">
         <name>strchr</name>
         <value>0x4e09</value>
         <object_component_ref idref="oc-60e"/>
      </symbol>
      <symbol id="sm-e1d">
         <name>__aeabi_errno_addr</name>
         <value>0x5039</value>
         <object_component_ref idref="oc-4ba"/>
      </symbol>
      <symbol id="sm-e1e">
         <name>errno</name>
         <value>0x2000867c</value>
         <object_component_ref idref="oc-617"/>
      </symbol>
      <symbol id="sm-e37">
         <name>wcslen</name>
         <value>0x4f05</value>
         <object_component_ref idref="oc-4b4"/>
      </symbol>
      <symbol id="sm-e57">
         <name>frexpl</name>
         <value>0x3b41</value>
         <object_component_ref idref="oc-602"/>
      </symbol>
      <symbol id="sm-e58">
         <name>frexp</name>
         <value>0x3b41</value>
         <object_component_ref idref="oc-602"/>
      </symbol>
      <symbol id="sm-e75">
         <name>scalbn</name>
         <value>0x227d</value>
         <object_component_ref idref="oc-608"/>
      </symbol>
      <symbol id="sm-e76">
         <name>scalbnl</name>
         <value>0x227d</value>
         <object_component_ref idref="oc-608"/>
      </symbol>
      <symbol id="sm-e77">
         <name>ldexpl</name>
         <value>0x227d</value>
         <object_component_ref idref="oc-608"/>
      </symbol>
      <symbol id="sm-e78">
         <name>ldexp</name>
         <value>0x227d</value>
         <object_component_ref idref="oc-608"/>
      </symbol>
      <symbol id="sm-e82">
         <name>copysign</name>
         <value>0x4d01</value>
         <object_component_ref idref="oc-77e"/>
      </symbol>
      <symbol id="sm-e83">
         <name>copysignl</name>
         <value>0x4d01</value>
         <object_component_ref idref="oc-77e"/>
      </symbol>
      <symbol id="sm-e84">
         <name>__TI_static_base__</name>
         <value>0x5658</value>
      </symbol>
      <symbol id="sm-e87">
         <name>__mpu_init</name>
         <value>0x0</value>
      </symbol>
      <symbol id="sm-e88">
         <name>_system_post_cinit</name>
         <value>0x0</value>
      </symbol>
      <symbol id="sm-e89">
         <name>NoRTOS_start</name>
         <value>0x5061</value>
      </symbol>
   </symbol_table>
   <title>Link successful</title>
</link_info>
