<?xml version="1.0" encoding="ISO-8859-1" ?>
<link_info>
   <banner>TI ARM Linker PC v20.2.7.LTS</banner>
   <copyright>Copyright (c) 1996-2018 Texas Instruments Incorporated</copyright>
   <link_time>0x64f89790</link_time>
   <link_errors>0x0</link_errors>
   <output_file>HW1_EmbSys_SF.out</output_file>
   <entry_point>
      <name>resetISR</name>
      <address>0x4a29</address>
   </entry_point>
   <input_file_list>
      <input_file id="fl-2">
         <path>.\</path>
         <kind>object</kind>
         <file>main_nortos.obj</file>
         <name>main_nortos.obj</name>
      </input_file>
      <input_file id="fl-3">
         <path>.\</path>
         <kind>object</kind>
         <file>uartecho.obj</file>
         <name>uartecho.obj</name>
      </input_file>
      <input_file id="fl-4">
         <path>.\syscfg\</path>
         <kind>object</kind>
         <file>ti_drivers_config.obj</file>
         <name>ti_drivers_config.obj</name>
      </input_file>
      <input_file id="fl-f">
         <kind>object</kind>
         <file>&lt;internal&gt;</file>
         <name>&lt;internal&gt;</name>
      </input_file>
      <input_file id="fl-10">
         <path>C:\ti\simplelink_msp432e4_sdk_4_20_00_12\source\ti\drivers\lib\</path>
         <kind>archive</kind>
         <file>drivers_msp432e4.aem4f</file>
         <name>GPIOMSP432E4.oem4f</name>
      </input_file>
      <input_file id="fl-11">
         <path>C:\ti\simplelink_msp432e4_sdk_4_20_00_12\source\ti\drivers\lib\</path>
         <kind>archive</kind>
         <file>drivers_msp432e4.aem4f</file>
         <name>PowerMSP432E4.oem4f</name>
      </input_file>
      <input_file id="fl-12">
         <path>C:\ti\simplelink_msp432e4_sdk_4_20_00_12\source\ti\drivers\lib\</path>
         <kind>archive</kind>
         <file>drivers_msp432e4.aem4f</file>
         <name>UART.oem4f</name>
      </input_file>
      <input_file id="fl-13">
         <path>C:\ti\simplelink_msp432e4_sdk_4_20_00_12\source\ti\drivers\lib\</path>
         <kind>archive</kind>
         <file>drivers_msp432e4.aem4f</file>
         <name>UARTMSP432E4.oem4f</name>
      </input_file>
      <input_file id="fl-14">
         <path>C:\ti\simplelink_msp432e4_sdk_4_20_00_12\source\ti\drivers\lib\</path>
         <kind>archive</kind>
         <file>drivers_msp432e4.aem4f</file>
         <name>RingBuf.oem4f</name>
      </input_file>
      <input_file id="fl-15">
         <path>C:\ti\simplelink_msp432e4_sdk_4_20_00_12\kernel\nortos\lib\</path>
         <kind>archive</kind>
         <file>nortos_msp432e4.aem4f</file>
         <name>NoRTOS.oem4f</name>
      </input_file>
      <input_file id="fl-16">
         <path>C:\ti\simplelink_msp432e4_sdk_4_20_00_12\kernel\nortos\lib\</path>
         <kind>archive</kind>
         <file>nortos_msp432e4.aem4f</file>
         <name>SemaphoreP_nortos.oem4f</name>
      </input_file>
      <input_file id="fl-17">
         <path>C:\ti\simplelink_msp432e4_sdk_4_20_00_12\kernel\nortos\lib\</path>
         <kind>archive</kind>
         <file>nortos_msp432e4.aem4f</file>
         <name>ClockPSysTick_nortos.oem4f</name>
      </input_file>
      <input_file id="fl-18">
         <path>C:\ti\simplelink_msp432e4_sdk_4_20_00_12\kernel\nortos\lib\</path>
         <kind>archive</kind>
         <file>nortos_msp432e4.aem4f</file>
         <name>HwiPMSP432E4_nortos.oem4f</name>
      </input_file>
      <input_file id="fl-19">
         <path>C:\ti\simplelink_msp432e4_sdk_4_20_00_12\kernel\nortos\lib\</path>
         <kind>archive</kind>
         <file>nortos_msp432e4.aem4f</file>
         <name>PowerMSP432E4_nortos.oem4f</name>
      </input_file>
      <input_file id="fl-1a">
         <path>C:\ti\simplelink_msp432e4_sdk_4_20_00_12\kernel\nortos\lib\</path>
         <kind>archive</kind>
         <file>nortos_msp432e4.aem4f</file>
         <name>startup_msp432e4_ccs.oem4f</name>
      </input_file>
      <input_file id="fl-1b">
         <path>C:\ti\simplelink_msp432e4_sdk_4_20_00_12\source\ti\devices\msp432e4\driverlib\lib\ccs\m4f\</path>
         <kind>archive</kind>
         <file>msp432e4_driverlib.a</file>
         <name>fpu.o</name>
      </input_file>
      <input_file id="fl-1c">
         <path>C:\ti\simplelink_msp432e4_sdk_4_20_00_12\source\ti\devices\msp432e4\driverlib\lib\ccs\m4f\</path>
         <kind>archive</kind>
         <file>msp432e4_driverlib.a</file>
         <name>gpio.o</name>
      </input_file>
      <input_file id="fl-1d">
         <path>C:\ti\simplelink_msp432e4_sdk_4_20_00_12\source\ti\devices\msp432e4\driverlib\lib\ccs\m4f\</path>
         <kind>archive</kind>
         <file>msp432e4_driverlib.a</file>
         <name>interrupt.o</name>
      </input_file>
      <input_file id="fl-1e">
         <path>C:\ti\simplelink_msp432e4_sdk_4_20_00_12\source\ti\devices\msp432e4\driverlib\lib\ccs\m4f\</path>
         <kind>archive</kind>
         <file>msp432e4_driverlib.a</file>
         <name>sysctl.o</name>
      </input_file>
      <input_file id="fl-1f">
         <path>C:\ti\simplelink_msp432e4_sdk_4_20_00_12\source\ti\devices\msp432e4\driverlib\lib\ccs\m4f\</path>
         <kind>archive</kind>
         <file>msp432e4_driverlib.a</file>
         <name>uart.o</name>
      </input_file>
      <input_file id="fl-20">
         <path>C:\ti\simplelink_msp432e4_sdk_4_20_00_12\source\ti\devices\msp432e4\driverlib\lib\ccs\m4f\</path>
         <kind>archive</kind>
         <file>msp432e4_driverlib.a</file>
         <name>cpu.o</name>
      </input_file>
      <input_file id="fl-d6">
         <path>C:\ti\ccs1240\ccs\tools\compiler\ti-cgt-arm_20.2.7.LTS\lib\</path>
         <kind>archive</kind>
         <file>rtsv7M4_T_le_v4SPD16_eabi.lib</file>
         <name>vla_alloc.c.obj</name>
      </input_file>
      <input_file id="fl-d7">
         <path>C:\ti\ccs1240\ccs\tools\compiler\ti-cgt-arm_20.2.7.LTS\lib\</path>
         <kind>archive</kind>
         <file>rtsv7M4_T_le_v4SPD16_eabi.lib</file>
         <name>sprintf.c.obj</name>
      </input_file>
      <input_file id="fl-d8">
         <path>C:\ti\ccs1240\ccs\tools\compiler\ti-cgt-arm_20.2.7.LTS\lib\</path>
         <kind>archive</kind>
         <file>rtsv7M4_T_le_v4SPD16_eabi.lib</file>
         <name>ll_mul_t2.asm.obj</name>
      </input_file>
      <input_file id="fl-d9">
         <path>C:\ti\ccs1240\ccs\tools\compiler\ti-cgt-arm_20.2.7.LTS\lib\</path>
         <kind>archive</kind>
         <file>rtsv7M4_T_le_v4SPD16_eabi.lib</file>
         <name>memcpy_t2.asm.obj</name>
      </input_file>
      <input_file id="fl-da">
         <path>C:\ti\ccs1240\ccs\tools\compiler\ti-cgt-arm_20.2.7.LTS\lib\</path>
         <kind>archive</kind>
         <file>rtsv7M4_T_le_v4SPD16_eabi.lib</file>
         <name>ull_div_t2.asm.obj</name>
      </input_file>
      <input_file id="fl-db">
         <path>C:\ti\ccs1240\ccs\tools\compiler\ti-cgt-arm_20.2.7.LTS\lib\</path>
         <kind>archive</kind>
         <file>rtsv7M4_T_le_v4SPD16_eabi.lib</file>
         <name>copy_zero_init.c.obj</name>
      </input_file>
      <input_file id="fl-dc">
         <path>C:\ti\ccs1240\ccs\tools\compiler\ti-cgt-arm_20.2.7.LTS\lib\</path>
         <kind>archive</kind>
         <file>rtsv7M4_T_le_v4SPD16_eabi.lib</file>
         <name>copy_decompress_none.c.obj</name>
      </input_file>
      <input_file id="fl-dd">
         <path>C:\ti\ccs1240\ccs\tools\compiler\ti-cgt-arm_20.2.7.LTS\lib\</path>
         <kind>archive</kind>
         <file>rtsv7M4_T_le_v4SPD16_eabi.lib</file>
         <name>copy_decompress_lzss.c.obj</name>
      </input_file>
      <input_file id="fl-de">
         <path>C:\ti\ccs1240\ccs\tools\compiler\ti-cgt-arm_20.2.7.LTS\lib\</path>
         <kind>archive</kind>
         <file>rtsv7M4_T_le_v4SPD16_eabi.lib</file>
         <name>memory.c.obj</name>
      </input_file>
      <input_file id="fl-df">
         <path>C:\ti\ccs1240\ccs\tools\compiler\ti-cgt-arm_20.2.7.LTS\lib\</path>
         <kind>archive</kind>
         <file>rtsv7M4_T_le_v4SPD16_eabi.lib</file>
         <name>strcmp.c.obj</name>
      </input_file>
      <input_file id="fl-e0">
         <path>C:\ti\ccs1240\ccs\tools\compiler\ti-cgt-arm_20.2.7.LTS\lib\</path>
         <kind>archive</kind>
         <file>rtsv7M4_T_le_v4SPD16_eabi.lib</file>
         <name>strlen.c.obj</name>
      </input_file>
      <input_file id="fl-e1">
         <path>C:\ti\ccs1240\ccs\tools\compiler\ti-cgt-arm_20.2.7.LTS\lib\</path>
         <kind>archive</kind>
         <file>rtsv7M4_T_le_v4SPD16_eabi.lib</file>
         <name>strncpy.c.obj</name>
      </input_file>
      <input_file id="fl-e2">
         <path>C:\ti\ccs1240\ccs\tools\compiler\ti-cgt-arm_20.2.7.LTS\lib\</path>
         <kind>archive</kind>
         <file>rtsv7M4_T_le_v4SPD16_eabi.lib</file>
         <name>boot_cortex_m.c.obj</name>
      </input_file>
      <input_file id="fl-e3">
         <path>C:\ti\ccs1240\ccs\tools\compiler\ti-cgt-arm_20.2.7.LTS\lib\</path>
         <kind>archive</kind>
         <file>rtsv7M4_T_le_v4SPD16_eabi.lib</file>
         <name>error.c.obj</name>
      </input_file>
      <input_file id="fl-e4">
         <path>C:\ti\ccs1240\ccs\tools\compiler\ti-cgt-arm_20.2.7.LTS\lib\</path>
         <kind>archive</kind>
         <file>rtsv7M4_T_le_v4SPD16_eabi.lib</file>
         <name>_printfi.c.obj</name>
      </input_file>
      <input_file id="fl-e5">
         <path>C:\ti\ccs1240\ccs\tools\compiler\ti-cgt-arm_20.2.7.LTS\lib\</path>
         <kind>archive</kind>
         <file>rtsv7M4_T_le_v4SPD16_eabi.lib</file>
         <name>div0.asm.obj</name>
      </input_file>
      <input_file id="fl-e6">
         <path>C:\ti\ccs1240\ccs\tools\compiler\ti-cgt-arm_20.2.7.LTS\lib\</path>
         <kind>archive</kind>
         <file>rtsv7M4_T_le_v4SPD16_eabi.lib</file>
         <name>fd_add_t2.asm.obj</name>
      </input_file>
      <input_file id="fl-e7">
         <path>C:\ti\ccs1240\ccs\tools\compiler\ti-cgt-arm_20.2.7.LTS\lib\</path>
         <kind>archive</kind>
         <file>rtsv7M4_T_le_v4SPD16_eabi.lib</file>
         <name>fd_cmp_t2.asm.obj</name>
      </input_file>
      <input_file id="fl-e8">
         <path>C:\ti\ccs1240\ccs\tools\compiler\ti-cgt-arm_20.2.7.LTS\lib\</path>
         <kind>archive</kind>
         <file>rtsv7M4_T_le_v4SPD16_eabi.lib</file>
         <name>fd_div_t2.asm.obj</name>
      </input_file>
      <input_file id="fl-e9">
         <path>C:\ti\ccs1240\ccs\tools\compiler\ti-cgt-arm_20.2.7.LTS\lib\</path>
         <kind>archive</kind>
         <file>rtsv7M4_T_le_v4SPD16_eabi.lib</file>
         <name>fd_mul_t2.asm.obj</name>
      </input_file>
      <input_file id="fl-ea">
         <path>C:\ti\ccs1240\ccs\tools\compiler\ti-cgt-arm_20.2.7.LTS\lib\</path>
         <kind>archive</kind>
         <file>rtsv7M4_T_le_v4SPD16_eabi.lib</file>
         <name>fd_toi_t2.asm.obj</name>
      </input_file>
      <input_file id="fl-eb">
         <path>C:\ti\ccs1240\ccs\tools\compiler\ti-cgt-arm_20.2.7.LTS\lib\</path>
         <kind>archive</kind>
         <file>rtsv7M4_T_le_v4SPD16_eabi.lib</file>
         <name>i_tofd_t2.asm.obj</name>
      </input_file>
      <input_file id="fl-ec">
         <path>C:\ti\ccs1240\ccs\tools\compiler\ti-cgt-arm_20.2.7.LTS\lib\</path>
         <kind>archive</kind>
         <file>rtsv7M4_T_le_v4SPD16_eabi.lib</file>
         <name>memset_t2.asm.obj</name>
      </input_file>
      <input_file id="fl-ed">
         <path>C:\ti\ccs1240\ccs\tools\compiler\ti-cgt-arm_20.2.7.LTS\lib\</path>
         <kind>archive</kind>
         <file>rtsv7M4_T_le_v4SPD16_eabi.lib</file>
         <name>autoinit.c.obj</name>
      </input_file>
      <input_file id="fl-ee">
         <path>C:\ti\ccs1240\ccs\tools\compiler\ti-cgt-arm_20.2.7.LTS\lib\</path>
         <kind>archive</kind>
         <file>rtsv7M4_T_le_v4SPD16_eabi.lib</file>
         <name>pre_init.c.obj</name>
      </input_file>
      <input_file id="fl-ef">
         <path>C:\ti\ccs1240\ccs\tools\compiler\ti-cgt-arm_20.2.7.LTS\lib\</path>
         <kind>archive</kind>
         <file>rtsv7M4_T_le_v4SPD16_eabi.lib</file>
         <name>cpy_tbl.c.obj</name>
      </input_file>
      <input_file id="fl-f0">
         <path>C:\ti\ccs1240\ccs\tools\compiler\ti-cgt-arm_20.2.7.LTS\lib\</path>
         <kind>archive</kind>
         <file>rtsv7M4_T_le_v4SPD16_eabi.lib</file>
         <name>exit.c.obj</name>
      </input_file>
      <input_file id="fl-f1">
         <path>C:\ti\ccs1240\ccs\tools\compiler\ti-cgt-arm_20.2.7.LTS\lib\</path>
         <kind>archive</kind>
         <file>rtsv7M4_T_le_v4SPD16_eabi.lib</file>
         <name>_lock.c.obj</name>
      </input_file>
      <input_file id="fl-f2">
         <path>C:\ti\ccs1240\ccs\tools\compiler\ti-cgt-arm_20.2.7.LTS\lib\</path>
         <kind>archive</kind>
         <file>rtsv7M4_T_le_v4SPD16_eabi.lib</file>
         <name>_ltoa.c.obj</name>
      </input_file>
      <input_file id="fl-f3">
         <path>C:\ti\ccs1240\ccs\tools\compiler\ti-cgt-arm_20.2.7.LTS\lib\</path>
         <kind>archive</kind>
         <file>rtsv7M4_T_le_v4SPD16_eabi.lib</file>
         <name>args_main.c.obj</name>
      </input_file>
      <input_file id="fl-f4">
         <path>C:\ti\ccs1240\ccs\tools\compiler\ti-cgt-arm_20.2.7.LTS\lib\</path>
         <kind>archive</kind>
         <file>rtsv7M4_T_le_v4SPD16_eabi.lib</file>
         <name>atoi.c.obj</name>
      </input_file>
      <input_file id="fl-f5">
         <path>C:\ti\ccs1240\ccs\tools\compiler\ti-cgt-arm_20.2.7.LTS\lib\</path>
         <kind>archive</kind>
         <file>rtsv7M4_T_le_v4SPD16_eabi.lib</file>
         <name>ctype.c.obj</name>
      </input_file>
      <input_file id="fl-f6">
         <path>C:\ti\ccs1240\ccs\tools\compiler\ti-cgt-arm_20.2.7.LTS\lib\</path>
         <kind>archive</kind>
         <file>rtsv7M4_T_le_v4SPD16_eabi.lib</file>
         <name>memccpy.c.obj</name>
      </input_file>
      <input_file id="fl-f7">
         <path>C:\ti\ccs1240\ccs\tools\compiler\ti-cgt-arm_20.2.7.LTS\lib\</path>
         <kind>archive</kind>
         <file>rtsv7M4_T_le_v4SPD16_eabi.lib</file>
         <name>strchr.c.obj</name>
      </input_file>
      <input_file id="fl-f8">
         <path>C:\ti\ccs1240\ccs\tools\compiler\ti-cgt-arm_20.2.7.LTS\lib\</path>
         <kind>archive</kind>
         <file>rtsv7M4_T_le_v4SPD16_eabi.lib</file>
         <name>errno.c.obj</name>
      </input_file>
      <input_file id="fl-f9">
         <path>C:\ti\ccs1240\ccs\tools\compiler\ti-cgt-arm_20.2.7.LTS\lib\</path>
         <kind>archive</kind>
         <file>rtsv7M4_T_le_v4SPD16_eabi.lib</file>
         <name>wcslen.c.obj</name>
      </input_file>
      <input_file id="fl-fa">
         <path>C:\ti\ccs1240\ccs\tools\compiler\ti-cgt-arm_20.2.7.LTS\lib\</path>
         <kind>archive</kind>
         <file>rtsv7M4_T_le_v4SPD16_eabi.lib</file>
         <name>s_frexp.c.obj</name>
      </input_file>
      <input_file id="fl-fb">
         <path>C:\ti\ccs1240\ccs\tools\compiler\ti-cgt-arm_20.2.7.LTS\lib\</path>
         <kind>archive</kind>
         <file>rtsv7M4_T_le_v4SPD16_eabi.lib</file>
         <name>s_scalbn.c.obj</name>
      </input_file>
      <input_file id="fl-fc">
         <path>C:\ti\ccs1240\ccs\tools\compiler\ti-cgt-arm_20.2.7.LTS\lib\</path>
         <kind>archive</kind>
         <file>rtsv7M4_T_le_v4SPD16_eabi.lib</file>
         <name>s_copysign.c.obj</name>
      </input_file>
   </input_file_list>
   <object_component_list>
      <object_component id="oc-346">
         <name>.text:__TI_printfi</name>
         <load_address>0x200</load_address>
         <run_address>0x200</run_address>
         <size>0xa4e</size>
         <input_file_ref idref="fl-e4"/>
      </object_component>
      <object_component id="oc-209">
         <name>.text:Board_initHook</name>
         <load_address>0xc4e</load_address>
         <run_address>0xc4e</run_address>
         <size>0x2</size>
         <input_file_ref idref="fl-4"/>
      </object_component>
      <object_component id="oc-54c">
         <name>.text:UARTMSP432E4_open</name>
         <load_address>0xc50</load_address>
         <run_address>0xc50</run_address>
         <size>0x2f0</size>
         <input_file_ref idref="fl-13"/>
      </object_component>
      <object_component id="oc-5e">
         <name>.text:SysCtlClockFreqSet</name>
         <load_address>0xf40</load_address>
         <run_address>0xf40</run_address>
         <size>0x2e0</size>
         <input_file_ref idref="fl-1e"/>
      </object_component>
      <object_component id="oc-18b">
         <name>.text:mainThread</name>
         <load_address>0x1220</load_address>
         <run_address>0x1220</run_address>
         <size>0x2cc</size>
         <input_file_ref idref="fl-3"/>
      </object_component>
      <object_component id="oc-49d">
         <name>.text:_pconv_a</name>
         <load_address>0x14ec</load_address>
         <run_address>0x14ec</run_address>
         <size>0x270</size>
         <input_file_ref idref="fl-e4"/>
      </object_component>
      <object_component id="oc-2fa">
         <name>.text:GPIOPadConfigSet</name>
         <load_address>0x175c</load_address>
         <run_address>0x175c</run_address>
         <size>0x23a</size>
         <input_file_ref idref="fl-1c"/>
      </object_component>
      <object_component id="oc-546">
         <name>.text:UARTMSP432E4_init</name>
         <load_address>0x1996</load_address>
         <run_address>0x1996</run_address>
         <size>0x2</size>
         <input_file_ref idref="fl-13"/>
      </object_component>
      <object_component id="oc-48b">
         <name>.text:_pconv_g</name>
         <load_address>0x1998</load_address>
         <run_address>0x1998</run_address>
         <size>0x1d0</size>
         <input_file_ref idref="fl-e4"/>
      </object_component>
      <object_component id="oc-5d7">
         <name>.text</name>
         <load_address>0x1b68</load_address>
         <run_address>0x1b68</run_address>
         <size>0x1b6</size>
         <input_file_ref idref="fl-e6"/>
      </object_component>
      <object_component id="oc-883">
         <name>.text:_IntDefaultHandler</name>
         <load_address>0x1d1e</load_address>
         <run_address>0x1d1e</run_address>
         <size>0x2</size>
         <input_file_ref idref="fl-1d"/>
      </object_component>
      <object_component id="oc-223">
         <name>.text:GPIO_setConfig</name>
         <load_address>0x1d20</load_address>
         <run_address>0x1d20</run_address>
         <size>0x184</size>
         <input_file_ref idref="fl-10"/>
      </object_component>
      <object_component id="oc-35f">
         <name>.text:__vla_alloc</name>
         <load_address>0x1ea4</load_address>
         <run_address>0x1ea4</run_address>
         <size>0x14c</size>
         <input_file_ref idref="fl-d6"/>
      </object_component>
      <object_component id="oc-497">
         <name>.text:_pconv_e</name>
         <load_address>0x1ff0</load_address>
         <run_address>0x1ff0</run_address>
         <size>0x13c</size>
         <input_file_ref idref="fl-e4"/>
      </object_component>
      <object_component id="oc-5bd">
         <name>.text</name>
         <load_address>0x212c</load_address>
         <run_address>0x212c</run_address>
         <size>0x136</size>
         <input_file_ref idref="fl-e8"/>
      </object_component>
      <object_component id="oc-382">
         <name>.text:_nop</name>
         <load_address>0x2262</load_address>
         <run_address>0x2262</run_address>
         <size>0x2</size>
         <input_file_ref idref="fl-f1"/>
      </object_component>
      <object_component id="oc-5e9">
         <name>.text:fcvt</name>
         <load_address>0x2264</load_address>
         <run_address>0x2264</run_address>
         <size>0x124</size>
         <input_file_ref idref="fl-e4"/>
      </object_component>
      <object_component id="oc-5fd">
         <name>.text:scalbn</name>
         <load_address>0x2388</load_address>
         <run_address>0x2388</run_address>
         <size>0x110</size>
         <input_file_ref idref="fl-fb"/>
      </object_component>
      <object_component id="oc-585">
         <name>.text:aligned_alloc</name>
         <load_address>0x2498</load_address>
         <run_address>0x2498</run_address>
         <size>0x100</size>
         <input_file_ref idref="fl-de"/>
      </object_component>
      <object_component id="oc-5b8">
         <name>.text</name>
         <load_address>0x2598</load_address>
         <run_address>0x2598</run_address>
         <size>0xfc</size>
         <input_file_ref idref="fl-e9"/>
      </object_component>
      <object_component id="oc-3bf">
         <name>.text:free</name>
         <load_address>0x2694</load_address>
         <run_address>0x2694</run_address>
         <size>0xe4</size>
         <input_file_ref idref="fl-de"/>
      </object_component>
      <object_component id="oc-4d1">
         <name>.text:realloc</name>
         <load_address>0x2778</load_address>
         <run_address>0x2778</run_address>
         <size>0xe4</size>
         <input_file_ref idref="fl-de"/>
      </object_component>
      <object_component id="oc-53a">
         <name>.text:UARTMSP432E4_close</name>
         <load_address>0x285c</load_address>
         <run_address>0x285c</run_address>
         <size>0xbe</size>
         <input_file_ref idref="fl-13"/>
      </object_component>
      <object_component id="oc-7ea">
         <name>.text:readTaskCallback</name>
         <load_address>0x291a</load_address>
         <run_address>0x291a</run_address>
         <size>0xb6</size>
         <input_file_ref idref="fl-13"/>
      </object_component>
      <object_component id="oc-480">
         <name>.text:_ltostr</name>
         <load_address>0x29d0</load_address>
         <run_address>0x29d0</run_address>
         <size>0xb1</size>
         <input_file_ref idref="fl-e4"/>
      </object_component>
      <object_component id="oc-7d8">
         <name>.text:readTaskBlocking</name>
         <load_address>0x2a82</load_address>
         <run_address>0x2a82</run_address>
         <size>0xb0</size>
         <input_file_ref idref="fl-13"/>
      </object_component>
      <object_component id="oc-78">
         <name>.text:busFaultHandler</name>
         <load_address>0x2b32</load_address>
         <run_address>0x2b32</run_address>
         <size>0x2</size>
         <input_file_ref idref="fl-1a"/>
      </object_component>
      <object_component id="oc-217">
         <name>.text:GPIO_init</name>
         <load_address>0x2b34</load_address>
         <run_address>0x2b34</run_address>
         <size>0xac</size>
         <input_file_ref idref="fl-10"/>
      </object_component>
      <object_component id="oc-312">
         <name>.text:GPIOIntTypeSet</name>
         <load_address>0x2be0</load_address>
         <run_address>0x2be0</run_address>
         <size>0xa4</size>
         <input_file_ref idref="fl-1c"/>
      </object_component>
      <object_component id="oc-2c1">
         <name>.text:SemaphoreP_pend</name>
         <load_address>0x2c84</load_address>
         <run_address>0x2c84</run_address>
         <size>0xa0</size>
         <input_file_ref idref="fl-16"/>
      </object_component>
      <object_component id="oc-558">
         <name>.text:UARTMSP432E4_readPolling</name>
         <load_address>0x2d24</load_address>
         <run_address>0x2d24</run_address>
         <size>0x9e</size>
         <input_file_ref idref="fl-13"/>
      </object_component>
      <object_component id="oc-3a">
         <name>.text</name>
         <load_address>0x2dc2</load_address>
         <run_address>0x2dc2</run_address>
         <size>0x9c</size>
         <input_file_ref idref="fl-d9"/>
      </object_component>
      <object_component id="oc-564">
         <name>.text:UARTMSP432E4_write</name>
         <load_address>0x2e5e</load_address>
         <run_address>0x2e5e</run_address>
         <size>0x98</size>
         <input_file_ref idref="fl-13"/>
      </object_component>
      <object_component id="oc-5b1">
         <name>.text</name>
         <load_address>0x2ef6</load_address>
         <run_address>0x2ef6</run_address>
         <size>0x96</size>
         <input_file_ref idref="fl-da"/>
      </object_component>
      <object_component id="oc-7de">
         <name>.text:readIsrTextBlocking</name>
         <load_address>0x2f8c</load_address>
         <run_address>0x2f8c</run_address>
         <size>0x94</size>
         <input_file_ref idref="fl-13"/>
      </object_component>
      <object_component id="oc-540">
         <name>.text:UARTMSP432E4_control</name>
         <load_address>0x3020</load_address>
         <run_address>0x3020</run_address>
         <size>0x90</size>
         <input_file_ref idref="fl-13"/>
      </object_component>
      <object_component id="oc-bb">
         <name>.text:_SysCtlFrequencyGet</name>
         <load_address>0x30b0</load_address>
         <run_address>0x30b0</run_address>
         <size>0x90</size>
         <input_file_ref idref="fl-1e"/>
      </object_component>
      <object_component id="oc-7f0">
         <name>.text:readIsrTextCallback</name>
         <load_address>0x3140</load_address>
         <run_address>0x3140</run_address>
         <size>0x88</size>
         <input_file_ref idref="fl-13"/>
      </object_component>
      <object_component id="oc-486">
         <name>.text:__aeabi_cdcmple</name>
         <load_address>0x31c8</load_address>
         <run_address>0x31c8</run_address>
         <size>0x86</size>
         <input_file_ref idref="fl-e7"/>
      </object_component>
      <object_component id="oc-5c2">
         <name>.text:__aeabi_cdrcmple</name>
         <load_address>0x324e</load_address>
         <run_address>0x324e</run_address>
         <size>0x86</size>
         <input_file_ref idref="fl-e7"/>
      </object_component>
      <object_component id="oc-853">
         <name>.text:IntDisable</name>
         <load_address>0x32d4</load_address>
         <run_address>0x32d4</run_address>
         <size>0x80</size>
         <input_file_ref idref="fl-1d"/>
      </object_component>
      <object_component id="oc-598">
         <name>.text:IntEnable</name>
         <load_address>0x3354</load_address>
         <run_address>0x3354</run_address>
         <size>0x80</size>
         <input_file_ref idref="fl-1d"/>
      </object_component>
      <object_component id="oc-72f">
         <name>.text:writeData</name>
         <load_address>0x33d4</load_address>
         <run_address>0x33d4</run_address>
         <size>0x7c</size>
         <input_file_ref idref="fl-13"/>
      </object_component>
      <object_component id="oc-a2">
         <name>.text</name>
         <load_address>0x3450</load_address>
         <run_address>0x3450</run_address>
         <size>0x7a</size>
         <input_file_ref idref="fl-ec"/>
      </object_component>
      <object_component id="oc-3e4">
         <name>.text:clkFxn</name>
         <load_address>0x34ca</load_address>
         <run_address>0x34ca</run_address>
         <size>0x2</size>
         <input_file_ref idref="fl-16"/>
      </object_component>
      <object_component id="oc-4cb">
         <name>.text:_ZN33_INTERNAL_11_vla_alloc_c_be8bd49b21free_dead_allocationsEPv</name>
         <load_address>0x34cc</load_address>
         <run_address>0x34cc</run_address>
         <size>0x78</size>
         <input_file_ref idref="fl-d6"/>
      </object_component>
      <object_component id="oc-6df">
         <name>.text:UARTConfigSetExpClk</name>
         <load_address>0x3544</load_address>
         <run_address>0x3544</run_address>
         <size>0x76</size>
         <input_file_ref idref="fl-1f"/>
      </object_component>
      <object_component id="oc-72">
         <name>.text:defaultHandler</name>
         <load_address>0x35ba</load_address>
         <run_address>0x35ba</run_address>
         <size>0x2</size>
         <input_file_ref idref="fl-1a"/>
      </object_component>
      <object_component id="oc-440">
         <name>.text:HwiP_construct</name>
         <load_address>0x35bc</load_address>
         <run_address>0x35bc</run_address>
         <size>0x70</size>
         <input_file_ref idref="fl-18"/>
      </object_component>
      <object_component id="oc-371">
         <name>.text:__vla_dealloc</name>
         <load_address>0x362c</load_address>
         <run_address>0x362c</run_address>
         <size>0x70</size>
         <input_file_ref idref="fl-d6"/>
      </object_component>
      <object_component id="oc-62b">
         <name>.text:split</name>
         <load_address>0x369c</load_address>
         <run_address>0x369c</run_address>
         <size>0x70</size>
         <input_file_ref idref="fl-de"/>
      </object_component>
      <object_component id="oc-253">
         <name>.text:stringStartsWith</name>
         <load_address>0x370c</load_address>
         <run_address>0x370c</run_address>
         <size>0x70</size>
         <input_file_ref idref="fl-3"/>
      </object_component>
      <object_component id="oc-5e2">
         <name>.text:_mcpy</name>
         <load_address>0x377c</load_address>
         <run_address>0x377c</run_address>
         <size>0x6e</size>
         <input_file_ref idref="fl-e4"/>
      </object_component>
      <object_component id="oc-6c">
         <name>.text:faultISR</name>
         <load_address>0x37ea</load_address>
         <run_address>0x37ea</run_address>
         <size>0x2</size>
         <input_file_ref idref="fl-1a"/>
      </object_component>
      <object_component id="oc-670">
         <name>.text:Power_releaseDependency</name>
         <load_address>0x37ec</load_address>
         <run_address>0x37ec</run_address>
         <size>0x6c</size>
         <input_file_ref idref="fl-11"/>
      </object_component>
      <object_component id="oc-32d">
         <name>.text:GPIO_hwiIntFxn</name>
         <load_address>0x3858</load_address>
         <run_address>0x3858</run_address>
         <size>0x68</size>
         <input_file_ref idref="fl-10"/>
      </object_component>
      <object_component id="oc-2e8">
         <name>.text:Power_setDependency</name>
         <load_address>0x38c0</load_address>
         <run_address>0x38c0</run_address>
         <size>0x68</size>
         <input_file_ref idref="fl-11"/>
      </object_component>
      <object_component id="oc-13">
         <name>.text:decompress:lzss:__TI_decompress_lzss</name>
         <load_address>0x3928</load_address>
         <run_address>0x3928</run_address>
         <size>0x68</size>
         <input_file_ref idref="fl-dd"/>
      </object_component>
      <object_component id="oc-7d2">
         <name>.text:readIsrBinaryBlocking</name>
         <load_address>0x3990</load_address>
         <run_address>0x3990</run_address>
         <size>0x68</size>
         <input_file_ref idref="fl-13"/>
      </object_component>
      <object_component id="oc-203">
         <name>.text:Power_init</name>
         <load_address>0x39f8</load_address>
         <run_address>0x39f8</run_address>
         <size>0x64</size>
         <input_file_ref idref="fl-11"/>
      </object_component>
      <object_component id="oc-5f7">
         <name>.text:frexp</name>
         <load_address>0x3a5c</load_address>
         <run_address>0x3a5c</run_address>
         <size>0x64</size>
         <input_file_ref idref="fl-fa"/>
      </object_component>
      <object_component id="oc-7e4">
         <name>.text:readIsrBinaryCallback</name>
         <load_address>0x3ac0</load_address>
         <run_address>0x3ac0</run_address>
         <size>0x64</size>
         <input_file_ref idref="fl-13"/>
      </object_component>
      <object_component id="oc-2ee">
         <name>.text:GPIODirModeSet</name>
         <load_address>0x3b24</load_address>
         <run_address>0x3b24</run_address>
         <size>0x5c</size>
         <input_file_ref idref="fl-1c"/>
      </object_component>
      <object_component id="oc-58c">
         <name>.text:IntRegister</name>
         <load_address>0x3b80</load_address>
         <run_address>0x3b80</run_address>
         <size>0x5c</size>
         <input_file_ref idref="fl-1d"/>
      </object_component>
      <object_component id="oc-66a">
         <name>.text:getPowerResourceId</name>
         <load_address>0x3bdc</load_address>
         <run_address>0x3bdc</run_address>
         <size>0x5c</size>
         <input_file_ref idref="fl-13"/>
      </object_component>
      <object_component id="oc-2c7">
         <name>.text:GPIO_setCallback</name>
         <load_address>0x3c38</load_address>
         <run_address>0x3c38</run_address>
         <size>0x58</size>
         <input_file_ref idref="fl-10"/>
      </object_component>
      <object_component id="oc-791">
         <name>.text:sysTickInit</name>
         <load_address>0x3c90</load_address>
         <run_address>0x3c90</run_address>
         <size>0x58</size>
         <input_file_ref idref="fl-17"/>
      </object_component>
      <object_component id="oc-491">
         <name>.text:_pconv_f</name>
         <load_address>0x3ce8</load_address>
         <run_address>0x3ce8</run_address>
         <size>0x56</size>
         <input_file_ref idref="fl-e4"/>
      </object_component>
      <object_component id="oc-66">
         <name>.text:nmiISR</name>
         <load_address>0x3d3e</load_address>
         <run_address>0x3d3e</run_address>
         <size>0x2</size>
         <input_file_ref idref="fl-1a"/>
      </object_component>
      <object_component id="oc-229">
         <name>.text:GPIO_write</name>
         <load_address>0x3d40</load_address>
         <run_address>0x3d40</run_address>
         <size>0x54</size>
         <input_file_ref idref="fl-10"/>
      </object_component>
      <object_component id="oc-592">
         <name>.text:IntPrioritySet</name>
         <load_address>0x3d94</load_address>
         <run_address>0x3d94</run_address>
         <size>0x54</size>
         <input_file_ref idref="fl-1d"/>
      </object_component>
      <object_component id="oc-5cc">
         <name>.text:__TI_ltoa</name>
         <load_address>0x3de8</load_address>
         <run_address>0x3de8</run_address>
         <size>0x54</size>
         <input_file_ref idref="fl-f2"/>
      </object_component>
      <object_component id="oc-5dc">
         <name>.text:_ecpy</name>
         <load_address>0x3e3c</load_address>
         <run_address>0x3e3c</run_address>
         <size>0x52</size>
         <input_file_ref idref="fl-e4"/>
      </object_component>
      <object_component id="oc-75a">
         <name>.text</name>
         <load_address>0x3e8e</load_address>
         <run_address>0x3e8e</run_address>
         <size>0x2</size>
         <input_file_ref idref="fl-e5"/>
      </object_component>
      <object_component id="oc-7e">
         <name>.text:ClockP_sysTickHandler</name>
         <load_address>0x3e90</load_address>
         <run_address>0x3e90</run_address>
         <size>0x50</size>
         <input_file_ref idref="fl-17"/>
      </object_component>
      <object_component id="oc-4ff">
         <name>.text:SemaphoreP_construct</name>
         <load_address>0x3ee0</load_address>
         <run_address>0x3ee0</run_address>
         <size>0x50</size>
         <input_file_ref idref="fl-16"/>
      </object_component>
      <object_component id="oc-6e8">
         <name>.text:UARTMSP432E4_hwiIntFxn</name>
         <load_address>0x3f30</load_address>
         <run_address>0x3f30</run_address>
         <size>0x50</size>
         <input_file_ref idref="fl-13"/>
      </object_component>
      <object_component id="oc-56a">
         <name>.text:UARTMSP432E4_writePolling</name>
         <load_address>0x3f80</load_address>
         <run_address>0x3f80</run_address>
         <size>0x4c</size>
         <input_file_ref idref="fl-13"/>
      </object_component>
      <object_component id="oc-47a">
         <name>.text:atoi</name>
         <load_address>0x3fcc</load_address>
         <run_address>0x3fcc</run_address>
         <size>0x4c</size>
         <input_file_ref idref="fl-f4"/>
      </object_component>
      <object_component id="oc-70f">
         <name>.text:ringBufGet</name>
         <load_address>0x4018</load_address>
         <run_address>0x4018</run_address>
         <size>0x4c</size>
         <input_file_ref idref="fl-13"/>
      </object_component>
      <object_component id="oc-570">
         <name>.text:UARTMSP432E4_writeCancel</name>
         <load_address>0x4064</load_address>
         <run_address>0x4064</run_address>
         <size>0x48</size>
         <input_file_ref idref="fl-13"/>
      </object_component>
      <object_component id="oc-5c7">
         <name>.text</name>
         <load_address>0x40ac</load_address>
         <run_address>0x40ac</run_address>
         <size>0x48</size>
         <input_file_ref idref="fl-ea"/>
      </object_component>
      <object_component id="oc-820">
         <name>.text:RingBuf_put</name>
         <load_address>0x40f4</load_address>
         <run_address>0x40f4</run_address>
         <size>0x46</size>
         <input_file_ref idref="fl-14"/>
      </object_component>
      <object_component id="oc-527">
         <name>.text:ClockP_stop</name>
         <load_address>0x413c</load_address>
         <run_address>0x413c</run_address>
         <size>0x44</size>
         <input_file_ref idref="fl-17"/>
      </object_component>
      <object_component id="oc-6a3">
         <name>.text:GPIOPinConfigure</name>
         <load_address>0x4180</load_address>
         <run_address>0x4180</run_address>
         <size>0x44</size>
         <input_file_ref idref="fl-1c"/>
      </object_component>
      <object_component id="oc-2cd">
         <name>.text:SemaphoreP_post</name>
         <load_address>0x41c4</load_address>
         <run_address>0x41c4</run_address>
         <size>0x44</size>
         <input_file_ref idref="fl-16"/>
      </object_component>
      <object_component id="oc-415">
         <name>.text:SysCtlPeripheralPresent</name>
         <load_address>0x4208</load_address>
         <run_address>0x4208</run_address>
         <size>0x44</size>
         <input_file_ref idref="fl-1e"/>
      </object_component>
      <object_component id="oc-42d">
         <name>.text:SysCtlPeripheralReady</name>
         <load_address>0x424c</load_address>
         <run_address>0x424c</run_address>
         <size>0x44</size>
         <input_file_ref idref="fl-1e"/>
      </object_component>
      <object_component id="oc-21d">
         <name>.text:UART_init</name>
         <load_address>0x4290</load_address>
         <run_address>0x4290</run_address>
         <size>0x44</size>
         <input_file_ref idref="fl-12"/>
      </object_component>
      <object_component id="oc-b5">
         <name>.text:_SysCtlMemTimingGet</name>
         <load_address>0x42d4</load_address>
         <run_address>0x42d4</run_address>
         <size>0x44</size>
         <input_file_ref idref="fl-1e"/>
      </object_component>
      <object_component id="oc-19e">
         <name>.text:__TI_auto_init_nobinit_nopinit:__TI_auto_init_nobinit_nopinit</name>
         <load_address>0x4318</load_address>
         <run_address>0x4318</run_address>
         <size>0x44</size>
         <input_file_ref idref="fl-ed"/>
      </object_component>
      <object_component id="oc-7c6">
         <name>.text:ClockP_construct</name>
         <load_address>0x435c</load_address>
         <run_address>0x435c</run_address>
         <size>0x40</size>
         <input_file_ref idref="fl-17"/>
      </object_component>
      <object_component id="oc-814">
         <name>.text:RingBuf_get</name>
         <load_address>0x439c</load_address>
         <run_address>0x439c</run_address>
         <size>0x40</size>
         <input_file_ref idref="fl-14"/>
      </object_component>
      <object_component id="oc-7a3">
         <name>.text:SysCtlPeripheralDisable</name>
         <load_address>0x43dc</load_address>
         <run_address>0x43dc</run_address>
         <size>0x40</size>
         <input_file_ref idref="fl-1e"/>
      </object_component>
      <object_component id="oc-421">
         <name>.text:SysCtlPeripheralEnable</name>
         <load_address>0x441c</load_address>
         <run_address>0x441c</run_address>
         <size>0x40</size>
         <input_file_ref idref="fl-1e"/>
      </object_component>
      <object_component id="oc-28e">
         <name>.text:SysCtlPeripheralPowerOff</name>
         <load_address>0x445c</load_address>
         <run_address>0x445c</run_address>
         <size>0x40</size>
         <input_file_ref idref="fl-1e"/>
      </object_component>
      <object_component id="oc-41b">
         <name>.text:SysCtlPeripheralPowerOn</name>
         <load_address>0x449c</load_address>
         <run_address>0x449c</run_address>
         <size>0x40</size>
         <input_file_ref idref="fl-1e"/>
      </object_component>
      <object_component id="oc-7a9">
         <name>.text:SysCtlPeripheralSleepDisable</name>
         <load_address>0x44dc</load_address>
         <run_address>0x44dc</run_address>
         <size>0x40</size>
         <input_file_ref idref="fl-1e"/>
      </object_component>
      <object_component id="oc-427">
         <name>.text:SysCtlPeripheralSleepEnable</name>
         <load_address>0x451c</load_address>
         <run_address>0x451c</run_address>
         <size>0x40</size>
         <input_file_ref idref="fl-1e"/>
      </object_component>
      <object_component id="oc-552">
         <name>.text:UARTMSP432E4_read</name>
         <load_address>0x455c</load_address>
         <run_address>0x455c</run_address>
         <size>0x40</size>
         <input_file_ref idref="fl-13"/>
      </object_component>
      <object_component id="oc-235">
         <name>.text:UART_open</name>
         <load_address>0x459c</load_address>
         <run_address>0x459c</run_address>
         <size>0x40</size>
         <input_file_ref idref="fl-12"/>
      </object_component>
      <object_component id="oc-24d">
         <name>.text:sprintf</name>
         <load_address>0x45dc</load_address>
         <run_address>0x45dc</run_address>
         <size>0x40</size>
         <input_file_ref idref="fl-d7"/>
      </object_component>
      <object_component id="oc-5ef">
         <name>.text:_fcpy</name>
         <load_address>0x461c</load_address>
         <run_address>0x461c</run_address>
         <size>0x3e</size>
         <input_file_ref idref="fl-e4"/>
      </object_component>
      <object_component id="oc-3de">
         <name>.text:ClockP_destruct</name>
         <load_address>0x465c</load_address>
         <run_address>0x465c</run_address>
         <size>0x3c</size>
         <input_file_ref idref="fl-17"/>
      </object_component>
      <object_component id="oc-ec">
         <name>.text:addToList</name>
         <load_address>0x4698</load_address>
         <run_address>0x4698</run_address>
         <size>0x38</size>
         <input_file_ref idref="fl-17"/>
      </object_component>
      <object_component id="oc-55e">
         <name>.text:UARTMSP432E4_readCancel</name>
         <load_address>0x46d0</load_address>
         <run_address>0x46d0</run_address>
         <size>0x36</size>
         <input_file_ref idref="fl-13"/>
      </object_component>
      <object_component id="oc-365">
         <name>.text:strncpy</name>
         <load_address>0x4706</load_address>
         <run_address>0x4706</run_address>
         <size>0x36</size>
         <input_file_ref idref="fl-e1"/>
      </object_component>
      <object_component id="oc-651">
         <name>.text:ClockP_startup</name>
         <load_address>0x473c</load_address>
         <run_address>0x473c</run_address>
         <size>0x34</size>
         <input_file_ref idref="fl-17"/>
      </object_component>
      <object_component id="oc-d6">
         <name>.text:_c_int00_noargs:_c_int00_noargs</name>
         <load_address>0x4770</load_address>
         <run_address>0x4770</run_address>
         <size>0x34</size>
         <input_file_ref idref="fl-e2"/>
      </object_component>
      <object_component id="oc-17f">
         <name>.text:Board_init</name>
         <load_address>0x47a4</load_address>
         <run_address>0x47a4</run_address>
         <size>0x30</size>
         <input_file_ref idref="fl-4"/>
      </object_component>
      <object_component id="oc-3cc">
         <name>.text:ClockP_start</name>
         <load_address>0x47d4</load_address>
         <run_address>0x47d4</run_address>
         <size>0x30</size>
         <input_file_ref idref="fl-17"/>
      </object_component>
      <object_component id="oc-676">
         <name>.text:GPIOMSP432E4_undoPinConfig</name>
         <load_address>0x4804</load_address>
         <run_address>0x4804</run_address>
         <size>0x30</size>
         <input_file_ref idref="fl-10"/>
      </object_component>
      <object_component id="oc-664">
         <name>.text:UARTDisable</name>
         <load_address>0x4834</load_address>
         <run_address>0x4834</run_address>
         <size>0x30</size>
         <input_file_ref idref="fl-1f"/>
      </object_component>
      <object_component id="oc-5d2">
         <name>.text</name>
         <load_address>0x4864</load_address>
         <run_address>0x4864</run_address>
         <size>0x2e</size>
         <input_file_ref idref="fl-eb"/>
      </object_component>
      <object_component id="oc-294">
         <name>.text:SysCtlPeripheralClockGating</name>
         <load_address>0x4894</load_address>
         <run_address>0x4894</run_address>
         <size>0x2c</size>
         <input_file_ref idref="fl-1e"/>
      </object_component>
      <object_component id="oc-30c">
         <name>.text:HwiP_create</name>
         <load_address>0x48c0</load_address>
         <run_address>0x48c0</run_address>
         <size>0x2a</size>
         <input_file_ref idref="fl-18"/>
      </object_component>
      <object_component id="oc-51f">
         <name>.text:free_list_insert</name>
         <load_address>0x48ec</load_address>
         <run_address>0x48ec</run_address>
         <size>0x28</size>
         <input_file_ref idref="fl-de"/>
      </object_component>
      <object_component id="oc-6af">
         <name>.text:GPIOPinTypeUART</name>
         <load_address>0x4914</load_address>
         <run_address>0x4914</run_address>
         <size>0x24</size>
         <input_file_ref idref="fl-1c"/>
      </object_component>
      <object_component id="oc-59e">
         <name>.text:HwiP_dispatch</name>
         <load_address>0x4938</load_address>
         <run_address>0x4938</run_address>
         <size>0x24</size>
         <input_file_ref idref="fl-18"/>
      </object_component>
      <object_component id="oc-82b">
         <name>.text:UARTCharPutNonBlocking</name>
         <load_address>0x495c</load_address>
         <run_address>0x495c</run_address>
         <size>0x24</size>
         <input_file_ref idref="fl-1f"/>
      </object_component>
      <object_component id="oc-6cd">
         <name>.text:UARTEnable</name>
         <load_address>0x4980</load_address>
         <run_address>0x4980</run_address>
         <size>0x24</size>
         <input_file_ref idref="fl-1f"/>
      </object_component>
      <object_component id="oc-453">
         <name>.text:GPIOIntStatus</name>
         <load_address>0x49a4</load_address>
         <run_address>0x49a4</run_address>
         <size>0x22</size>
         <input_file_ref idref="fl-1c"/>
      </object_component>
      <object_component id="oc-2f4">
         <name>.text:GPIOPinWrite</name>
         <load_address>0x49c6</load_address>
         <run_address>0x49c6</run_address>
         <size>0x20</size>
         <input_file_ref idref="fl-1c"/>
      </object_component>
      <object_component id="oc-68f">
         <name>.text:RingBuf_peek</name>
         <load_address>0x49e6</load_address>
         <run_address>0x49e6</run_address>
         <size>0x20</size>
         <input_file_ref idref="fl-14"/>
      </object_component>
      <object_component id="oc-300">
         <name>.text:getGpioIntIndex</name>
         <load_address>0x4a06</load_address>
         <run_address>0x4a06</run_address>
         <size>0x20</size>
         <input_file_ref idref="fl-10"/>
      </object_component>
      <object_component id="oc-20">
         <name>.text:resetISR</name>
         <load_address>0x4a28</load_address>
         <run_address>0x4a28</run_address>
         <size>0x20</size>
         <input_file_ref idref="fl-1a"/>
      </object_component>
      <object_component id="oc-723">
         <name>.text:UARTBusy</name>
         <load_address>0x4a48</load_address>
         <run_address>0x4a48</run_address>
         <size>0x1e</size>
         <input_file_ref idref="fl-1f"/>
      </object_component>
      <object_component id="oc-71b">
         <name>.text:UARTCharPut</name>
         <load_address>0x4a66</load_address>
         <run_address>0x4a66</run_address>
         <size>0x1e</size>
         <input_file_ref idref="fl-1f"/>
      </object_component>
      <object_component id="oc-866">
         <name>.text:UARTCharsAvail</name>
         <load_address>0x4a84</load_address>
         <run_address>0x4a84</run_address>
         <size>0x1e</size>
         <input_file_ref idref="fl-1f"/>
      </object_component>
      <object_component id="oc-729">
         <name>.text:UARTIntStatus</name>
         <load_address>0x4aa2</load_address>
         <run_address>0x4aa2</run_address>
         <size>0x1e</size>
         <input_file_ref idref="fl-1f"/>
      </object_component>
      <object_component id="oc-859">
         <name>.text:IntUnregister</name>
         <load_address>0x4ac0</load_address>
         <run_address>0x4ac0</run_address>
         <size>0x1c</size>
         <input_file_ref idref="fl-1d"/>
      </object_component>
      <object_component id="oc-81a">
         <name>.text:UARTCharGetNonBlocking</name>
         <load_address>0x4adc</load_address>
         <run_address>0x4adc</run_address>
         <size>0x1c</size>
         <input_file_ref idref="fl-1f"/>
      </object_component>
      <object_component id="oc-6b5">
         <name>.text:UARTFlowControlSet</name>
         <load_address>0x4af8</load_address>
         <run_address>0x4af8</run_address>
         <size>0x1c</size>
         <input_file_ref idref="fl-1f"/>
      </object_component>
      <object_component id="oc-735">
         <name>.text:UARTTxIntModeSet</name>
         <load_address>0x4b14</load_address>
         <run_address>0x4b14</run_address>
         <size>0x1c</size>
         <input_file_ref idref="fl-1f"/>
      </object_component>
      <object_component id="oc-46">
         <name>.text:decompress:ZI:__TI_zero_init_nomemset:__TI_zero_init_nomemset</name>
         <load_address>0x4b30</load_address>
         <run_address>0x4b30</run_address>
         <size>0x1c</size>
         <input_file_ref idref="fl-db"/>
      </object_component>
      <object_component id="oc-519">
         <name>.text:free_list_remove</name>
         <load_address>0x4b4c</load_address>
         <run_address>0x4b4c</run_address>
         <size>0x1c</size>
         <input_file_ref idref="fl-de"/>
      </object_component>
      <object_component id="oc-4a3">
         <name>.text:memccpy</name>
         <load_address>0x4b68</load_address>
         <run_address>0x4b68</run_address>
         <size>0x1c</size>
         <input_file_ref idref="fl-f6"/>
      </object_component>
      <object_component id="oc-6c1">
         <name>.text:ClockP_create</name>
         <load_address>0x4b84</load_address>
         <run_address>0x4b84</run_address>
         <size>0x1a</size>
         <input_file_ref idref="fl-17"/>
      </object_component>
      <object_component id="oc-2a9">
         <name>.text:SemaphoreP_createBinary</name>
         <load_address>0x4b9e</load_address>
         <run_address>0x4b9e</run_address>
         <size>0x1a</size>
         <input_file_ref idref="fl-16"/>
      </object_component>
      <object_component id="oc-773">
         <name>.text:copysign</name>
         <load_address>0x4bb8</load_address>
         <run_address>0x4bb8</run_address>
         <size>0x1a</size>
         <input_file_ref idref="fl-fc"/>
      </object_component>
      <object_component id="oc-58">
         <name>.text:FPUEnable</name>
         <load_address>0x4bd4</load_address>
         <run_address>0x4bd4</run_address>
         <size>0x18</size>
         <input_file_ref idref="fl-1b"/>
      </object_component>
      <object_component id="oc-649">
         <name>.text:Power_idleFunc</name>
         <load_address>0x4bec</load_address>
         <run_address>0x4bec</run_address>
         <size>0x18</size>
         <input_file_ref idref="fl-11"/>
      </object_component>
      <object_component id="oc-6d3">
         <name>.text:UARTFIFOLevelSet</name>
         <load_address>0x4c04</load_address>
         <run_address>0x4c04</run_address>
         <size>0x18</size>
         <input_file_ref idref="fl-1f"/>
      </object_component>
      <object_component id="oc-65e">
         <name>.text:UARTIntDisable</name>
         <load_address>0x4c1c</load_address>
         <run_address>0x4c1c</run_address>
         <size>0x18</size>
         <input_file_ref idref="fl-1f"/>
      </object_component>
      <object_component id="oc-695">
         <name>.text:UARTIntEnable</name>
         <load_address>0x4c34</load_address>
         <run_address>0x4c34</run_address>
         <size>0x18</size>
         <input_file_ref idref="fl-1f"/>
      </object_component>
      <object_component id="oc-22f">
         <name>.text:UART_Params_init</name>
         <load_address>0x4c4c</load_address>
         <run_address>0x4c4c</run_address>
         <size>0x18</size>
         <input_file_ref idref="fl-12"/>
      </object_component>
      <object_component id="oc-34c">
         <name>.text:_outs</name>
         <load_address>0x4c64</load_address>
         <run_address>0x4c64</run_address>
         <size>0x18</size>
         <input_file_ref idref="fl-d7"/>
      </object_component>
      <object_component id="oc-36b">
         <name>.text:strcmp</name>
         <load_address>0x4c7c</load_address>
         <run_address>0x4c7c</run_address>
         <size>0x18</size>
         <input_file_ref idref="fl-df"/>
      </object_component>
      <object_component id="oc-3b4">
         <name>.text:SemaphoreP_create</name>
         <load_address>0x4c94</load_address>
         <run_address>0x4c94</run_address>
         <size>0x16</size>
         <input_file_ref idref="fl-16"/>
      </object_component>
      <object_component id="oc-715">
         <name>.text:UARTCharGet</name>
         <load_address>0x4caa</load_address>
         <run_address>0x4caa</run_address>
         <size>0x16</size>
         <input_file_ref idref="fl-1f"/>
      </object_component>
      <object_component id="oc-603">
         <name>.text:strchr</name>
         <load_address>0x4cc0</load_address>
         <run_address>0x4cc0</run_address>
         <size>0x16</size>
         <input_file_ref idref="fl-f7"/>
      </object_component>
      <object_component id="oc-318">
         <name>.text:GPIOIntClear</name>
         <load_address>0x4cd6</load_address>
         <run_address>0x4cd6</run_address>
         <size>0x14</size>
         <input_file_ref idref="fl-1c"/>
      </object_component>
      <object_component id="oc-6a9">
         <name>.text:GPIOMSP432E4_getGpioBaseAddr</name>
         <load_address>0x4cec</load_address>
         <run_address>0x4cec</run_address>
         <size>0x14</size>
         <input_file_ref idref="fl-10"/>
      </object_component>
      <object_component id="oc-67c">
         <name>.text:GPIOMSP432E4_getPowerResourceId</name>
         <load_address>0x4d00</load_address>
         <run_address>0x4d00</run_address>
         <size>0x14</size>
         <input_file_ref idref="fl-10"/>
      </object_component>
      <object_component id="oc-3ef">
         <name>.text:HwiP_inISR</name>
         <load_address>0x4d14</load_address>
         <run_address>0x4d14</run_address>
         <size>0x14</size>
         <input_file_ref idref="fl-18"/>
      </object_component>
      <object_component id="oc-3f5">
         <name>.text:Power_disablePolicy</name>
         <load_address>0x4d28</load_address>
         <run_address>0x4d28</run_address>
         <size>0x14</size>
         <input_file_ref idref="fl-11"/>
      </object_component>
      <object_component id="oc-247">
         <name>.text:strlen</name>
         <load_address>0x4d3c</load_address>
         <run_address>0x4d3c</run_address>
         <size>0x14</size>
         <input_file_ref idref="fl-e0"/>
      </object_component>
      <object_component id="oc-306">
         <name>.text:HwiP_Params_init</name>
         <load_address>0x4d50</load_address>
         <run_address>0x4d50</run_address>
         <size>0x12</size>
         <input_file_ref idref="fl-18"/>
      </object_component>
      <object_component id="oc-7b2">
         <name>.text:HwiP_destruct</name>
         <load_address>0x4d62</load_address>
         <run_address>0x4d62</run_address>
         <size>0x12</size>
         <input_file_ref idref="fl-18"/>
      </object_component>
      <object_component id="oc-69d">
         <name>.text:RingBuf_construct</name>
         <load_address>0x4d74</load_address>
         <run_address>0x4d74</run_address>
         <size>0x12</size>
         <input_file_ref idref="fl-14"/>
      </object_component>
      <object_component id="oc-6c7">
         <name>.text:UARTIntClear</name>
         <load_address>0x4d86</load_address>
         <run_address>0x4d86</run_address>
         <size>0x12</size>
         <input_file_ref idref="fl-1f"/>
      </object_component>
      <object_component id="oc-7f8">
         <name>.text:UARTRxErrorGet</name>
         <load_address>0x4d98</load_address>
         <run_address>0x4d98</run_address>
         <size>0x12</size>
         <input_file_ref idref="fl-1f"/>
      </object_component>
      <object_component id="oc-13f">
         <name>.text:main</name>
         <load_address>0x4daa</load_address>
         <run_address>0x4daa</run_address>
         <size>0x12</size>
         <input_file_ref idref="fl-2"/>
      </object_component>
      <object_component id="oc-4a9">
         <name>.text:wcslen</name>
         <load_address>0x4dbc</load_address>
         <run_address>0x4dbc</run_address>
         <size>0x12</size>
         <input_file_ref idref="fl-f9"/>
      </object_component>
      <object_component id="oc-3c6">
         <name>.text:ClockP_add</name>
         <load_address>0x4dce</load_address>
         <run_address>0x4dce</run_address>
         <size>0x10</size>
         <input_file_ref idref="fl-17"/>
      </object_component>
      <object_component id="oc-688">
         <name>.text:ClockP_delete</name>
         <load_address>0x4dde</load_address>
         <run_address>0x4dde</run_address>
         <size>0x10</size>
         <input_file_ref idref="fl-17"/>
      </object_component>
      <object_component id="oc-6d9">
         <name>.text:ClockP_getCpuFreq</name>
         <load_address>0x4df0</load_address>
         <run_address>0x4df0</run_address>
         <size>0x10</size>
         <input_file_ref idref="fl-17"/>
      </object_component>
      <object_component id="oc-682">
         <name>.text:HwiP_delete</name>
         <load_address>0x4e00</load_address>
         <run_address>0x4e00</run_address>
         <size>0x10</size>
         <input_file_ref idref="fl-18"/>
      </object_component>
      <object_component id="oc-52">
         <name>.text:IntMasterDisable</name>
         <load_address>0x4e10</load_address>
         <run_address>0x4e10</run_address>
         <size>0x10</size>
         <input_file_ref idref="fl-1d"/>
      </object_component>
      <object_component id="oc-210">
         <name>.text:IntMasterEnable</name>
         <load_address>0x4e20</load_address>
         <run_address>0x4e20</run_address>
         <size>0x10</size>
         <input_file_ref idref="fl-1d"/>
      </object_component>
      <object_component id="oc-3a3">
         <name>.text:PowerMSP432E4_sleepPolicy</name>
         <load_address>0x4e30</load_address>
         <run_address>0x4e30</run_address>
         <size>0x10</size>
         <input_file_ref idref="fl-19"/>
      </object_component>
      <object_component id="oc-3d2">
         <name>.text:Power_enablePolicy</name>
         <load_address>0x4e40</load_address>
         <run_address>0x4e40</run_address>
         <size>0x10</size>
         <input_file_ref idref="fl-11"/>
      </object_component>
      <object_component id="oc-3ae">
         <name>.text:SemaphoreP_Params_init</name>
         <load_address>0x4e50</load_address>
         <run_address>0x4e50</run_address>
         <size>0x10</size>
         <input_file_ref idref="fl-16"/>
      </object_component>
      <object_component id="oc-7fe">
         <name>.text:UARTRxErrorClear</name>
         <load_address>0x4e60</load_address>
         <run_address>0x4e60</run_address>
         <size>0x10</size>
         <input_file_ref idref="fl-1f"/>
      </object_component>
      <object_component id="oc-6fa">
         <name>.text:readBlockingTimeout</name>
         <load_address>0x4e70</load_address>
         <run_address>0x4e70</run_address>
         <size>0x10</size>
         <input_file_ref idref="fl-13"/>
      </object_component>
      <object_component id="oc-80e">
         <name>.text:RingBuf_isFull</name>
         <load_address>0x4e80</load_address>
         <run_address>0x4e80</run_address>
         <size>0xe</size>
         <input_file_ref idref="fl-14"/>
      </object_component>
      <object_component id="oc-19">
         <name>.text:decompress:none:__TI_decompress_none</name>
         <load_address>0x4e8e</load_address>
         <run_address>0x4e8e</run_address>
         <size>0xe</size>
         <input_file_ref idref="fl-dc"/>
      </object_component>
      <object_component id="oc-a8">
         <name>.text:CPUcpsid</name>
         <load_address>0x4e9c</load_address>
         <run_address>0x4e9c</run_address>
         <size>0xc</size>
         <input_file_ref idref="fl-20"/>
      </object_component>
      <object_component id="oc-2a2">
         <name>.text:CPUcpsie</name>
         <load_address>0x4ea8</load_address>
         <run_address>0x4ea8</run_address>
         <size>0xc</size>
         <input_file_ref idref="fl-20"/>
      </object_component>
      <object_component id="oc-6bb">
         <name>.text:ClockP_Params_init</name>
         <load_address>0x4eb4</load_address>
         <run_address>0x4eb4</run_address>
         <size>0xa</size>
         <input_file_ref idref="fl-17"/>
      </object_component>
      <object_component id="oc-3d8">
         <name>.text:ClockP_isActive</name>
         <load_address>0x4ebe</load_address>
         <run_address>0x4ebe</run_address>
         <size>0xa</size>
         <input_file_ref idref="fl-17"/>
      </object_component>
      <object_component id="oc-23b">
         <name>.text:UART_read</name>
         <load_address>0x4ec8</load_address>
         <run_address>0x4ec8</run_address>
         <size>0xa</size>
         <input_file_ref idref="fl-12"/>
      </object_component>
      <object_component id="oc-241">
         <name>.text:UART_write</name>
         <load_address>0x4ed2</load_address>
         <run_address>0x4ed2</run_address>
         <size>0xa</size>
         <input_file_ref idref="fl-12"/>
      </object_component>
      <object_component id="oc-352">
         <name>.text:_outc</name>
         <load_address>0x4edc</load_address>
         <run_address>0x4edc</run_address>
         <size>0xa</size>
         <input_file_ref idref="fl-d7"/>
      </object_component>
      <object_component id="oc-2b5">
         <name>.text:HwiP_restore</name>
         <load_address>0x4ee6</load_address>
         <run_address>0x4ee6</run_address>
         <size>0x8</size>
         <input_file_ref idref="fl-18"/>
      </object_component>
      <object_component id="oc-4af">
         <name>.text:__aeabi_errno_addr</name>
         <load_address>0x4ef0</load_address>
         <run_address>0x4ef0</run_address>
         <size>0x8</size>
         <input_file_ref idref="fl-f8"/>
      </object_component>
      <object_component id="oc-43a">
         <name>.text:malloc</name>
         <load_address>0x4ef8</load_address>
         <run_address>0x4ef8</run_address>
         <size>0x8</size>
         <input_file_ref idref="fl-de"/>
      </object_component>
      <object_component id="oc-6f4">
         <name>.text:readSemCallback</name>
         <load_address>0x4f00</load_address>
         <run_address>0x4f00</run_address>
         <size>0x8</size>
         <input_file_ref idref="fl-13"/>
      </object_component>
      <object_component id="oc-6ee">
         <name>.text:writeSemCallback</name>
         <load_address>0x4f08</load_address>
         <run_address>0x4f08</run_address>
         <size>0x8</size>
         <input_file_ref idref="fl-13"/>
      </object_component>
      <object_component id="oc-86d">
         <name>.text:ClockP_setTimeout</name>
         <load_address>0x4f10</load_address>
         <run_address>0x4f10</run_address>
         <size>0x4</size>
         <input_file_ref idref="fl-17"/>
      </object_component>
      <object_component id="oc-2af">
         <name>.text:HwiP_disable</name>
         <load_address>0x4f14</load_address>
         <run_address>0x4f14</run_address>
         <size>0x4</size>
         <input_file_ref idref="fl-18"/>
      </object_component>
      <object_component id="oc-185">
         <name>.text:HwiP_enable</name>
         <load_address>0x4f18</load_address>
         <run_address>0x4f18</run_address>
         <size>0x4</size>
         <input_file_ref idref="fl-18"/>
      </object_component>
      <object_component id="oc-2bb">
         <name>.text:SemaphoreP_delete</name>
         <load_address>0x4f1c</load_address>
         <run_address>0x4f1c</run_address>
         <size>0x4</size>
         <input_file_ref idref="fl-16"/>
      </object_component>
      <object_component id="oc-4c5">
         <name>.text:__abort_execution</name>
         <load_address>0x4f20</load_address>
         <run_address>0x4f20</run_address>
         <size>0x4</size>
         <input_file_ref idref="fl-e3"/>
      </object_component>
      <object_component id="oc-139">
         <name>.text:_system_pre_init</name>
         <load_address>0x4f24</load_address>
         <run_address>0x4f24</run_address>
         <size>0x4</size>
         <input_file_ref idref="fl-ee"/>
      </object_component>
      <object_component id="oc-192">
         <name>.text:abort:abort</name>
         <load_address>0x4f28</load_address>
         <run_address>0x4f28</run_address>
         <size>0x4</size>
         <input_file_ref idref="fl-f0"/>
      </object_component>
      <object_component id="oc-c7">
         <name>.const:g_pppui32XTALtoVCO</name>
         <load_address>0x4f2c</load_address>
         <run_address>0x4f2c</run_address>
         <size>0x1b0</size>
         <input_file_ref idref="fl-1e"/>
      </object_component>
      <object_component id="oc-5ac">
         <name>.const:.string:_ctypes_</name>
         <load_address>0x50dc</load_address>
         <run_address>0x50dc</run_address>
         <size>0x101</size>
         <input_file_ref idref="fl-f5"/>
      </object_component>
      <object_component id="oc-327">
         <name>.const:.string:inPinTypes</name>
         <load_address>0x51dd</load_address>
         <run_address>0x51dd</run_address>
         <size>0x3</size>
         <input_file_ref idref="fl-10"/>
      </object_component>
      <object_component id="oc-748">
         <name>.const:g_pui32Regs</name>
         <load_address>0x51e0</load_address>
         <run_address>0x51e0</run_address>
         <size>0x9c</size>
         <input_file_ref idref="fl-1d"/>
      </object_component>
      <object_component id="oc-7be">
         <name>.const:g_pui32GPIOBaseAddrs</name>
         <load_address>0x527c</load_address>
         <run_address>0x527c</run_address>
         <size>0x48</size>
         <input_file_ref idref="fl-1c"/>
      </object_component>
      <object_component id="oc-336">
         <name>.const:gpioBaseAddresses</name>
         <load_address>0x52c4</load_address>
         <run_address>0x52c4</run_address>
         <size>0x48</size>
         <input_file_ref idref="fl-10"/>
      </object_component>
      <object_component id="oc-31e">
         <name>.const:powerMgrIds</name>
         <load_address>0x530c</load_address>
         <run_address>0x530c</run_address>
         <size>0x48</size>
         <input_file_ref idref="fl-10"/>
      </object_component>
      <object_component id="oc-123">
         <name>.const:g_sXTALtoMEMTIM</name>
         <load_address>0x5354</load_address>
         <run_address>0x5354</run_address>
         <size>0x30</size>
         <input_file_ref idref="fl-1e"/>
      </object_component>
      <object_component id="oc-410">
         <name>.const:uartMSP432E4HWAttrs</name>
         <load_address>0x5384</load_address>
         <run_address>0x5384</run_address>
         <size>0x2c</size>
         <input_file_ref idref="fl-4"/>
      </object_component>
      <object_component id="oc-40c">
         <name>.const:UARTMSP432E4_fxnTable</name>
         <load_address>0x53b0</load_address>
         <run_address>0x53b0</run_address>
         <size>0x28</size>
         <input_file_ref idref="fl-13"/>
      </object_component>
      <object_component id="oc-c1">
         <name>.const:g_pui32Xtals</name>
         <load_address>0x53d8</load_address>
         <run_address>0x53d8</run_address>
         <size>0x28</size>
         <input_file_ref idref="fl-1e"/>
      </object_component>
      <object_component id="oc-33c">
         <name>.const:UART_defaultParams</name>
         <load_address>0x5400</load_address>
         <run_address>0x5400</run_address>
         <size>0x24</size>
         <input_file_ref idref="fl-12"/>
      </object_component>
      <object_component id="oc-32a">
         <name>.const:.string:gpioInterruptVectors</name>
         <load_address>0x5424</load_address>
         <run_address>0x5424</run_address>
         <size>0x20</size>
         <input_file_ref idref="fl-10"/>
      </object_component>
      <object_component id="oc-6e5">
         <name>.const:staticFxnTable</name>
         <load_address>0x5444</load_address>
         <run_address>0x5444</run_address>
         <size>0x20</size>
         <input_file_ref idref="fl-13"/>
      </object_component>
      <object_component id="oc-2d7">
         <name>.const:GPIOMSP432E4_config</name>
         <load_address>0x5464</load_address>
         <run_address>0x5464</run_address>
         <size>0x14</size>
         <input_file_ref idref="fl-4"/>
      </object_component>
      <object_component id="oc-87f">
         <name>.const:g_pui32Dii16Regs</name>
         <load_address>0x5478</load_address>
         <run_address>0x5478</run_address>
         <size>0x14</size>
         <input_file_ref idref="fl-1d"/>
      </object_component>
      <object_component id="oc-74c">
         <name>.const:g_pui32EnRegs</name>
         <load_address>0x548c</load_address>
         <run_address>0x548c</run_address>
         <size>0x14</size>
         <input_file_ref idref="fl-1d"/>
      </object_component>
      <object_component id="oc-700">
         <name>.const:parityType</name>
         <load_address>0x54a0</load_address>
         <run_address>0x54a0</run_address>
         <size>0x14</size>
         <input_file_ref idref="fl-13"/>
      </object_component>
      <object_component id="oc-706">
         <name>.const:dataLength</name>
         <load_address>0x54b4</load_address>
         <run_address>0x54b4</run_address>
         <size>0x10</size>
         <input_file_ref idref="fl-13"/>
      </object_component>
      <object_component id="oc-25f">
         <name>.const:.string:$P$T2$3</name>
         <load_address>0x54c4</load_address>
         <run_address>0x54c4</run_address>
         <size>0xd</size>
         <input_file_ref idref="fl-3"/>
      </object_component>
      <object_component id="oc-2e1">
         <name>.const</name>
         <load_address>0x54d1</load_address>
         <run_address>0x54d1</run_address>
         <size>0x3</size>
         <input_file_ref idref="fl-4"/>
      </object_component>
      <object_component id="oc-2e4">
         <name>.const:UART_config</name>
         <load_address>0x54d4</load_address>
         <run_address>0x54d4</run_address>
         <size>0xc</size>
         <input_file_ref idref="fl-4"/>
      </object_component>
      <object_component id="oc-29a">
         <name>.const:PowerMSP432E4_config</name>
         <load_address>0x54e0</load_address>
         <run_address>0x54e0</run_address>
         <size>0x8</size>
         <input_file_ref idref="fl-4"/>
      </object_component>
      <object_component id="oc-c4">
         <name>.const:g_pui32VCOFrequencies</name>
         <load_address>0x54e8</load_address>
         <run_address>0x54e8</run_address>
         <size>0x8</size>
         <input_file_ref idref="fl-1e"/>
      </object_component>
      <object_component id="oc-703">
         <name>.const:stopBits</name>
         <load_address>0x54f0</load_address>
         <run_address>0x54f0</run_address>
         <size>0x8</size>
         <input_file_ref idref="fl-13"/>
      </object_component>
      <object_component id="oc-259">
         <name>.const:.string:$P$T0$1</name>
         <load_address>0x54f8</load_address>
         <run_address>0x54f8</run_address>
         <size>0x7</size>
         <input_file_ref idref="fl-3"/>
      </object_component>
      <object_component id="oc-321">
         <name>.const:.string:outPinStrengths</name>
         <load_address>0x54ff</load_address>
         <run_address>0x54ff</run_address>
         <size>0x7</size>
         <input_file_ref idref="fl-10"/>
      </object_component>
      <object_component id="oc-25c">
         <name>.const:.string:$P$T1$2</name>
         <load_address>0x5506</load_address>
         <run_address>0x5506</run_address>
         <size>0x6</size>
         <input_file_ref idref="fl-3"/>
      </object_component>
      <object_component id="oc-333">
         <name>.const:.string:interruptType</name>
         <load_address>0x550c</load_address>
         <run_address>0x550c</run_address>
         <size>0x6</size>
         <input_file_ref idref="fl-10"/>
      </object_component>
      <object_component id="oc-324">
         <name>.const:.string:outPinTypes</name>
         <load_address>0x5512</load_address>
         <run_address>0x5512</run_address>
         <size>0x4</size>
         <input_file_ref idref="fl-10"/>
      </object_component>
      <object_component id="oc-8c7">
         <name>.cinit..data.load</name>
         <load_address>0x5518</load_address>
         <run_address>0x5518</run_address>
         <size>0xfd</size>
      </object_component>
      <object_component id="oc-8c4">
         <name>__TI_handler_table</name>
         <load_address>0x5618</load_address>
         <run_address>0x5618</run_address>
         <size>0xc</size>
      </object_component>
      <object_component id="oc-8c8">
         <name>.cinit..bss.load</name>
         <load_address>0x5628</load_address>
         <run_address>0x5628</run_address>
         <size>0x8</size>
      </object_component>
      <object_component id="oc-8c6">
         <name>.cinit..vtable.load</name>
         <load_address>0x5630</load_address>
         <run_address>0x5630</run_address>
         <size>0x8</size>
      </object_component>
      <object_component id="oc-8c5">
         <name>__TI_cinit_table</name>
         <load_address>0x5638</load_address>
         <run_address>0x5638</run_address>
         <size>0x18</size>
      </object_component>
      <object_component id="oc-743">
         <name>.vtable</name>
         <uninitialized>true</uninitialized>
         <run_address>0x20000000</run_address>
         <size>0x26c</size>
         <input_file_ref idref="fl-1d"/>
      </object_component>
      <object_component id="oc-3fe">
         <name>.data:gpioPinConfigs</name>
         <load_address>0x20008674</load_address>
         <run_address>0x20008674</run_address>
         <size>0x4</size>
         <input_file_ref idref="fl-4"/>
      </object_component>
      <object_component id="oc-401">
         <name>.data:gpioCallbackFunctions</name>
         <load_address>0x20008670</load_address>
         <run_address>0x20008670</run_address>
         <size>0x4</size>
         <input_file_ref idref="fl-4"/>
      </object_component>
      <object_component id="oc-2d4">
         <name>.data</name>
         <load_address>0x20008660</load_address>
         <run_address>0x20008660</run_address>
         <size>0x5</size>
         <input_file_ref idref="fl-10"/>
      </object_component>
      <object_component id="oc-29d">
         <name>.data:PowerMSP432E4_module</name>
         <load_address>0x200084dc</load_address>
         <run_address>0x200084dc</run_address>
         <size>0x16c</size>
         <input_file_ref idref="fl-11"/>
      </object_component>
      <object_component id="oc-2de">
         <name>.data</name>
         <load_address>0x2000866d</load_address>
         <run_address>0x2000866d</run_address>
         <size>0x1</size>
         <input_file_ref idref="fl-12"/>
      </object_component>
      <object_component id="oc-3ea">
         <name>.data</name>
         <load_address>0x20008665</load_address>
         <run_address>0x20008665</run_address>
         <size>0x3</size>
         <input_file_ref idref="fl-16"/>
      </object_component>
      <object_component id="oc-4fb">
         <name>.data:SemaphoreP_defaultParams</name>
         <load_address>0x20008658</load_address>
         <run_address>0x20008658</run_address>
         <size>0x8</size>
         <input_file_ref idref="fl-16"/>
      </object_component>
      <object_component id="oc-797">
         <name>.data</name>
         <load_address>0x20008668</load_address>
         <run_address>0x20008668</run_address>
         <size>0x5</size>
         <input_file_ref idref="fl-17"/>
      </object_component>
      <object_component id="oc-5a7">
         <name>.data:HwiP_dispatchTable</name>
         <load_address>0x20008270</load_address>
         <run_address>0x20008270</run_address>
         <size>0x26c</size>
         <input_file_ref idref="fl-18"/>
      </object_component>
      <object_component id="oc-5a4">
         <name>.data</name>
         <load_address>0x20008678</load_address>
         <run_address>0x20008678</run_address>
         <size>0x4</size>
         <input_file_ref idref="fl-18"/>
      </object_component>
      <object_component id="oc-4d7">
         <name>.data</name>
         <load_address>0x20008680</load_address>
         <run_address>0x20008680</run_address>
         <size>0x4</size>
         <input_file_ref idref="fl-d6"/>
      </object_component>
      <object_component id="oc-658">
         <name>.data:$O1$$</name>
         <load_address>0x20008650</load_address>
         <run_address>0x20008650</run_address>
         <size>0x8</size>
         <input_file_ref idref="fl-de"/>
      </object_component>
      <object_component id="oc-268">
         <name>.data:$O1$$</name>
         <load_address>0x20008648</load_address>
         <run_address>0x20008648</run_address>
         <size>0x8</size>
         <input_file_ref idref="fl-f1"/>
      </object_component>
      <object_component id="oc-613">
         <name>.data</name>
         <load_address>0x2000867c</load_address>
         <run_address>0x2000867c</run_address>
         <size>0x4</size>
         <input_file_ref idref="fl-f8"/>
      </object_component>
      <object_component id="oc-579">
         <name>.bss:uartMSP432E4RingBuffer0</name>
         <uninitialized>true</uninitialized>
         <run_address>0x2000877c</run_address>
         <size>0x20</size>
         <input_file_ref idref="fl-4"/>
      </object_component>
      <object_component id="oc-2da">
[...]
         <object_component_ref idref="oc-440"/>
      </symbol>
      <symbol id="sm-64c">
         <name>HwiP_inISR</name>
         <value>0x4d15</value>
         <object_component_ref idref="oc-3ef"/>
      </symbol>
      <symbol id="sm-64d">
         <name>HwiP_destruct</name>
         <value>0x4d63</value>
         <object_component_ref idref="oc-7b2"/>
      </symbol>
      <symbol id="sm-64e">
         <name>HwiP_swiPIntNum</name>
         <value>0x20008678</value>
         <object_component_ref idref="oc-5a4"/>
      </symbol>
      <symbol id="sm-64f">
         <name>HwiP_Params_init</name>
         <value>0x4d51</value>
         <object_component_ref idref="oc-306"/>
      </symbol>
      <symbol id="sm-650">
         <name>HwiP_disable</name>
         <value>0x4f15</value>
         <object_component_ref idref="oc-2af"/>
      </symbol>
      <symbol id="sm-651">
         <name>HwiP_create</name>
         <value>0x48c1</value>
         <object_component_ref idref="oc-30c"/>
      </symbol>
      <symbol id="sm-652">
         <name>HwiP_enable</name>
         <value>0x4f19</value>
         <object_component_ref idref="oc-185"/>
      </symbol>
      <symbol id="sm-653">
         <name>HwiP_restore</name>
         <value>0x4ee7</value>
         <object_component_ref idref="oc-2b5"/>
      </symbol>
      <symbol id="sm-660">
         <name>PowerMSP432E4_sleepPolicy</name>
         <value>0x4e31</value>
         <object_component_ref idref="oc-3a3"/>
      </symbol>
      <symbol id="sm-69e">
         <name>resetISR</name>
         <value>0x4a29</value>
         <object_component_ref idref="oc-20"/>
      </symbol>
      <symbol id="sm-69f">
         <name>resetVectors</name>
         <value>0x0</value>
         <object_component_ref idref="oc-26"/>
      </symbol>
      <symbol id="sm-6c2">
         <name>FPUEnable</name>
         <value>0x4bd5</value>
         <object_component_ref idref="oc-58"/>
      </symbol>
      <symbol id="sm-73e">
         <name>GPIOPinConfigure</name>
         <value>0x4181</value>
         <object_component_ref idref="oc-6a3"/>
      </symbol>
      <symbol id="sm-73f">
         <name>GPIOIntTypeSet</name>
         <value>0x2be1</value>
         <object_component_ref idref="oc-312"/>
      </symbol>
      <symbol id="sm-740">
         <name>GPIOIntClear</name>
         <value>0x4cd7</value>
         <object_component_ref idref="oc-318"/>
      </symbol>
      <symbol id="sm-741">
         <name>GPIOPinTypeUART</name>
         <value>0x4915</value>
         <object_component_ref idref="oc-6af"/>
      </symbol>
      <symbol id="sm-742">
         <name>GPIOIntStatus</name>
         <value>0x49a5</value>
         <object_component_ref idref="oc-453"/>
      </symbol>
      <symbol id="sm-743">
         <name>GPIODirModeSet</name>
         <value>0x3b25</value>
         <object_component_ref idref="oc-2ee"/>
      </symbol>
      <symbol id="sm-744">
         <name>GPIOPinWrite</name>
         <value>0x49c7</value>
         <object_component_ref idref="oc-2f4"/>
      </symbol>
      <symbol id="sm-745">
         <name>GPIOPadConfigSet</name>
         <value>0x175d</value>
         <object_component_ref idref="oc-2fa"/>
      </symbol>
      <symbol id="sm-7c5">
         <name>IntPrioritySet</name>
         <value>0x3d95</value>
         <object_component_ref idref="oc-592"/>
      </symbol>
      <symbol id="sm-7c6">
         <name>IntEnable</name>
         <value>0x3355</value>
         <object_component_ref idref="oc-598"/>
      </symbol>
      <symbol id="sm-7c7">
         <name>IntDisable</name>
         <value>0x32d5</value>
         <object_component_ref idref="oc-853"/>
      </symbol>
      <symbol id="sm-7c8">
         <name>IntRegister</name>
         <value>0x3b81</value>
         <object_component_ref idref="oc-58c"/>
      </symbol>
      <symbol id="sm-7c9">
         <name>IntMasterDisable</name>
         <value>0x4e11</value>
         <object_component_ref idref="oc-52"/>
      </symbol>
      <symbol id="sm-7ca">
         <name>IntUnregister</name>
         <value>0x4ac1</value>
         <object_component_ref idref="oc-859"/>
      </symbol>
      <symbol id="sm-7cb">
         <name>g_pfnRAMVectors</name>
         <value>0x20000000</value>
         <object_component_ref idref="oc-743"/>
      </symbol>
      <symbol id="sm-7cc">
         <name>IntMasterEnable</name>
         <value>0x4e21</value>
         <object_component_ref idref="oc-210"/>
      </symbol>
      <symbol id="sm-89a">
         <name>SysCtlPeripheralPresent</name>
         <value>0x4209</value>
         <object_component_ref idref="oc-415"/>
      </symbol>
      <symbol id="sm-89b">
         <name>SysCtlPeripheralClockGating</name>
         <value>0x4895</value>
         <object_component_ref idref="oc-294"/>
      </symbol>
      <symbol id="sm-89c">
         <name>SysCtlPeripheralEnable</name>
         <value>0x441d</value>
         <object_component_ref idref="oc-421"/>
      </symbol>
      <symbol id="sm-89d">
         <name>SysCtlPeripheralPowerOff</name>
         <value>0x445d</value>
         <object_component_ref idref="oc-28e"/>
      </symbol>
      <symbol id="sm-89e">
         <name>SysCtlPeripheralPowerOn</name>
         <value>0x449d</value>
         <object_component_ref idref="oc-41b"/>
      </symbol>
      <symbol id="sm-89f">
         <name>SysCtlPeripheralSleepDisable</name>
         <value>0x44dd</value>
         <object_component_ref idref="oc-7a9"/>
      </symbol>
      <symbol id="sm-8a0">
         <name>SysCtlPeripheralDisable</name>
         <value>0x43dd</value>
         <object_component_ref idref="oc-7a3"/>
      </symbol>
      <symbol id="sm-8a1">
         <name>SysCtlPeripheralSleepEnable</name>
         <value>0x451d</value>
         <object_component_ref idref="oc-427"/>
      </symbol>
      <symbol id="sm-8a2">
         <name>SysCtlPeripheralReady</name>
         <value>0x424d</value>
         <object_component_ref idref="oc-42d"/>
      </symbol>
      <symbol id="sm-8a3">
         <name>SysCtlClockFreqSet</name>
         <value>0xf41</value>
         <object_component_ref idref="oc-5e"/>
      </symbol>
      <symbol id="sm-948">
         <name>UARTCharPutNonBlocking</name>
         <value>0x495d</value>
         <object_component_ref idref="oc-82b"/>
      </symbol>
      <symbol id="sm-949">
         <name>UARTTxIntModeSet</name>
         <value>0x4b15</value>
         <object_component_ref idref="oc-735"/>
      </symbol>
      <symbol id="sm-94a">
         <name>UARTRxErrorClear</name>
         <value>0x4e61</value>
         <object_component_ref idref="oc-7fe"/>
      </symbol>
      <symbol id="sm-94b">
         <name>UARTFlowControlSet</name>
         <value>0x4af9</value>
         <object_component_ref idref="oc-6b5"/>
      </symbol>
      <symbol id="sm-94c">
         <name>UARTConfigSetExpClk</name>
         <value>0x3545</value>
         <object_component_ref idref="oc-6df"/>
      </symbol>
      <symbol id="sm-94d">
         <name>UARTDisable</name>
         <value>0x4835</value>
         <object_component_ref idref="oc-664"/>
      </symbol>
      <symbol id="sm-94e">
         <name>UARTBusy</name>
         <value>0x4a49</value>
         <object_component_ref idref="oc-723"/>
      </symbol>
      <symbol id="sm-94f">
         <name>UARTIntEnable</name>
         <value>0x4c35</value>
         <object_component_ref idref="oc-695"/>
      </symbol>
      <symbol id="sm-950">
         <name>UARTCharsAvail</name>
         <value>0x4a85</value>
         <object_component_ref idref="oc-866"/>
      </symbol>
      <symbol id="sm-951">
         <name>UARTCharGetNonBlocking</name>
         <value>0x4add</value>
         <object_component_ref idref="oc-81a"/>
      </symbol>
      <symbol id="sm-952">
         <name>UARTIntDisable</name>
         <value>0x4c1d</value>
         <object_component_ref idref="oc-65e"/>
      </symbol>
      <symbol id="sm-953">
         <name>UARTCharPut</name>
         <value>0x4a67</value>
         <object_component_ref idref="oc-71b"/>
      </symbol>
      <symbol id="sm-954">
         <name>UARTRxErrorGet</name>
         <value>0x4d99</value>
         <object_component_ref idref="oc-7f8"/>
      </symbol>
      <symbol id="sm-955">
         <name>UARTEnable</name>
         <value>0x4981</value>
         <object_component_ref idref="oc-6cd"/>
      </symbol>
      <symbol id="sm-956">
         <name>UARTIntClear</name>
         <value>0x4d87</value>
         <object_component_ref idref="oc-6c7"/>
      </symbol>
      <symbol id="sm-957">
         <name>UARTIntStatus</name>
         <value>0x4aa3</value>
         <object_component_ref idref="oc-729"/>
      </symbol>
      <symbol id="sm-958">
         <name>UARTCharGet</name>
         <value>0x4cab</value>
         <object_component_ref idref="oc-715"/>
      </symbol>
      <symbol id="sm-959">
         <name>UARTFIFOLevelSet</name>
         <value>0x4c05</value>
         <object_component_ref idref="oc-6d3"/>
      </symbol>
      <symbol id="sm-96b">
         <name>CPUcpsie</name>
         <value>0x4ea9</value>
         <object_component_ref idref="oc-2a2"/>
      </symbol>
      <symbol id="sm-96c">
         <name>CPUcpsid</name>
         <value>0x4e9d</value>
         <object_component_ref idref="oc-a8"/>
      </symbol>
      <symbol id="sm-9cf">
         <name>__vla_dealloc</name>
         <value>0x362d</value>
         <object_component_ref idref="oc-371"/>
      </symbol>
      <symbol id="sm-9d0">
         <name>__vla_alloc</name>
         <value>0x1ea5</value>
         <object_component_ref idref="oc-35f"/>
      </symbol>
      <symbol id="sm-9f7">
         <name>sprintf</name>
         <value>0x45dd</value>
         <object_component_ref idref="oc-24d"/>
      </symbol>
      <symbol id="sm-a13">
         <name>memcpy</name>
         <value>0x2dc3</value>
         <object_component_ref idref="oc-3a"/>
      </symbol>
      <symbol id="sm-a14">
         <name>__aeabi_memcpy</name>
         <value>0x2dc3</value>
         <object_component_ref idref="oc-3a"/>
      </symbol>
      <symbol id="sm-a15">
         <name>__aeabi_memcpy8</name>
         <value>0x2dc3</value>
         <object_component_ref idref="oc-3a"/>
      </symbol>
      <symbol id="sm-a16">
         <name>__aeabi_memcpy4</name>
         <value>0x2dc3</value>
         <object_component_ref idref="oc-3a"/>
      </symbol>
      <symbol id="sm-a23">
         <name>__aeabi_uldivmod</name>
         <value>0x2ef7</value>
         <object_component_ref idref="oc-5b1"/>
      </symbol>
      <symbol id="sm-a3c">
         <name>__TI_zero_init_nomemset</name>
         <value>0x4b31</value>
         <object_component_ref idref="oc-46"/>
      </symbol>
      <symbol id="sm-a53">
         <name>__TI_decompress_none</name>
         <value>0x4e8f</value>
         <object_component_ref idref="oc-19"/>
      </symbol>
      <symbol id="sm-a76">
         <name>__TI_decompress_lzss</name>
         <value>0x3929</value>
         <object_component_ref idref="oc-13"/>
      </symbol>
      <symbol id="sm-b14">
         <name>_sys_memory</name>
         <value>0x20000270</value>
         <object_component_ref idref="oc-29"/>
      </symbol>
      <symbol id="sm-b15">
         <name>free</name>
         <value>0x2695</value>
         <object_component_ref idref="oc-3bf"/>
      </symbol>
      <symbol id="sm-b16">
         <name>realloc</name>
         <value>0x2779</value>
         <object_component_ref idref="oc-4d1"/>
      </symbol>
      <symbol id="sm-b17">
         <name>memalign</name>
         <value>0x2499</value>
         <object_component_ref idref="oc-585"/>
      </symbol>
      <symbol id="sm-b18">
         <name>malloc</name>
         <value>0x4ef9</value>
         <object_component_ref idref="oc-43a"/>
      </symbol>
      <symbol id="sm-b19">
         <name>aligned_alloc</name>
         <value>0x2499</value>
         <object_component_ref idref="oc-585"/>
      </symbol>
      <symbol id="sm-b28">
         <name>strcmp</name>
         <value>0x4c7d</value>
         <object_component_ref idref="oc-36b"/>
      </symbol>
      <symbol id="sm-b36">
         <name>strlen</name>
         <value>0x4d3d</value>
         <object_component_ref idref="oc-247"/>
      </symbol>
      <symbol id="sm-b46">
         <name>strncpy</name>
         <value>0x4707</value>
         <object_component_ref idref="oc-365"/>
      </symbol>
      <symbol id="sm-b59">
         <name>__stack</name>
         <value>0x2003f000</value>
         <object_component_ref idref="oc-2c"/>
      </symbol>
      <symbol id="sm-b5a">
         <name>_c_int00_noargs</name>
         <value>0x4771</value>
         <object_component_ref idref="oc-d6"/>
      </symbol>
      <symbol id="sm-b64">
         <name>__abort_execution</name>
         <value>0x4f21</value>
         <object_component_ref idref="oc-4c5"/>
      </symbol>
      <symbol id="sm-cc9">
         <name>__TI_printfi</name>
         <value>0x201</value>
         <object_component_ref idref="oc-346"/>
      </symbol>
      <symbol id="sm-cd3">
         <name>__aeabi_idiv0</name>
         <value>0x3e8f</value>
         <object_component_ref idref="oc-75a"/>
      </symbol>
      <symbol id="sm-cd4">
         <name>__aeabi_ldiv0</name>
         <value>0x3e8f</value>
         <object_component_ref idref="oc-75a"/>
      </symbol>
      <symbol id="sm-ceb">
         <name>__aeabi_dsub</name>
         <value>0x1b69</value>
         <object_component_ref idref="oc-5d7"/>
      </symbol>
      <symbol id="sm-cec">
         <name>__aeabi_dadd</name>
         <value>0x1b73</value>
         <object_component_ref idref="oc-5d7"/>
      </symbol>
      <symbol id="sm-d0e">
         <name>__aeabi_cdcmpeq</name>
         <value>0x31c9</value>
         <object_component_ref idref="oc-486"/>
      </symbol>
      <symbol id="sm-d0f">
         <name>__aeabi_cdcmple</name>
         <value>0x31c9</value>
         <object_component_ref idref="oc-486"/>
      </symbol>
      <symbol id="sm-d10">
         <name>__aeabi_cdrcmple</name>
         <value>0x324f</value>
         <object_component_ref idref="oc-5c2"/>
      </symbol>
      <symbol id="sm-d24">
         <name>__aeabi_ddiv</name>
         <value>0x212d</value>
         <object_component_ref idref="oc-5bd"/>
      </symbol>
      <symbol id="sm-d2f">
         <name>__aeabi_dmul</name>
         <value>0x2599</value>
         <object_component_ref idref="oc-5b8"/>
      </symbol>
      <symbol id="sm-d39">
         <name>__aeabi_d2iz</name>
         <value>0x40ad</value>
         <object_component_ref idref="oc-5c7"/>
      </symbol>
      <symbol id="sm-d43">
         <name>__aeabi_i2d</name>
         <value>0x4865</value>
         <object_component_ref idref="oc-5d2"/>
      </symbol>
      <symbol id="sm-d52">
         <name>__aeabi_memset</name>
         <value>0x3453</value>
         <object_component_ref idref="oc-a2"/>
      </symbol>
      <symbol id="sm-d53">
         <name>memset</name>
         <value>0x3459</value>
         <object_component_ref idref="oc-a2"/>
      </symbol>
      <symbol id="sm-d54">
         <name>__aeabi_memset8</name>
         <value>0x3453</value>
         <object_component_ref idref="oc-a2"/>
      </symbol>
      <symbol id="sm-d55">
         <name>__aeabi_memset4</name>
         <value>0x3453</value>
         <object_component_ref idref="oc-a2"/>
      </symbol>
      <symbol id="sm-d56">
         <name>__aeabi_memclr8</name>
         <value>0x3451</value>
         <object_component_ref idref="oc-a2"/>
      </symbol>
      <symbol id="sm-d57">
         <name>__aeabi_memclr4</name>
         <value>0x3451</value>
         <object_component_ref idref="oc-a2"/>
      </symbol>
      <symbol id="sm-d58">
         <name>__aeabi_memclr</name>
         <value>0x3451</value>
         <object_component_ref idref="oc-a2"/>
      </symbol>
      <symbol id="sm-d80">
         <name>__TI_auto_init_nobinit_nopinit</name>
         <value>0x4319</value>
         <object_component_ref idref="oc-19e"/>
      </symbol>
      <symbol id="sm-d8a">
         <name>_system_pre_init</name>
         <value>0x4f25</value>
         <object_component_ref idref="oc-139"/>
      </symbol>
      <symbol id="sm-d96">
         <name>C$$EXIT</name>
         <value>0x4f29</value>
         <object_component_ref idref="oc-192"/>
      </symbol>
      <symbol id="sm-d97">
         <name>abort</name>
         <value>0x4f29</value>
         <object_component_ref idref="oc-192"/>
      </symbol>
      <symbol id="sm-dac">
         <name>_nop</name>
         <value>0x2263</value>
         <object_component_ref idref="oc-382"/>
      </symbol>
      <symbol id="sm-dad">
         <name>_lock</name>
         <value>0x20008648</value>
         <object_component_ref idref="oc-268"/>
      </symbol>
      <symbol id="sm-dae">
         <name>_unlock</name>
         <value>0x2000864c</value>
         <object_component_ref idref="oc-268"/>
      </symbol>
      <symbol id="sm-dbd">
         <name>__TI_ltoa</name>
         <value>0x3de9</value>
         <object_component_ref idref="oc-5cc"/>
      </symbol>
      <symbol id="sm-dd4">
         <name>atoi</name>
         <value>0x3fcd</value>
         <object_component_ref idref="oc-47a"/>
      </symbol>
      <symbol id="sm-ddf">
         <name>_ctypes_</name>
         <value>0x50dc</value>
         <object_component_ref idref="oc-5ac"/>
      </symbol>
      <symbol id="sm-def">
         <name>memccpy</name>
         <value>0x4b69</value>
         <object_component_ref idref="oc-4a3"/>
      </symbol>
      <symbol id="sm-dff">
         <name>strchr</name>
         <value>0x4cc1</value>
         <object_component_ref idref="oc-603"/>
      </symbol>
      <symbol id="sm-e15">
         <name>__aeabi_errno_addr</name>
         <value>0x4ef1</value>
         <object_component_ref idref="oc-4af"/>
      </symbol>
      <symbol id="sm-e16">
         <name>errno</name>
         <value>0x2000867c</value>
         <object_component_ref idref="oc-613"/>
      </symbol>
      <symbol id="sm-e2f">
         <name>wcslen</name>
         <value>0x4dbd</value>
         <object_component_ref idref="oc-4a9"/>
      </symbol>
      <symbol id="sm-e4f">
         <name>frexpl</name>
         <value>0x3a5d</value>
         <object_component_ref idref="oc-5f7"/>
      </symbol>
      <symbol id="sm-e50">
         <name>frexp</name>
         <value>0x3a5d</value>
         <object_component_ref idref="oc-5f7"/>
      </symbol>
      <symbol id="sm-e6d">
         <name>scalbn</name>
         <value>0x2389</value>
         <object_component_ref idref="oc-5fd"/>
      </symbol>
      <symbol id="sm-e6e">
         <name>scalbnl</name>
         <value>0x2389</value>
         <object_component_ref idref="oc-5fd"/>
      </symbol>
      <symbol id="sm-e6f">
         <name>ldexpl</name>
         <value>0x2389</value>
         <object_component_ref idref="oc-5fd"/>
      </symbol>
      <symbol id="sm-e70">
         <name>ldexp</name>
         <value>0x2389</value>
         <object_component_ref idref="oc-5fd"/>
      </symbol>
      <symbol id="sm-e7a">
         <name>copysign</name>
         <value>0x4bb9</value>
         <object_component_ref idref="oc-773"/>
      </symbol>
      <symbol id="sm-e7b">
         <name>copysignl</name>
         <value>0x4bb9</value>
         <object_component_ref idref="oc-773"/>
      </symbol>
      <symbol id="sm-e7c">
         <name>__TI_static_base__</name>
         <value>0x5518</value>
      </symbol>
      <symbol id="sm-e7f">
         <name>__mpu_init</name>
         <value>0x0</value>
      </symbol>
      <symbol id="sm-e80">
         <name>_system_post_cinit</name>
         <value>0x0</value>
      </symbol>
      <symbol id="sm-e81">
         <name>NoRTOS_start</name>
         <value>0x4f19</value>
      </symbol>
   </symbol_table>
   <title>Link successful</title>
</link_info>
