******************************************************************************
                  TI ARM Linker PC v20.2.7                     
******************************************************************************
>> Linked Wed Sep  6 10:15:28 2023

OUTPUT FILE NAME:   <HW1_EmbSys_SF.out>
ENTRY POINT SYMBOL: "resetISR"  address: 00004a29


MEMORY CONFIGURATION

         name            origin    length      used     unused   attr    fill
----------------------  --------  ---------  --------  --------  ----  --------
  FLASH                 00000000   00100000  0000564e  000fa9b2  R  X
  SRAM                  20000000   00040000  000097ac  00036854  RW X


SEGMENT ALLOCATION MAP

run origin  load origin   length   init length attrs members
----------  ----------- ---------- ----------- ----- -------
00000000    00000000    00005650   00005650    r-x
  00000000    00000000    00000200   00000200    r-- .intvecs
  00000200    00000200    00004d2c   00004d2c    r-x .text
  00004f2c    00004f2c    000005ea   000005ea    r-- .const
  00005518    00005518    00000138   00000138    r-- .cinit
20000000    20000000    000087b4   00000000    rw-
  20000000    20000000    0000026c   00000000    rw- .vtable
  20000270    20000270    00008000   00000000    rw- .sysmem
  20008270    20008270    00000414   00000000    rw- .data
  20008688    20008688    0000012c   00000000    rw- .bss
2003f000    2003f000    00001000   00000000    rw-
  2003f000    2003f000    00001000   00000000    rw- .stack


SECTION ALLOCATION MAP

 output                                  attributes/
section   page    origin      length       input sections
--------  ----  ----------  ----------   ----------------
.intvecs   0    00000000    00000200     
                  00000000    00000200     nortos_msp432e4.aem4f : startup_msp432e4_ccs.oem4f (.intvecs:retain)

.text      0    00000200    00004d2c     
                  00000200    00000a4e     rtsv7M4_T_le_v4SPD16_eabi.lib : _printfi.c.obj (.text:__TI_printfi)
                  00000c4e    00000002     ti_drivers_config.obj (.text:Board_initHook)
                  00000c50    000002f0     drivers_msp432e4.aem4f : UARTMSP432E4.oem4f (.text:UARTMSP432E4_open)
                  00000f40    000002e0     msp432e4_driverlib.a : sysctl.o (.text:SysCtlClockFreqSet)
                  00001220    000002cc     uartecho.obj (.text:mainThread)
                  000014ec    00000270     rtsv7M4_T_le_v4SPD16_eabi.lib : _printfi.c.obj (.text:_pconv_a)
                  0000175c    0000023a     msp432e4_driverlib.a : gpio.o (.text:GPIOPadConfigSet)
                  00001996    00000002     drivers_msp432e4.aem4f : UARTMSP432E4.oem4f (.text:UARTMSP432E4_init)
                  00001998    000001d0     rtsv7M4_T_le_v4SPD16_eabi.lib : _printfi.c.obj (.text:_pconv_g)
                  00001b68    000001b6                                   : fd_add_t2.asm.obj (.text)
                  00001d1e    00000002     msp432e4_driverlib.a : interrupt.o (.text:_IntDefaultHandler)
                  00001d20    00000184     drivers_msp432e4.aem4f : GPIOMSP432E4.oem4f (.text:GPIO_setConfig)
                  00001ea4    0000014c     rtsv7M4_T_le_v4SPD16_eabi.lib : vla_alloc.c.obj (.text:__vla_alloc)
                  00001ff0    0000013c                                   : _printfi.c.obj (.text:_pconv_e)
                  0000212c    00000136                                   : fd_div_t2.asm.obj (.text)
                  00002262    00000002                                   : _lock.c.obj (.text:_nop)
                  00002264    00000124                                   : _printfi.c.obj (.text:fcvt)
                  00002388    00000110                                   : s_scalbn.c.obj (.text:scalbn)
                  00002498    00000100                                   : memory.c.obj (.text:aligned_alloc)
                  00002598    000000fc                                   : fd_mul_t2.asm.obj (.text)
                  00002694    000000e4                                   : memory.c.obj (.text:free)
                  00002778    000000e4                                   : memory.c.obj (.text:realloc)
                  0000285c    000000be     drivers_msp432e4.aem4f : UARTMSP432E4.oem4f (.text:UARTMSP432E4_close)
                  0000291a    000000b6                            : UARTMSP432E4.oem4f (.text:readTaskCallback)
                  000029d0    000000b1     rtsv7M4_T_le_v4SPD16_eabi.lib : _printfi.c.obj (.text:_ltostr)
                  00002a81    00000001     --HOLE-- [fill = 0]
                  00002a82    000000b0     drivers_msp432e4.aem4f : UARTMSP432E4.oem4f (.text:readTaskBlocking)
                  00002b32    00000002     nortos_msp432e4.aem4f : startup_msp432e4_ccs.oem4f (.text:busFaultHandler)
                  00002b34    000000ac     drivers_msp432e4.aem4f : GPIOMSP432E4.oem4f (.text:GPIO_init)
                  00002be0    000000a4     msp432e4_driverlib.a : gpio.o (.text:GPIOIntTypeSet)
                  00002c84    000000a0     nortos_msp432e4.aem4f : SemaphoreP_nortos.oem4f (.text:SemaphoreP_pend)
                  00002d24    0000009e     drivers_msp432e4.aem4f : UARTMSP432E4.oem4f (.text:UARTMSP432E4_readPolling)
                  00002dc2    0000009c     rtsv7M4_T_le_v4SPD16_eabi.lib : memcpy_t2.asm.obj (.text)
                  00002e5e    00000098     drivers_msp432e4.aem4f : UARTMSP432E4.oem4f (.text:UARTMSP432E4_write)
                  00002ef6    00000096     rtsv7M4_T_le_v4SPD16_eabi.lib : ull_div_t2.asm.obj (.text)
                  00002f8c    00000094     drivers_msp432e4.aem4f : UARTMSP432E4.oem4f (.text:readIsrTextBlocking)
                  00003020    00000090                            : UARTMSP432E4.oem4f (.text:UARTMSP432E4_control)
                  000030b0    00000090     msp432e4_driverlib.a : sysctl.o (.text:_SysCtlFrequencyGet)
                  00003140    00000088     drivers_msp432e4.aem4f : UARTMSP432E4.oem4f (.text:readIsrTextCallback)
                  000031c8    00000086     rtsv7M4_T_le_v4SPD16_eabi.lib : fd_cmp_t2.asm.obj (.text:__aeabi_cdcmple)
                  0000324e    00000086                                   : fd_cmp_t2.asm.obj (.text:__aeabi_cdrcmple)
                  000032d4    00000080     msp432e4_driverlib.a : interrupt.o (.text:IntDisable)
                  00003354    00000080                          : interrupt.o (.text:IntEnable)
                  000033d4    0000007c     drivers_msp432e4.aem4f : UARTMSP432E4.oem4f (.text:writeData)
                  00003450    0000007a     rtsv7M4_T_le_v4SPD16_eabi.lib : memset_t2.asm.obj (.text)
                  000034ca    00000002     nortos_msp432e4.aem4f : SemaphoreP_nortos.oem4f (.text:clkFxn)
                  000034cc    00000078     rtsv7M4_T_le_v4SPD16_eabi.lib : vla_alloc.c.obj (.text:_ZN33_INTERNAL_11_vla_alloc_c_be8bd49b21free_dead_allocationsEPv)
                  00003544    00000076     msp432e4_driverlib.a : uart.o (.text:UARTConfigSetExpClk)
                  000035ba    00000002     nortos_msp432e4.aem4f : startup_msp432e4_ccs.oem4f (.text:defaultHandler)
                  000035bc    00000070                           : HwiPMSP432E4_nortos.oem4f (.text:HwiP_construct)
                  0000362c    00000070     rtsv7M4_T_le_v4SPD16_eabi.lib : vla_alloc.c.obj (.text:__vla_dealloc)
                  0000369c    00000070                                   : memory.c.obj (.text:split)
                  0000370c    00000070     uartecho.obj (.text:stringStartsWith)
                  0000377c    0000006e     rtsv7M4_T_le_v4SPD16_eabi.lib : _printfi.c.obj (.text:_mcpy)
                  000037ea    00000002     nortos_msp432e4.aem4f : startup_msp432e4_ccs.oem4f (.text:faultISR)
                  000037ec    0000006c     drivers_msp432e4.aem4f : PowerMSP432E4.oem4f (.text:Power_releaseDependency)
                  00003858    00000068                            : GPIOMSP432E4.oem4f (.text:GPIO_hwiIntFxn)
                  000038c0    00000068                            : PowerMSP432E4.oem4f (.text:Power_setDependency)
                  00003928    00000068     rtsv7M4_T_le_v4SPD16_eabi.lib : copy_decompress_lzss.c.obj (.text:decompress:lzss:__TI_decompress_lzss)
                  00003990    00000068     drivers_msp432e4.aem4f : UARTMSP432E4.oem4f (.text:readIsrBinaryBlocking)
                  000039f8    00000064                            : PowerMSP432E4.oem4f (.text:Power_init)
                  00003a5c    00000064     rtsv7M4_T_le_v4SPD16_eabi.lib : s_frexp.c.obj (.text:frexp)
                  00003ac0    00000064     drivers_msp432e4.aem4f : UARTMSP432E4.oem4f (.text:readIsrBinaryCallback)
                  00003b24    0000005c     msp432e4_driverlib.a : gpio.o (.text:GPIODirModeSet)
                  00003b80    0000005c                          : interrupt.o (.text:IntRegister)
                  00003bdc    0000005c     drivers_msp432e4.aem4f : UARTMSP432E4.oem4f (.text:getPowerResourceId)
                  00003c38    00000058                            : GPIOMSP432E4.oem4f (.text:GPIO_setCallback)
                  00003c90    00000058     nortos_msp432e4.aem4f : ClockPSysTick_nortos.oem4f (.text:sysTickInit)
                  00003ce8    00000056     rtsv7M4_T_le_v4SPD16_eabi.lib : _printfi.c.obj (.text:_pconv_f)
                  00003d3e    00000002     nortos_msp432e4.aem4f : startup_msp432e4_ccs.oem4f (.text:nmiISR)
                  00003d40    00000054     drivers_msp432e4.aem4f : GPIOMSP432E4.oem4f (.text:GPIO_write)
                  00003d94    00000054     msp432e4_driverlib.a : interrupt.o (.text:IntPrioritySet)
                  00003de8    00000054     rtsv7M4_T_le_v4SPD16_eabi.lib : _ltoa.c.obj (.text:__TI_ltoa)
                  00003e3c    00000052                                   : _printfi.c.obj (.text:_ecpy)
                  00003e8e    00000002                                   : div0.asm.obj (.text)
                  00003e90    00000050     nortos_msp432e4.aem4f : ClockPSysTick_nortos.oem4f (.text:ClockP_sysTickHandler)
                  00003ee0    00000050                           : SemaphoreP_nortos.oem4f (.text:SemaphoreP_construct)
                  00003f30    00000050     drivers_msp432e4.aem4f : UARTMSP432E4.oem4f (.text:UARTMSP432E4_hwiIntFxn)
                  00003f80    0000004c                            : UARTMSP432E4.oem4f (.text:UARTMSP432E4_writePolling)
                  00003fcc    0000004c     rtsv7M4_T_le_v4SPD16_eabi.lib : atoi.c.obj (.text:atoi)
                  00004018    0000004c     drivers_msp432e4.aem4f : UARTMSP432E4.oem4f (.text:ringBufGet)
                  00004064    00000048                            : UARTMSP432E4.oem4f (.text:UARTMSP432E4_writeCancel)
                  000040ac    00000048     rtsv7M4_T_le_v4SPD16_eabi.lib : fd_toi_t2.asm.obj (.text)
                  000040f4    00000046     drivers_msp432e4.aem4f : RingBuf.oem4f (.text:RingBuf_put)
                  0000413a    00000002     --HOLE-- [fill = 0]
                  0000413c    00000044     nortos_msp432e4.aem4f : ClockPSysTick_nortos.oem4f (.text:ClockP_stop)
                  00004180    00000044     msp432e4_driverlib.a : gpio.o (.text:GPIOPinConfigure)
                  000041c4    00000044     nortos_msp432e4.aem4f : SemaphoreP_nortos.oem4f (.text:SemaphoreP_post)
                  00004208    00000044     msp432e4_driverlib.a : sysctl.o (.text:SysCtlPeripheralPresent)
                  0000424c    00000044                          : sysctl.o (.text:SysCtlPeripheralReady)
                  00004290    00000044     drivers_msp432e4.aem4f : UART.oem4f (.text:UART_init)
                  000042d4    00000044     msp432e4_driverlib.a : sysctl.o (.text:_SysCtlMemTimingGet)
                  00004318    00000044     rtsv7M4_T_le_v4SPD16_eabi.lib : autoinit.c.obj (.text:__TI_auto_init_nobinit_nopinit:__TI_auto_init_nobinit_nopinit)
                  0000435c    00000040     nortos_msp432e4.aem4f : ClockPSysTick_nortos.oem4f (.text:ClockP_construct)
                  0000439c    00000040     drivers_msp432e4.aem4f : RingBuf.oem4f (.text:RingBuf_get)
                  000043dc    00000040     msp432e4_driverlib.a : sysctl.o (.text:SysCtlPeripheralDisable)
                  0000441c    00000040                          : sysctl.o (.text:SysCtlPeripheralEnable)
                  0000445c    00000040                          : sysctl.o (.text:SysCtlPeripheralPowerOff)
                  0000449c    00000040                          : sysctl.o (.text:SysCtlPeripheralPowerOn)
                  000044dc    00000040                          : sysctl.o (.text:SysCtlPeripheralSleepDisable)
                  0000451c    00000040                          : sysctl.o (.text:SysCtlPeripheralSleepEnable)
                  0000455c    00000040     drivers_msp432e4.aem4f : UARTMSP432E4.oem4f (.text:UARTMSP432E4_read)
                  0000459c    00000040                            : UART.oem4f (.text:UART_open)
                  000045dc    00000040     rtsv7M4_T_le_v4SPD16_eabi.lib : sprintf.c.obj (.text:sprintf)
                  0000461c    0000003e                                   : _printfi.c.obj (.text:_fcpy)
                  0000465a    00000002     --HOLE-- [fill = 0]
                  0000465c    0000003c     nortos_msp432e4.aem4f : ClockPSysTick_nortos.oem4f (.text:ClockP_destruct)
                  00004698    00000038                           : ClockPSysTick_nortos.oem4f (.text:addToList)
                  000046d0    00000036     drivers_msp432e4.aem4f : UARTMSP432E4.oem4f (.text:UARTMSP432E4_readCancel)
                  00004706    00000036     rtsv7M4_T_le_v4SPD16_eabi.lib : strncpy.c.obj (.text:strncpy)
                  0000473c    00000034     nortos_msp432e4.aem4f : ClockPSysTick_nortos.oem4f (.text:ClockP_startup)
                  00004770    00000034     rtsv7M4_T_le_v4SPD16_eabi.lib : boot_cortex_m.c.obj (.text:_c_int00_noargs:_c_int00_noargs)
                  000047a4    00000030     ti_drivers_config.obj (.text:Board_init)
                  000047d4    00000030     nortos_msp432e4.aem4f : ClockPSysTick_nortos.oem4f (.text:ClockP_start)
                  00004804    00000030     drivers_msp432e4.aem4f : GPIOMSP432E4.oem4f (.text:GPIOMSP432E4_undoPinConfig)
                  00004834    00000030     msp432e4_driverlib.a : uart.o (.text:UARTDisable)
                  00004864    0000002e     rtsv7M4_T_le_v4SPD16_eabi.lib : i_tofd_t2.asm.obj (.text)
                  00004892    00000002     --HOLE-- [fill = 0]
                  00004894    0000002c     msp432e4_driverlib.a : sysctl.o (.text:SysCtlPeripheralClockGating)
                  000048c0    0000002a     nortos_msp432e4.aem4f : HwiPMSP432E4_nortos.oem4f (.text:HwiP_create)
                  000048ea    00000002     --HOLE-- [fill = 0]
                  000048ec    00000028     rtsv7M4_T_le_v4SPD16_eabi.lib : memory.c.obj (.text:free_list_insert)
                  00004914    00000024     msp432e4_driverlib.a : gpio.o (.text:GPIOPinTypeUART)
                  00004938    00000024     nortos_msp432e4.aem4f : HwiPMSP432E4_nortos.oem4f (.text:HwiP_dispatch)
                  0000495c    00000024     msp432e4_driverlib.a : uart.o (.text:UARTCharPutNonBlocking)
                  00004980    00000024                          : uart.o (.text:UARTEnable)
                  000049a4    00000022                          : gpio.o (.text:GPIOIntStatus)
                  000049c6    00000020                          : gpio.o (.text:GPIOPinWrite)
                  000049e6    00000020     drivers_msp432e4.aem4f : RingBuf.oem4f (.text:RingBuf_peek)
                  00004a06    00000020                            : GPIOMSP432E4.oem4f (.text:getGpioIntIndex)
                  00004a26    00000002     --HOLE-- [fill = 0]
                  00004a28    00000020     nortos_msp432e4.aem4f : startup_msp432e4_ccs.oem4f (.text:resetISR)
                  00004a48    0000001e     msp432e4_driverlib.a : uart.o (.text:UARTBusy)
                  00004a66    0000001e                          : uart.o (.text:UARTCharPut)
                  00004a84    0000001e                          : uart.o (.text:UARTCharsAvail)
                  00004aa2    0000001e                          : uart.o (.text:UARTIntStatus)
                  00004ac0    0000001c                          : interrupt.o (.text:IntUnregister)
                  00004adc    0000001c                          : uart.o (.text:UARTCharGetNonBlocking)
                  00004af8    0000001c                          : uart.o (.text:UARTFlowControlSet)
                  00004b14    0000001c                          : uart.o (.text:UARTTxIntModeSet)
                  00004b30    0000001c     rtsv7M4_T_le_v4SPD16_eabi.lib : copy_zero_init.c.obj (.text:decompress:ZI:__TI_zero_init_nomemset:__TI_zero_init_nomemset)
                  00004b4c    0000001c                                   : memory.c.obj (.text:free_list_remove)
                  00004b68    0000001c                                   : memccpy.c.obj (.text:memccpy)
                  00004b84    0000001a     nortos_msp432e4.aem4f : ClockPSysTick_nortos.oem4f (.text:ClockP_create)
                  00004b9e    0000001a                           : SemaphoreP_nortos.oem4f (.text:SemaphoreP_createBinary)
                  00004bb8    0000001a     rtsv7M4_T_le_v4SPD16_eabi.lib : s_copysign.c.obj (.text:copysign)
                  00004bd2    00000002     --HOLE-- [fill = 0]
                  00004bd4    00000018     msp432e4_driverlib.a : fpu.o (.text:FPUEnable)
                  00004bec    00000018     drivers_msp432e4.aem4f : PowerMSP432E4.oem4f (.text:Power_idleFunc)
                  00004c04    00000018     msp432e4_driverlib.a : uart.o (.text:UARTFIFOLevelSet)
                  00004c1c    00000018                          : uart.o (.text:UARTIntDisable)
                  00004c34    00000018                          : uart.o (.text:UARTIntEnable)
                  00004c4c    00000018     drivers_msp432e4.aem4f : UART.oem4f (.text:UART_Params_init)
                  00004c64    00000018     rtsv7M4_T_le_v4SPD16_eabi.lib : sprintf.c.obj (.text:_outs)
                  00004c7c    00000018                                   : strcmp.c.obj (.text:strcmp)
                  00004c94    00000016     nortos_msp432e4.aem4f : SemaphoreP_nortos.oem4f (.text:SemaphoreP_create)
                  00004caa    00000016     msp432e4_driverlib.a : uart.o (.text:UARTCharGet)
                  00004cc0    00000016     rtsv7M4_T_le_v4SPD16_eabi.lib : strchr.c.obj (.text:strchr)
                  00004cd6    00000014     msp432e4_driverlib.a : gpio.o (.text:GPIOIntClear)
                  00004cea    00000002     --HOLE-- [fill = 0]
                  00004cec    00000014     drivers_msp432e4.aem4f : GPIOMSP432E4.oem4f (.text:GPIOMSP432E4_getGpioBaseAddr)
                  00004d00    00000014                            : GPIOMSP432E4.oem4f (.text:GPIOMSP432E4_getPowerResourceId)
                  00004d14    00000014     nortos_msp432e4.aem4f : HwiPMSP432E4_nortos.oem4f (.text:HwiP_inISR)
                  00004d28    00000014     drivers_msp432e4.aem4f : PowerMSP432E4.oem4f (.text:Power_disablePolicy)
                  00004d3c    00000014     rtsv7M4_T_le_v4SPD16_eabi.lib : strlen.c.obj (.text:strlen)
                  00004d50    00000012     nortos_msp432e4.aem4f : HwiPMSP432E4_nortos.oem4f (.text:HwiP_Params_init)
                  00004d62    00000012                           : HwiPMSP432E4_nortos.oem4f (.text:HwiP_destruct)
                  00004d74    00000012     drivers_msp432e4.aem4f : RingBuf.oem4f (.text:RingBuf_construct)
                  00004d86    00000012     msp432e4_driverlib.a : uart.o (.text:UARTIntClear)
                  00004d98    00000012                          : uart.o (.text:UARTRxErrorGet)
                  00004daa    00000012     main_nortos.obj (.text:main)
                  00004dbc    00000012     rtsv7M4_T_le_v4SPD16_eabi.lib : wcslen.c.obj (.text:wcslen)
                  00004dce    00000010     nortos_msp432e4.aem4f : ClockPSysTick_nortos.oem4f (.text:ClockP_add)
                  00004dde    00000010                           : ClockPSysTick_nortos.oem4f (.text:ClockP_delete)
                  00004dee    00000002     --HOLE-- [fill = 0]
                  00004df0    00000010                           : ClockPSysTick_nortos.oem4f (.text:ClockP_getCpuFreq)
                  00004e00    00000010                           : HwiPMSP432E4_nortos.oem4f (.text:HwiP_delete)
                  00004e10    00000010     msp432e4_driverlib.a : interrupt.o (.text:IntMasterDisable)
                  00004e20    00000010                          : interrupt.o (.text:IntMasterEnable)
                  00004e30    00000010     nortos_msp432e4.aem4f : PowerMSP432E4_nortos.oem4f (.text:PowerMSP432E4_sleepPolicy)
                  00004e40    00000010     drivers_msp432e4.aem4f : PowerMSP432E4.oem4f (.text:Power_enablePolicy)
                  00004e50    00000010     nortos_msp432e4.aem4f : SemaphoreP_nortos.oem4f (.text:SemaphoreP_Params_init)
                  00004e60    00000010     msp432e4_driverlib.a : uart.o (.text:UARTRxErrorClear)
                  00004e70    00000010     drivers_msp432e4.aem4f : UARTMSP432E4.oem4f (.text:readBlockingTimeout)
                  00004e80    0000000e                            : RingBuf.oem4f (.text:RingBuf_isFull)
                  00004e8e    0000000e     rtsv7M4_T_le_v4SPD16_eabi.lib : copy_decompress_none.c.obj (.text:decompress:none:__TI_decompress_none)
                  00004e9c    0000000c     msp432e4_driverlib.a : cpu.o (.text:CPUcpsid)
                  00004ea8    0000000c                          : cpu.o (.text:CPUcpsie)
                  00004eb4    0000000a     nortos_msp432e4.aem4f : ClockPSysTick_nortos.oem4f (.text:ClockP_Params_init)
                  00004ebe    0000000a                           : ClockPSysTick_nortos.oem4f (.text:ClockP_isActive)
                  00004ec8    0000000a     drivers_msp432e4.aem4f : UART.oem4f (.text:UART_read)
                  00004ed2    0000000a                            : UART.oem4f (.text:UART_write)
                  00004edc    0000000a     rtsv7M4_T_le_v4SPD16_eabi.lib : sprintf.c.obj (.text:_outc)
                  00004ee6    00000008     nortos_msp432e4.aem4f : HwiPMSP432E4_nortos.oem4f (.text:HwiP_restore)
                  00004eee    00000002     --HOLE-- [fill = 0]
                  00004ef0    00000008     rtsv7M4_T_le_v4SPD16_eabi.lib : errno.c.obj (.text:__aeabi_errno_addr)
                  00004ef8    00000008                                   : memory.c.obj (.text:malloc)
                  00004f00    00000008     drivers_msp432e4.aem4f : UARTMSP432E4.oem4f (.text:readSemCallback)
                  00004f08    00000008                            : UARTMSP432E4.oem4f (.text:writeSemCallback)
                  00004f10    00000004     nortos_msp432e4.aem4f : ClockPSysTick_nortos.oem4f (.text:ClockP_setTimeout)
                  00004f14    00000004                           : HwiPMSP432E4_nortos.oem4f (.text:HwiP_disable)
                  00004f18    00000004                           : HwiPMSP432E4_nortos.oem4f (.text:HwiP_enable)
                  00004f1c    00000004                           : SemaphoreP_nortos.oem4f (.text:SemaphoreP_delete)
                  00004f20    00000004     rtsv7M4_T_le_v4SPD16_eabi.lib : error.c.obj (.text:__abort_execution)
                  00004f24    00000004                                   : pre_init.c.obj (.text:_system_pre_init)
                  00004f28    00000004                                   : exit.c.obj (.text:abort:abort)

.const     0    00004f2c    000005ea     
                  00004f2c    000001b0     msp432e4_driverlib.a : sysctl.o (.const:g_pppui32XTALtoVCO)
                  000050dc    00000101     rtsv7M4_T_le_v4SPD16_eabi.lib : ctype.c.obj (.const:.string:_ctypes_)
                  000051dd    00000003     drivers_msp432e4.aem4f : GPIOMSP432E4.oem4f (.const:.string:inPinTypes)
                  000051e0    0000009c     msp432e4_driverlib.a : interrupt.o (.const:g_pui32Regs)
                  0000527c    00000048                          : gpio.o (.const:g_pui32GPIOBaseAddrs)
                  000052c4    00000048     drivers_msp432e4.aem4f : GPIOMSP432E4.oem4f (.const:gpioBaseAddresses)
                  0000530c    00000048                            : GPIOMSP432E4.oem4f (.const:powerMgrIds)
                  00005354    00000030     msp432e4_driverlib.a : sysctl.o (.const:g_sXTALtoMEMTIM)
                  00005384    0000002c     ti_drivers_config.obj (.const:uartMSP432E4HWAttrs)
                  000053b0    00000028     drivers_msp432e4.aem4f : UARTMSP432E4.oem4f (.const:UARTMSP432E4_fxnTable)
                  000053d8    00000028     msp432e4_driverlib.a : sysctl.o (.const:g_pui32Xtals)
                  00005400    00000024     drivers_msp432e4.aem4f : UART.oem4f (.const:UART_defaultParams)
                  00005424    00000020                            : GPIOMSP432E4.oem4f (.const:.string:gpioInterruptVectors)
                  00005444    00000020                            : UARTMSP432E4.oem4f (.const:staticFxnTable)
                  00005464    00000014     ti_drivers_config.obj (.const:GPIOMSP432E4_config)
                  00005478    00000014     msp432e4_driverlib.a : interrupt.o (.const:g_pui32Dii16Regs)
                  0000548c    00000014                          : interrupt.o (.const:g_pui32EnRegs)
                  000054a0    00000014     drivers_msp432e4.aem4f : UARTMSP432E4.oem4f (.const:parityType)
                  000054b4    00000010                            : UARTMSP432E4.oem4f (.const:dataLength)
                  000054c4    0000000d     uartecho.obj (.const:.string:$P$T2$3)
                  000054d1    00000003     ti_drivers_config.obj (.const)
                  000054d4    0000000c     ti_drivers_config.obj (.const:UART_config)
                  000054e0    00000008     ti_drivers_config.obj (.const:PowerMSP432E4_config)
                  000054e8    00000008     msp432e4_driverlib.a : sysctl.o (.const:g_pui32VCOFrequencies)
                  000054f0    00000008     drivers_msp432e4.aem4f : UARTMSP432E4.oem4f (.const:stopBits)
                  000054f8    00000007     uartecho.obj (.const:.string:$P$T0$1)
                  000054ff    00000007     drivers_msp432e4.aem4f : GPIOMSP432E4.oem4f (.const:.string:outPinStrengths)
                  00005506    00000006     uartecho.obj (.const:.string:$P$T1$2)
                  0000550c    00000006     drivers_msp432e4.aem4f : GPIOMSP432E4.oem4f (.const:.string:interruptType)
                  00005512    00000004                            : GPIOMSP432E4.oem4f (.const:.string:outPinTypes)

.cinit     0    00005518    00000138     
                  00005518    000000fd     (.cinit..data.load) [load image, compression = lzss]
                  00005615    00000003     --HOLE-- [fill = 0]
                  00005618    0000000c     (__TI_handler_table)
                  00005624    00000004     --HOLE-- [fill = 0]
                  00005628    00000008     (.cinit..bss.load) [load image, compression = zero_init]
                  00005630    00000008     (.cinit..vtable.load) [load image, compression = zero_init]
                  00005638    00000018     (__TI_cinit_table)

.init_array 
*          0    00000000    00000000     UNINITIALIZED

.vtable    0    20000000    0000026c     UNINITIALIZED
                  20000000    0000026c     msp432e4_driverlib.a : interrupt.o (.vtable)

.sysmem    0    20000270    00008000     UNINITIALIZED
                  20000270    00000010     rtsv7M4_T_le_v4SPD16_eabi.lib : memory.c.obj (.sysmem)
                  20000280    00007ff0     --HOLE--

.data      0    20008270    00000414     UNINITIALIZED
                  20008270    0000026c     nortos_msp432e4.aem4f : HwiPMSP432E4_nortos.oem4f (.data:HwiP_dispatchTable)
                  200084dc    0000016c     drivers_msp432e4.aem4f : PowerMSP432E4.oem4f (.data:PowerMSP432E4_module)
                  20008648    00000008     rtsv7M4_T_le_v4SPD16_eabi.lib : _lock.c.obj (.data:$O1$$)
                  20008650    00000008                                   : memory.c.obj (.data:$O1$$)
                  20008658    00000008     nortos_msp432e4.aem4f : SemaphoreP_nortos.oem4f (.data:SemaphoreP_defaultParams)
                  20008660    00000005     drivers_msp432e4.aem4f : GPIOMSP432E4.oem4f (.data)
                  20008665    00000003     nortos_msp432e4.aem4f : SemaphoreP_nortos.oem4f (.data)
                  20008668    00000005                           : ClockPSysTick_nortos.oem4f (.data)
                  2000866d    00000001     drivers_msp432e4.aem4f : UART.oem4f (.data)
                  2000866e    00000002     --HOLE--
                  20008670    00000004     ti_drivers_config.obj (.data:gpioCallbackFunctions)
                  20008674    00000004     ti_drivers_config.obj (.data:gpioPinConfigs)
                  20008678    00000004     nortos_msp432e4.aem4f : HwiPMSP432E4_nortos.oem4f (.data)
                  2000867c    00000004     rtsv7M4_T_le_v4SPD16_eabi.lib : errno.c.obj (.data)
                  20008680    00000004                                   : vla_alloc.c.obj (.data)

.bss       0    20008688    0000012c     UNINITIALIZED
                  20008688    00000090     drivers_msp432e4.aem4f : GPIOMSP432E4.oem4f (.bss:gpioCallbackInfo)
                  20008718    00000064     (.common:uartMSP432E4Objects)
                  2000877c    00000020     ti_drivers_config.obj (.bss:uartMSP432E4RingBuffer0)
                  2000879c    00000004     drivers_msp432e4.aem4f : GPIOMSP432E4.oem4f (.bss)
                  200087a0    00000010     (.common:ClockP_ctrl)
                  200087b0    00000004     nortos_msp432e4.aem4f : ClockPSysTick_nortos.oem4f (.bss)

.stack     0    2003f000    00001000     UNINITIALIZED
                  2003f000    00000004     rtsv7M4_T_le_v4SPD16_eabi.lib : boot_cortex_m.c.obj (.stack)
                  2003f004    00000ffc     --HOLE--

__llvm_prf_cnts 
*          0    20000000    00000000     UNINITIALIZED

.binit     0    00000000    00000000     

MODULE SUMMARY

       Module                       code    ro data   rw data
       ------                       ----    -------   -------
    .\
       uartecho.obj                 828     26        0      
       main_nortos.obj              18      0         0      
    +--+----------------------------+-------+---------+---------+
       Total:                       846     26        0      
                                                             
    .\syscfg\
       ti_drivers_config.obj        50      87        140    
    +--+----------------------------+-------+---------+---------+
       Total:                       50      87        140    
                                                             
    C:/ti/simplelink_msp432e4_sdk_4_20_00_12/kernel/nortos/lib/nortos_msp432e4.aem4f
       HwiPMSP432E4_nortos.oem4f    278     0         624    
       ClockPSysTick_nortos.oem4f   614     0         25     
       startup_msp432e4_ccs.oem4f   40      512       0      
       SemaphoreP_nortos.oem4f      378     0         11     
       PowerMSP432E4_nortos.oem4f   16      0         0      
    +--+----------------------------+-------+---------+---------+
       Total:                       1326    512       660    
                                                             
    C:/ti/simplelink_msp432e4_sdk_4_20_00_12/source/ti/devices/msp432e4/driverlib/lib/ccs/m4f/msp432e4_driverlib.a
       sysctl.o                     1512    528       0      
       interrupt.o                  494     196       620    
       gpio.o                       1016    72        0      
       uart.o                       588     0         0      
       cpu.o                        24      0         0      
       fpu.o                        24      0         0      
    +--+----------------------------+-------+---------+---------+
       Total:                       3658    796       620    
                                                             
    C:/ti/simplelink_msp432e4_sdk_4_20_00_12/source/ti/drivers/lib/drivers_msp432e4.aem4f
       UARTMSP432E4.oem4f           2914    116       0      
       GPIOMSP432E4.oem4f           956     196       153    
       PowerMSP432E4.oem4f          372     0         364    
       UART.oem4f                   176     36        1      
       RingBuf.oem4f                198     0         0      
    +--+----------------------------+-------+---------+---------+
       Total:                       4616    348       518    
                                                             
    C:\ti\ccs1240\ccs\tools\compiler\ti-cgt-arm_20.2.7.LTS\lib\rtsv7M4_T_le_v4SPD16_eabi.lib
       _printfi.c.obj               4851    0         0      
       memory.c.obj                 900     0         8      
       vla_alloc.c.obj              564     0         4      
       fd_add_t2.asm.obj            438     0         0      
       fd_div_t2.asm.obj            310     0         0      
       s_scalbn.c.obj               272     0         0      
       fd_cmp_t2.asm.obj            268     0         0      
       ctype.c.obj                  0       257       0      
       fd_mul_t2.asm.obj            252     0         0      
       memcpy_t2.asm.obj            156     0         0      
       ull_div_t2.asm.obj           150     0         0      
       memset_t2.asm.obj            122     0         0      
       copy_decompress_lzss.c.obj   104     0         0      
       s_frexp.c.obj                100     0         0      
       sprintf.c.obj                98      0         0      
       _ltoa.c.obj                  84      0         0      
       atoi.c.obj                   76      0         0      
       fd_toi_t2.asm.obj            72      0         0      
       autoinit.c.obj               68      0         0      
       strncpy.c.obj                54      0         0      
       boot_cortex_m.c.obj          52      0         0      
       i_tofd_t2.asm.obj            46      0         0      
       copy_zero_init.c.obj         28      0         0      
       memccpy.c.obj                28      0         0      
       s_copysign.c.obj             26      0         0      
       strcmp.c.obj                 24      0         0      
       strchr.c.obj                 22      0         0      
       strlen.c.obj                 20      0         0      
       wcslen.c.obj                 18      0         0      
       copy_decompress_none.c.obj   14      0         0      
       errno.c.obj                  8       0         4      
       _lock.c.obj                  2       0         8      
       error.c.obj                  4       0         0      
       exit.c.obj                   4       0         0      
       pre_init.c.obj               4       0         0      
       div0.asm.obj                 2       0         0      
    +--+----------------------------+-------+---------+---------+
       Total:                       9241    257       24     
                                                             
       Heap:                        0       0         32768  
       Stack:                       0       0         4096   
       Linker Generated:            0       305       0      
    +--+----------------------------+-------+---------+---------+
       Grand Total:                 19737   2331      38826  


LINKER GENERATED COPY TABLES

__TI_cinit_table @ 00005638 records: 3, size/record: 8, table size: 24
	.data: load addr=00005518, load size=000000fd bytes, run addr=20008270, run size=00000414 bytes, compression=lzss
	.bss: load addr=00005628, load size=00000008 bytes, run addr=20008688, run size=0000012c bytes, compression=zero_init
	.vtable: load addr=00005630, load size=00000008 bytes, run addr=20000000, run size=0000026c bytes, compression=zero_init


LINKER GENERATED HANDLER TABLE

__TI_handler_table @ 00005618 records: 3, size/record: 4, table size: 12
	index: 0, handler: __TI_zero_init
	index: 1, handler: __TI_decompress_lzss
	index: 2, handler: __TI_decompress_none


GLOBAL SYMBOLS: SORTED ALPHABETICALLY BY Name 

address   name                           
-------   ----                           
000047a5  Board_init                     
00000c4f  Board_initHook                 
00004f29  C$$EXIT                        
000054d1  CONFIG_GPIO_LED_0_CONST        
000054d2  CONFIG_UART_0_CONST            
00004e9d  CPUcpsid                       
00004ea9  CPUcpsie                       
00004eb5  ClockP_Params_init             
00004dcf  ClockP_add                     
0000435d  ClockP_construct               
00004b85  ClockP_create                  
200087a0  ClockP_ctrl                    
00004ddf  ClockP_delete                  
0000465d  ClockP_destruct                
00003e91  ClockP_doTick                  
00004df1  ClockP_getCpuFreq              
00004ebf  ClockP_isActive                
00004f11  ClockP_setTimeout              
000047d5  ClockP_start                   
0000473d  ClockP_startup                 
0000413d  ClockP_stop                    
00003e91  ClockP_sysTickHandler          
20008668  ClockP_tickPeriod              
00004bd5  FPUEnable                      
00003b25  GPIODirModeSet                 
00004cd7  GPIOIntClear                   
000049a5  GPIOIntStatus                  
00002be1  GPIOIntTypeSet                 
00005464  GPIOMSP432E4_config            
00004ced  GPIOMSP432E4_getGpioBaseAddr   
00004d01  GPIOMSP432E4_getPowerResourceId
00004805  GPIOMSP432E4_undoPinConfig     
0000175d  GPIOPadConfigSet               
00004181  GPIOPinConfigure               
00004915  GPIOPinTypeUART                
000049c7  GPIOPinWrite                   
00003859  GPIO_hwiIntFxn                 
00002b35  GPIO_init                      
00003c39  GPIO_setCallback               
00001d21  GPIO_setConfig                 
00003d41  GPIO_write                     
00004d51  HwiP_Params_init               
000035bd  HwiP_construct                 
000048c1  HwiP_create                    
00004e01  HwiP_delete                    
00004d63  HwiP_destruct                  
00004f15  HwiP_disable                   
00004f19  HwiP_enable                    
00004d15  HwiP_inISR                     
00004ee7  HwiP_restore                   
20008678  HwiP_swiPIntNum                
000032d5  IntDisable                     
00003355  IntEnable                      
00004e11  IntMasterDisable               
00004e21  IntMasterEnable                
00003d95  IntPrioritySet                 
00003b81  IntRegister                    
00004ac1  IntUnregister                  
00004f19  NoRTOS_start                   
000054e0  PowerMSP432E4_config           
200084dc  PowerMSP432E4_module           
00004e31  PowerMSP432E4_sleepPolicy      
00004d29  Power_disablePolicy            
00004e41  Power_enablePolicy             
00004bed  Power_idleFunc                 
000039f9  Power_init                     
000037ed  Power_releaseDependency        
000038c1  Power_setDependency            
00004d75  RingBuf_construct              
0000439d  RingBuf_get                    
00004e81  RingBuf_isFull                 
000049e7  RingBuf_peek                   
000040f5  RingBuf_put                    
00004e51  SemaphoreP_Params_init         
00003ee1  SemaphoreP_construct           
00004c95  SemaphoreP_create              
00004b9f  SemaphoreP_createBinary        
20008658  SemaphoreP_defaultParams       
00004f1d  SemaphoreP_delete              
00002c85  SemaphoreP_pend                
000041c5  SemaphoreP_post                
00000f41  SysCtlClockFreqSet             
00004895  SysCtlPeripheralClockGating    
000043dd  SysCtlPeripheralDisable        
0000441d  SysCtlPeripheralEnable         
0000445d  SysCtlPeripheralPowerOff       
0000449d  SysCtlPeripheralPowerOn        
00004209  SysCtlPeripheralPresent        
0000424d  SysCtlPeripheralReady          
000044dd  SysCtlPeripheralSleepDisable   
0000451d  SysCtlPeripheralSleepEnable    
00004a49  UARTBusy                       
00004cab  UARTCharGet                    
00004add  UARTCharGetNonBlocking         
00004a67  UARTCharPut                    
0000495d  UARTCharPutNonBlocking         
00004a85  UARTCharsAvail                 
00003545  UARTConfigSetExpClk            
00004835  UARTDisable                    
00004981  UARTEnable                     
00004c05  UARTFIFOLevelSet               
00004af9  UARTFlowControlSet             
00004d87  UARTIntClear                   
00004c1d  UARTIntDisable                 
00004c35  UARTIntEnable                  
00004aa3  UARTIntStatus                  
0000285d  UARTMSP432E4_close             
00003021  UARTMSP432E4_control           
000053b0  UARTMSP432E4_fxnTable          
00001997  UARTMSP432E4_init              
00000c51  UARTMSP432E4_open              
0000455d  UARTMSP432E4_read              
000046d1  UARTMSP432E4_readCancel        
00002d25  UARTMSP432E4_readPolling       
00002e5f  UARTMSP432E4_write             
00004065  UARTMSP432E4_writeCancel       
00003f81  UARTMSP432E4_writePolling      
00004e61  UARTRxErrorClear               
00004d99  UARTRxErrorGet                 
00004b15  UARTTxIntModeSet               
00004c4d  UART_Params_init               
000054d4  UART_config                    
000054d3  UART_count                     
00005400  UART_defaultParams             
00004291  UART_init                      
0000459d  UART_open                      
00004ec9  UART_read                      
00004ed3  UART_write                     
20040000  __STACK_END                    
00001000  __STACK_SIZE                   
00008000  __SYSMEM_SIZE                  
00005638  __TI_CINIT_Base                
00005650  __TI_CINIT_Limit               
00005618  __TI_Handler_Table_Base        
00005624  __TI_Handler_Table_Limit       
00004319  __TI_auto_init_nobinit_nopinit 
00003929  __TI_decompress_lzss           
00004e8f  __TI_decompress_none           
00003de9  __TI_ltoa                      
ffffffff  __TI_pprof_out_hndl            
00000201  __TI_printfi                   
ffffffff  __TI_prof_data_size            
ffffffff  __TI_prof_data_start           
00005518  __TI_static_base__             
00004b31  __TI_zero_init_nomemset        
00004f21  __abort_execution              
000031c9  __aeabi_cdcmpeq                
000031c9  __aeabi_cdcmple                
0000324f  __aeabi_cdrcmple               
000040ad  __aeabi_d2iz                   
00001b73  __aeabi_dadd                   
0000212d  __aeabi_ddiv                   
00002599  __aeabi_dmul                   
00001b69  __aeabi_dsub                   
00004ef1  __aeabi_errno_addr             
00004865  __aeabi_i2d                    
00003e8f  __aeabi_idiv0                  
00003e8f  __aeabi_ldiv0                  
00003451  __aeabi_memclr                 
00003451  __aeabi_memclr4                
00003451  __aeabi_memclr8                
00002dc3  __aeabi_memcpy                 
00002dc3  __aeabi_memcpy4                
00002dc3  __aeabi_memcpy8                
00003453  __aeabi_memset                 
00003453  __aeabi_memset4                
00003453  __aeabi_memset8                
00002ef7  __aeabi_uldivmod               
ffffffff  __binit__                      
ffffffff  __c_args__                     
UNDEFED   __mpu_init                     
2003f000  __stack                        
20000000  __start___llvm_prf_cnts        
20000000  __stop___llvm_prf_cnts         
00001ea5  __vla_alloc                    
0000362d  __vla_dealloc                  
00004771  _c_int00_noargs                
000050dc  _ctypes_                       
20008648  _lock                          
00002263  _nop                           
20000270  _sys_memory                    
UNDEFED   _system_post_cinit             
00004f25  _system_pre_init               
2000864c  _unlock                        
00004f29  abort                          
00002499  aligned_alloc                  
00003fcd  atoi                           
ffffffff  binit                          
000034cb  clkFxn                         
00004bb9  copysign                       
00004bb9  copysignl                      
2000867c  errno                          
00002695  free                           
00003a5d  frexp                          
00003a5d  frexpl                         
20000000  g_pfnRAMVectors                
20008670  gpioCallbackFunctions          
20008674  gpioPinConfigs                 
00002389  ldexp                          
00002389  ldexpl                         
00004dab  main                           
00001221  mainThread                     
00004ef9  malloc                         
00002499  memalign                       
00004b69  memccpy                        
00002dc3  memcpy                         
00003459  memset                         
00002779  realloc                        
00004a29  resetISR                       
00000000  resetVectors                   
00002389  scalbn                         
00002389  scalbnl                        
000045dd  sprintf                        
00004cc1  strchr                         
00004c7d  strcmp                         
0000370d  stringStartsWith               
00004d3d  strlen                         
00004707  strncpy                        
20008718  uartMSP432E4Objects            
00004dbd  wcslen                         


GLOBAL SYMBOLS: SORTED BY Symbol Address 

address   name                           
-------   ----                           
00000000  resetVectors                   
00000201  __TI_printfi                   
00000c4f  Board_initHook                 
00000c51  UARTMSP432E4_open              
00000f41  SysCtlClockFreqSet             
00001000  __STACK_SIZE                   
00001221  mainThread                     
0000175d  GPIOPadConfigSet               
00001997  UARTMSP432E4_init              
00001b69  __aeabi_dsub                   
00001b73  __aeabi_dadd                   
00001d21  GPIO_setConfig                 
00001ea5  __vla_alloc                    
0000212d  __aeabi_ddiv                   
00002263  _nop                           
00002389  ldexp                          
00002389  ldexpl                         
00002389  scalbn                         
00002389  scalbnl                        
00002499  aligned_alloc                  
00002499  memalign                       
00002599  __aeabi_dmul                   
00002695  free                           
00002779  realloc                        
0000285d  UARTMSP432E4_close             
00002b35  GPIO_init                      
00002be1  GPIOIntTypeSet                 
00002c85  SemaphoreP_pend                
00002d25  UARTMSP432E4_readPolling       
00002dc3  __aeabi_memcpy                 
00002dc3  __aeabi_memcpy4                
00002dc3  __aeabi_memcpy8                
00002dc3  memcpy                         
00002e5f  UARTMSP432E4_write             
00002ef7  __aeabi_uldivmod               
00003021  UARTMSP432E4_control           
000031c9  __aeabi_cdcmpeq                
000031c9  __aeabi_cdcmple                
0000324f  __aeabi_cdrcmple               
000032d5  IntDisable                     
00003355  IntEnable                      
00003451  __aeabi_memclr                 
00003451  __aeabi_memclr4                
00003451  __aeabi_memclr8                
00003453  __aeabi_memset                 
00003453  __aeabi_memset4                
00003453  __aeabi_memset8                
00003459  memset                         
000034cb  clkFxn                         
00003545  UARTConfigSetExpClk            
000035bd  HwiP_construct                 
0000362d  __vla_dealloc                  
0000370d  stringStartsWith               
000037ed  Power_releaseDependency        
00003859  GPIO_hwiIntFxn                 
000038c1  Power_setDependency            
00003929  __TI_decompress_lzss           
000039f9  Power_init                     
00003a5d  frexp                          
00003a5d  frexpl                         
00003b25  GPIODirModeSet                 
00003b81  IntRegister                    
00003c39  GPIO_setCallback               
00003d41  GPIO_write                     
00003d95  IntPrioritySet                 
00003de9  __TI_ltoa                      
00003e8f  __aeabi_idiv0                  
00003e8f  __aeabi_ldiv0                  
00003e91  ClockP_doTick                  
00003e91  ClockP_sysTickHandler          
00003ee1  SemaphoreP_construct           
00003f81  UARTMSP432E4_writePolling      
00003fcd  atoi                           
00004065  UARTMSP432E4_writeCancel       
000040ad  __aeabi_d2iz                   
000040f5  RingBuf_put                    
0000413d  ClockP_stop                    
00004181  GPIOPinConfigure               
000041c5  SemaphoreP_post                
00004209  SysCtlPeripheralPresent        
0000424d  SysCtlPeripheralReady          
00004291  UART_init                      
00004319  __TI_auto_init_nobinit_nopinit 
0000435d  ClockP_construct               
0000439d  RingBuf_get                    
000043dd  SysCtlPeripheralDisable        
0000441d  SysCtlPeripheralEnable         
0000445d  SysCtlPeripheralPowerOff       
0000449d  SysCtlPeripheralPowerOn        
000044dd  SysCtlPeripheralSleepDisable   
0000451d  SysCtlPeripheralSleepEnable    
0000455d  UARTMSP432E4_read              
0000459d  UART_open                      
000045dd  sprintf                        
0000465d  ClockP_destruct                
000046d1  UARTMSP432E4_readCancel        
00004707  strncpy                        
0000473d  ClockP_startup                 
00004771  _c_int00_noargs                
000047a5  Board_init                     
000047d5  ClockP_start                   
00004805  GPIOMSP432E4_undoPinConfig     
00004835  UARTDisable                    
00004865  __aeabi_i2d                    
00004895  SysCtlPeripheralClockGating    
000048c1  HwiP_create                    
00004915  GPIOPinTypeUART                
0000495d  UARTCharPutNonBlocking         
00004981  UARTEnable                     
000049a5  GPIOIntStatus                  
000049c7  GPIOPinWrite                   
000049e7  RingBuf_peek                   
00004a29  resetISR                       
00004a49  UARTBusy                       
00004a67  UARTCharPut                    
00004a85  UARTCharsAvail                 
00004aa3  UARTIntStatus                  
00004ac1  IntUnregister                  
00004add  UARTCharGetNonBlocking         
00004af9  UARTFlowControlSet             
00004b15  UARTTxIntModeSet               
00004b31  __TI_zero_init_nomemset        
00004b69  memccpy                        
00004b85  ClockP_create                  
00004b9f  SemaphoreP_createBinary        
00004bb9  copysign                       
00004bb9  copysignl                      
00004bd5  FPUEnable                      
00004bed  Power_idleFunc                 
00004c05  UARTFIFOLevelSet               
00004c1d  UARTIntDisable                 
00004c35  UARTIntEnable                  
00004c4d  UART_Params_init               
00004c7d  strcmp                         
00004c95  SemaphoreP_create              
00004cab  UARTCharGet                    
00004cc1  strchr                         
00004cd7  GPIOIntClear                   
00004ced  GPIOMSP432E4_getGpioBaseAddr   
00004d01  GPIOMSP432E4_getPowerResourceId
00004d15  HwiP_inISR                     
00004d29  Power_disablePolicy            
00004d3d  strlen                         
00004d51  HwiP_Params_init               
00004d63  HwiP_destruct                  
00004d75  RingBuf_construct              
00004d87  UARTIntClear                   
00004d99  UARTRxErrorGet                 
00004dab  main                           
00004dbd  wcslen                         
00004dcf  ClockP_add                     
00004ddf  ClockP_delete                  
00004df1  ClockP_getCpuFreq              
00004e01  HwiP_delete                    
00004e11  IntMasterDisable               
00004e21  IntMasterEnable                
00004e31  PowerMSP432E4_sleepPolicy      
00004e41  Power_enablePolicy             
00004e51  SemaphoreP_Params_init         
00004e61  UARTRxErrorClear               
00004e81  RingBuf_isFull                 
00004e8f  __TI_decompress_none           
00004e9d  CPUcpsid                       
00004ea9  CPUcpsie                       
00004eb5  ClockP_Params_init             
00004ebf  ClockP_isActive                
00004ec9  UART_read                      
00004ed3  UART_write                     
00004ee7  HwiP_restore                   
00004ef1  __aeabi_errno_addr             
00004ef9  malloc                         
00004f11  ClockP_setTimeout              
00004f15  HwiP_disable                   
00004f19  HwiP_enable                    
00004f19  NoRTOS_start                   
00004f1d  SemaphoreP_delete              
00004f21  __abort_execution              
00004f25  _system_pre_init               
00004f29  C$$EXIT                        
00004f29  abort                          
000050dc  _ctypes_                       
000053b0  UARTMSP432E4_fxnTable          
00005400  UART_defaultParams             
00005464  GPIOMSP432E4_config            
000054d1  CONFIG_GPIO_LED_0_CONST        
000054d2  CONFIG_UART_0_CONST            
000054d3  UART_count                     
000054d4  UART_config                    
000054e0  PowerMSP432E4_config           
00005518  __TI_static_base__             
00005618  __TI_Handler_Table_Base        
00005624  __TI_Handler_Table_Limit       
00005638  __TI_CINIT_Base                
00005650  __TI_CINIT_Limit               
00008000  __SYSMEM_SIZE                  
20000000  __start___llvm_prf_cnts        
20000000  __stop___llvm_prf_cnts         
20000000  g_pfnRAMVectors                
20000270  _sys_memory                    
200084dc  PowerMSP432E4_module           
20008648  _lock                          
2000864c  _unlock                        
20008658  SemaphoreP_defaultParams       
20008668  ClockP_tickPeriod              
20008670  gpioCallbackFunctions          
20008674  gpioPinConfigs                 
20008678  HwiP_swiPIntNum                
2000867c  errno                          
20008718  uartMSP432E4Objects            
200087a0  ClockP_ctrl                    
2003f000  __stack                        
20040000  __STACK_END                    
ffffffff  __TI_pprof_out_hndl            
ffffffff  __TI_prof_data_size            
ffffffff  __TI_prof_data_start           
ffffffff  __binit__                      
ffffffff  __c_args__                     
ffffffff  binit                          
UNDEFED   __mpu_init                     
UNDEFED   _system_post_cinit             

[220 symbols]
