******************************************************************************
                  TI ARM Linker PC v20.2.7                     
******************************************************************************
>> Linked Mon Oct  2 10:12:35 2023

OUTPUT FILE NAME:   <uartecho_MSP_EXP432E401Y_tirtos_ccs.out>
ENTRY POINT SYMBOL: "_c_int00"  address: 000059ed


MEMORY CONFIGURATION

         name            origin    length      used     unused   attr    fill
----------------------  --------  ---------  --------  --------  ----  --------
  FLASH                 00000000   00100000  00008a3c  000f75c4  R  X
  SRAM                  20000000   00040000  0002145c  0001eba4  RW X


SEGMENT ALLOCATION MAP

run origin  load origin   length   init length attrs members
----------  ----------- ---------- ----------- ----- -------
00000000    00000000    00008a48   00008a48    r-x
  00000000    00000000    0000003c   0000003c    r-- .resetVecs
  00000040    00000040    00007df2   00007df2    r-x .text
  00007e34    00007e34    0000091e   0000091e    r-- .const
  00008758    00008758    000002f0   000002f0    r-- .cinit
20000360    20000360    00020000   00000000    r--
  20000360    20000360    00020000   00000000    r-- .priheap
20020360    20020360    00000cfc   00000000    rw-
  20020360    20020360    00000690   00000000    rw- .bss
  200209f0    200209f0    0000066c   00000000    rw- .data
2003fc00    2003fc00    00000400   00000000    rw-
  2003fc00    2003fc00    00000400   00000000    rw- .stack


SECTION ALLOCATION MAP

 output                                  attributes/
section   page    origin      length       input sections
--------  ----  ----------  ----------   ----------------
.text      0    00000040    00007df2     
                  00000040    00000a4e     rtsv7M4_T_le_v4SPD16_eabi.lib : _printfi.c.obj (.text:__TI_printfi)
                  00000a8e    00000002     ti_drivers_config.obj (.text:Board_initHook)
                  00000a90    000004f6     library.obj (.text:helpParse)
                  00000f86    00000002     drivers_msp432e4.aem4f : UARTMSP432E4.oem4f (.text:UARTMSP432E4_init)
                  00000f88    000002f0                            : UARTMSP432E4.oem4f (.text:UARTMSP432E4_open)
                  00001278    000002a0     sysbios.aem4f : BIOS.obj (.text:ti_sysbios_family_arm_msp432e4_init_Boot_sysCtlClockFreqSetI__I)
                  00001518    00000270     rtsv7M4_T_le_v4SPD16_eabi.lib : _printfi.c.obj (.text:_pconv_a)
                  00001788    0000026c     mainThread.obj (.text:mainThread)
                  000019f4    00000260     library.obj (.text:errorParse)
                  00001c54    0000023a     msp432e4_driverlib.a : gpio.o (.text:GPIOPadConfigSet)
                  00001e8e    00000002     rtsv7M4_T_le_v4SPD16_eabi.lib : _lock.c.obj (.text:_nop)
                  00001e90    00000224     library.obj (.text:memoryReadParse)
                  000020b4    000001d0     rtsv7M4_T_le_v4SPD16_eabi.lib : _printfi.c.obj (.text:_pconv_g)
                  00002284    000001b6                                   : fd_add_t2.asm.obj (.text)
                  0000243a    00000002                                   : div0.asm.obj (.text)
                  0000243c    00000190     library.obj (.text:gpioParse)
                  000025cc    00000184     drivers_msp432e4.aem4f : GPIOMSP432E4.oem4f (.text:GPIO_setConfig)
                  00002750    00000154     sysbios.aem4f : BIOS.obj (.text:ti_sysbios_knl_Task_Instance_finalize__E)
                  000028a4    0000013c     rtsv7M4_T_le_v4SPD16_eabi.lib : _printfi.c.obj (.text:_pconv_e)
                  000029e0    00000136                                   : fd_div_t2.asm.obj (.text)
                  00002b16    00000002     release_pem4f.oem4f (.text:ti_sysbios_BIOS_nullFunc__I)
                  00002b18    00000130     rtsv7M4_T_le_v4SPD16_eabi.lib : strtol.c.obj (.text:strtol)
                  00002c48    00000130     sysbios.aem4f : BIOS.obj (.text:ti_sysbios_knl_Semaphore_pend__E)
                  00002d78    00000124     rtsv7M4_T_le_v4SPD16_eabi.lib : _printfi.c.obj (.text:fcvt)
                  00002e9c    00000004     dpl_msp432e4.aem4f : ClockP_tirtos.oem4f (.text:ClockP_getCpuFreq)
                  00002ea0    00000120     sysbios.aem4f : BIOS.obj (.text:xdc_runtime_Startup_startMods__I)
                  00002fc0    00000114     library.obj (.text:helpBase)
                  000030d4    00000110     rtsv7M4_T_le_v4SPD16_eabi.lib : s_scalbn.c.obj (.text:scalbn)
                  000031e4    00000004     dpl_msp432e4.aem4f : ClockP_tirtos.oem4f (.text:ClockP_setTimeout)
                  000031e8    00000110     sysbios.aem4f : BIOS.obj (.text:ti_sysbios_knl_Task_postInit__I)
                  000032f8    0000010c                   : BIOS.obj (.text:ti_sysbios_family_arm_lm4_Timer_start__E)
                  00003404    000000fc     library.obj (.text:errorBase)
                  00003500    000000fc     rtsv7M4_T_le_v4SPD16_eabi.lib : fd_mul_t2.asm.obj (.text)
                  000035fc    000000f8     library.obj (.text:printParse)
                  000036f4    000000f4     library.obj (.text:aboutParse)
                  000037e8    000000f0     sysbios.aem4f : BIOS.obj (.text:pthread_create)
                  000038d8    000000f0                   : m3_Hwi_asm.obj (.text:ti_sysbios_family_arm_m3_Hwi_dispatch__I)
                  000039c8    000000ec     library.obj (.text:writeGPIOprint)
                  00003ab4    00000004     dpl_msp432e4.aem4f : ClockP_tirtos.oem4f (.text:ClockP_start)
                  00003ab8    000000e8     sysbios.aem4f : BIOS.obj (.text:ti_sysbios_knl_Task_Instance_init__E)
                  00003ba0    000000d0                   : BIOS.obj (.text:ti_sysbios_heaps_HeapMem_alloc__E)
                  00003c70    000000be     drivers_msp432e4.aem4f : UARTMSP432E4.oem4f (.text:UARTMSP432E4_close)
                  00003d2e    00000002     --HOLE-- [fill = 0]
                  00003d30    000000bc     sysbios.aem4f : BIOS.obj (.text:ti_sysbios_knl_Task_exit__E)
                  00003dec    00000004     dpl_msp432e4.aem4f : ClockP_tirtos.oem4f (.text:ClockP_stop)
                  00003df0    000000bc     sysbios.aem4f : BIOS.obj (.text:xdc_runtime_Core_createObject__I)
                  00003eac    00000004     dpl_msp432e4.aem4f : HwiP_tirtos.oem4f (.text:HwiP_disable)
                  00003eb0    000000b8     sysbios.aem4f : BIOS.obj (.text:ti_sysbios_family_arm_m3_Hwi_Instance_init__E)
                  00003f68    000000b6     drivers_msp432e4.aem4f : UARTMSP432E4.oem4f (.text:readTaskCallback)
                  0000401e    00000002     --HOLE-- [fill = 0]
                  00004020    000000b1     rtsv7M4_T_le_v4SPD16_eabi.lib : _printfi.c.obj (.text:_ltostr)
                  000040d1    00000001     --HOLE-- [fill = 0]
                  000040d2    000000b0     drivers_msp432e4.aem4f : UARTMSP432E4.oem4f (.text:readTaskBlocking)
                  00004182    00000004     dpl_msp432e4.aem4f : SemaphoreP_tirtos.oem4f (.text:SemaphoreP_post)
                  00004186    00000002     --HOLE-- [fill = 0]
                  00004188    000000b0     sysbios.aem4f : BIOS.obj (.text:ti_sysbios_family_arm_lm4_Timer_enableTiva__I)
                  00004238    000000ac     drivers_msp432e4.aem4f : GPIOMSP432E4.oem4f (.text:GPIO_init)
                  000042e4    000000a4     msp432e4_driverlib.a : gpio.o (.text:GPIOIntTypeSet)
                  00004388    000000a4     sysbios.aem4f : BIOS.obj (.text:ti_sysbios_knl_Task_setPri__E)
                  0000442c    000000a0     auto_init.aem4f : auto_init.oem4f (.text)
                  000044cc    0000009e     drivers_msp432e4.aem4f : UARTMSP432E4.oem4f (.text:UARTMSP432E4_readPolling)
                  0000456a    00000004     release_pem4f.oem4f (.text:ti_sysbios_BIOS_RtsGateProxy_enter__E)
                  0000456e    00000002     --HOLE-- [fill = 0]
                  00004570    0000009c     sysbios.aem4f : BIOS.obj (.text:_pthread_removeThreadKeys)
                  0000460c    0000009c     rtsv7M4_T_le_v4SPD16_eabi.lib : memcpy_t2.asm.obj (.text)
                  000046a8    00000098     drivers_msp432e4.aem4f : UARTMSP432E4.oem4f (.text:UARTMSP432E4_write)
                  00004740    00000096     rtsv7M4_T_le_v4SPD16_eabi.lib : ull_div_t2.asm.obj (.text)
                  000047d6    00000094     drivers_msp432e4.aem4f : UARTMSP432E4.oem4f (.text:readIsrTextBlocking)
                  0000486a    00000004     release_pem4f.oem4f (.text:ti_sysbios_BIOS_RtsGateProxy_leave__E)
                  0000486e    00000002     --HOLE-- [fill = 0]
                  00004870    00000094     sysbios.aem4f : BIOS.obj (.text:ti_sysbios_family_arm_m3_Hwi_initNVIC__E)
                  00004904    00000090     drivers_msp432e4.aem4f : UARTMSP432E4.oem4f (.text:UARTMSP432E4_control)
                  00004994    00000004     sysbios.aem4f : BIOS.obj (.text:ti_sysbios_family_arm_lm4_Timer_masterEnable__I)
                  00004998    00000090                   : BIOS.obj (.text:ti_sysbios_knl_Task_Module_startup__E)
                  00004a28    0000008c                   : m3_TaskSupport_asm.obj (.text:ti_sysbios_family_arm_m3_TaskSupport_buildTaskStack)
                  00004ab4    00000004     release_pem4f.oem4f (.text:ti_sysbios_family_arm_m3_Hwi_delete)
                  00004ab8    0000008c     sysbios.aem4f : BIOS.obj (.text:xdc_runtime_Memory_alloc__E)
                  00004b44    00000088     drivers_msp432e4.aem4f : UARTMSP432E4.oem4f (.text:readIsrTextCallback)
                  00004bcc    00000086     rtsv7M4_T_le_v4SPD16_eabi.lib : fd_cmp_t2.asm.obj (.text:__aeabi_cdcmple)
                  00004c52    00000086                                   : fd_cmp_t2.asm.obj (.text:__aeabi_cdrcmple)
                  00004cd8    00000086     sysbios.aem4f : BIOS.obj (.text:xdc_runtime_Core_constructObject__I)
                  00004d5e    00000002     --HOLE-- [fill = 0]
                  00004d60    00000084                   : BIOS.obj (.text:ti_sysbios_family_arm_m3_Hwi_postInit__I)
                  00004de4    00000004     release_pem4f.oem4f (.text:ti_sysbios_family_arm_m3_TaskSupport_Module__startupDone__S)
                  00004de8    00000084     sysbios.aem4f : BIOS.obj (.text:ti_sysbios_heaps_HeapMem_free__E)
                  00004e6c    00000004     release_pem4f.oem4f (.text:ti_sysbios_heaps_HeapMem_Module_GateProxy_enter__E)
                  00004e70    00000080     sysbios.aem4f : BIOS.obj (.text:ti_sysbios_knl_Clock_workFunc__E)
                  00004ef0    0000007c     drivers_msp432e4.aem4f : UARTMSP432E4.oem4f (.text:writeData)
                  00004f6c    0000007a     rtsv7M4_T_le_v4SPD16_eabi.lib : memset_t2.asm.obj (.text)
                  00004fe6    00000076     msp432e4_driverlib.a : uart.o (.text:UARTConfigSetExpClk)
                  0000505c    00000004     release_pem4f.oem4f (.text:ti_sysbios_heaps_HeapMem_Module_GateProxy_leave__E)
                  00005060    00000074     sysbios.aem4f : BIOS.obj (.text:xdc_runtime_Core_deleteObject__I)
                  000050d4    00000004     release_pem4f.oem4f (.text:ti_sysbios_knl_Clock_TimerProxy_getMaxTicks__E)
                  000050d8    00000070     sysbios.aem4f : BIOS.obj (.text:ti_sysbios_heaps_HeapMem_initPrimary__I)
                  00005148    0000006e     rtsv7M4_T_le_v4SPD16_eabi.lib : _printfi.c.obj (.text:_mcpy)
                  000051b6    00000002     --HOLE-- [fill = 0]
                  000051b8    0000006c     drivers_msp432e4.aem4f : PowerMSP432E4.oem4f (.text:Power_releaseDependency)
                  00005224    00000004     release_pem4f.oem4f (.text:ti_sysbios_knl_Clock_delete)
                  00005228    0000006c     sysbios.aem4f : BIOS.obj (.text:ti_sysbios_knl_Swi_restoreHwi__E)
                  00005294    00000068     drivers_msp432e4.aem4f : GPIOMSP432E4.oem4f (.text:GPIO_hwiIntFxn)
                  000052fc    00000068                            : PowerMSP432E4.oem4f (.text:Power_setDependency)
                  00005364    00000068     rtsv7M4_T_le_v4SPD16_eabi.lib : copy_decompress_lzss.c.obj (.text:decompress:lzss:__TI_decompress_lzss)
                  000053cc    00000004     release_pem4f.oem4f (.text:ti_sysbios_knl_Semaphore_delete)
                  000053d0    00000068     sysbios.aem4f : BIOS.obj (.text:pthread_exit)
                  00005438    00000068     drivers_msp432e4.aem4f : UARTMSP432E4.oem4f (.text:readIsrBinaryBlocking)
                  000054a0    00000064                            : PowerMSP432E4.oem4f (.text:Power_init)
                  00005504    00000064     rtsv7M4_T_le_v4SPD16_eabi.lib : s_frexp.c.obj (.text:frexp)
                  00005568    00000064     main.obj (.text:main)
                  000055cc    00000064     drivers_msp432e4.aem4f : UARTMSP432E4.oem4f (.text:readIsrBinaryCallback)
                  00005630    00000064     sysbios.aem4f : BIOS.obj (.text:ti_sysbios_family_arm_lm4_Timer_Module_startup__E)
                  00005694    00000004     release_pem4f.oem4f (.text:ti_sysbios_knl_Task_delete)
                  00005698    00000064     sysbios.aem4f : BIOS.obj (.text:ti_sysbios_family_arm_m3_Hwi_dispatchC__I)
                  000056fc    00000004     release_pem4f.oem4f (.text:xdc_runtime_System_Module_GateProxy_enter__E)
                  00005700    00000060     sysbios.aem4f : BIOS.obj (.text:ti_sysbios_knl_Semaphore_post__E)
                  00005760    00000060                   : BIOS.obj (.text:ti_sysbios_knl_Swi_run__I)
                  000057c0    0000005c     msp432e4_driverlib.a : gpio.o (.text:GPIODirModeSet)
                  0000581c    0000005c     drivers_msp432e4.aem4f : UARTMSP432E4.oem4f (.text:getPowerResourceId)
                  00005878    0000005c     sysbios.aem4f : BIOS.obj (.text:ti_sysbios_knl_Swi_schedule__I)
                  000058d4    00000004     release_pem4f.oem4f (.text:xdc_runtime_System_Module_GateProxy_leave__E)
                  000058d8    0000005c     sysbios.aem4f : BIOS.obj (.text:ti_sysbios_knl_Task_startCore__E)
                  00005934    00000004     --HOLE-- [fill = 0]
                  00005938    0000005c                   : BIOS.obj (.text:xdc_runtime_Startup_exec__E)
                  00005994    00000058     drivers_msp432e4.aem4f : GPIOMSP432E4.oem4f (.text:GPIO_setCallback)
                  000059ec    00000058     boot.aem4f : boot.oem4f (.text)
                  00005a44    00000058     sysbios.aem4f : m3_Hwi_asm_switch.obj (.text:ti_sysbios_family_arm_m3_Hwi_initStacks__E)
                  00005a9c    00000056     rtsv7M4_T_le_v4SPD16_eabi.lib : _printfi.c.obj (.text:_pconv_f)
                  00005af2    00000056     library.obj (.text:startsWith)
                  00005b48    00000054     drivers_msp432e4.aem4f : GPIOMSP432E4.oem4f (.text:GPIO_write)
                  00005b9c    00000054     rtsv7M4_T_le_v4SPD16_eabi.lib : _ltoa.c.obj (.text:__TI_ltoa)
                  00005bf0    00000054     library.obj (.text:removeSpaces)
                  00005c44    00000004     --HOLE-- [fill = 0]
                  00005c48    00000054     sysbios.aem4f : BIOS.obj (.text:ti_sysbios_family_arm_lm4_Timer_initDevice__I)
                  00005c9c    00000054     release_pem4f.oem4f (.text:ti_sysbios_family_arm_m3_Hwi_create)
                  00005cf0    00000052     rtsv7M4_T_le_v4SPD16_eabi.lib : _printfi.c.obj (.text:_ecpy)
                  00005d42    00000002     --HOLE-- [fill = 0]
                  00005d44    00000050     drivers_msp432e4.aem4f : GPIOMSP432E4.oem4f (.text:GPIO_toggle)
                  00005d94    00000050                            : UARTMSP432E4.oem4f (.text:UARTMSP432E4_hwiIntFxn)
                  00005de4    00000004     --HOLE-- [fill = 0]
                  00005de8    00000050     sysbios.aem4f : BIOS.obj (.text:ti_sysbios_family_arm_m3_Hwi_Module_startup__E)
                  00005e38    00000050                   : BIOS.obj (.text:ti_sysbios_knl_Clock_Instance_init__E)
                  00005e88    00000050     release_pem4f.oem4f (.text:ti_sysbios_knl_Task_create)
                  00005ed8    0000004c     drivers_msp432e4.aem4f : UARTMSP432E4.oem4f (.text:UARTMSP432E4_writePolling)
                  00005f24    0000004c     rtsv7M4_T_le_v4SPD16_eabi.lib : atoi.c.obj (.text:atoi)
                  00005f70    0000004c                                   : cpy_tbl.c.obj (.text:copy_in)
                  00005fbc    0000004c     drivers_msp432e4.aem4f : UARTMSP432E4.oem4f (.text:ringBufGet)
                  00006008    0000004c     sysbios.aem4f : BIOS.obj (.text:ti_sysbios_heaps_HeapMem_getStats__E)
                  00006054    00000004     --HOLE-- [fill = 0]
                  00006058    0000004c                   : BIOS.obj (.text:ti_sysbios_knl_Swi_runLoop__I)
                  000060a4    00000004     --HOLE-- [fill = 0]
                  000060a8    0000004c                   : BIOS.obj (.text:ti_sysbios_knl_Task_allBlockedFunction__I)
                  000060f4    00000004     --HOLE-- [fill = 0]
                  000060f8    0000004c                   : BIOS.obj (.text:ti_sysbios_knl_Task_schedule__I)
                  00006144    00000048     drivers_msp432e4.aem4f : UARTMSP432E4.oem4f (.text:UARTMSP432E4_writeCancel)
                  0000618c    00000048     rtsv7M4_T_le_v4SPD16_eabi.lib : fd_toi_t2.asm.obj (.text)
                  000061d4    00000004     --HOLE-- [fill = 0]
                  000061d8    00000048     sysbios.aem4f : BIOS.obj (.text:ti_sysbios_family_arm_lm4_Timer_enableTimers__I)
                  00006220    00000048                   : BIOS.obj (.text:ti_sysbios_family_arm_m3_Hwi_disableInterrupt__E)
                  00006268    00000048                   : BIOS.obj (.text:ti_sysbios_family_arm_m3_Hwi_enableInterrupt__E)
                  000062b0    00000048                   : BIOS.obj (.text:ti_sysbios_knl_Mailbox_Module_startup__E)
                  000062f8    00000048                   : BIOS.obj (.text:ti_sysbios_knl_Task_deleteTerminatedTasksFunc__I)
                  00006340    00000048                   : BIOS.obj (.text:xdc_runtime_Core_assignParams__I)
                  00006388    00000046     drivers_msp432e4.aem4f : RingBuf.oem4f (.text:RingBuf_put)
                  000063ce    00000002     --HOLE-- [fill = 0]
                  000063d0    00000044     msp432e4_driverlib.a : gpio.o (.text:GPIOPinConfigure)
                  00006414    00000044                          : sysctl.o (.text:SysCtlPeripheralPresent)
                  00006458    00000044                          : sysctl.o (.text:SysCtlPeripheralReady)
                  0000649c    00000044     drivers_msp432e4.aem4f : UART.oem4f (.text:UART_init)
                  000064e0    00000044     sysbios.aem4f : BIOS.obj (.text:ti_sysbios_family_arm_lm4_Timer_isrStub__E)
                  00006524    00000004     --HOLE-- [fill = 0]
                  00006528    00000044                   : BIOS.obj (.text:ti_sysbios_family_arm_m3_Hwi_getStackInfo__E)
                  0000656c    00000004     --HOLE-- [fill = 0]
                  00006570    00000044                   : BIOS.obj (.text:ti_sysbios_knl_Mailbox_postInit__I)
                  000065b4    00000004     --HOLE-- [fill = 0]
                  000065b8    00000044                   : BIOS.obj (.text:ti_sysbios_knl_Swi_post__E)
                  000065fc    00000004     --HOLE-- [fill = 0]
                  00006600    00000044                   : BIOS.obj (.text:xdc_runtime_System_atexit__E)
                  00006644    00000043     library.obj (.text:readGPIOprint)
                  00006687    00000001     --HOLE-- [fill = 0]
                  00006688    00000040     dpl_msp432e4.aem4f : ClockP_tirtos.oem4f (.text:ClockP_create)
                  000066c8    00000040                        : HwiP_tirtos.oem4f (.text:HwiP_create)
                  00006708    00000040     drivers_msp432e4.aem4f : RingBuf.oem4f (.text:RingBuf_get)
                  00006748    00000040     msp432e4_driverlib.a : sysctl.o (.text:SysCtlPeripheralDisable)
                  00006788    00000040                          : sysctl.o (.text:SysCtlPeripheralEnable)
                  000067c8    00000040                          : sysctl.o (.text:SysCtlPeripheralPowerOff)
                  00006808    00000040                          : sysctl.o (.text:SysCtlPeripheralPowerOn)
                  00006848    00000040                          : sysctl.o (.text:SysCtlPeripheralSleepDisable)
                  00006888    00000040                          : sysctl.o (.text:SysCtlPeripheralSleepEnable)
                  000068c8    00000040     drivers_msp432e4.aem4f : UARTMSP432E4.oem4f (.text:UARTMSP432E4_read)
                  00006908    00000040                            : UART.oem4f (.text:UART_open)
                  00006948    00000040     rtsv7M4_T_le_v4SPD16_eabi.lib : sprintf.c.obj (.text:sprintf)
                  00006988    00000040     sysbios.aem4f : BIOS.obj (.text:ti_sysbios_family_arm_lm4_Timer_startup__E)
                  000069c8    00000040                   : BIOS.obj (.text:ti_sysbios_heaps_HeapMem_Instance_init__E)
                  00006a08    0000003e     rtsv7M4_T_le_v4SPD16_eabi.lib : _printfi.c.obj (.text:_fcpy)
                  00006a46    00000002     --HOLE-- [fill = 0]
                  00006a48    0000003c     sysbios.aem4f : BIOS.obj (.text:ti_sysbios_family_arm_m3_Hwi_Instance_finalize__E)
                  00006a84    0000003c     release_pem4f.oem4f (.text:ti_sysbios_knl_Clock_create)
                  00006ac0    0000003c     sysbios.aem4f : BIOS.obj (.text:ti_sysbios_knl_Swi_restore__E)
                  00006afc    00000004     --HOLE-- [fill = 0]
                  00006b00    0000003c                   : BIOS.obj (.text:xdc_runtime_System_processAtExit__E)
                  00006b3c    00000004     --HOLE-- [fill = 0]
                  00006b40    00000038                   : BIOS.obj (.text:ti_sysbios_knl_Task_processVitalTaskFlag__I)
                  00006b78    00000036     drivers_msp432e4.aem4f : UARTMSP432E4.oem4f (.text:UARTMSP432E4_readCancel)
                  00006bae    00000036     rtsv7M4_T_le_v4SPD16_eabi.lib : strncpy.c.obj (.text:strncpy)
                  00006be4    00000004     --HOLE-- [fill = 0]
                  00006be8    00000034     sysbios.aem4f : BIOS.obj (.text:_pthread_delete$43)
                  00006c1c    00000034     release_pem4f.oem4f (.text:ti_sysbios_knl_Semaphore_create)
                  00006c50    00000032     sysbios.aem4f : BIOS.obj (.text:ti_sysbios_hal_Hwi_initStack)
                  00006c82    00000002     --HOLE-- [fill = 0]
                  00006c84    00000030     ti_drivers_config.obj (.text:Board_init)
                  00006cb4    00000030     drivers_msp432e4.aem4f : GPIOMSP432E4.oem4f (.text:GPIOMSP432E4_undoPinConfig)
                  00006ce4    00000030                            : GPIOMSP432E4.oem4f (.text:GPIO_read)
                  00006d14    00000030     msp432e4_driverlib.a : uart.o (.text:UARTDisable)
                  00006d44    00000030     release_pem4f.oem4f (.text:ti_sysbios_BIOS_atExitFunc__I)
                  00006d74    00000030     release_pem4f.oem4f (.text:ti_sysbios_BIOS_startFunc__I)
                  00006da4    00000004     --HOLE-- [fill = 0]
                  00006da8    00000030     sysbios.aem4f : BIOS.obj (.text:ti_sysbios_family_arm_lm4_Timer_stop__E)
                  00006dd8    00000030                   : BIOS.obj (.text:ti_sysbios_family_arm_m3_TaskSupport_start__E)
                  00006e08    00000030     release_pem4f.oem4f (.text:ti_sysbios_gates_GateHwi_Object__create__S)
                  00006e38    00000030     release_pem4f.oem4f (.text:ti_sysbios_gates_GateMutex_Object__create__S)
                  00006e68    00000030     sysbios.aem4f : BIOS.obj (.text:ti_sysbios_gates_GateMutex_enter__E)
                  00006e98    00000030     release_pem4f.oem4f (.text:ti_sysbios_heaps_HeapMem_Object__create__S)
                  00006ec8    00000030     release_pem4f.oem4f (.text:ti_sysbios_knl_Semaphore_construct)
                  00006ef8    00000030     sysbios.aem4f : BIOS.obj (.text:ti_sysbios_knl_Semaphore_pendTimeout__I)
                  00006f28    00000030                   : BIOS.obj (.text:ti_sysbios_knl_Task_restore__E)
                  00006f58    00000030                   : BIOS.obj (.text:ti_sysbios_knl_Task_unblockI__E)
                  00006f88    0000002e     rtsv7M4_T_le_v4SPD16_eabi.lib : i_tofd_t2.asm.obj (.text)
                  00006fb6    00000002     --HOLE-- [fill = 0]
                  00006fb8    0000002c     dpl_msp432e4.aem4f : SemaphoreP_tirtos.oem4f (.text:SemaphoreP_createBinary)
                  00006fe4    0000002c     msp432e4_driverlib.a : sysctl.o (.text:SysCtlPeripheralClockGating)
                  00007010    0000002c     sysbios.aem4f : BIOS.obj (.text:_pthread_cleanupFxn)
                  0000703c    0000002c     release_pem4f.oem4f (.text:ti_sysbios_gates_GateHwi_Handle__label__S)
                  00007068    0000002c     release_pem4f.oem4f (.text:ti_sysbios_gates_GateMutex_Handle__label__S)
                  00007094    0000002c     release_pem4f.oem4f (.text:ti_sysbios_heaps_HeapMem_Handle__label__S)
                  000070c0    0000002c     release_pem4f.oem4f (.text:ti_sysbios_knl_Clock_doTick__I)
                  000070ec    0000002c     release_pem4f.oem4f (.text:ti_sysbios_knl_Queue_construct)
                  00007118    00000028     library.obj (.text:gpioBase)
                  00007140    00000028     sysbios.aem4f : m3_Hwi_asm.obj (.text:ti_sysbios_family_arm_m3_Hwi_excHandlerAsm__I)
                  00007168    00000028                   : BIOS.obj (.text:ti_sysbios_knl_Clock_addI__E)
                  00007190    00000028                   : BIOS.obj (.text:ti_sysbios_knl_Swi_Module_startup__E)
                  000071b8    00000026                   : m3_Hwi_asm.obj (.text:ti_sysbios_family_arm_m3_Hwi_pendSV__I)
                  000071de    00000024     msp432e4_driverlib.a : gpio.o (.text:GPIOPinTypeUART)
                  00007202    00000024                          : uart.o (.text:UARTCharPutNonBlocking)
                  00007226    00000024                          : uart.o (.text:UARTEnable)
                  0000724a    00000006     --HOLE-- [fill = 0]
                  00007250    00000024     sysbios.aem4f : BIOS.obj (.text:pthread_attr_init)
                  00007274    00000024     release_pem4f.oem4f (.text:ti_sysbios_BIOS_registerRTSLock__I)
                  00007298    00000024     release_pem4f.oem4f (.text:ti_sysbios_BIOS_removeRTSLock__I)
                  000072bc    00000024     release_pem4f.oem4f (.text:ti_sysbios_gates_GateMutex_Object__delete__S)
                  000072e0    00000024     sysbios.aem4f : BIOS.obj (.text:ti_sysbios_knl_Clock_Module_startup__E)
                  00007304    00000024     release_pem4f.oem4f (.text:ti_sysbios_knl_Clock_Object__delete__S)
                  00007328    00000024     sysbios.aem4f : BIOS.obj (.text:ti_sysbios_knl_Clock_start__E)
                  0000734c    00000004     --HOLE-- [fill = 0]
                  00007350    00000024                   : BIOS.obj (.text:ti_sysbios_knl_Semaphore_Instance_init__E)
                  00007374    00000024     release_pem4f.oem4f (.text:ti_sysbios_knl_Semaphore_Object__delete__S)
                  00007398    00000024     sysbios.aem4f : BIOS.obj (.text:ti_sysbios_knl_Task_restoreHwi__E)
                  000073bc    00000004     --HOLE-- [fill = 0]
                  000073c0    00000024                   : BIOS.obj (.text:xdc_runtime_Error_policyMin__E)
                  000073e4    00000022     msp432e4_driverlib.a : gpio.o (.text:GPIOIntStatus)
                  00007406    00000002     --HOLE-- [fill = 0]
                  00007408    00000022     sysbios.aem4f : BIOS.obj (.text:ti_sysbios_family_arm_lm4_Timer_write__I)
                  0000742a    00000020     msp432e4_driverlib.a : gpio.o (.text:GPIOPinWrite)
                  0000744a    00000020     drivers_msp432e4.aem4f : RingBuf.oem4f (.text:RingBuf_peek)
                  0000746a    00000020                            : GPIOMSP432E4.oem4f (.text:getGpioIntIndex)
                  0000748a    00000002     --HOLE-- [fill = 0]
                  0000748c    00000020     release_pem4f.oem4f (.text:ti_sysbios_BIOS_rtsLock__I)
                  000074ac    00000020     release_pem4f.oem4f (.text:ti_sysbios_family_arm_m3_Hwi_Object__delete__S)
                  000074cc    00000020     release_pem4f.oem4f (.text:ti_sysbios_gates_GateHwi_Object__delete__S)
                  000074ec    00000020     release_pem4f.oem4f (.text:ti_sysbios_heaps_HeapMem_Object__delete__S)
                  0000750c    00000004     --HOLE-- [fill = 0]
                  00007510    00000020     sysbios.aem4f : BIOS.obj (.text:ti_sysbios_knl_Idle_run__E)
                  00007530    00000020     release_pem4f.oem4f (.text:ti_sysbios_knl_Semaphore_destruct)
                  00007550    00000020     release_pem4f.oem4f (.text:ti_sysbios_knl_Task_Object__delete__S)
                  00007570    0000001e     msp432e4_driverlib.a : uart.o (.text:UARTBusy)
                  0000758e    0000001e                          : uart.o (.text:UARTCharPut)
                  000075ac    0000001e                          : uart.o (.text:UARTCharsAvail)
                  000075ca    0000001e                          : uart.o (.text:UARTIntStatus)
                  000075e8    0000001e     sysbios.aem4f : m3_Hwi_asm_switch.obj (.text:ti_sysbios_family_xxx_Hwi_switchAndRunFunc)
                  00007606    0000001c     msp432e4_driverlib.a : uart.o (.text:UARTCharGetNonBlocking)
                  00007622    0000001c                          : uart.o (.text:UARTFlowControlSet)
                  0000763e    0000001c                          : uart.o (.text:UARTTxIntModeSet)
                  0000765a    0000001c     rtsv7M4_T_le_v4SPD16_eabi.lib : memccpy.c.obj (.text:memccpy)
                  00007676    00000002     --HOLE-- [fill = 0]
                  00007678    0000001c     sysbios.aem4f : BIOS.obj (.text:ti_sysbios_family_arm_m3_Hwi_excHandler__I)
                  00007694    00000004     --HOLE-- [fill = 0]
                  00007698    0000001c                   : BIOS.obj (.text:ti_sysbios_gates_GateMutex_Instance_init__E)
                  000076b4    00000004     --HOLE-- [fill = 0]
                  000076b8    0000001c                   : BIOS.obj (.text:ti_sysbios_knl_Clock_Instance_finalize__E)
                  000076d4    0000001c     release_pem4f.oem4f (.text:ti_sysbios_knl_Queue_destruct)
                  000076f0    0000001c     sysbios.aem4f : BIOS.obj (.text:ti_sysbios_knl_Queue_put__E)
                  0000770c    00000004     --HOLE-- [fill = 0]
                  00007710    0000001c                   : BIOS.obj (.text:ti_sysbios_knl_Task_enter__I)
                  0000772c    00000004     --HOLE-- [fill = 0]
                  00007730    0000001c                   : BIOS.obj (.text:ti_sysbios_rts_ti_ReentSupport_getReent__F)
                  0000774c    0000001a     rtsv7M4_T_le_v4SPD16_eabi.lib : s_copysign.c.obj (.text:copysign)
                  00007766    00000018     msp432e4_driverlib.a : gpio.o (.text:GPIOPinRead)
                  0000777e    00000002     --HOLE-- [fill = 0]
                  00007780    00000018     drivers_msp432e4.aem4f : PowerMSP432E4.oem4f (.text:Power_idleFunc)
                  00007798    00000018     msp432e4_driverlib.a : uart.o (.text:UARTFIFOLevelSet)
                  000077b0    00000018                          : uart.o (.text:UARTIntDisable)
                  000077c8    00000018                          : uart.o (.text:UARTIntEnable)
                  000077e0    00000018     drivers_msp432e4.aem4f : UART.oem4f (.text:UART_Params_init)
                  000077f8    00000018     rtsv7M4_T_le_v4SPD16_eabi.lib : args_main.c.obj (.text:_args_main)
                  00007810    00000018                                   : sprintf.c.obj (.text:_outs)
                  00007828    00000018                                   : strcmp.c.obj (.text:strcmp)
                  00007840    00000018     release_pem4f.oem4f (.text:ti_sysbios_BIOS_rtsUnlock__I)
                  00007858    00000018     release_pem4f.oem4f (.text:ti_sysbios_family_arm_lm4_Timer_Module__startupDone__F)
                  00007870    00000018     release_pem4f.oem4f (.text:ti_sysbios_family_arm_m3_Hwi_Module__startupDone__F)
                  00007888    00000018     sysbios.aem4f : m3_TaskSupport_asm.obj (.text:ti_sysbios_family_arm_m3_TaskSupport_swap__E)
                  000078a0    00000018                   : BIOS.obj (.text:ti_sysbios_gates_GateMutex_leave__E)
                  000078b8    00000018     release_pem4f.oem4f (.text:ti_sysbios_rts_ti_ReentSupport_getTlsAddr__I)
                  000078d0    00000018     sysbios.aem4f : BIOS.obj (.text:xdc_runtime_Error_init__E)
                  000078e8    00000018                   : BIOS.obj (.text:xdc_runtime_System_exit__E)
                  00007900    00000016     msp432e4_driverlib.a : uart.o (.text:UARTCharGet)
                  00007916    00000016     rtsv7M4_T_le_v4SPD16_eabi.lib : strchr.c.obj (.text:strchr)
                  0000792c    00000016     release_pem4f.oem4f (.text:ti_sysbios_BIOS_exitFunc__I)
                  00007942    00000014     msp432e4_driverlib.a : gpio.o (.text:GPIOIntClear)
                  00007956    00000002     --HOLE-- [fill = 0]
                  00007958    00000014     drivers_msp432e4.aem4f : GPIOMSP432E4.oem4f (.text:GPIOMSP432E4_getGpioBaseAddr)
                  0000796c    00000014                            : GPIOMSP432E4.oem4f (.text:GPIOMSP432E4_getPowerResourceId)
                  00007980    00000014     sysbios.aem4f : BIOS.obj (.text:pthread_attr_setschedparam)
                  00007994    00000014     rtsv7M4_T_le_v4SPD16_eabi.lib : strlen.c.obj (.text:strlen)
                  000079a8    00000014     release_pem4f.oem4f (.text:ti_sysbios_family_arm_m3_Hwi_Object__get__S)
                  000079bc    00000004     --HOLE-- [fill = 0]
                  000079c0    00000014     sysbios.aem4f : BIOS.obj (.text:ti_sysbios_family_arm_m3_Hwi_switchFromBootStack__E)
                  000079d4    00000014     release_pem4f.oem4f (.text:ti_sysbios_heaps_HeapMem_Object__get__S)
                  000079e8    00000014     release_pem4f.oem4f (.text:ti_sysbios_knl_Swi_Object__get__S)
                  000079fc    00000014     release_pem4f.oem4f (.text:ti_sysbios_knl_Task_Object__first__S)
                  00007a10    00000014     release_pem4f.oem4f (.text:ti_sysbios_knl_Task_Object__next__S)
                  00007a24    00000012     drivers_msp432e4.aem4f : RingBuf.oem4f (.text:RingBuf_construct)
                  00007a36    00000012     dpl_msp432e4.aem4f : SemaphoreP_tirtos.oem4f (.text:SemaphoreP_pend)
                  00007a48    00000012     msp432e4_driverlib.a : uart.o (.text:UARTIntClear)
                  00007a5a    00000012                          : uart.o (.text:UARTRxErrorGet)
                  00007a6c    00000004     --HOLE-- [fill = 0]
                  00007a70    00000012     sysbios.aem4f : BIOS.obj (.text:_pthread_runStub$43)
                  00007a82    00000006     --HOLE-- [fill = 0]
                  00007a88    00000012                   : BIOS.obj (.text:ti_sysbios_hal_Hwi_Module_startup__E)
                  00007a9a    00000012     rtsv7M4_T_le_v4SPD16_eabi.lib : wcslen.c.obj (.text:wcslen)
                  00007aac    00000012     release_pem4f.oem4f (.text:xdc_runtime_Startup_exec__I)
                  00007abe    00000002     --HOLE-- [fill = 0]
                  00007ac0    00000010     release_pem4f.oem4f (.text:.bootCodeSection:ti_sysbios_family_arm_msp432e4_init_Boot_init__I)
                  00007ad0    00000010     dpl_msp432e4.aem4f : HwiP_tirtos.oem4f (.text:HwiP_Params_init)
                  00007ae0    00000010                        : PowerMSP432E4_tirtos.oem4f (.text:PowerMSP432E4_sleepPolicy)
                  00007af0    00000010     msp432e4_driverlib.a : uart.o (.text:UARTRxErrorClear)
                  00007b00    00000010     drivers_msp432e4.aem4f : UARTMSP432E4.oem4f (.text:readBlockingTimeout)
                  00007b10    00000010     sysbios.aem4f : BIOS.obj (.text:ti_sysbios_BIOS_getCpuFreq__E)
                  00007b20    00000010                   : BIOS.obj (.text:ti_sysbios_BIOS_setThreadType__E)
                  00007b30    00000010                   : BIOS.obj (.text:ti_sysbios_BIOS_start__E)
                  00007b40    00000010                   : m3_TaskSupport_asm.obj (.text:ti_sysbios_family_arm_m3_TaskSupport_glue)
                  00007b50    00000010                   : BIOS.obj (.text:ti_sysbios_gates_GateMutex_Instance_finalize__E)
                  00007b60    00000010     release_pem4f.oem4f (.text:ti_sysbios_knl_Mailbox_Object__get__S)
                  00007b70    00000010     sysbios.aem4f : BIOS.obj (.text:ti_sysbios_knl_Semaphore_Instance_finalize__E)
                  00007b80    00000010                   : BIOS.obj (.text:ti_sysbios_knl_Swi_disable__E)
                  00007b90    00000010     release_pem4f.oem4f (.text:ti_sysbios_knl_Task_Object__get__S)
                  00007ba0    00000010     sysbios.aem4f : BIOS.obj (.text:ti_sysbios_knl_Task_disable__E)
                  00007bb0    00000010                   : BIOS.obj (.text:xdc_runtime_Memory_free__E)
                  00007bc0    00000010                   : BIOS.obj (.text:xdc_runtime_SysCallback_abort__E)
                  00007bd0    00000010                   : BIOS.obj (.text:xdc_runtime_SysCallback_exit__E)
                  00007be0    0000000e     drivers_msp432e4.aem4f : RingBuf.oem4f (.text:RingBuf_isFull)
                  00007bee    0000000e     rtsv7M4_T_le_v4SPD16_eabi.lib : copy_decompress_none.c.obj (.text:decompress:none:__TI_decompress_none)
                  00007bfc    00000004     --HOLE-- [fill = 0]
                  00007c00    0000000e     sysbios.aem4f : BIOS.obj (.text:pthread_attr_setdetachstate)
                  00007c0e    00000002     --HOLE-- [fill = 0]
                  00007c10    0000000e                   : BIOS.obj (.text:ti_sysbios_knl_Idle_loop__E)
                  00007c1e    00000002     --HOLE-- [fill = 0]
                  00007c20    0000000e                   : BIOS.obj (.text:ti_sysbios_knl_Queue_empty__E)
                  00007c2e    0000000c     dpl_msp432e4.aem4f : ClockP_tirtos.oem4f (.text:ClockP_delete)
                  00007c3a    0000000c                        : HwiP_tirtos.oem4f (.text:HwiP_delete)
                  00007c46    0000000c                        : SemaphoreP_tirtos.oem4f (.text:SemaphoreP_delete)
                  00007c52    00000002     --HOLE-- [fill = 0]
                  00007c54    0000000c     rtsv7M4_T_le_v4SPD16_eabi.lib : _lock.c.obj (.text:_register_lock)
                  00007c60    0000000c                                   : _lock.c.obj (.text:_register_unlock)
                  00007c6c    0000000c                                   : copy_zero_init.c.obj (.text:decompress:ZI:__TI_zero_init)
                  00007c78    0000000c     sysbios.aem4f : BIOS.obj (.text:ti_sysbios_family_arm_lm4_Timer_getMaxTicks__E)
                  00007c84    0000000c     release_pem4f.oem4f (.text:ti_sysbios_family_arm_m3_Hwi_Params__init__S)
                  00007c90    0000000c     sysbios.aem4f : BIOS.obj (.text:ti_sysbios_family_arm_m3_Hwi_disableFxn__E)
                  00007c9c    00000004     --HOLE-- [fill = 0]
                  00007ca0    0000000c                   : BIOS.obj (.text:ti_sysbios_family_arm_m3_TaskSupport_getStackAlignment__E)
                  00007cac    00000004     --HOLE-- [fill = 0]
                  00007cb0    0000000c                   : BIOS.obj (.text:ti_sysbios_gates_GateHwi_enter__E)
                  00007cbc    0000000c     release_pem4f.oem4f (.text:ti_sysbios_knl_Clock_Params__init__S)
                  00007cc8    0000000c     release_pem4f.oem4f (.text:ti_sysbios_knl_Queue_Object__get__S)
                  00007cd4    0000000c     release_pem4f.oem4f (.text:ti_sysbios_knl_Semaphore_Params__init__S)
                  00007ce0    0000000c     release_pem4f.oem4f (.text:ti_sysbios_knl_Task_Params__init__S)
                  00007cec    00000004     --HOLE-- [fill = 0]
                  00007cf0    0000000c     sysbios.aem4f : BIOS.obj (.text:ti_sysbios_knl_Task_self__E)
                  00007cfc    00000004     --HOLE-- [fill = 0]
                  00007d00    0000000c                   : BIOS.obj (.text:ti_sysbios_rts_ti_ReentSupport_taskRegHook__I)
                  00007d0c    00000004     --HOLE-- [fill = 0]
                  00007d10    0000000c                   : BIOS.obj (.text:xdc_runtime_Startup_rtsDone__E)
                  00007d1c    0000000a     dpl_msp432e4.aem4f : ClockP_tirtos.oem4f (.text:ClockP_Params_init)
                  00007d26    0000000a     main.obj (.text:NDK_hookInit)
                  00007d30    0000000a     drivers_msp432e4.aem4f : UART.oem4f (.text:UART_read)
                  00007d3a    0000000a                            : UART.oem4f (.text:UART_write)
                  00007d44    0000000a     rtsv7M4_T_le_v4SPD16_eabi.lib : sprintf.c.obj (.text:_outc)
                  00007d4e    0000000a     release_pem4f.oem4f (.text:xdc_runtime_IHeap_alloc)
                  00007d58    0000000a     release_pem4f.oem4f (.text:xdc_runtime_IHeap_free)
                  00007d62    00000006     --HOLE-- [fill = 0]
                  00007d68    00000008     sysbios.aem4f : BIOS.obj (.text:pthread_attr_setstacksize)
                  00007d70    00000008     drivers_msp432e4.aem4f : UARTMSP432E4.oem4f (.text:readSemCallback)
                  00007d78    00000008     sysbios.aem4f : BIOS.obj (.text:ti_sysbios_family_arm_lm4_Timer_masterDisable__I)
                  00007d80    00000008                   : BIOS.obj (.text:ti_sysbios_family_arm_m3_Hwi_doSwiRestore__I)
                  00007d88    00000008                   : BIOS.obj (.text:ti_sysbios_family_arm_m3_Hwi_startup__E)
                  00007d90    00000008     drivers_msp432e4.aem4f : UARTMSP432E4.oem4f (.text:writeSemCallback)
                  00007d98    00000006     sysbios.aem4f : BIOS.obj (.text:ti_sysbios_family_arm_m3_Hwi_doTaskRestore__I)
                  00007d9e    00000002     --HOLE-- [fill = 0]
                  00007da0    00000006                   : BIOS.obj (.text:ti_sysbios_family_arm_m3_Hwi_restoreFxn__E)
                  00007da6    00000002     --HOLE-- [fill = 0]
                  00007da8    00000006                   : BIOS.obj (.text:ti_sysbios_gates_GateHwi_leave__E)
                  00007dae    00000002     --HOLE-- [fill = 0]
                  00007db0    00000006                   : BIOS.obj (.text:ti_sysbios_heaps_HeapMem_isBlocking__E)
                  00007db6    00000002     --HOLE-- [fill = 0]
                  00007db8    00000006                   : BIOS.obj (.text:ti_sysbios_knl_Clock_stop__E)
                  00007dbe    00000002     --HOLE-- [fill = 0]
                  00007dc0    00000006                   : BIOS.obj (.text:ti_sysbios_knl_Queue_Instance_init__E)
                  00007dc6    00000002     --HOLE-- [fill = 0]
                  00007dc8    00000006                   : BIOS.obj (.text:ti_sysbios_knl_Swi_startup__E)
                  00007dce    00000002     --HOLE-- [fill = 0]
                  00007dd0    00000006                   : BIOS.obj (.text:xdc_runtime_System_Module_startup__E)
                  00007dd6    00000002     --HOLE-- [fill = 0]
                  00007dd8    00000004                   : BIOS.obj (.text:__aeabi_errno_addr)
                  00007ddc    00000004     --HOLE-- [fill = 0]
                  00007de0    00000004                   : BIOS.obj (.text:ti_sysbios_gates_GateHwi_query__E)
                  00007de4    00000004     --HOLE-- [fill = 0]
                  00007de8    00000004                   : BIOS.obj (.text:ti_sysbios_gates_GateMutex_query__E)
                  00007dec    00000004     --HOLE-- [fill = 0]
                  00007df0    00000004                   : BIOS.obj (.text:ti_sysbios_knl_Clock_setTimeout__E)
                  00007df4    00000004     --HOLE-- [fill = 0]
                  00007df8    00000004                   : BIOS.obj (.text:ti_sysbios_knl_Task_startup__E)
                  00007dfc    00000004     --HOLE-- [fill = 0]
                  00007e00    00000002                   : BIOS.obj (.text:ti_sysbios_BIOS_linkedWithIncorrectBootLibrary__E)
                  00007e02    00000006     --HOLE-- [fill = 0]
                  00007e08    00000002                   : BIOS.obj (.text:ti_sysbios_gates_GateHwi_Instance_init__E)
                  00007e0a    00000006     --HOLE-- [fill = 0]
                  00007e10    00000002                   : BIOS.obj (.text:ti_sysbios_knl_Clock_logTick__E)
                  00007e12    00000006     --HOLE-- [fill = 0]
                  00007e18    00000002                   : BIOS.obj (.text:xdc_runtime_SysCallback_defaultAbort)
                  00007e1a    00000006     --HOLE-- [fill = 0]
                  00007e20    00000002                   : BIOS.obj (.text:xdc_runtime_SysCallback_defaultExit)
                  00007e22    00000006     --HOLE-- [fill = 0]
                  00007e28    00000002                   : BIOS.obj (.text:xdc_runtime_System_abortSpin__E)
                  00007e2a    00000006     --HOLE-- [fill = 0]
                  00007e30    00000002                   : BIOS.obj (.text:xdc_runtime_System_exitSpin__E)

.const     0    00007e34    0000091e     
                  00007e34    00000210     sysbios.aem4f : BIOS.obj (.const:$O2$$)
                  00008044    00000101     rtsv7M4_T_le_v4SPD16_eabi.lib : ctype.c.obj (.const:.string:_ctypes_)
                  00008145    00000003     drivers_msp432e4.aem4f : GPIOMSP432E4.oem4f (.const:.string:inPinTypes)
                  00008148    00000048     msp432e4_driverlib.a : gpio.o (.const:g_pui32GPIOBaseAddrs)
                  00008190    00000048     drivers_msp432e4.aem4f : GPIOMSP432E4.oem4f (.const:gpioBaseAddresses)
                  000081d8    00000048                            : GPIOMSP432E4.oem4f (.const:powerMgrIds)
                  00008220    0000003c     release_pem4f.oem4f (.const:ti_sysbios_knl_Task_Object__PARAMS__C)
                  0000825c    00000030     release_pem4f.oem4f (.const:ti_sysbios_family_arm_m3_Hwi_Object__PARAMS__C)
                  0000828c    00000030     release_pem4f.oem4f (.const:ti_sysbios_knl_Task_hooks__A)
                  000082bc    0000002c     ti_drivers_config.obj (.const:uartMSP432E4HWAttrs)
                  000082e8    00000028     drivers_msp432e4.aem4f : UARTMSP432E4.oem4f (.const:UARTMSP432E4_fxnTable)
                  00008310    00000028     release_pem4f.oem4f (.const:ti_sysbios_heaps_HeapMem_Module__FXNS__C)
                  00008338    00000024     drivers_msp432e4.aem4f : UART.oem4f (.const:UART_defaultParams)
                  0000835c    00000024     release_pem4f.oem4f (.const:ti_sysbios_gates_GateHwi_Module__FXNS__C)
                  00008380    00000024     release_pem4f.oem4f (.const:ti_sysbios_gates_GateMutex_Module__FXNS__C)
                  000083a4    00000024     release_pem4f.oem4f (.const:ti_sysbios_heaps_HeapMem_Object__PARAMS__C)
                  000083c8    00000024     release_pem4f.oem4f (.const:ti_sysbios_knl_Clock_Object__PARAMS__C)
                  000083ec    00000024     release_pem4f.oem4f (.const:ti_sysbios_knl_Semaphore_Object__PARAMS__C)
                  00008410    00000020     drivers_msp432e4.aem4f : GPIOMSP432E4.oem4f (.const:.string:gpioInterruptVectors)
                  00008430    00000020                            : UARTMSP432E4.oem4f (.const:staticFxnTable)
                  00008450    00000020     release_pem4f.oem4f (.const:ti_sysbios_family_arm_m3_Hwi_Object__DESC__C)
                  00008470    00000020     release_pem4f.oem4f (.const:ti_sysbios_gates_GateHwi_Object__DESC__C)
                  00008490    00000020     release_pem4f.oem4f (.const:ti_sysbios_gates_GateMutex_Object__DESC__C)
                  000084b0    00000020     release_pem4f.oem4f (.const:ti_sysbios_heaps_HeapMem_Object__DESC__C)
                  000084d0    00000020     release_pem4f.oem4f (.const:ti_sysbios_knl_Clock_Object__DESC__C)
                  000084f0    00000020     release_pem4f.oem4f (.const:ti_sysbios_knl_Queue_Object__DESC__C)
                  00008510    00000020     release_pem4f.oem4f (.const:ti_sysbios_knl_Semaphore_Object__DESC__C)
                  00008530    00000020     release_pem4f.oem4f (.const:ti_sysbios_knl_Task_Object__DESC__C)
                  00008550    00000020     release_pem4f.oem4f (.const:xdc_runtime_Startup_sfxnTab__A)
                  00008570    00000018     release_pem4f.oem4f (.const:ti_sysbios_gates_GateHwi_Object__PARAMS__C)
                  00008588    00000018     release_pem4f.oem4f (.const:ti_sysbios_gates_GateMutex_Object__PARAMS__C)
                  000085a0    00000018     release_pem4f.oem4f (.const:ti_sysbios_knl_Queue_Object__PARAMS__C)
                  000085b8    00000014     ti_drivers_config.obj (.const:GPIOMSP432E4_config)
                  000085cc    00000014     drivers_msp432e4.aem4f : UARTMSP432E4.oem4f (.const:parityType)
                  000085e0    00000010                            : UARTMSP432E4.oem4f (.const:dataLength)
                  000085f0    00000010     release_pem4f.oem4f (.const:xdc_runtime_Startup_firstFxns__A)
                  00008600    00000010     release_pem4f.oem4f (.const:xdc_runtime_Startup_sfxnRts__A)
                  00008610    0000000d     mainThread.obj (.const:.string:$P$T0$1)
                  0000861d    00000001     release_pem4f.oem4f (.const:xdc_runtime_Error_policy__C)
                  0000861e    00000002     release_pem4f.oem4f (.const:ti_sysbios_family_arm_m3_Hwi_Module__id__C)
                  00008620    0000000c     ti_drivers_config.obj (.const:UART_config)
                  0000862c    0000000c     release_pem4f.oem4f (.const:ti_sysbios_knl_Idle_funcList__A)
                  00008638    0000000a     ti_drivers_config.obj (.const)
                  00008642    00000002     release_pem4f.oem4f (.const:ti_sysbios_heaps_HeapMem_Module__id__C)
                  00008644    00000008     ti_drivers_config.obj (.const:PowerMSP432E4_config)
                  0000864c    00000008     drivers_msp432e4.aem4f : UARTMSP432E4.oem4f (.const:stopBits)
                  00008654    00000008     release_pem4f.oem4f (.const:ti_sysbios_knl_Idle_funcList__C)
                  0000865c    00000008     release_pem4f.oem4f (.const:ti_sysbios_knl_Task_hooks__C)
                  00008664    00000008     release_pem4f.oem4f (.const:xdc_runtime_Startup_firstFxns__C)
                  0000866c    00000008     release_pem4f.oem4f (.const:xdc_runtime_Startup_lastFxns__C)
                  00008674    00000007     drivers_msp432e4.aem4f : GPIOMSP432E4.oem4f (.const:.string:outPinStrengths)
                  0000867b    00000006                            : GPIOMSP432E4.oem4f (.const:.string:interruptType)
                  00008681    00000004                            : GPIOMSP432E4.oem4f (.const:.string:outPinTypes)
                  00008685    00000001     --HOLE-- [fill = 0]
                  00008686    00000002     release_pem4f.oem4f (.const:ti_sysbios_knl_Task_Module__id__C)
                  00008688    00000004     release_pem4f.oem4f (.const:ti_sysbios_family_arm_lm4_Timer_enableFunc__C)
                  0000868c    00000004     release_pem4f.oem4f (.const:ti_sysbios_family_arm_lm4_Timer_numTimerDevices__C)
                  00008690    00000004     release_pem4f.oem4f (.const:ti_sysbios_family_arm_lm4_Timer_startupNeeded__C)
                  00008694    00000004     release_pem4f.oem4f (.const:ti_sysbios_family_arm_m3_Hwi_E_alreadyDefined__C)
                  00008698    00000004     release_pem4f.oem4f (.const:ti_sysbios_family_arm_m3_Hwi_E_badIntNum__C)
                  0000869c    00000004     release_pem4f.oem4f (.const:ti_sysbios_family_arm_m3_Hwi_NUM_INTERRUPTS__C)
                  000086a0    00000004     release_pem4f.oem4f (.const:ti_sysbios_family_arm_m3_Hwi_Object__count__C)
                  000086a4    00000004     release_pem4f.oem4f (.const:ti_sysbios_family_arm_m3_Hwi_ccr__C)
                  000086a8    00000004     release_pem4f.oem4f (.const:ti_sysbios_family_arm_m3_Hwi_excHandlerFunc__C)
                  000086ac    00000004     release_pem4f.oem4f (.const:ti_sysbios_family_arm_m3_Hwi_nullIsrFunc__C)
                  000086b0    00000004     release_pem4f.oem4f (.const:ti_sysbios_family_arm_m3_Hwi_priGroup__C)
                  000086b4    00000004     release_pem4f.oem4f (.const:ti_sysbios_family_arm_m3_TaskSupport_stackAlignment__C)
                  000086b8    00000004     release_pem4f.oem4f (.const:ti_sysbios_gates_GateMutex_Instance_State_sem__O)
                  000086bc    00000004     release_pem4f.oem4f (.const:ti_sysbios_heaps_HeapMem_E_memory__C)
                  000086c0    00000004     release_pem4f.oem4f (.const:ti_sysbios_heaps_HeapMem_Module__gateObj__C)
                  000086c4    00000004     release_pem4f.oem4f (.const:ti_sysbios_heaps_HeapMem_Object__count__C)
                  000086c8    00000004     release_pem4f.oem4f (.const:ti_sysbios_heaps_HeapMem_primaryHeapBaseAddr__C)
                  000086cc    00000004     release_pem4f.oem4f (.const:ti_sysbios_heaps_HeapMem_primaryHeapEndAddr__C)
                  000086d0    00000004     release_pem4f.oem4f (.const:ti_sysbios_heaps_HeapMem_reqAlign__C)
                  000086d4    00000004     release_pem4f.oem4f (.const:ti_sysbios_knl_Clock_Module_State_clockQ__O)
                  000086d8    00000004     release_pem4f.oem4f (.const:ti_sysbios_knl_Mailbox_Instance_State_freeQue__O)
                  000086dc    00000004     release_pem4f.oem4f (.const:ti_sysbios_knl_Mailbox_Object__count__C)
                  000086e0    00000004     release_pem4f.oem4f (.const:ti_sysbios_knl_Mailbox_maxTypeAlign__C)
                  000086e4    00000004     release_pem4f.oem4f (.const:ti_sysbios_knl_Semaphore_Instance_State_pendQ__O)
                  000086e8    00000004     release_pem4f.oem4f (.const:ti_sysbios_knl_Swi_Object__count__C)
                  000086ec    00000004     release_pem4f.oem4f (.const:ti_sysbios_knl_Task_E_deleteNotAllowed__C)
                  000086f0    00000004     release_pem4f.oem4f (.const:ti_sysbios_knl_Task_Module_State_inactiveQ__O)
                  000086f4    00000004     release_pem4f.oem4f (.const:ti_sysbios_knl_Task_Module_State_terminatedQ__O)
                  000086f8    00000004     release_pem4f.oem4f (.const:ti_sysbios_knl_Task_Object__count__C)
                  000086fc    00000004     release_pem4f.oem4f (.const:ti_sysbios_knl_Task_Object__heap__C)
                  00008700    00000004     release_pem4f.oem4f (.const:ti_sysbios_knl_Task_allBlockedFunc__C)
                  00008704    00000004     release_pem4f.oem4f (.const:ti_sysbios_knl_Task_defaultStackHeap__C)
                  00008708    00000004     release_pem4f.oem4f (.const:ti_sysbios_knl_Task_defaultStackSize__C)
                  0000870c    00000004     release_pem4f.oem4f (.const:ti_sysbios_knl_Task_numConstructedTasks__C)
                  00008710    00000004     release_pem4f.oem4f (.const:xdc_runtime_Error_E_memory__C)
                  00008714    00000004     release_pem4f.oem4f (.const:xdc_runtime_Error_policyFxn__C)
                  00008718    00000004     release_pem4f.oem4f (.const:xdc_runtime_IGateProvider_Interface__BASE__C)
                  0000871c    00000004     release_pem4f.oem4f (.const:xdc_runtime_IHeap_Interface__BASE__C)
                  00008720    00000004     release_pem4f.oem4f (.const:xdc_runtime_IModule_Interface__BASE__C)
                  00008724    00000004     release_pem4f.oem4f (.const:xdc_runtime_Memory_defaultHeapInstance__C)
                  00008728    00000004     release_pem4f.oem4f (.const:xdc_runtime_Startup_execImpl__C)
                  0000872c    00000004     release_pem4f.oem4f (.const:xdc_runtime_Startup_maxPasses__C)
                  00008730    00000004     release_pem4f.oem4f (.const:xdc_runtime_Startup_sfxnRts__C)
                  00008734    00000004     release_pem4f.oem4f (.const:xdc_runtime_Startup_sfxnTab__C)
                  00008738    00000004     release_pem4f.oem4f (.const:xdc_runtime_SysCallback_abortFxn__C)
                  0000873c    00000004     release_pem4f.oem4f (.const:xdc_runtime_SysCallback_exitFxn__C)
                  00008740    00000004     release_pem4f.oem4f (.const:xdc_runtime_System_Module__gateObj__C)
                  00008744    00000004     release_pem4f.oem4f (.const:xdc_runtime_System_abortFxn__C)
                  00008748    00000004     release_pem4f.oem4f (.const:xdc_runtime_System_exitFxn__C)
                  0000874c    00000004     release_pem4f.oem4f (.const:xdc_runtime_System_maxAtexitHandlers__C)
                  00008750    00000002     release_pem4f.oem4f (.const:xdc_runtime_Memory_Module__id__C)

.cinit     0    00008758    000002f0     
                  00008758    000002c7     (.cinit..data.load) [load image, compression = lzss]
                  00008a1f    00000001     --HOLE-- [fill = 0]
                  00008a20    0000000c     (__TI_handler_table)
                  00008a2c    00000004     --HOLE-- [fill = 0]
                  00008a30    00000008     (.cinit..bss.load) [load image, compression = zero_init]
                  00008a38    00000010     (__TI_cinit_table)

.init_array 
*          0    00000000    00000000     UNINITIALIZED

.bss       0    20020360    00000690     UNINITIALIZED
                  20020360    00000360     (.common:ti_sysbios_family_arm_m3_Hwi_dispatchTable)
                  200206c0    00000200     release_pem4f.oem4f (.bss:taskStackSection)
                  200208c0    00000090     drivers_msp432e4.aem4f : GPIOMSP432E4.oem4f (.bss:gpioCallbackInfo)
                  20020950    00000064     (.common:uartMSP432E4Objects)
                  200209b4    00000020     ti_drivers_config.obj (.bss:uartMSP432E4RingBuffer0)
                  200209d4    00000010     (.common:errorCounts)
                  200209e4    00000008     (.common:ti_sysbios_knl_Task_Instance_State_0_hookEnv__A)
                  200209ec    00000004     drivers_msp432e4.aem4f : GPIOMSP432E4.oem4f (.bss)

.data      0    200209f0    0000066c     UNINITIALIZED
                  200209f0    0000016c     drivers_msp432e4.aem4f : PowerMSP432E4.oem4f (.data:PowerMSP432E4_module)
                  20020b5c    0000008c     sysbios.aem4f : BIOS.obj (.data:$O1$$)
                  20020be8    00000080     release_pem4f.oem4f (.data:ti_sysbios_knl_Swi_Module_State_0_readyQ__A)
                  20020c68    00000080     release_pem4f.oem4f (.data:ti_sysbios_knl_Task_Module_State_0_readyQ__A)
                  20020ce8    00000054     release_pem4f.oem4f (.data:ti_sysbios_gates_GateMutex_Object__table__V)
                  20020d3c    0000004c     release_pem4f.oem4f (.data:ti_sysbios_knl_Task_Object__table__V)
                  20020d88    00000044     release_pem4f.oem4f (.data:ti_sysbios_knl_Task_Module__state__V)
                  20020dcc    00000040     release_pem4f.oem4f (.data:ti_sysbios_family_arm_lm4_Timer_Module_State_0_device__A)
                  20020e0c    00000040     release_pem4f.oem4f (.data:ti_sysbios_family_arm_lm4_Timer_Object__table__V)
                  20020e4c    00000034     release_pem4f.oem4f (.data:ti_sysbios_family_arm_m3_Hwi_Module__state__V)
                  20020e80    00000030     release_pem4f.oem4f (.data:ti_sysbios_knl_Swi_Object__table__V)
                  20020eb0    0000002c     release_pem4f.oem4f (.data:ti_sysbios_knl_Clock_Module__state__V)
                  20020edc    00000024     release_pem4f.oem4f (.data:ti_sysbios_BIOS_Module__state__V)
                  20020f00    00000020     ti_drivers_config.obj (.data:gpioCallbackFunctions)
                  20020f20    00000020     ti_drivers_config.obj (.data:gpioPinConfigs)
                  20020f40    00000020     release_pem4f.oem4f (.data:ti_sysbios_family_arm_lm4_Timer_Module_State_0_handles__A)
                  20020f60    00000020     release_pem4f.oem4f (.data:xdc_runtime_Error_IgnoreBlock)
                  20020f80    0000001c     release_pem4f.oem4f (.data:ti_sysbios_knl_Swi_Module__state__V)
                  20020f9c    00000018     release_pem4f.oem4f (.data:ti_sysbios_family_arm_m3_Hwi_Object__table__V)
                  20020fb4    00000018     release_pem4f.oem4f (.data:ti_sysbios_heaps_HeapMem_Object__table__V)
                  20020fcc    0000000c     release_pem4f.oem4f (.data:ti_sysbios_family_arm_lm4_Timer_Module__state__V)
                  20020fd8    00000008     rtsv7M4_T_le_v4SPD16_eabi.lib : _lock.c.obj (.data:$O1$$)
                  20020fe0    00000008     release_pem4f.oem4f (.data:ti_sysbios_family_arm_m3_Hwi_Module__root__V)
                  20020fe8    00000008     release_pem4f.oem4f (.data:ti_sysbios_gates_GateHwi_Module__root__V)
                  20020ff0    00000008     release_pem4f.oem4f (.data:ti_sysbios_gates_GateMutex_Module__root__V)
                  20020ff8    00000008     release_pem4f.oem4f (.data:ti_sysbios_heaps_HeapMem_Module__root__V)
                  20021000    00000008     release_pem4f.oem4f (.data:ti_sysbios_knl_Clock_Module__root__V)
                  20021008    00000008     release_pem4f.oem4f (.data:ti_sysbios_knl_Queue_Module__root__V)
                  20021010    00000008     release_pem4f.oem4f (.data:ti_sysbios_knl_Semaphore_Module__root__V)
                  20021018    00000008     release_pem4f.oem4f (.data:ti_sysbios_knl_Task_Module__root__V)
                  20021020    00000008     release_pem4f.oem4f (.data:xdc_runtime_Startup_Module__state__V)
                  20021028    00000008     release_pem4f.oem4f (.data:xdc_runtime_System_Module_State_0_atexitHandlers__A)
                  20021030    00000008     release_pem4f.oem4f (.data:xdc_runtime_System_Module__state__V)
                  20021038    00000005     drivers_msp432e4.aem4f : GPIOMSP432E4.oem4f (.data)
                  2002103d    00000001                            : UART.oem4f (.data)
                  2002103e    00000002     release_pem4f.oem4f (.data:ti_sysbios_family_arm_m3_Hwi_Module_State_0_excActive__A)
                  20021040    00000004     rtsv7M4_T_le_v4SPD16_eabi.lib : stkdepth_vars.c.obj (.data)
                  20021044    00000004     release_pem4f.oem4f (.data:ti_sysbios_family_arm_m3_Hwi_Module_State_0_excContext__A)
                  20021048    00000004     release_pem4f.oem4f (.data:ti_sysbios_family_arm_m3_Hwi_Module_State_0_excStack__A)
                  2002104c    00000004     release_pem4f.oem4f (.data:ti_sysbios_gates_GateHwi_Object__table__V)
                  20021050    00000004     release_pem4f.oem4f (.data:ti_sysbios_knl_Task_Module_State_0_idleTask__A)
                  20021054    00000004     release_pem4f.oem4f (.data:ti_sysbios_rts_ti_ReentSupport_Module__state__V)
                  20021058    00000004     release_pem4f.oem4f (.data:xdc_runtime_Memory_Module__state__V)

.priheap   0    20000360    00020000     UNINITIALIZED
                  20000360    00020000     --HOLE--

.stack     0    2003fc00    00000400     UNINITIALIZED
                  2003fc00    00000400     --HOLE--

.bootVecs 
*          0    00000000    00000008     DSECT
                  00000000    00000008     boot.aem4f : boot.oem4f (.bootVecs)

.resetVecs 
*          0    00000000    0000003c     
                  00000000    0000003c     release_pem4f.oem4f (.resetVecs)

.vecs      0    20000000    00000360     NOLOAD SECTION
                  20000000    00000360     release_pem4f.oem4f (.vecs)

xdc.meta   0    00000000    00000107     COPY SECTION
                  00000000    00000107     release_pem4f.oem4f (xdc.meta)

xdc.noload 
*          0    00000000    00000000     COPY SECTION

__llvm_prf_cnts 
*          0    20000000    00000000     UNINITIALIZED

.binit     0    00000000    00000000     

MODULE SUMMARY

       Module                       code    ro data   rw data
       ------                       ----    -------   -------
    .\
       library.obj                  4359    0         16     
       mainThread.obj               620     13        0      
       main.obj                     110     0         0      
    +--+----------------------------+-------+---------+---------+
       Total:                       5089    13        16     
                                                             
    .\syscfg\
       ti_drivers_config.obj        50      94        196    
    +--+----------------------------+-------+---------+---------+
       Total:                       50      94        196    
                                                             
    C:\Users\sfous\EmbeddedSystemsProject\tirtos_builds_MSP_EXP432E401Y_release_ccs\Debug\configPkg\package\cfg\
       release_pem4f.oem4f          1598    1081      3306   
    +--+----------------------------+-------+---------+---------+
       Total:                       1598    1081      3306   
                                                             
    C:/ti/simplelink_msp432e4_sdk_4_20_00_12/kernel/tirtos/packages/ti/dpl/lib/dpl_msp432e4.aem4f
       ClockP_tirtos.oem4f          102     0         0      
       HwiP_tirtos.oem4f            96      0         0      
       SemaphoreP_tirtos.oem4f      78      0         0      
       PowerMSP432E4_tirtos.oem4f   16      0         0      
    +--+----------------------------+-------+---------+---------+
       Total:                       292     0         0      
                                                             
    C:/ti/simplelink_msp432e4_sdk_4_20_00_12/source/ti/devices/msp432e4/driverlib/lib/ccs/m4f/msp432e4_driverlib.a
       gpio.o                       1040    72        0      
       uart.o                       588     0         0      
       sysctl.o                     564     0         0      
    +--+----------------------------+-------+---------+---------+
       Total:                       2192    72        0      
                                                             
    C:/ti/simplelink_msp432e4_sdk_4_20_00_12/source/ti/drivers/lib/drivers_msp432e4.aem4f
       UARTMSP432E4.oem4f           2914    116       0      
       GPIOMSP432E4.oem4f           1084    196       153    
       PowerMSP432E4.oem4f          336     0         364    
       UART.oem4f                   176     36        1      
       RingBuf.oem4f                198     0         0      
    +--+----------------------------+-------+---------+---------+
       Total:                       4708    348       518    
                                                             
    C:\Users\sfous\EmbeddedSystemsProject\tirtos_builds_MSP_EXP432E401Y_release_ccs\src\sysbios\sysbios.aem4f
       BIOS.obj                     9146    528       140    
       m3_Hwi_asm.obj               318     0         0      
       m3_TaskSupport_asm.obj       180     0         0      
       m3_Hwi_asm_switch.obj        118     0         0      
    +--+----------------------------+-------+---------+---------+
       Total:                       9762    528       140    
                                                             
    C:\ti\ccs1240\ccs\tools\compiler\ti-cgt-arm_20.2.7.LTS\lib\rtsv7M4_T_le_v4SPD16_eabi.lib
       _printfi.c.obj               4851    0         0      
       fd_add_t2.asm.obj            438     0         0      
       fd_div_t2.asm.obj            310     0         0      
       strtol.c.obj                 304     0         0      
       s_scalbn.c.obj               272     0         0      
       fd_cmp_t2.asm.obj            268     0         0      
       ctype.c.obj                  0       257       0      
       fd_mul_t2.asm.obj            252     0         0      
       memcpy_t2.asm.obj            156     0         0      
       ull_div_t2.asm.obj           150     0         0      
       memset_t2.asm.obj            122     0         0      
       copy_decompress_lzss.c.obj   104     0         0      
       s_frexp.c.obj                100     0         0      
       sprintf.c.obj                98      0         0      
       _ltoa.c.obj                  84      0         0      
       atoi.c.obj                   76      0         0      
       cpy_tbl.c.obj                76      0         0      
       fd_toi_t2.asm.obj            72      0         0      
       strncpy.c.obj                54      0         0      
       i_tofd_t2.asm.obj            46      0         0      
       _lock.c.obj                  26      0         8      
       memccpy.c.obj                28      0         0      
       s_copysign.c.obj             26      0         0      
       args_main.c.obj              24      0         0      
       strcmp.c.obj                 24      0         0      
       strchr.c.obj                 22      0         0      
       strlen.c.obj                 20      0         0      
       wcslen.c.obj                 18      0         0      
       copy_decompress_none.c.obj   14      0         0      
       copy_zero_init.c.obj         12      0         0      
       stkdepth_vars.c.obj          0       0         4      
       div0.asm.obj                 2       0         0      
    +--+----------------------------+-------+---------+---------+
       Total:                       8049    257       12     
                                                             
    C:\ti\simplelink_msp432e4_sdk_4_20_00_12\kernel\tirtos\packages\ti\targets\arm\rtsarm\lib\auto_init.aem4f
       auto_init.oem4f              160     0         0      
    +--+----------------------------+-------+---------+---------+
       Total:                       160     0         0      
                                                             
    C:\ti\simplelink_msp432e4_sdk_4_20_00_12\kernel\tirtos\packages\ti\targets\arm\rtsarm\lib\boot.aem4f
       boot.oem4f                   88      0         0      
    +--+----------------------------+-------+---------+---------+
       Total:                       88      0         0      
                                                             
       Stack:                       0       0         1024   
       Linker Generated:            0       747       0      
    +--+----------------------------+-------+---------+---------+
       Grand Total:                 31988   3140      5212   


LINKER GENERATED COPY TABLES

__TI_cinit_table @ 00008a38 records: 2, size/record: 8, table size: 16
	.data: load addr=00008758, load size=000002c7 bytes, run addr=200209f0, run size=0000066c bytes, compression=lzss
	.bss: load addr=00008a30, load size=00000008 bytes, run addr=20020360, run size=00000690 bytes, compression=zero_init


LINKER GENERATED HANDLER TABLE

__TI_handler_table @ 00008a20 records: 3, size/record: 4, table size: 12
	index: 0, handler: __TI_decompress_lzss
	index: 1, handler: __TI_decompress_none
	index: 2, handler: __TI_zero_init


GLOBAL SYMBOLS: SORTED ALPHABETICALLY BY Name 

address   name                                                            
-------   ----                                                            
00006c85  Board_init                                                      
00000a8f  Board_initHook                                                  
00008638  CONFIG_GPIO_0_CONST                                             
00008639  CONFIG_GPIO_1_CONST                                             
0000863a  CONFIG_GPIO_2_CONST                                             
0000863b  CONFIG_GPIO_3_CONST                                             
0000863c  CONFIG_GPIO_4_CONST                                             
0000863d  CONFIG_GPIO_5_CONST                                             
0000863e  CONFIG_GPIO_6_CONST                                             
0000863f  CONFIG_GPIO_7_CONST                                             
00008640  CONFIG_UART_0_CONST                                             
00007d1d  ClockP_Params_init                                              
00006689  ClockP_create                                                   
00007c2f  ClockP_delete                                                   
00002e9d  ClockP_getCpuFreq                                               
000031e5  ClockP_setTimeout                                               
00003ab5  ClockP_start                                                    
00003ded  ClockP_stop                                                     
000057c1  GPIODirModeSet                                                  
00007943  GPIOIntClear                                                    
000073e5  GPIOIntStatus                                                   
000042e5  GPIOIntTypeSet                                                  
000085b8  GPIOMSP432E4_config                                             
00007959  GPIOMSP432E4_getGpioBaseAddr                                    
0000796d  GPIOMSP432E4_getPowerResourceId                                 
00006cb5  GPIOMSP432E4_undoPinConfig                                      
00001c55  GPIOPadConfigSet                                                
000063d1  GPIOPinConfigure                                                
00007767  GPIOPinRead                                                     
000071df  GPIOPinTypeUART                                                 
0000742b  GPIOPinWrite                                                    
00005295  GPIO_hwiIntFxn                                                  
00004239  GPIO_init                                                       
00006ce5  GPIO_read                                                       
00005995  GPIO_setCallback                                                
000025cd  GPIO_setConfig                                                  
00005d45  GPIO_toggle                                                     
00005b49  GPIO_write                                                      
00020000  HEAPSIZE                                                        
00007ad1  HwiP_Params_init                                                
000066c9  HwiP_create                                                     
00007c3b  HwiP_delete                                                     
00003ead  HwiP_disable                                                    
00007da1  HwiP_restore                                                    
00007d27  NDK_hookInit                                                    
00008644  PowerMSP432E4_config                                            
200209f0  PowerMSP432E4_module                                            
00007ae1  PowerMSP432E4_sleepPolicy                                       
00007781  Power_idleFunc                                                  
000054a1  Power_init                                                      
000051b9  Power_releaseDependency                                         
000052fd  Power_setDependency                                             
00007a25  RingBuf_construct                                               
00006709  RingBuf_get                                                     
00007be1  RingBuf_isFull                                                  
0000744b  RingBuf_peek                                                    
00006389  RingBuf_put                                                     
UNDEFED   SHT$$INIT_ARRAY$$Base                                           
UNDEFED   SHT$$INIT_ARRAY$$Limit                                          
00006fb9  SemaphoreP_createBinary                                         
00007c47  SemaphoreP_delete                                               
00007a37  SemaphoreP_pend                                                 
00004183  SemaphoreP_post                                                 
00006fe5  SysCtlPeripheralClockGating                                     
00006749  SysCtlPeripheralDisable                                         
00006789  SysCtlPeripheralEnable                                          
000067c9  SysCtlPeripheralPowerOff                                        
00006809  SysCtlPeripheralPowerOn                                         
00006415  SysCtlPeripheralPresent                                         
00006459  SysCtlPeripheralReady                                           
00006849  SysCtlPeripheralSleepDisable                                    
00006889  SysCtlPeripheralSleepEnable                                     
00007571  UARTBusy                                                        
00007901  UARTCharGet                                                     
00007607  UARTCharGetNonBlocking                                          
0000758f  UARTCharPut                                                     
00007203  UARTCharPutNonBlocking                                          
000075ad  UARTCharsAvail                                                  
00004fe7  UARTConfigSetExpClk                                             
00006d15  UARTDisable                                                     
00007227  UARTEnable                                                      
00007799  UARTFIFOLevelSet                                                
00007623  UARTFlowControlSet                                              
00007a49  UARTIntClear                                                    
000077b1  UARTIntDisable                                                  
000077c9  UARTIntEnable                                                   
000075cb  UARTIntStatus                                                   
00003c71  UARTMSP432E4_close                                              
00004905  UARTMSP432E4_control                                            
000082e8  UARTMSP432E4_fxnTable                                           
00000f87  UARTMSP432E4_init                                               
00000f89  UARTMSP432E4_open                                               
000068c9  UARTMSP432E4_read                                               
00006b79  UARTMSP432E4_readCancel                                         
000044cd  UARTMSP432E4_readPolling                                        
000046a9  UARTMSP432E4_write                                              
00006145  UARTMSP432E4_writeCancel                                        
00005ed9  UARTMSP432E4_writePolling                                       
00007af1  UARTRxErrorClear                                                
00007a5b  UARTRxErrorGet                                                  
0000763f  UARTTxIntModeSet                                                
000077e1  UART_Params_init                                                
00008620  UART_config                                                     
00008641  UART_count                                                      
[...]
000079a9  ti_sysbios_family_arm_m3_Hwi_Object__get__S                     
000079c1  ti_sysbios_family_arm_m3_Hwi_switchFromBootStack__E             
000079c1  ti_sysbios_hal_Hwi_HwiProxy_switchFromBootStack__E              
000079c1  ti_sysbios_hal_Hwi_switchFromBootStack__E                       
000079d5  ti_sysbios_heaps_HeapMem_Object__get__S                         
000079e9  ti_sysbios_knl_Swi_Object__get__S                               
000079fd  ti_sysbios_knl_Task_Object__first__S                            
00007a11  ti_sysbios_knl_Task_Object__next__S                             
00007a25  RingBuf_construct                                               
00007a37  SemaphoreP_pend                                                 
00007a49  UARTIntClear                                                    
00007a5b  UARTRxErrorGet                                                  
00007a89  ti_sysbios_hal_Hwi_Module_startup__E                            
00007a9b  wcslen                                                          
00007aad  xdc_runtime_Startup_exec__I                                     
00007ac1  ti_sysbios_family_arm_msp432e4_init_Boot_init__I                
00007ac1  xdc_runtime_Startup_reset__I                                    
00007ad1  HwiP_Params_init                                                
00007ae1  PowerMSP432E4_sleepPolicy                                       
00007af1  UARTRxErrorClear                                                
00007b11  ti_sysbios_BIOS_getCpuFreq__E                                   
00007b21  ti_sysbios_BIOS_setThreadType__E                                
00007b31  ti_sysbios_BIOS_start__E                                        
00007b41  ti_sysbios_family_arm_m3_TaskSupport_glue                       
00007b51  ti_sysbios_gates_GateMutex_Instance_finalize__E                 
00007b61  ti_sysbios_knl_Mailbox_Object__get__S                           
00007b71  ti_sysbios_knl_Semaphore_Instance_finalize__E                   
00007b81  ti_sysbios_knl_Swi_disable__E                                   
00007b91  ti_sysbios_knl_Task_Object__get__S                              
00007ba1  ti_sysbios_knl_Task_disable__E                                  
00007bb1  xdc_runtime_Memory_free__E                                      
00007bc1  xdc_runtime_SysCallback_abort__E                                
00007bc1  xdc_runtime_System_SupportProxy_abort__E                        
00007bd1  xdc_runtime_SysCallback_exit__E                                 
00007bd1  xdc_runtime_System_SupportProxy_exit__E                         
00007be1  RingBuf_isFull                                                  
00007bef  __TI_decompress_none                                            
00007c01  pthread_attr_setdetachstate                                     
00007c11  ti_sysbios_knl_Idle_loop__E                                     
00007c21  ti_sysbios_knl_Queue_empty__E                                   
00007c2f  ClockP_delete                                                   
00007c3b  HwiP_delete                                                     
00007c47  SemaphoreP_delete                                               
00007c55  _register_lock                                                  
00007c61  _register_unlock                                                
00007c6d  __TI_zero_init                                                  
00007c79  ti_sysbios_family_arm_lm4_Timer_getMaxTicks__E                  
00007c85  ti_sysbios_family_arm_m3_Hwi_Params__init__S                    
00007c85  ti_sysbios_hal_Hwi_HwiProxy_Params__init__S                     
00007c91  ti_sysbios_family_arm_m3_Hwi_disableFxn__E                      
00007c91  ti_sysbios_hal_Hwi_HwiProxy_disable__E                          
00007ca1  ti_sysbios_family_arm_m3_TaskSupport_getStackAlignment__E       
00007ca1  ti_sysbios_knl_Task_SupportProxy_getStackAlignment__E           
00007cb1  ti_sysbios_gates_GateHwi_enter__E                               
00007cbd  ti_sysbios_knl_Clock_Params__init__S                            
00007cc9  ti_sysbios_knl_Queue_Object__get__S                             
00007cd5  ti_sysbios_knl_Semaphore_Params__init__S                        
00007ce1  ti_sysbios_knl_Task_Params__init__S                             
00007cf1  ti_sysbios_knl_Task_self__E                                     
00007d01  ti_sysbios_rts_ti_ReentSupport_taskRegHook__I                   
00007d11  xdc_runtime_Startup_rtsDone__E                                  
00007d1d  ClockP_Params_init                                              
00007d27  NDK_hookInit                                                    
00007d31  UART_read                                                       
00007d3b  UART_write                                                      
00007d4f  xdc_runtime_Memory_HeapProxy_alloc__E                           
00007d59  xdc_runtime_Memory_HeapProxy_free__E                            
00007d69  pthread_attr_setstacksize                                       
00007d79  ti_sysbios_family_arm_lm4_Timer_masterDisable__I                
00007d81  ti_sysbios_family_arm_m3_Hwi_doSwiRestore__I                    
00007d89  ti_sysbios_family_arm_m3_Hwi_startup__E                         
00007d89  ti_sysbios_hal_Hwi_HwiProxy_startup__E                          
00007d89  ti_sysbios_hal_Hwi_startup__E                                   
00007d99  ti_sysbios_family_arm_m3_Hwi_doTaskRestore__I                   
00007da1  HwiP_restore                                                    
00007da1  ti_sysbios_family_arm_m3_Hwi_restoreFxn__E                      
00007da1  ti_sysbios_hal_Hwi_HwiProxy_restore__E                          
00007da9  ti_sysbios_gates_GateHwi_leave__E                               
00007db1  ti_sysbios_heaps_HeapMem_isBlocking__E                          
00007db9  ti_sysbios_knl_Clock_stop__E                                    
00007dc1  ti_sysbios_knl_Queue_Instance_init__E                           
00007dc9  ti_sysbios_knl_Swi_startup__E                                   
00007dd1  xdc_runtime_System_Module_startup__E                            
00007dd9  __aeabi_errno_addr                                              
00007de1  ti_sysbios_gates_GateHwi_query__E                               
00007de1  xdc_runtime_Main_Module_GateProxy_query__E                      
00007de1  xdc_runtime_System_Module_GateProxy_query__E                    
00007de9  ti_sysbios_BIOS_RtsGateProxy_query__E                           
00007de9  ti_sysbios_gates_GateMutex_query__E                             
00007de9  ti_sysbios_heaps_HeapMem_Module_GateProxy_query__E              
00007df1  ti_sysbios_knl_Clock_setTimeout__E                              
00007df9  ti_sysbios_knl_Task_startup__E                                  
00007e01  ti_sysbios_BIOS_linkedWithIncorrectBootLibrary__E               
00007e09  ti_sysbios_gates_GateHwi_Instance_init__E                       
00007e11  ti_sysbios_knl_Clock_logTick__E                                 
00007e19  xdc_runtime_SysCallback_defaultAbort                            
00007e21  xdc_runtime_SysCallback_defaultExit                             
00007e29  xdc_runtime_System_abortSpin__E                                 
00007e31  xdc_runtime_System_exitSpin__E                                  
00008044  _ctypes_                                                        
00008220  ti_sysbios_knl_Task_Object__PARAMS__C                           
0000825c  ti_sysbios_family_arm_m3_Hwi_Object__PARAMS__C                  
0000828c  ti_sysbios_knl_Task_hooks__A                                    
000082e8  UARTMSP432E4_fxnTable                                           
00008310  ti_sysbios_heaps_HeapMem_Module__FXNS__C                        
00008338  UART_defaultParams                                              
0000835c  ti_sysbios_gates_GateHwi_Module__FXNS__C                        
00008380  ti_sysbios_gates_GateMutex_Module__FXNS__C                      
000083a4  ti_sysbios_heaps_HeapMem_Object__PARAMS__C                      
000083c8  ti_sysbios_knl_Clock_Object__PARAMS__C                          
000083ec  ti_sysbios_knl_Semaphore_Object__PARAMS__C                      
00008450  ti_sysbios_family_arm_m3_Hwi_Object__DESC__C                    
00008470  ti_sysbios_gates_GateHwi_Object__DESC__C                        
00008490  ti_sysbios_gates_GateMutex_Object__DESC__C                      
000084b0  ti_sysbios_heaps_HeapMem_Object__DESC__C                        
000084d0  ti_sysbios_knl_Clock_Object__DESC__C                            
000084f0  ti_sysbios_knl_Queue_Object__DESC__C                            
00008510  ti_sysbios_knl_Semaphore_Object__DESC__C                        
00008530  ti_sysbios_knl_Task_Object__DESC__C                             
00008550  xdc_runtime_Startup_sfxnTab__A                                  
00008570  ti_sysbios_gates_GateHwi_Object__PARAMS__C                      
00008588  ti_sysbios_gates_GateMutex_Object__PARAMS__C                    
000085a0  ti_sysbios_knl_Queue_Object__PARAMS__C                          
000085b8  GPIOMSP432E4_config                                             
000085f0  xdc_runtime_Startup_firstFxns__A                                
00008600  xdc_runtime_Startup_sfxnRts__A                                  
0000861d  xdc_runtime_Error_policy__C                                     
0000861e  ti_sysbios_family_arm_m3_Hwi_Module__id__C                      
00008620  UART_config                                                     
0000862c  ti_sysbios_knl_Idle_funcList__A                                 
00008638  CONFIG_GPIO_0_CONST                                             
00008639  CONFIG_GPIO_1_CONST                                             
0000863a  CONFIG_GPIO_2_CONST                                             
0000863b  CONFIG_GPIO_3_CONST                                             
0000863c  CONFIG_GPIO_4_CONST                                             
0000863d  CONFIG_GPIO_5_CONST                                             
0000863e  CONFIG_GPIO_6_CONST                                             
0000863f  CONFIG_GPIO_7_CONST                                             
00008640  CONFIG_UART_0_CONST                                             
00008641  UART_count                                                      
00008642  ti_sysbios_heaps_HeapMem_Module__id__C                          
00008644  PowerMSP432E4_config                                            
00008654  ti_sysbios_knl_Idle_funcList__C                                 
0000865c  ti_sysbios_knl_Task_hooks__C                                    
00008664  xdc_runtime_Startup_firstFxns__C                                
0000866c  xdc_runtime_Startup_lastFxns__C                                 
00008686  ti_sysbios_knl_Task_Module__id__C                               
00008688  ti_sysbios_family_arm_lm4_Timer_enableFunc__C                   
0000868c  ti_sysbios_family_arm_lm4_Timer_numTimerDevices__C              
00008690  ti_sysbios_family_arm_lm4_Timer_startupNeeded__C                
00008694  ti_sysbios_family_arm_m3_Hwi_E_alreadyDefined__C                
00008698  ti_sysbios_family_arm_m3_Hwi_E_badIntNum__C                     
0000869c  ti_sysbios_family_arm_m3_Hwi_NUM_INTERRUPTS__C                  
000086a0  ti_sysbios_family_arm_m3_Hwi_Object__count__C                   
000086a4  ti_sysbios_family_arm_m3_Hwi_ccr__C                             
000086a8  ti_sysbios_family_arm_m3_Hwi_excHandlerFunc__C                  
000086ac  ti_sysbios_family_arm_m3_Hwi_nullIsrFunc__C                     
000086b0  ti_sysbios_family_arm_m3_Hwi_priGroup__C                        
000086b4  ti_sysbios_family_arm_m3_TaskSupport_stackAlignment__C          
000086b8  ti_sysbios_gates_GateMutex_Instance_State_sem__O                
000086bc  ti_sysbios_heaps_HeapMem_E_memory__C                            
000086c0  ti_sysbios_heaps_HeapMem_Module__gateObj__C                     
000086c4  ti_sysbios_heaps_HeapMem_Object__count__C                       
000086c8  ti_sysbios_heaps_HeapMem_primaryHeapBaseAddr__C                 
000086cc  ti_sysbios_heaps_HeapMem_primaryHeapEndAddr__C                  
000086d0  ti_sysbios_heaps_HeapMem_reqAlign__C                            
000086d4  ti_sysbios_knl_Clock_Module_State_clockQ__O                     
000086d8  ti_sysbios_knl_Mailbox_Instance_State_freeQue__O                
000086dc  ti_sysbios_knl_Mailbox_Object__count__C                         
000086e0  ti_sysbios_knl_Mailbox_maxTypeAlign__C                          
000086e4  ti_sysbios_knl_Semaphore_Instance_State_pendQ__O                
000086e8  ti_sysbios_knl_Swi_Object__count__C                             
000086ec  ti_sysbios_knl_Task_E_deleteNotAllowed__C                       
000086f0  ti_sysbios_knl_Task_Module_State_inactiveQ__O                   
000086f4  ti_sysbios_knl_Task_Module_State_terminatedQ__O                 
000086f8  ti_sysbios_knl_Task_Object__count__C                            
000086fc  ti_sysbios_knl_Task_Object__heap__C                             
00008700  ti_sysbios_knl_Task_allBlockedFunc__C                           
00008704  ti_sysbios_knl_Task_defaultStackHeap__C                         
00008708  ti_sysbios_knl_Task_defaultStackSize__C                         
0000870c  ti_sysbios_knl_Task_numConstructedTasks__C                      
00008710  xdc_runtime_Error_E_memory__C                                   
00008714  xdc_runtime_Error_policyFxn__C                                  
00008718  xdc_runtime_IGateProvider_Interface__BASE__C                    
0000871c  xdc_runtime_IHeap_Interface__BASE__C                            
00008720  xdc_runtime_IModule_Interface__BASE__C                          
00008724  xdc_runtime_Memory_defaultHeapInstance__C                       
00008728  xdc_runtime_Startup_execImpl__C                                 
0000872c  xdc_runtime_Startup_maxPasses__C                                
00008730  xdc_runtime_Startup_sfxnRts__C                                  
00008734  xdc_runtime_Startup_sfxnTab__C                                  
00008738  xdc_runtime_SysCallback_abortFxn__C                             
0000873c  xdc_runtime_SysCallback_exitFxn__C                              
00008740  xdc_runtime_System_Module__gateObj__C                           
00008744  xdc_runtime_System_abortFxn__C                                  
00008748  xdc_runtime_System_exitFxn__C                                   
0000874c  xdc_runtime_System_maxAtexitHandlers__C                         
00008750  xdc_runtime_Memory_Module__id__C                                
00008758  __TI_static_base__                                              
00008a20  __TI_Handler_Table_Base                                         
00008a2c  __TI_Handler_Table_Limit                                        
00008a38  __TI_CINIT_Base                                                 
00008a48  __TI_CINIT_Limit                                                
00020000  HEAPSIZE                                                        
20000000  __start___llvm_prf_cnts                                         
20000000  __stop___llvm_prf_cnts                                          
20000000  ti_sysbios_family_arm_m3_Hwi_ramVectors                         
20000360  __primary_heap_start__                                          
20020360  __primary_heap_end__                                            
20020360  ti_sysbios_family_arm_m3_Hwi_dispatchTable                      
200206c0  ti_sysbios_knl_Task_Instance_State_0_stack__A                   
20020950  uartMSP432E4Objects                                             
200209d4  errorCounts                                                     
200209e4  ti_sysbios_knl_Task_Instance_State_0_hookEnv__A                 
200209f0  PowerMSP432E4_module                                            
20020be8  ti_sysbios_knl_Swi_Module_State_0_readyQ__A                     
20020c68  ti_sysbios_knl_Task_Module_State_0_readyQ__A                    
20020ce8  ti_sysbios_gates_GateMutex_Object__table__V                     
20020d3c  ti_sysbios_knl_Task_Object__table__V                            
20020d88  ti_sysbios_knl_Task_Module__state__V                            
20020dcc  ti_sysbios_family_arm_lm4_Timer_Module_State_0_device__A        
20020e0c  ti_sysbios_family_arm_lm4_Timer_Object__table__V                
20020e4c  ti_sysbios_family_arm_m3_Hwi_Module__state__V                   
20020e80  ti_sysbios_knl_Swi_Object__table__V                             
20020eb0  ti_sysbios_knl_Clock_Module__state__V                           
20020edc  ti_sysbios_BIOS_Module__state__V                                
20020f00  gpioCallbackFunctions                                           
20020f20  gpioPinConfigs                                                  
20020f40  ti_sysbios_family_arm_lm4_Timer_Module_State_0_handles__A       
20020f60  xdc_runtime_Error_IgnoreBlock                                   
20020f80  ti_sysbios_knl_Swi_Module__state__V                             
20020f9c  ti_sysbios_family_arm_m3_Hwi_Object__table__V                   
20020fb4  ti_sysbios_heaps_HeapMem_Object__table__V                       
20020fcc  ti_sysbios_family_arm_lm4_Timer_Module__state__V                
20020fd8  _lock                                                           
20020fdc  _unlock                                                         
20020fe0  ti_sysbios_family_arm_m3_Hwi_Module__root__V                    
20020fe8  ti_sysbios_gates_GateHwi_Module__root__V                        
20020ff0  ti_sysbios_gates_GateMutex_Module__root__V                      
20020ff8  ti_sysbios_heaps_HeapMem_Module__root__V                        
20021000  ti_sysbios_knl_Clock_Module__root__V                            
20021008  ti_sysbios_knl_Queue_Module__root__V                            
20021010  ti_sysbios_knl_Semaphore_Module__root__V                        
20021018  ti_sysbios_knl_Task_Module__root__V                             
20021020  xdc_runtime_Startup_Module__state__V                            
20021028  xdc_runtime_System_Module_State_0_atexitHandlers__A             
20021030  xdc_runtime_System_Module__state__V                             
2002103e  ti_sysbios_family_arm_m3_Hwi_Module_State_0_excActive__A        
20021040  main_func_sp                                                    
20021044  ti_sysbios_family_arm_m3_Hwi_Module_State_0_excContext__A       
20021048  ti_sysbios_family_arm_m3_Hwi_Module_State_0_excStack__A         
2002104c  ti_sysbios_gates_GateHwi_Object__table__V                       
20021050  ti_sysbios_knl_Task_Module_State_0_idleTask__A                  
20021054  ti_sysbios_rts_ti_ReentSupport_Module__state__V                 
20021058  xdc_runtime_Memory_Module__state__V                             
2003fc00  __stack                                                         
20040000  __STACK_END                                                     
e000e000  ti_sysbios_family_arm_m3_Hwi_nvic                               
ffffffff  __TI_pprof_out_hndl                                             
ffffffff  __TI_prof_data_size                                             
ffffffff  __TI_prof_data_start                                            
ffffffff  __binit__                                                       
ffffffff  __c_args__                                                      
ffffffff  binit                                                           
UNDEFED   SHT$$INIT_ARRAY$$Base                                           
UNDEFED   SHT$$INIT_ARRAY$$Limit                                          

[575 symbols]
