******************************************************************************
                  TI ARM Linker PC v20.2.7                     
******************************************************************************
>> Linked Mon Oct  2 21:27:25 2023

OUTPUT FILE NAME:   <uartecho_MSP_EXP432E401Y_tirtos_ccs.out>
ENTRY POINT SYMBOL: "_c_int00"  address: 00005a55


MEMORY CONFIGURATION

         name            origin    length      used     unused   attr    fill
----------------------  --------  ---------  --------  --------  ----  --------
  FLASH                 00000000   00100000  00008aa4  000f755c  R  X
  SRAM                  20000000   00040000  00021a5c  0001e5a4  RW X


SEGMENT ALLOCATION MAP

run origin  load origin   length   init length attrs members
----------  ----------- ---------- ----------- ----- -------
00000000    00000000    00008ab0   00008ab0    r-x
  00000000    00000000    0000003c   0000003c    r-- .resetVecs
  00000040    00000040    00007e5a   00007e5a    r-x .text
  00007e9c    00007e9c    0000091e   0000091e    r-- .const
  000087c0    000087c0    000002f0   000002f0    r-- .cinit
20000360    20000360    00020000   00000000    r--
  20000360    20000360    00020000   00000000    r-- .priheap
20020360    20020360    000012fc   00000000    rw-
  20020360    20020360    00000c90   00000000    rw- .bss
  20020ff0    20020ff0    0000066c   00000000    rw- .data
2003fc00    2003fc00    00000400   00000000    rw-
  2003fc00    2003fc00    00000400   00000000    rw- .stack


SECTION ALLOCATION MAP

 output                                  attributes/
section   page    origin      length       input sections
--------  ----  ----------  ----------   ----------------
.text      0    00000040    00007e5a     
                  00000040    00000a4e     rtsv7M4_T_le_v4SPD16_eabi.lib : _printfi.c.obj (.text:__TI_printfi)
                  00000a8e    00000002     ti_drivers_config.obj (.text:Board_initHook)
                  00000a90    00000516     library.obj (.text:helpParse)
                  00000fa6    00000002     drivers_msp432e4.aem4f : UARTMSP432E4.oem4f (.text:UARTMSP432E4_init)
                  00000fa8    000002f0                            : UARTMSP432E4.oem4f (.text:UARTMSP432E4_open)
                  00001298    000002a0     sysbios.aem4f : BIOS.obj (.text:ti_sysbios_family_arm_msp432e4_init_Boot_sysCtlClockFreqSetI__I)
                  00001538    00000274     mainThread.obj (.text:mainThread)
                  000017ac    00000270     rtsv7M4_T_le_v4SPD16_eabi.lib : _printfi.c.obj (.text:_pconv_a)
                  00001a1c    0000026c     library.obj (.text:errorParse)
                  00001c88    0000023a     msp432e4_driverlib.a : gpio.o (.text:GPIOPadConfigSet)
                  00001ec2    00000002     rtsv7M4_T_le_v4SPD16_eabi.lib : _lock.c.obj (.text:_nop)
                  00001ec4    00000234     library.obj (.text:memoryReadParse)
                  000020f8    000001d0     rtsv7M4_T_le_v4SPD16_eabi.lib : _printfi.c.obj (.text:_pconv_g)
                  000022c8    000001b6                                   : fd_add_t2.asm.obj (.text)
                  0000247e    00000002                                   : div0.asm.obj (.text)
                  00002480    0000018c     library.obj (.text:gpioParse)
                  0000260c    00000184     drivers_msp432e4.aem4f : GPIOMSP432E4.oem4f (.text:GPIO_setConfig)
                  00002790    00000154     sysbios.aem4f : BIOS.obj (.text:ti_sysbios_knl_Task_Instance_finalize__E)
                  000028e4    0000013c     rtsv7M4_T_le_v4SPD16_eabi.lib : _printfi.c.obj (.text:_pconv_e)
                  00002a20    00000136                                   : fd_div_t2.asm.obj (.text)
                  00002b56    00000002     release_pem4f.oem4f (.text:ti_sysbios_BIOS_nullFunc__I)
                  00002b58    00000130     rtsv7M4_T_le_v4SPD16_eabi.lib : strtol.c.obj (.text:strtol)
                  00002c88    00000130     sysbios.aem4f : BIOS.obj (.text:ti_sysbios_knl_Semaphore_pend__E)
                  00002db8    00000124     rtsv7M4_T_le_v4SPD16_eabi.lib : _printfi.c.obj (.text:fcvt)
                  00002edc    00000124     library.obj (.text:helpBase)
                  00003000    00000120     sysbios.aem4f : BIOS.obj (.text:xdc_runtime_Startup_startMods__I)
                  00003120    00000110     rtsv7M4_T_le_v4SPD16_eabi.lib : s_scalbn.c.obj (.text:scalbn)
                  00003230    00000110     sysbios.aem4f : BIOS.obj (.text:ti_sysbios_knl_Task_postInit__I)
                  00003340    0000010c                   : BIOS.obj (.text:ti_sysbios_family_arm_lm4_Timer_start__E)
                  0000344c    00000108     library.obj (.text:errorBase)
                  00003554    00000100     library.obj (.text:aboutParse)
                  00003654    00000100     library.obj (.text:printParse)
                  00003754    000000fc     rtsv7M4_T_le_v4SPD16_eabi.lib : fd_mul_t2.asm.obj (.text)
                  00003850    000000f0     sysbios.aem4f : BIOS.obj (.text:pthread_create)
                  00003940    000000f0                   : m3_Hwi_asm.obj (.text:ti_sysbios_family_arm_m3_Hwi_dispatch__I)
                  00003a30    000000f0     library.obj (.text:writeGPIOprint)
                  00003b20    000000e8     sysbios.aem4f : BIOS.obj (.text:ti_sysbios_knl_Task_Instance_init__E)
                  00003c08    000000d0                   : BIOS.obj (.text:ti_sysbios_heaps_HeapMem_alloc__E)
                  00003cd8    000000be     drivers_msp432e4.aem4f : UARTMSP432E4.oem4f (.text:UARTMSP432E4_close)
                  00003d96    00000002     --HOLE-- [fill = 0]
                  00003d98    000000bc     sysbios.aem4f : BIOS.obj (.text:ti_sysbios_knl_Task_exit__E)
                  00003e54    00000004     dpl_msp432e4.aem4f : ClockP_tirtos.oem4f (.text:ClockP_getCpuFreq)
                  00003e58    000000bc     sysbios.aem4f : BIOS.obj (.text:xdc_runtime_Core_createObject__I)
                  00003f14    00000004     dpl_msp432e4.aem4f : ClockP_tirtos.oem4f (.text:ClockP_setTimeout)
                  00003f18    000000b8     sysbios.aem4f : BIOS.obj (.text:ti_sysbios_family_arm_m3_Hwi_Instance_init__E)
                  00003fd0    000000b6     drivers_msp432e4.aem4f : UARTMSP432E4.oem4f (.text:readTaskCallback)
                  00004086    00000002     --HOLE-- [fill = 0]
                  00004088    000000b1     rtsv7M4_T_le_v4SPD16_eabi.lib : _printfi.c.obj (.text:_ltostr)
                  00004139    00000001     --HOLE-- [fill = 0]
                  0000413a    000000b0     drivers_msp432e4.aem4f : UARTMSP432E4.oem4f (.text:readTaskBlocking)
                  000041ea    00000004     dpl_msp432e4.aem4f : ClockP_tirtos.oem4f (.text:ClockP_start)
                  000041ee    00000002     --HOLE-- [fill = 0]
                  000041f0    000000b0     sysbios.aem4f : BIOS.obj (.text:ti_sysbios_family_arm_lm4_Timer_enableTiva__I)
                  000042a0    000000ac     drivers_msp432e4.aem4f : GPIOMSP432E4.oem4f (.text:GPIO_init)
                  0000434c    000000a4     msp432e4_driverlib.a : gpio.o (.text:GPIOIntTypeSet)
                  000043f0    000000a4     sysbios.aem4f : BIOS.obj (.text:ti_sysbios_knl_Task_setPri__E)
                  00004494    000000a0     auto_init.aem4f : auto_init.oem4f (.text)
                  00004534    0000009e     drivers_msp432e4.aem4f : UARTMSP432E4.oem4f (.text:UARTMSP432E4_readPolling)
                  000045d2    00000004     dpl_msp432e4.aem4f : ClockP_tirtos.oem4f (.text:ClockP_stop)
                  000045d6    00000002     --HOLE-- [fill = 0]
                  000045d8    0000009c     sysbios.aem4f : BIOS.obj (.text:_pthread_removeThreadKeys)
                  00004674    0000009c     rtsv7M4_T_le_v4SPD16_eabi.lib : memcpy_t2.asm.obj (.text)
                  00004710    00000098     drivers_msp432e4.aem4f : UARTMSP432E4.oem4f (.text:UARTMSP432E4_write)
                  000047a8    00000096     rtsv7M4_T_le_v4SPD16_eabi.lib : ull_div_t2.asm.obj (.text)
                  0000483e    00000094     drivers_msp432e4.aem4f : UARTMSP432E4.oem4f (.text:readIsrTextBlocking)
                  000048d2    00000004     dpl_msp432e4.aem4f : HwiP_tirtos.oem4f (.text:HwiP_disable)
                  000048d6    00000002     --HOLE-- [fill = 0]
                  000048d8    00000094     sysbios.aem4f : BIOS.obj (.text:ti_sysbios_family_arm_m3_Hwi_initNVIC__E)
                  0000496c    00000090     drivers_msp432e4.aem4f : UARTMSP432E4.oem4f (.text:UARTMSP432E4_control)
                  000049fc    00000004     dpl_msp432e4.aem4f : SemaphoreP_tirtos.oem4f (.text:SemaphoreP_post)
                  00004a00    00000090     sysbios.aem4f : BIOS.obj (.text:ti_sysbios_knl_Task_Module_startup__E)
                  00004a90    0000008c                   : m3_TaskSupport_asm.obj (.text:ti_sysbios_family_arm_m3_TaskSupport_buildTaskStack)
                  00004b1c    00000004     release_pem4f.oem4f (.text:ti_sysbios_BIOS_RtsGateProxy_enter__E)
                  00004b20    0000008c     sysbios.aem4f : BIOS.obj (.text:xdc_runtime_Memory_alloc__E)
                  00004bac    00000088     drivers_msp432e4.aem4f : UARTMSP432E4.oem4f (.text:readIsrTextCallback)
                  00004c34    00000086     rtsv7M4_T_le_v4SPD16_eabi.lib : fd_cmp_t2.asm.obj (.text:__aeabi_cdcmple)
                  00004cba    00000086                                   : fd_cmp_t2.asm.obj (.text:__aeabi_cdrcmple)
                  00004d40    00000086     sysbios.aem4f : BIOS.obj (.text:xdc_runtime_Core_constructObject__I)
                  00004dc6    00000002     --HOLE-- [fill = 0]
                  00004dc8    00000084                   : BIOS.obj (.text:ti_sysbios_family_arm_m3_Hwi_postInit__I)
                  00004e4c    00000004     release_pem4f.oem4f (.text:ti_sysbios_BIOS_RtsGateProxy_leave__E)
                  00004e50    00000084     sysbios.aem4f : BIOS.obj (.text:ti_sysbios_heaps_HeapMem_free__E)
                  00004ed4    00000004                   : BIOS.obj (.text:ti_sysbios_family_arm_lm4_Timer_masterEnable__I)
                  00004ed8    00000080                   : BIOS.obj (.text:ti_sysbios_knl_Clock_workFunc__E)
                  00004f58    0000007c     drivers_msp432e4.aem4f : UARTMSP432E4.oem4f (.text:writeData)
                  00004fd4    0000007a     rtsv7M4_T_le_v4SPD16_eabi.lib : memset_t2.asm.obj (.text)
                  0000504e    00000076     msp432e4_driverlib.a : uart.o (.text:UARTConfigSetExpClk)
                  000050c4    00000004     release_pem4f.oem4f (.text:ti_sysbios_family_arm_m3_Hwi_delete)
                  000050c8    00000074     sysbios.aem4f : BIOS.obj (.text:xdc_runtime_Core_deleteObject__I)
                  0000513c    00000004     release_pem4f.oem4f (.text:ti_sysbios_family_arm_m3_TaskSupport_Module__startupDone__S)
                  00005140    00000070     sysbios.aem4f : BIOS.obj (.text:ti_sysbios_heaps_HeapMem_initPrimary__I)
                  000051b0    0000006e     rtsv7M4_T_le_v4SPD16_eabi.lib : _printfi.c.obj (.text:_mcpy)
                  0000521e    00000002     --HOLE-- [fill = 0]
                  00005220    0000006c     drivers_msp432e4.aem4f : PowerMSP432E4.oem4f (.text:Power_releaseDependency)
                  0000528c    00000004     release_pem4f.oem4f (.text:ti_sysbios_heaps_HeapMem_Module_GateProxy_enter__E)
                  00005290    0000006c     sysbios.aem4f : BIOS.obj (.text:ti_sysbios_knl_Swi_restoreHwi__E)
                  000052fc    00000068     drivers_msp432e4.aem4f : GPIOMSP432E4.oem4f (.text:GPIO_hwiIntFxn)
                  00005364    00000068                            : PowerMSP432E4.oem4f (.text:Power_setDependency)
                  000053cc    00000068     rtsv7M4_T_le_v4SPD16_eabi.lib : copy_decompress_lzss.c.obj (.text:decompress:lzss:__TI_decompress_lzss)
                  00005434    00000004     release_pem4f.oem4f (.text:ti_sysbios_heaps_HeapMem_Module_GateProxy_leave__E)
                  00005438    00000068     sysbios.aem4f : BIOS.obj (.text:pthread_exit)
                  000054a0    00000068     drivers_msp432e4.aem4f : UARTMSP432E4.oem4f (.text:readIsrBinaryBlocking)
                  00005508    00000064                            : PowerMSP432E4.oem4f (.text:Power_init)
                  0000556c    00000064     rtsv7M4_T_le_v4SPD16_eabi.lib : s_frexp.c.obj (.text:frexp)
                  000055d0    00000064     main.obj (.text:main)
                  00005634    00000064     drivers_msp432e4.aem4f : UARTMSP432E4.oem4f (.text:readIsrBinaryCallback)
                  00005698    00000064     sysbios.aem4f : BIOS.obj (.text:ti_sysbios_family_arm_lm4_Timer_Module_startup__E)
                  000056fc    00000004     release_pem4f.oem4f (.text:ti_sysbios_knl_Clock_TimerProxy_getMaxTicks__E)
                  00005700    00000064     sysbios.aem4f : BIOS.obj (.text:ti_sysbios_family_arm_m3_Hwi_dispatchC__I)
                  00005764    00000004     release_pem4f.oem4f (.text:ti_sysbios_knl_Clock_delete)
                  00005768    00000060     sysbios.aem4f : BIOS.obj (.text:ti_sysbios_knl_Semaphore_post__E)
                  000057c8    00000060                   : BIOS.obj (.text:ti_sysbios_knl_Swi_run__I)
                  00005828    0000005c     msp432e4_driverlib.a : gpio.o (.text:GPIODirModeSet)
                  00005884    0000005c     drivers_msp432e4.aem4f : UARTMSP432E4.oem4f (.text:getPowerResourceId)
                  000058e0    0000005c     sysbios.aem4f : BIOS.obj (.text:ti_sysbios_knl_Swi_schedule__I)
                  0000593c    00000004     release_pem4f.oem4f (.text:ti_sysbios_knl_Semaphore_delete)
                  00005940    0000005c     sysbios.aem4f : BIOS.obj (.text:ti_sysbios_knl_Task_startCore__E)
                  0000599c    00000004     release_pem4f.oem4f (.text:ti_sysbios_knl_Task_delete)
                  000059a0    0000005c     sysbios.aem4f : BIOS.obj (.text:xdc_runtime_Startup_exec__E)
                  000059fc    00000058     drivers_msp432e4.aem4f : GPIOMSP432E4.oem4f (.text:GPIO_setCallback)
                  00005a54    00000058     boot.aem4f : boot.oem4f (.text)
                  00005aac    00000058     sysbios.aem4f : m3_Hwi_asm_switch.obj (.text:ti_sysbios_family_arm_m3_Hwi_initStacks__E)
                  00005b04    00000056     rtsv7M4_T_le_v4SPD16_eabi.lib : _printfi.c.obj (.text:_pconv_f)
                  00005b5a    00000056     library.obj (.text:startsWith)
                  00005bb0    00000054     drivers_msp432e4.aem4f : GPIOMSP432E4.oem4f (.text:GPIO_write)
                  00005c04    00000054     rtsv7M4_T_le_v4SPD16_eabi.lib : _ltoa.c.obj (.text:__TI_ltoa)
                  00005c58    00000054     library.obj (.text:removeSpaces)
                  00005cac    00000004     release_pem4f.oem4f (.text:xdc_runtime_System_Module_GateProxy_enter__E)
                  00005cb0    00000054     sysbios.aem4f : BIOS.obj (.text:ti_sysbios_family_arm_lm4_Timer_initDevice__I)
                  00005d04    00000054     release_pem4f.oem4f (.text:ti_sysbios_family_arm_m3_Hwi_create)
                  00005d58    00000052     rtsv7M4_T_le_v4SPD16_eabi.lib : _printfi.c.obj (.text:_ecpy)
                  00005daa    00000002     --HOLE-- [fill = 0]
                  00005dac    00000050     drivers_msp432e4.aem4f : GPIOMSP432E4.oem4f (.text:GPIO_toggle)
                  00005dfc    00000050                            : UARTMSP432E4.oem4f (.text:UARTMSP432E4_hwiIntFxn)
                  00005e4c    00000004     release_pem4f.oem4f (.text:xdc_runtime_System_Module_GateProxy_leave__E)
                  00005e50    00000050     sysbios.aem4f : BIOS.obj (.text:ti_sysbios_family_arm_m3_Hwi_Module_startup__E)
                  00005ea0    00000050                   : BIOS.obj (.text:ti_sysbios_knl_Clock_Instance_init__E)
                  00005ef0    00000050     release_pem4f.oem4f (.text:ti_sysbios_knl_Task_create)
                  00005f40    0000004c     drivers_msp432e4.aem4f : UARTMSP432E4.oem4f (.text:UARTMSP432E4_writePolling)
                  00005f8c    0000004c     rtsv7M4_T_le_v4SPD16_eabi.lib : atoi.c.obj (.text:atoi)
                  00005fd8    0000004c                                   : cpy_tbl.c.obj (.text:copy_in)
                  00006024    0000004c     drivers_msp432e4.aem4f : UARTMSP432E4.oem4f (.text:ringBufGet)
                  00006070    0000004c     sysbios.aem4f : BIOS.obj (.text:ti_sysbios_heaps_HeapMem_getStats__E)
                  000060bc    00000004     --HOLE-- [fill = 0]
                  000060c0    0000004c                   : BIOS.obj (.text:ti_sysbios_knl_Swi_runLoop__I)
                  0000610c    00000004     --HOLE-- [fill = 0]
                  00006110    0000004c                   : BIOS.obj (.text:ti_sysbios_knl_Task_allBlockedFunction__I)
                  0000615c    00000004     --HOLE-- [fill = 0]
                  00006160    0000004c                   : BIOS.obj (.text:ti_sysbios_knl_Task_schedule__I)
                  000061ac    00000048     drivers_msp432e4.aem4f : UARTMSP432E4.oem4f (.text:UARTMSP432E4_writeCancel)
                  000061f4    00000048     library.obj (.text:readGPIOprint)
                  0000623c    00000048     rtsv7M4_T_le_v4SPD16_eabi.lib : fd_toi_t2.asm.obj (.text)
                  00006284    00000004     --HOLE-- [fill = 0]
                  00006288    00000048     sysbios.aem4f : BIOS.obj (.text:ti_sysbios_family_arm_lm4_Timer_enableTimers__I)
                  000062d0    00000048                   : BIOS.obj (.text:ti_sysbios_family_arm_m3_Hwi_disableInterrupt__E)
                  00006318    00000048                   : BIOS.obj (.text:ti_sysbios_family_arm_m3_Hwi_enableInterrupt__E)
                  00006360    00000048                   : BIOS.obj (.text:ti_sysbios_knl_Mailbox_Module_startup__E)
                  000063a8    00000048                   : BIOS.obj (.text:ti_sysbios_knl_Task_deleteTerminatedTasksFunc__I)
                  000063f0    00000048                   : BIOS.obj (.text:xdc_runtime_Core_assignParams__I)
                  00006438    00000046     drivers_msp432e4.aem4f : RingBuf.oem4f (.text:RingBuf_put)
                  0000647e    00000002     --HOLE-- [fill = 0]
                  00006480    00000044     msp432e4_driverlib.a : gpio.o (.text:GPIOPinConfigure)
                  000064c4    00000044                          : sysctl.o (.text:SysCtlPeripheralPresent)
                  00006508    00000044                          : sysctl.o (.text:SysCtlPeripheralReady)
                  0000654c    00000044     drivers_msp432e4.aem4f : UART.oem4f (.text:UART_init)
                  00006590    00000044     sysbios.aem4f : BIOS.obj (.text:ti_sysbios_family_arm_lm4_Timer_isrStub__E)
                  000065d4    00000004     --HOLE-- [fill = 0]
                  000065d8    00000044                   : BIOS.obj (.text:ti_sysbios_family_arm_m3_Hwi_getStackInfo__E)
                  0000661c    00000004     --HOLE-- [fill = 0]
                  00006620    00000044                   : BIOS.obj (.text:ti_sysbios_knl_Mailbox_postInit__I)
                  00006664    00000004     --HOLE-- [fill = 0]
                  00006668    00000044                   : BIOS.obj (.text:ti_sysbios_knl_Swi_post__E)
                  000066ac    00000004     --HOLE-- [fill = 0]
                  000066b0    00000044                   : BIOS.obj (.text:xdc_runtime_System_atexit__E)
                  000066f4    00000040     dpl_msp432e4.aem4f : ClockP_tirtos.oem4f (.text:ClockP_create)
                  00006734    00000040                        : HwiP_tirtos.oem4f (.text:HwiP_create)
                  00006774    00000040     drivers_msp432e4.aem4f : RingBuf.oem4f (.text:RingBuf_get)
                  000067b4    00000040     msp432e4_driverlib.a : sysctl.o (.text:SysCtlPeripheralDisable)
                  000067f4    00000040                          : sysctl.o (.text:SysCtlPeripheralEnable)
                  00006834    00000040                          : sysctl.o (.text:SysCtlPeripheralPowerOff)
                  00006874    00000040                          : sysctl.o (.text:SysCtlPeripheralPowerOn)
                  000068b4    00000040                          : sysctl.o (.text:SysCtlPeripheralSleepDisable)
                  000068f4    00000040                          : sysctl.o (.text:SysCtlPeripheralSleepEnable)
                  00006934    00000040     drivers_msp432e4.aem4f : UARTMSP432E4.oem4f (.text:UARTMSP432E4_read)
                  00006974    00000040                            : UART.oem4f (.text:UART_open)
                  000069b4    00000040     rtsv7M4_T_le_v4SPD16_eabi.lib : sprintf.c.obj (.text:sprintf)
                  000069f4    00000004     --HOLE-- [fill = 0]
                  000069f8    00000040     sysbios.aem4f : BIOS.obj (.text:ti_sysbios_family_arm_lm4_Timer_startup__E)
                  00006a38    00000040                   : BIOS.obj (.text:ti_sysbios_heaps_HeapMem_Instance_init__E)
                  00006a78    0000003e     rtsv7M4_T_le_v4SPD16_eabi.lib : _printfi.c.obj (.text:_fcpy)
                  00006ab6    00000002     --HOLE-- [fill = 0]
                  00006ab8    0000003c     sysbios.aem4f : BIOS.obj (.text:ti_sysbios_family_arm_m3_Hwi_Instance_finalize__E)
                  00006af4    0000003c     release_pem4f.oem4f (.text:ti_sysbios_knl_Clock_create)
                  00006b30    0000003c     sysbios.aem4f : BIOS.obj (.text:ti_sysbios_knl_Swi_restore__E)
                  00006b6c    00000004     --HOLE-- [fill = 0]
                  00006b70    0000003c                   : BIOS.obj (.text:xdc_runtime_System_processAtExit__E)
                  00006bac    00000004     --HOLE-- [fill = 0]
                  00006bb0    00000038                   : BIOS.obj (.text:ti_sysbios_knl_Task_processVitalTaskFlag__I)
                  00006be8    00000036     drivers_msp432e4.aem4f : UARTMSP432E4.oem4f (.text:UARTMSP432E4_readCancel)
                  00006c1e    00000036     rtsv7M4_T_le_v4SPD16_eabi.lib : strncpy.c.obj (.text:strncpy)
                  00006c54    00000004     --HOLE-- [fill = 0]
                  00006c58    00000034     sysbios.aem4f : BIOS.obj (.text:_pthread_delete$43)
                  00006c8c    00000034     release_pem4f.oem4f (.text:ti_sysbios_knl_Semaphore_create)
                  00006cc0    00000032     sysbios.aem4f : BIOS.obj (.text:ti_sysbios_hal_Hwi_initStack)
                  00006cf2    00000002     --HOLE-- [fill = 0]
                  00006cf4    00000030     ti_drivers_config.obj (.text:Board_init)
                  00006d24    00000030     drivers_msp432e4.aem4f : GPIOMSP432E4.oem4f (.text:GPIOMSP432E4_undoPinConfig)
                  00006d54    00000030                            : GPIOMSP432E4.oem4f (.text:GPIO_read)
                  00006d84    00000030     msp432e4_driverlib.a : uart.o (.text:UARTDisable)
                  00006db4    00000030     release_pem4f.oem4f (.text:ti_sysbios_BIOS_atExitFunc__I)
                  00006de4    00000030     release_pem4f.oem4f (.text:ti_sysbios_BIOS_startFunc__I)
                  00006e14    00000004     --HOLE-- [fill = 0]
                  00006e18    00000030     sysbios.aem4f : BIOS.obj (.text:ti_sysbios_family_arm_lm4_Timer_stop__E)
                  00006e48    00000030                   : BIOS.obj (.text:ti_sysbios_family_arm_m3_TaskSupport_start__E)
                  00006e78    00000030     release_pem4f.oem4f (.text:ti_sysbios_gates_GateHwi_Object__create__S)
                  00006ea8    00000030     release_pem4f.oem4f (.text:ti_sysbios_gates_GateMutex_Object__create__S)
                  00006ed8    00000030     sysbios.aem4f : BIOS.obj (.text:ti_sysbios_gates_GateMutex_enter__E)
                  00006f08    00000030     release_pem4f.oem4f (.text:ti_sysbios_heaps_HeapMem_Object__create__S)
                  00006f38    00000030     release_pem4f.oem4f (.text:ti_sysbios_knl_Semaphore_construct)
                  00006f68    00000030     sysbios.aem4f : BIOS.obj (.text:ti_sysbios_knl_Semaphore_pendTimeout__I)
                  00006f98    00000030                   : BIOS.obj (.text:ti_sysbios_knl_Task_restore__E)
                  00006fc8    00000030                   : BIOS.obj (.text:ti_sysbios_knl_Task_unblockI__E)
                  00006ff8    0000002e     rtsv7M4_T_le_v4SPD16_eabi.lib : i_tofd_t2.asm.obj (.text)
                  00007026    00000002     --HOLE-- [fill = 0]
                  00007028    0000002c     dpl_msp432e4.aem4f : SemaphoreP_tirtos.oem4f (.text:SemaphoreP_createBinary)
                  00007054    0000002c     msp432e4_driverlib.a : sysctl.o (.text:SysCtlPeripheralClockGating)
                  00007080    0000002c     sysbios.aem4f : BIOS.obj (.text:_pthread_cleanupFxn)
                  000070ac    0000002c     release_pem4f.oem4f (.text:ti_sysbios_gates_GateHwi_Handle__label__S)
                  000070d8    0000002c     release_pem4f.oem4f (.text:ti_sysbios_gates_GateMutex_Handle__label__S)
                  00007104    0000002c     release_pem4f.oem4f (.text:ti_sysbios_heaps_HeapMem_Handle__label__S)
                  00007130    0000002c     release_pem4f.oem4f (.text:ti_sysbios_knl_Clock_doTick__I)
                  0000715c    0000002c     release_pem4f.oem4f (.text:ti_sysbios_knl_Queue_construct)
                  00007188    00000028     sysbios.aem4f : m3_Hwi_asm.obj (.text:ti_sysbios_family_arm_m3_Hwi_excHandlerAsm__I)
                  000071b0    00000028                   : BIOS.obj (.text:ti_sysbios_knl_Clock_addI__E)
                  000071d8    00000028                   : BIOS.obj (.text:ti_sysbios_knl_Swi_Module_startup__E)
                  00007200    00000026                   : m3_Hwi_asm.obj (.text:ti_sysbios_family_arm_m3_Hwi_pendSV__I)
                  00007226    00000024     msp432e4_driverlib.a : gpio.o (.text:GPIOPinTypeUART)
                  0000724a    00000024                          : uart.o (.text:UARTCharPutNonBlocking)
                  0000726e    00000024                          : uart.o (.text:UARTEnable)
                  00007292    00000024     library.obj (.text:gpioBase)
                  000072b6    00000002     --HOLE-- [fill = 0]
                  000072b8    00000024     sysbios.aem4f : BIOS.obj (.text:pthread_attr_init)
                  000072dc    00000024     release_pem4f.oem4f (.text:ti_sysbios_BIOS_registerRTSLock__I)
                  00007300    00000024     release_pem4f.oem4f (.text:ti_sysbios_BIOS_removeRTSLock__I)
                  00007324    00000024     release_pem4f.oem4f (.text:ti_sysbios_gates_GateMutex_Object__delete__S)
                  00007348    00000024     sysbios.aem4f : BIOS.obj (.text:ti_sysbios_knl_Clock_Module_startup__E)
                  0000736c    00000024     release_pem4f.oem4f (.text:ti_sysbios_knl_Clock_Object__delete__S)
                  00007390    00000024     sysbios.aem4f : BIOS.obj (.text:ti_sysbios_knl_Clock_start__E)
                  000073b4    00000004     --HOLE-- [fill = 0]
                  000073b8    00000024                   : BIOS.obj (.text:ti_sysbios_knl_Semaphore_Instance_init__E)
                  000073dc    00000024     release_pem4f.oem4f (.text:ti_sysbios_knl_Semaphore_Object__delete__S)
                  00007400    00000024     sysbios.aem4f : BIOS.obj (.text:ti_sysbios_knl_Task_restoreHwi__E)
                  00007424    00000004     --HOLE-- [fill = 0]
                  00007428    00000024                   : BIOS.obj (.text:xdc_runtime_Error_policyMin__E)
                  0000744c    00000022     msp432e4_driverlib.a : gpio.o (.text:GPIOIntStatus)
                  0000746e    00000002     --HOLE-- [fill = 0]
                  00007470    00000022     sysbios.aem4f : BIOS.obj (.text:ti_sysbios_family_arm_lm4_Timer_write__I)
                  00007492    00000020     msp432e4_driverlib.a : gpio.o (.text:GPIOPinWrite)
                  000074b2    00000020     drivers_msp432e4.aem4f : RingBuf.oem4f (.text:RingBuf_peek)
                  000074d2    00000020                            : GPIOMSP432E4.oem4f (.text:getGpioIntIndex)
                  000074f2    00000002     --HOLE-- [fill = 0]
                  000074f4    00000020     release_pem4f.oem4f (.text:ti_sysbios_BIOS_rtsLock__I)
                  00007514    00000020     release_pem4f.oem4f (.text:ti_sysbios_family_arm_m3_Hwi_Object__delete__S)
                  00007534    00000020     release_pem4f.oem4f (.text:ti_sysbios_gates_GateHwi_Object__delete__S)
                  00007554    00000020     release_pem4f.oem4f (.text:ti_sysbios_heaps_HeapMem_Object__delete__S)
                  00007574    00000004     --HOLE-- [fill = 0]
                  00007578    00000020     sysbios.aem4f : BIOS.obj (.text:ti_sysbios_knl_Idle_run__E)
                  00007598    00000020     release_pem4f.oem4f (.text:ti_sysbios_knl_Semaphore_destruct)
                  000075b8    00000020     release_pem4f.oem4f (.text:ti_sysbios_knl_Task_Object__delete__S)
                  000075d8    0000001e     msp432e4_driverlib.a : uart.o (.text:UARTBusy)
                  000075f6    0000001e                          : uart.o (.text:UARTCharPut)
                  00007614    0000001e                          : uart.o (.text:UARTCharsAvail)
                  00007632    0000001e                          : uart.o (.text:UARTIntStatus)
                  00007650    0000001e     sysbios.aem4f : m3_Hwi_asm_switch.obj (.text:ti_sysbios_family_xxx_Hwi_switchAndRunFunc)
                  0000766e    0000001c     msp432e4_driverlib.a : uart.o (.text:UARTCharGetNonBlocking)
                  0000768a    0000001c                          : uart.o (.text:UARTFlowControlSet)
                  000076a6    0000001c                          : uart.o (.text:UARTTxIntModeSet)
                  000076c2    0000001c     rtsv7M4_T_le_v4SPD16_eabi.lib : memccpy.c.obj (.text:memccpy)
                  000076de    00000002     --HOLE-- [fill = 0]
                  000076e0    0000001c     sysbios.aem4f : BIOS.obj (.text:ti_sysbios_family_arm_m3_Hwi_excHandler__I)
                  000076fc    00000004     --HOLE-- [fill = 0]
                  00007700    0000001c                   : BIOS.obj (.text:ti_sysbios_gates_GateMutex_Instance_init__E)
                  0000771c    00000004     --HOLE-- [fill = 0]
                  00007720    0000001c                   : BIOS.obj (.text:ti_sysbios_knl_Clock_Instance_finalize__E)
                  0000773c    0000001c     release_pem4f.oem4f (.text:ti_sysbios_knl_Queue_destruct)
                  00007758    0000001c     sysbios.aem4f : BIOS.obj (.text:ti_sysbios_knl_Queue_put__E)
                  00007774    00000004     --HOLE-- [fill = 0]
                  00007778    0000001c                   : BIOS.obj (.text:ti_sysbios_knl_Task_enter__I)
                  00007794    00000004     --HOLE-- [fill = 0]
                  00007798    0000001c                   : BIOS.obj (.text:ti_sysbios_rts_ti_ReentSupport_getReent__F)
                  000077b4    0000001a     rtsv7M4_T_le_v4SPD16_eabi.lib : s_copysign.c.obj (.text:copysign)
                  000077ce    00000018     msp432e4_driverlib.a : gpio.o (.text:GPIOPinRead)
                  000077e6    00000002     --HOLE-- [fill = 0]
                  000077e8    00000018     drivers_msp432e4.aem4f : PowerMSP432E4.oem4f (.text:Power_idleFunc)
                  00007800    00000018     msp432e4_driverlib.a : uart.o (.text:UARTFIFOLevelSet)
                  00007818    00000018                          : uart.o (.text:UARTIntDisable)
                  00007830    00000018                          : uart.o (.text:UARTIntEnable)
                  00007848    00000018     drivers_msp432e4.aem4f : UART.oem4f (.text:UART_Params_init)
                  00007860    00000018     rtsv7M4_T_le_v4SPD16_eabi.lib : args_main.c.obj (.text:_args_main)
                  00007878    00000018                                   : sprintf.c.obj (.text:_outs)
                  00007890    00000018                                   : strcmp.c.obj (.text:strcmp)
                  000078a8    00000018     release_pem4f.oem4f (.text:ti_sysbios_BIOS_rtsUnlock__I)
                  000078c0    00000018     release_pem4f.oem4f (.text:ti_sysbios_family_arm_lm4_Timer_Module__startupDone__F)
                  000078d8    00000018     release_pem4f.oem4f (.text:ti_sysbios_family_arm_m3_Hwi_Module__startupDone__F)
                  000078f0    00000018     sysbios.aem4f : m3_TaskSupport_asm.obj (.text:ti_sysbios_family_arm_m3_TaskSupport_swap__E)
                  00007908    00000018                   : BIOS.obj (.text:ti_sysbios_gates_GateMutex_leave__E)
                  00007920    00000018     release_pem4f.oem4f (.text:ti_sysbios_rts_ti_ReentSupport_getTlsAddr__I)
                  00007938    00000018     sysbios.aem4f : BIOS.obj (.text:xdc_runtime_Error_init__E)
                  00007950    00000018                   : BIOS.obj (.text:xdc_runtime_System_exit__E)
                  00007968    00000016     msp432e4_driverlib.a : uart.o (.text:UARTCharGet)
                  0000797e    00000016     rtsv7M4_T_le_v4SPD16_eabi.lib : strchr.c.obj (.text:strchr)
                  00007994    00000016     release_pem4f.oem4f (.text:ti_sysbios_BIOS_exitFunc__I)
                  000079aa    00000014     msp432e4_driverlib.a : gpio.o (.text:GPIOIntClear)
                  000079be    00000002     --HOLE-- [fill = 0]
                  000079c0    00000014     drivers_msp432e4.aem4f : GPIOMSP432E4.oem4f (.text:GPIOMSP432E4_getGpioBaseAddr)
                  000079d4    00000014                            : GPIOMSP432E4.oem4f (.text:GPIOMSP432E4_getPowerResourceId)
                  000079e8    00000014     sysbios.aem4f : BIOS.obj (.text:pthread_attr_setschedparam)
                  000079fc    00000014     rtsv7M4_T_le_v4SPD16_eabi.lib : strlen.c.obj (.text:strlen)
                  00007a10    00000014     release_pem4f.oem4f (.text:ti_sysbios_family_arm_m3_Hwi_Object__get__S)
                  00007a24    00000004     --HOLE-- [fill = 0]
                  00007a28    00000014     sysbios.aem4f : BIOS.obj (.text:ti_sysbios_family_arm_m3_Hwi_switchFromBootStack__E)
                  00007a3c    00000014     release_pem4f.oem4f (.text:ti_sysbios_heaps_HeapMem_Object__get__S)
                  00007a50    00000014     release_pem4f.oem4f (.text:ti_sysbios_knl_Swi_Object__get__S)
                  00007a64    00000014     release_pem4f.oem4f (.text:ti_sysbios_knl_Task_Object__first__S)
                  00007a78    00000014     release_pem4f.oem4f (.text:ti_sysbios_knl_Task_Object__next__S)
                  00007a8c    00000012     drivers_msp432e4.aem4f : RingBuf.oem4f (.text:RingBuf_construct)
                  00007a9e    00000012     dpl_msp432e4.aem4f : SemaphoreP_tirtos.oem4f (.text:SemaphoreP_pend)
                  00007ab0    00000012     msp432e4_driverlib.a : uart.o (.text:UARTIntClear)
                  00007ac2    00000012                          : uart.o (.text:UARTRxErrorGet)
                  00007ad4    00000004     --HOLE-- [fill = 0]
                  00007ad8    00000012     sysbios.aem4f : BIOS.obj (.text:_pthread_runStub$43)
                  00007aea    00000006     --HOLE-- [fill = 0]
                  00007af0    00000012                   : BIOS.obj (.text:ti_sysbios_hal_Hwi_Module_startup__E)
                  00007b02    00000012     rtsv7M4_T_le_v4SPD16_eabi.lib : wcslen.c.obj (.text:wcslen)
                  00007b14    00000012     release_pem4f.oem4f (.text:xdc_runtime_Startup_exec__I)
                  00007b26    00000002     --HOLE-- [fill = 0]
                  00007b28    00000010     release_pem4f.oem4f (.text:.bootCodeSection:ti_sysbios_family_arm_msp432e4_init_Boot_init__I)
                  00007b38    00000010     dpl_msp432e4.aem4f : HwiP_tirtos.oem4f (.text:HwiP_Params_init)
                  00007b48    00000010                        : PowerMSP432E4_tirtos.oem4f (.text:PowerMSP432E4_sleepPolicy)
                  00007b58    00000010     msp432e4_driverlib.a : uart.o (.text:UARTRxErrorClear)
                  00007b68    00000010     drivers_msp432e4.aem4f : UARTMSP432E4.oem4f (.text:readBlockingTimeout)
                  00007b78    00000010     sysbios.aem4f : BIOS.obj (.text:ti_sysbios_BIOS_getCpuFreq__E)
                  00007b88    00000010                   : BIOS.obj (.text:ti_sysbios_BIOS_setThreadType__E)
                  00007b98    00000010                   : BIOS.obj (.text:ti_sysbios_BIOS_start__E)
                  00007ba8    00000010                   : m3_TaskSupport_asm.obj (.text:ti_sysbios_family_arm_m3_TaskSupport_glue)
                  00007bb8    00000010                   : BIOS.obj (.text:ti_sysbios_gates_GateMutex_Instance_finalize__E)
                  00007bc8    00000010     release_pem4f.oem4f (.text:ti_sysbios_knl_Mailbox_Object__get__S)
                  00007bd8    00000010     sysbios.aem4f : BIOS.obj (.text:ti_sysbios_knl_Semaphore_Instance_finalize__E)
                  00007be8    00000010                   : BIOS.obj (.text:ti_sysbios_knl_Swi_disable__E)
                  00007bf8    00000010     release_pem4f.oem4f (.text:ti_sysbios_knl_Task_Object__get__S)
                  00007c08    00000010     sysbios.aem4f : BIOS.obj (.text:ti_sysbios_knl_Task_disable__E)
                  00007c18    00000010                   : BIOS.obj (.text:xdc_runtime_Memory_free__E)
                  00007c28    00000010                   : BIOS.obj (.text:xdc_runtime_SysCallback_abort__E)
                  00007c38    00000010                   : BIOS.obj (.text:xdc_runtime_SysCallback_exit__E)
                  00007c48    0000000e     drivers_msp432e4.aem4f : RingBuf.oem4f (.text:RingBuf_isFull)
                  00007c56    0000000e     rtsv7M4_T_le_v4SPD16_eabi.lib : copy_decompress_none.c.obj (.text:decompress:none:__TI_decompress_none)
                  00007c64    00000004     --HOLE-- [fill = 0]
                  00007c68    0000000e     sysbios.aem4f : BIOS.obj (.text:pthread_attr_setdetachstate)
                  00007c76    00000002     --HOLE-- [fill = 0]
                  00007c78    0000000e                   : BIOS.obj (.text:ti_sysbios_knl_Idle_loop__E)
                  00007c86    00000002     --HOLE-- [fill = 0]
                  00007c88    0000000e                   : BIOS.obj (.text:ti_sysbios_knl_Queue_empty__E)
                  00007c96    0000000c     dpl_msp432e4.aem4f : ClockP_tirtos.oem4f (.text:ClockP_delete)
                  00007ca2    0000000c                        : HwiP_tirtos.oem4f (.text:HwiP_delete)
                  00007cae    0000000c                        : SemaphoreP_tirtos.oem4f (.text:SemaphoreP_delete)
                  00007cba    00000002     --HOLE-- [fill = 0]
                  00007cbc    0000000c     rtsv7M4_T_le_v4SPD16_eabi.lib : _lock.c.obj (.text:_register_lock)
                  00007cc8    0000000c                                   : _lock.c.obj (.text:_register_unlock)
                  00007cd4    0000000c                                   : copy_zero_init.c.obj (.text:decompress:ZI:__TI_zero_init)
                  00007ce0    0000000c     sysbios.aem4f : BIOS.obj (.text:ti_sysbios_family_arm_lm4_Timer_getMaxTicks__E)
                  00007cec    0000000c     release_pem4f.oem4f (.text:ti_sysbios_family_arm_m3_Hwi_Params__init__S)
                  00007cf8    0000000c     sysbios.aem4f : BIOS.obj (.text:ti_sysbios_family_arm_m3_Hwi_disableFxn__E)
                  00007d04    00000004     --HOLE-- [fill = 0]
                  00007d08    0000000c                   : BIOS.obj (.text:ti_sysbios_family_arm_m3_TaskSupport_getStackAlignment__E)
                  00007d14    00000004     --HOLE-- [fill = 0]
                  00007d18    0000000c                   : BIOS.obj (.text:ti_sysbios_gates_GateHwi_enter__E)
                  00007d24    0000000c     release_pem4f.oem4f (.text:ti_sysbios_knl_Clock_Params__init__S)
                  00007d30    0000000c     release_pem4f.oem4f (.text:ti_sysbios_knl_Queue_Object__get__S)
                  00007d3c    0000000c     release_pem4f.oem4f (.text:ti_sysbios_knl_Semaphore_Params__init__S)
                  00007d48    0000000c     release_pem4f.oem4f (.text:ti_sysbios_knl_Task_Params__init__S)
                  00007d54    00000004     --HOLE-- [fill = 0]
                  00007d58    0000000c     sysbios.aem4f : BIOS.obj (.text:ti_sysbios_knl_Task_self__E)
                  00007d64    00000004     --HOLE-- [fill = 0]
                  00007d68    0000000c                   : BIOS.obj (.text:ti_sysbios_rts_ti_ReentSupport_taskRegHook__I)
                  00007d74    00000004     --HOLE-- [fill = 0]
                  00007d78    0000000c                   : BIOS.obj (.text:xdc_runtime_Startup_rtsDone__E)
                  00007d84    0000000a     dpl_msp432e4.aem4f : ClockP_tirtos.oem4f (.text:ClockP_Params_init)
                  00007d8e    0000000a     main.obj (.text:NDK_hookInit)
                  00007d98    0000000a     drivers_msp432e4.aem4f : UART.oem4f (.text:UART_read)
                  00007da2    0000000a                            : UART.oem4f (.text:UART_write)
                  00007dac    0000000a     rtsv7M4_T_le_v4SPD16_eabi.lib : sprintf.c.obj (.text:_outc)
                  00007db6    0000000a     release_pem4f.oem4f (.text:xdc_runtime_IHeap_alloc)
                  00007dc0    0000000a     release_pem4f.oem4f (.text:xdc_runtime_IHeap_free)
                  00007dca    00000006     --HOLE-- [fill = 0]
                  00007dd0    00000008     sysbios.aem4f : BIOS.obj (.text:pthread_attr_setstacksize)
                  00007dd8    00000008     drivers_msp432e4.aem4f : UARTMSP432E4.oem4f (.text:readSemCallback)
                  00007de0    00000008     sysbios.aem4f : BIOS.obj (.text:ti_sysbios_family_arm_lm4_Timer_masterDisable__I)
                  00007de8    00000008                   : BIOS.obj (.text:ti_sysbios_family_arm_m3_Hwi_doSwiRestore__I)
                  00007df0    00000008                   : BIOS.obj (.text:ti_sysbios_family_arm_m3_Hwi_startup__E)
                  00007df8    00000008     drivers_msp432e4.aem4f : UARTMSP432E4.oem4f (.text:writeSemCallback)
                  00007e00    00000006     sysbios.aem4f : BIOS.obj (.text:ti_sysbios_family_arm_m3_Hwi_doTaskRestore__I)
                  00007e06    00000002     --HOLE-- [fill = 0]
                  00007e08    00000006                   : BIOS.obj (.text:ti_sysbios_family_arm_m3_Hwi_restoreFxn__E)
                  00007e0e    00000002     --HOLE-- [fill = 0]
                  00007e10    00000006                   : BIOS.obj (.text:ti_sysbios_gates_GateHwi_leave__E)
                  00007e16    00000002     --HOLE-- [fill = 0]
                  00007e18    00000006                   : BIOS.obj (.text:ti_sysbios_heaps_HeapMem_isBlocking__E)
                  00007e1e    00000002     --HOLE-- [fill = 0]
                  00007e20    00000006                   : BIOS.obj (.text:ti_sysbios_knl_Clock_stop__E)
                  00007e26    00000002     --HOLE-- [fill = 0]
                  00007e28    00000006                   : BIOS.obj (.text:ti_sysbios_knl_Queue_Instance_init__E)
                  00007e2e    00000002     --HOLE-- [fill = 0]
                  00007e30    00000006                   : BIOS.obj (.text:ti_sysbios_knl_Swi_startup__E)
                  00007e36    00000002     --HOLE-- [fill = 0]
                  00007e38    00000006                   : BIOS.obj (.text:xdc_runtime_System_Module_startup__E)
                  00007e3e    00000002     --HOLE-- [fill = 0]
                  00007e40    00000004                   : BIOS.obj (.text:__aeabi_errno_addr)
                  00007e44    00000004     --HOLE-- [fill = 0]
                  00007e48    00000004                   : BIOS.obj (.text:ti_sysbios_gates_GateHwi_query__E)
                  00007e4c    00000004     --HOLE-- [fill = 0]
                  00007e50    00000004                   : BIOS.obj (.text:ti_sysbios_gates_GateMutex_query__E)
                  00007e54    00000004     --HOLE-- [fill = 0]
                  00007e58    00000004                   : BIOS.obj (.text:ti_sysbios_knl_Clock_setTimeout__E)
                  00007e5c    00000004     --HOLE-- [fill = 0]
                  00007e60    00000004                   : BIOS.obj (.text:ti_sysbios_knl_Task_startup__E)
                  00007e64    00000004     --HOLE-- [fill = 0]
                  00007e68    00000002                   : BIOS.obj (.text:ti_sysbios_BIOS_linkedWithIncorrectBootLibrary__E)
                  00007e6a    00000006     --HOLE-- [fill = 0]
                  00007e70    00000002                   : BIOS.obj (.text:ti_sysbios_gates_GateHwi_Instance_init__E)
                  00007e72    00000006     --HOLE-- [fill = 0]
                  00007e78    00000002                   : BIOS.obj (.text:ti_sysbios_knl_Clock_logTick__E)
                  00007e7a    00000006     --HOLE-- [fill = 0]
                  00007e80    00000002                   : BIOS.obj (.text:xdc_runtime_SysCallback_defaultAbort)
                  00007e82    00000006     --HOLE-- [fill = 0]
                  00007e88    00000002                   : BIOS.obj (.text:xdc_runtime_SysCallback_defaultExit)
                  00007e8a    00000006     --HOLE-- [fill = 0]
                  00007e90    00000002                   : BIOS.obj (.text:xdc_runtime_System_abortSpin__E)
                  00007e92    00000006     --HOLE-- [fill = 0]
                  00007e98    00000002                   : BIOS.obj (.text:xdc_runtime_System_exitSpin__E)

.const     0    00007e9c    0000091e     
                  00007e9c    00000210     sysbios.aem4f : BIOS.obj (.const:$O2$$)
                  000080ac    00000101     rtsv7M4_T_le_v4SPD16_eabi.lib : ctype.c.obj (.const:.string:_ctypes_)
                  000081ad    00000003     drivers_msp432e4.aem4f : GPIOMSP432E4.oem4f (.const:.string:inPinTypes)
                  000081b0    00000048     msp432e4_driverlib.a : gpio.o (.const:g_pui32GPIOBaseAddrs)
                  000081f8    00000048     drivers_msp432e4.aem4f : GPIOMSP432E4.oem4f (.const:gpioBaseAddresses)
                  00008240    00000048                            : GPIOMSP432E4.oem4f (.const:powerMgrIds)
                  00008288    0000003c     release_pem4f.oem4f (.const:ti_sysbios_knl_Task_Object__PARAMS__C)
                  000082c4    00000030     release_pem4f.oem4f (.const:ti_sysbios_family_arm_m3_Hwi_Object__PARAMS__C)
                  000082f4    00000030     release_pem4f.oem4f (.const:ti_sysbios_knl_Task_hooks__A)
                  00008324    0000002c     ti_drivers_config.obj (.const:uartMSP432E4HWAttrs)
                  00008350    00000028     drivers_msp432e4.aem4f : UARTMSP432E4.oem4f (.const:UARTMSP432E4_fxnTable)
                  00008378    00000028     release_pem4f.oem4f (.const:ti_sysbios_heaps_HeapMem_Module__FXNS__C)
                  000083a0    00000024     drivers_msp432e4.aem4f : UART.oem4f (.const:UART_defaultParams)
                  000083c4    00000024     release_pem4f.oem4f (.const:ti_sysbios_gates_GateHwi_Module__FXNS__C)
                  000083e8    00000024     release_pem4f.oem4f (.const:ti_sysbios_gates_GateMutex_Module__FXNS__C)
                  0000840c    00000024     release_pem4f.oem4f (.const:ti_sysbios_heaps_HeapMem_Object__PARAMS__C)
                  00008430    00000024     release_pem4f.oem4f (.const:ti_sysbios_knl_Clock_Object__PARAMS__C)
                  00008454    00000024     release_pem4f.oem4f (.const:ti_sysbios_knl_Semaphore_Object__PARAMS__C)
                  00008478    00000020     drivers_msp432e4.aem4f : GPIOMSP432E4.oem4f (.const:.string:gpioInterruptVectors)
                  00008498    00000020                            : UARTMSP432E4.oem4f (.const:staticFxnTable)
                  000084b8    00000020     release_pem4f.oem4f (.const:ti_sysbios_family_arm_m3_Hwi_Object__DESC__C)
                  000084d8    00000020     release_pem4f.oem4f (.const:ti_sysbios_gates_GateHwi_Object__DESC__C)
                  000084f8    00000020     release_pem4f.oem4f (.const:ti_sysbios_gates_GateMutex_Object__DESC__C)
                  00008518    00000020     release_pem4f.oem4f (.const:ti_sysbios_heaps_HeapMem_Object__DESC__C)
                  00008538    00000020     release_pem4f.oem4f (.const:ti_sysbios_knl_Clock_Object__DESC__C)
                  00008558    00000020     release_pem4f.oem4f (.const:ti_sysbios_knl_Queue_Object__DESC__C)
                  00008578    00000020     release_pem4f.oem4f (.const:ti_sysbios_knl_Semaphore_Object__DESC__C)
                  00008598    00000020     release_pem4f.oem4f (.const:ti_sysbios_knl_Task_Object__DESC__C)
                  000085b8    00000020     release_pem4f.oem4f (.const:xdc_runtime_Startup_sfxnTab__A)
                  000085d8    00000018     release_pem4f.oem4f (.const:ti_sysbios_gates_GateHwi_Object__PARAMS__C)
                  000085f0    00000018     release_pem4f.oem4f (.const:ti_sysbios_gates_GateMutex_Object__PARAMS__C)
                  00008608    00000018     release_pem4f.oem4f (.const:ti_sysbios_knl_Queue_Object__PARAMS__C)
                  00008620    00000014     ti_drivers_config.obj (.const:GPIOMSP432E4_config)
                  00008634    00000014     drivers_msp432e4.aem4f : UARTMSP432E4.oem4f (.const:parityType)
                  00008648    00000010                            : UARTMSP432E4.oem4f (.const:dataLength)
                  00008658    00000010     release_pem4f.oem4f (.const:xdc_runtime_Startup_firstFxns__A)
                  00008668    00000010     release_pem4f.oem4f (.const:xdc_runtime_Startup_sfxnRts__A)
                  00008678    0000000d     mainThread.obj (.const:.string:$P$T0$1)
                  00008685    00000001     release_pem4f.oem4f (.const:xdc_runtime_Error_policy__C)
                  00008686    00000002     release_pem4f.oem4f (.const:ti_sysbios_family_arm_m3_Hwi_Module__id__C)
                  00008688    0000000c     ti_drivers_config.obj (.const:UART_config)
                  00008694    0000000c     release_pem4f.oem4f (.const:ti_sysbios_knl_Idle_funcList__A)
                  000086a0    0000000a     ti_drivers_config.obj (.const)
                  000086aa    00000002     release_pem4f.oem4f (.const:ti_sysbios_heaps_HeapMem_Module__id__C)
                  000086ac    00000008     ti_drivers_config.obj (.const:PowerMSP432E4_config)
                  000086b4    00000008     drivers_msp432e4.aem4f : UARTMSP432E4.oem4f (.const:stopBits)
                  000086bc    00000008     release_pem4f.oem4f (.const:ti_sysbios_knl_Idle_funcList__C)
                  000086c4    00000008     release_pem4f.oem4f (.const:ti_sysbios_knl_Task_hooks__C)
                  000086cc    00000008     release_pem4f.oem4f (.const:xdc_runtime_Startup_firstFxns__C)
                  000086d4    00000008     release_pem4f.oem4f (.const:xdc_runtime_Startup_lastFxns__C)
                  000086dc    00000007     drivers_msp432e4.aem4f : GPIOMSP432E4.oem4f (.const:.string:outPinStrengths)
                  000086e3    00000006                            : GPIOMSP432E4.oem4f (.const:.string:interruptType)
                  000086e9    00000004                            : GPIOMSP432E4.oem4f (.const:.string:outPinTypes)
                  000086ed    00000001     --HOLE-- [fill = 0]
                  000086ee    00000002     release_pem4f.oem4f (.const:ti_sysbios_knl_Task_Module__id__C)
                  000086f0    00000004     release_pem4f.oem4f (.const:ti_sysbios_family_arm_lm4_Timer_enableFunc__C)
                  000086f4    00000004     release_pem4f.oem4f (.const:ti_sysbios_family_arm_lm4_Timer_numTimerDevices__C)
                  000086f8    00000004     release_pem4f.oem4f (.const:ti_sysbios_family_arm_lm4_Timer_startupNeeded__C)
                  000086fc    00000004     release_pem4f.oem4f (.const:ti_sysbios_family_arm_m3_Hwi_E_alreadyDefined__C)
                  00008700    00000004     release_pem4f.oem4f (.const:ti_sysbios_family_arm_m3_Hwi_E_badIntNum__C)
                  00008704    00000004     release_pem4f.oem4f (.const:ti_sysbios_family_arm_m3_Hwi_NUM_INTERRUPTS__C)
                  00008708    00000004     release_pem4f.oem4f (.const:ti_sysbios_family_arm_m3_Hwi_Object__count__C)
                  0000870c    00000004     release_pem4f.oem4f (.const:ti_sysbios_family_arm_m3_Hwi_ccr__C)
                  00008710    00000004     release_pem4f.oem4f (.const:ti_sysbios_family_arm_m3_Hwi_excHandlerFunc__C)
                  00008714    00000004     release_pem4f.oem4f (.const:ti_sysbios_family_arm_m3_Hwi_nullIsrFunc__C)
                  00008718    00000004     release_pem4f.oem4f (.const:ti_sysbios_family_arm_m3_Hwi_priGroup__C)
                  0000871c    00000004     release_pem4f.oem4f (.const:ti_sysbios_family_arm_m3_TaskSupport_stackAlignment__C)
                  00008720    00000004     release_pem4f.oem4f (.const:ti_sysbios_gates_GateMutex_Instance_State_sem__O)
                  00008724    00000004     release_pem4f.oem4f (.const:ti_sysbios_heaps_HeapMem_E_memory__C)
                  00008728    00000004     release_pem4f.oem4f (.const:ti_sysbios_heaps_HeapMem_Module__gateObj__C)
                  0000872c    00000004     release_pem4f.oem4f (.const:ti_sysbios_heaps_HeapMem_Object__count__C)
                  00008730    00000004     release_pem4f.oem4f (.const:ti_sysbios_heaps_HeapMem_primaryHeapBaseAddr__C)
                  00008734    00000004     release_pem4f.oem4f (.const:ti_sysbios_heaps_HeapMem_primaryHeapEndAddr__C)
                  00008738    00000004     release_pem4f.oem4f (.const:ti_sysbios_heaps_HeapMem_reqAlign__C)
                  0000873c    00000004     release_pem4f.oem4f (.const:ti_sysbios_knl_Clock_Module_State_clockQ__O)
                  00008740    00000004     release_pem4f.oem4f (.const:ti_sysbios_knl_Mailbox_Instance_State_freeQue__O)
                  00008744    00000004     release_pem4f.oem4f (.const:ti_sysbios_knl_Mailbox_Object__count__C)
                  00008748    00000004     release_pem4f.oem4f (.const:ti_sysbios_knl_Mailbox_maxTypeAlign__C)
                  0000874c    00000004     release_pem4f.oem4f (.const:ti_sysbios_knl_Semaphore_Instance_State_pendQ__O)
                  00008750    00000004     release_pem4f.oem4f (.const:ti_sysbios_knl_Swi_Object__count__C)
                  00008754    00000004     release_pem4f.oem4f (.const:ti_sysbios_knl_Task_E_deleteNotAllowed__C)
                  00008758    00000004     release_pem4f.oem4f (.const:ti_sysbios_knl_Task_Module_State_inactiveQ__O)
                  0000875c    00000004     release_pem4f.oem4f (.const:ti_sysbios_knl_Task_Module_State_terminatedQ__O)
                  00008760    00000004     release_pem4f.oem4f (.const:ti_sysbios_knl_Task_Object__count__C)
                  00008764    00000004     release_pem4f.oem4f (.const:ti_sysbios_knl_Task_Object__heap__C)
                  00008768    00000004     release_pem4f.oem4f (.const:ti_sysbios_knl_Task_allBlockedFunc__C)
                  0000876c    00000004     release_pem4f.oem4f (.const:ti_sysbios_knl_Task_defaultStackHeap__C)
                  00008770    00000004     release_pem4f.oem4f (.const:ti_sysbios_knl_Task_defaultStackSize__C)
                  00008774    00000004     release_pem4f.oem4f (.const:ti_sysbios_knl_Task_numConstructedTasks__C)
                  00008778    00000004     release_pem4f.oem4f (.const:xdc_runtime_Error_E_memory__C)
                  0000877c    00000004     release_pem4f.oem4f (.const:xdc_runtime_Error_policyFxn__C)
                  00008780    00000004     release_pem4f.oem4f (.const:xdc_runtime_IGateProvider_Interface__BASE__C)
                  00008784    00000004     release_pem4f.oem4f (.const:xdc_runtime_IHeap_Interface__BASE__C)
                  00008788    00000004     release_pem4f.oem4f (.const:xdc_runtime_IModule_Interface__BASE__C)
                  0000878c    00000004     release_pem4f.oem4f (.const:xdc_runtime_Memory_defaultHeapInstance__C)
                  00008790    00000004     release_pem4f.oem4f (.const:xdc_runtime_Startup_execImpl__C)
                  00008794    00000004     release_pem4f.oem4f (.const:xdc_runtime_Startup_maxPasses__C)
                  00008798    00000004     release_pem4f.oem4f (.const:xdc_runtime_Startup_sfxnRts__C)
                  0000879c    00000004     release_pem4f.oem4f (.const:xdc_runtime_Startup_sfxnTab__C)
                  000087a0    00000004     release_pem4f.oem4f (.const:xdc_runtime_SysCallback_abortFxn__C)
                  000087a4    00000004     release_pem4f.oem4f (.const:xdc_runtime_SysCallback_exitFxn__C)
                  000087a8    00000004     release_pem4f.oem4f (.const:xdc_runtime_System_Module__gateObj__C)
                  000087ac    00000004     release_pem4f.oem4f (.const:xdc_runtime_System_abortFxn__C)
                  000087b0    00000004     release_pem4f.oem4f (.const:xdc_runtime_System_exitFxn__C)
                  000087b4    00000004     release_pem4f.oem4f (.const:xdc_runtime_System_maxAtexitHandlers__C)
                  000087b8    00000002     release_pem4f.oem4f (.const:xdc_runtime_Memory_Module__id__C)

.cinit     0    000087c0    000002f0     
                  000087c0    000002c7     (.cinit..data.load) [load image, compression = lzss]
                  00008a87    00000001     --HOLE-- [fill = 0]
                  00008a88    0000000c     (__TI_handler_table)
                  00008a94    00000004     --HOLE-- [fill = 0]
                  00008a98    00000008     (.cinit..bss.load) [load image, compression = zero_init]
                  00008aa0    00000010     (__TI_cinit_table)

.init_array 
*          0    00000000    00000000     UNINITIALIZED

.bss       0    20020360    00000c90     UNINITIALIZED
                  20020360    00000610     (.common:Glo)
                  20020970    00000360     (.common:ti_sysbios_family_arm_m3_Hwi_dispatchTable)
                  20020cd0    00000200     release_pem4f.oem4f (.bss:taskStackSection)
                  20020ed0    00000090     drivers_msp432e4.aem4f : GPIOMSP432E4.oem4f (.bss:gpioCallbackInfo)
                  20020f60    00000064     (.common:uartMSP432E4Objects)
                  20020fc4    00000020     ti_drivers_config.obj (.bss:uartMSP432E4RingBuffer0)
                  20020fe4    00000008     (.common:ti_sysbios_knl_Task_Instance_State_0_hookEnv__A)
                  20020fec    00000004     drivers_msp432e4.aem4f : GPIOMSP432E4.oem4f (.bss)

.data      0    20020ff0    0000066c     UNINITIALIZED
                  20020ff0    0000016c     drivers_msp432e4.aem4f : PowerMSP432E4.oem4f (.data:PowerMSP432E4_module)
                  2002115c    0000008c     sysbios.aem4f : BIOS.obj (.data:$O1$$)
                  200211e8    00000080     release_pem4f.oem4f (.data:ti_sysbios_knl_Swi_Module_State_0_readyQ__A)
                  20021268    00000080     release_pem4f.oem4f (.data:ti_sysbios_knl_Task_Module_State_0_readyQ__A)
                  200212e8    00000054     release_pem4f.oem4f (.data:ti_sysbios_gates_GateMutex_Object__table__V)
                  2002133c    0000004c     release_pem4f.oem4f (.data:ti_sysbios_knl_Task_Object__table__V)
                  20021388    00000044     release_pem4f.oem4f (.data:ti_sysbios_knl_Task_Module__state__V)
                  200213cc    00000040     release_pem4f.oem4f (.data:ti_sysbios_family_arm_lm4_Timer_Module_State_0_device__A)
                  2002140c    00000040     release_pem4f.oem4f (.data:ti_sysbios_family_arm_lm4_Timer_Object__table__V)
                  2002144c    00000034     release_pem4f.oem4f (.data:ti_sysbios_family_arm_m3_Hwi_Module__state__V)
                  20021480    00000030     release_pem4f.oem4f (.data:ti_sysbios_knl_Swi_Object__table__V)
                  200214b0    0000002c     release_pem4f.oem4f (.data:ti_sysbios_knl_Clock_Module__state__V)
                  200214dc    00000024     release_pem4f.oem4f (.data:ti_sysbios_BIOS_Module__state__V)
                  20021500    00000020     ti_drivers_config.obj (.data:gpioCallbackFunctions)
                  20021520    00000020     ti_drivers_config.obj (.data:gpioPinConfigs)
                  20021540    00000020     release_pem4f.oem4f (.data:ti_sysbios_family_arm_lm4_Timer_Module_State_0_handles__A)
                  20021560    00000020     release_pem4f.oem4f (.data:xdc_runtime_Error_IgnoreBlock)
                  20021580    0000001c     release_pem4f.oem4f (.data:ti_sysbios_knl_Swi_Module__state__V)
                  2002159c    00000018     release_pem4f.oem4f (.data:ti_sysbios_family_arm_m3_Hwi_Object__table__V)
                  200215b4    00000018     release_pem4f.oem4f (.data:ti_sysbios_heaps_HeapMem_Object__table__V)
                  200215cc    0000000c     release_pem4f.oem4f (.data:ti_sysbios_family_arm_lm4_Timer_Module__state__V)
                  200215d8    00000008     rtsv7M4_T_le_v4SPD16_eabi.lib : _lock.c.obj (.data:$O1$$)
                  200215e0    00000008     release_pem4f.oem4f (.data:ti_sysbios_family_arm_m3_Hwi_Module__root__V)
                  200215e8    00000008     release_pem4f.oem4f (.data:ti_sysbios_gates_GateHwi_Module__root__V)
                  200215f0    00000008     release_pem4f.oem4f (.data:ti_sysbios_gates_GateMutex_Module__root__V)
                  200215f8    00000008     release_pem4f.oem4f (.data:ti_sysbios_heaps_HeapMem_Module__root__V)
                  20021600    00000008     release_pem4f.oem4f (.data:ti_sysbios_knl_Clock_Module__root__V)
                  20021608    00000008     release_pem4f.oem4f (.data:ti_sysbios_knl_Queue_Module__root__V)
                  20021610    00000008     release_pem4f.oem4f (.data:ti_sysbios_knl_Semaphore_Module__root__V)
                  20021618    00000008     release_pem4f.oem4f (.data:ti_sysbios_knl_Task_Module__root__V)
                  20021620    00000008     release_pem4f.oem4f (.data:xdc_runtime_Startup_Module__state__V)
                  20021628    00000008     release_pem4f.oem4f (.data:xdc_runtime_System_Module_State_0_atexitHandlers__A)
                  20021630    00000008     release_pem4f.oem4f (.data:xdc_runtime_System_Module__state__V)
                  20021638    00000005     drivers_msp432e4.aem4f : GPIOMSP432E4.oem4f (.data)
                  2002163d    00000001                            : UART.oem4f (.data)
                  2002163e    00000002     release_pem4f.oem4f (.data:ti_sysbios_family_arm_m3_Hwi_Module_State_0_excActive__A)
                  20021640    00000004     rtsv7M4_T_le_v4SPD16_eabi.lib : stkdepth_vars.c.obj (.data)
                  20021644    00000004     release_pem4f.oem4f (.data:ti_sysbios_family_arm_m3_Hwi_Module_State_0_excContext__A)
                  20021648    00000004     release_pem4f.oem4f (.data:ti_sysbios_family_arm_m3_Hwi_Module_State_0_excStack__A)
                  2002164c    00000004     release_pem4f.oem4f (.data:ti_sysbios_gates_GateHwi_Object__table__V)
                  20021650    00000004     release_pem4f.oem4f (.data:ti_sysbios_knl_Task_Module_State_0_idleTask__A)
                  20021654    00000004     release_pem4f.oem4f (.data:ti_sysbios_rts_ti_ReentSupport_Module__state__V)
                  20021658    00000004     release_pem4f.oem4f (.data:xdc_runtime_Memory_Module__state__V)

.priheap   0    20000360    00020000     UNINITIALIZED
                  20000360    00020000     --HOLE--

.stack     0    2003fc00    00000400     UNINITIALIZED
                  2003fc00    00000400     --HOLE--

.bootVecs 
*          0    00000000    00000008     DSECT
                  00000000    00000008     boot.aem4f : boot.oem4f (.bootVecs)

.resetVecs 
*          0    00000000    0000003c     
                  00000000    0000003c     release_pem4f.oem4f (.resetVecs)

.vecs      0    20000000    00000360     NOLOAD SECTION
                  20000000    00000360     release_pem4f.oem4f (.vecs)

xdc.meta   0    00000000    00000107     COPY SECTION
                  00000000    00000107     release_pem4f.oem4f (xdc.meta)

xdc.noload 
*          0    00000000    00000000     COPY SECTION

__llvm_prf_cnts 
*          0    20000000    00000000     UNINITIALIZED

.binit     0    00000000    00000000     

MODULE SUMMARY

       Module                       code    ro data   rw data
       ------                       ----    -------   -------
    .\
       library.obj                  4468    0         1552   
       mainThread.obj               628     13        0      
       main.obj                     110     0         0      
    +--+----------------------------+-------+---------+---------+
       Total:                       5206    13        1552   
                                                             
    .\syscfg\
       ti_drivers_config.obj        50      94        196    
    +--+----------------------------+-------+---------+---------+
       Total:                       50      94        196    
                                                             
    C:\Users\sfous\EmbeddedSystemsProject\tirtos_builds_MSP_EXP432E401Y_release_ccs\Debug\configPkg\package\cfg\
       release_pem4f.oem4f          1598    1081      3306   
    +--+----------------------------+-------+---------+---------+
       Total:                       1598    1081      3306   
                                                             
    C:/ti/simplelink_msp432e4_sdk_4_20_00_12/kernel/tirtos/packages/ti/dpl/lib/dpl_msp432e4.aem4f
       ClockP_tirtos.oem4f          102     0         0      
       HwiP_tirtos.oem4f            96      0         0      
       SemaphoreP_tirtos.oem4f      78      0         0      
       PowerMSP432E4_tirtos.oem4f   16      0         0      
    +--+----------------------------+-------+---------+---------+
       Total:                       292     0         0      
                                                             
    C:/ti/simplelink_msp432e4_sdk_4_20_00_12/source/ti/devices/msp432e4/driverlib/lib/ccs/m4f/msp432e4_driverlib.a
       gpio.o                       1040    72        0      
       uart.o                       588     0         0      
       sysctl.o                     564     0         0      
    +--+----------------------------+-------+---------+---------+
       Total:                       2192    72        0      
                                                             
    C:/ti/simplelink_msp432e4_sdk_4_20_00_12/source/ti/drivers/lib/drivers_msp432e4.aem4f
       UARTMSP432E4.oem4f           2914    116       0      
       GPIOMSP432E4.oem4f           1084    196       153    
       PowerMSP432E4.oem4f          336     0         364    
       UART.oem4f                   176     36        1      
       RingBuf.oem4f                198     0         0      
    +--+----------------------------+-------+---------+---------+
       Total:                       4708    348       518    
                                                             
    C:\Users\sfous\EmbeddedSystemsProject\tirtos_builds_MSP_EXP432E401Y_release_ccs\src\sysbios\sysbios.aem4f
       BIOS.obj                     9146    528       140    
       m3_Hwi_asm.obj               318     0         0      
       m3_TaskSupport_asm.obj       180     0         0      
       m3_Hwi_asm_switch.obj        118     0         0      
    +--+----------------------------+-------+---------+---------+
       Total:                       9762    528       140    
                                                             
    C:\ti\ccs1240\ccs\tools\compiler\ti-cgt-arm_20.2.7.LTS\lib\rtsv7M4_T_le_v4SPD16_eabi.lib
       _printfi.c.obj               4851    0         0      
       fd_add_t2.asm.obj            438     0         0      
       fd_div_t2.asm.obj            310     0         0      
       strtol.c.obj                 304     0         0      
       s_scalbn.c.obj               272     0         0      
       fd_cmp_t2.asm.obj            268     0         0      
       ctype.c.obj                  0       257       0      
       fd_mul_t2.asm.obj            252     0         0      
       memcpy_t2.asm.obj            156     0         0      
       ull_div_t2.asm.obj           150     0         0      
       memset_t2.asm.obj            122     0         0      
       copy_decompress_lzss.c.obj   104     0         0      
       s_frexp.c.obj                100     0         0      
       sprintf.c.obj                98      0         0      
       _ltoa.c.obj                  84      0         0      
       atoi.c.obj                   76      0         0      
       cpy_tbl.c.obj                76      0         0      
       fd_toi_t2.asm.obj            72      0         0      
       strncpy.c.obj                54      0         0      
       i_tofd_t2.asm.obj            46      0         0      
       _lock.c.obj                  26      0         8      
       memccpy.c.obj                28      0         0      
       s_copysign.c.obj             26      0         0      
       args_main.c.obj              24      0         0      
       strcmp.c.obj                 24      0         0      
       strchr.c.obj                 22      0         0      
       strlen.c.obj                 20      0         0      
       wcslen.c.obj                 18      0         0      
       copy_decompress_none.c.obj   14      0         0      
       copy_zero_init.c.obj         12      0         0      
       stkdepth_vars.c.obj          0       0         4      
       div0.asm.obj                 2       0         0      
    +--+----------------------------+-------+---------+---------+
       Total:                       8049    257       12     
                                                             
    C:\ti\simplelink_msp432e4_sdk_4_20_00_12\kernel\tirtos\packages\ti\targets\arm\rtsarm\lib\auto_init.aem4f
       auto_init.oem4f              160     0         0      
    +--+----------------------------+-------+---------+---------+
       Total:                       160     0         0      
                                                             
    C:\ti\simplelink_msp432e4_sdk_4_20_00_12\kernel\tirtos\packages\ti\targets\arm\rtsarm\lib\boot.aem4f
       boot.oem4f                   88      0         0      
    +--+----------------------------+-------+---------+---------+
       Total:                       88      0         0      
                                                             
       Stack:                       0       0         1024   
       Linker Generated:            0       747       0      
    +--+----------------------------+-------+---------+---------+
       Grand Total:                 32105   3140      6748   


LINKER GENERATED COPY TABLES

__TI_cinit_table @ 00008aa0 records: 2, size/record: 8, table size: 16
	.data: load addr=000087c0, load size=000002c7 bytes, run addr=20020ff0, run size=0000066c bytes, compression=lzss
	.bss: load addr=00008a98, load size=00000008 bytes, run addr=20020360, run size=00000c90 bytes, compression=zero_init


LINKER GENERATED HANDLER TABLE

__TI_handler_table @ 00008a88 records: 3, size/record: 4, table size: 12
	index: 0, handler: __TI_decompress_lzss
	index: 1, handler: __TI_decompress_none
	index: 2, handler: __TI_zero_init


GLOBAL SYMBOLS: SORTED ALPHABETICALLY BY Name 

address   name                                                            
-------   ----                                                            
00006cf5  Board_init                                                      
00000a8f  Board_initHook                                                  
000086a0  CONFIG_GPIO_0_CONST                                             
000086a1  CONFIG_GPIO_1_CONST                                             
000086a2  CONFIG_GPIO_2_CONST                                             
000086a3  CONFIG_GPIO_3_CONST                                             
000086a4  CONFIG_GPIO_4_CONST                                             
000086a5  CONFIG_GPIO_5_CONST                                             
000086a6  CONFIG_GPIO_6_CONST                                             
000086a7  CONFIG_GPIO_7_CONST                                             
000086a8  CONFIG_UART_0_CONST                                             
00007d85  ClockP_Params_init                                              
000066f5  ClockP_create                                                   
00007c97  ClockP_delete                                                   
00003e55  ClockP_getCpuFreq                                               
00003f15  ClockP_setTimeout                                               
000041eb  ClockP_start                                                    
000045d3  ClockP_stop                                                     
00005829  GPIODirModeSet                                                  
000079ab  GPIOIntClear                                                    
0000744d  GPIOIntStatus                                                   
0000434d  GPIOIntTypeSet                                                  
00008620  GPIOMSP432E4_config                                             
000079c1  GPIOMSP432E4_getGpioBaseAddr                                    
000079d5  GPIOMSP432E4_getPowerResourceId                                 
00006d25  GPIOMSP432E4_undoPinConfig                                      
00001c89  GPIOPadConfigSet                                                
00006481  GPIOPinConfigure                                                
000077cf  GPIOPinRead                                                     
00007227  GPIOPinTypeUART                                                 
00007493  GPIOPinWrite                                                    
000052fd  GPIO_hwiIntFxn                                                  
000042a1  GPIO_init                                                       
00006d55  GPIO_read                                                       
000059fd  GPIO_setCallback                                                
0000260d  GPIO_setConfig                                                  
00005dad  GPIO_toggle                                                     
00005bb1  GPIO_write                                                      
20020360  Glo                                                             
00020000  HEAPSIZE                                                        
00007b39  HwiP_Params_init                                                
00006735  HwiP_create                                                     
00007ca3  HwiP_delete                                                     
000048d3  HwiP_disable                                                    
00007e09  HwiP_restore                                                    
00007d8f  NDK_hookInit                                                    
000086ac  PowerMSP432E4_config                                            
20020ff0  PowerMSP432E4_module                                            
00007b49  PowerMSP432E4_sleepPolicy                                       
000077e9  Power_idleFunc                                                  
00005509  Power_init                                                      
00005221  Power_releaseDependency                                         
00005365  Power_setDependency                                             
00007a8d  RingBuf_construct                                               
00006775  RingBuf_get                                                     
00007c49  RingBuf_isFull                                                  
000074b3  RingBuf_peek                                                    
00006439  RingBuf_put                                                     
UNDEFED   SHT$$INIT_ARRAY$$Base                                           
UNDEFED   SHT$$INIT_ARRAY$$Limit                                          
00007029  SemaphoreP_createBinary                                         
00007caf  SemaphoreP_delete                                               
00007a9f  SemaphoreP_pend                                                 
000049fd  SemaphoreP_post                                                 
00007055  SysCtlPeripheralClockGating                                     
000067b5  SysCtlPeripheralDisable                                         
000067f5  SysCtlPeripheralEnable                                          
00006835  SysCtlPeripheralPowerOff                                        
00006875  SysCtlPeripheralPowerOn                                         
000064c5  SysCtlPeripheralPresent                                         
00006509  SysCtlPeripheralReady                                           
000068b5  SysCtlPeripheralSleepDisable                                    
000068f5  SysCtlPeripheralSleepEnable                                     
000075d9  UARTBusy                                                        
00007969  UARTCharGet                                                     
0000766f  UARTCharGetNonBlocking                                          
000075f7  UARTCharPut                                                     
0000724b  UARTCharPutNonBlocking                                          
00007615  UARTCharsAvail                                                  
0000504f  UARTConfigSetExpClk                                             
00006d85  UARTDisable                                                     
0000726f  UARTEnable                                                      
00007801  UARTFIFOLevelSet                                                
0000768b  UARTFlowControlSet                                              
00007ab1  UARTIntClear                                                    
00007819  UARTIntDisable                                                  
00007831  UARTIntEnable                                                   
00007633  UARTIntStatus                                                   
00003cd9  UARTMSP432E4_close                                              
0000496d  UARTMSP432E4_control                                            
00008350  UARTMSP432E4_fxnTable                                           
00000fa7  UARTMSP432E4_init                                               
00000fa9  UARTMSP432E4_open                                               
00006935  UARTMSP432E4_read                                               
00006be9  UARTMSP432E4_readCancel                                         
00004535  UARTMSP432E4_readPolling                                        
00004711  UARTMSP432E4_write                                              
000061ad  UARTMSP432E4_writeCancel                                        
00005f41  UARTMSP432E4_writePolling                                       
00007b59  UARTRxErrorClear                                                
00007ac3  UARTRxErrorGet                                                  
000076a7  UARTTxIntModeSet                                                
00007849  UART_Params_init                                                
00008688  UART_config                                                     
000086a9  UART_count                                                      
000083a0  UART_defaultParams                                              
0000654d  UART_init                                                       
[...]
00007a11  ti_sysbios_family_arm_m3_Hwi_Object__get__S                     
00007a29  ti_sysbios_family_arm_m3_Hwi_switchFromBootStack__E             
00007a29  ti_sysbios_hal_Hwi_HwiProxy_switchFromBootStack__E              
00007a29  ti_sysbios_hal_Hwi_switchFromBootStack__E                       
00007a3d  ti_sysbios_heaps_HeapMem_Object__get__S                         
00007a51  ti_sysbios_knl_Swi_Object__get__S                               
00007a65  ti_sysbios_knl_Task_Object__first__S                            
00007a79  ti_sysbios_knl_Task_Object__next__S                             
00007a8d  RingBuf_construct                                               
00007a9f  SemaphoreP_pend                                                 
00007ab1  UARTIntClear                                                    
00007ac3  UARTRxErrorGet                                                  
00007af1  ti_sysbios_hal_Hwi_Module_startup__E                            
00007b03  wcslen                                                          
00007b15  xdc_runtime_Startup_exec__I                                     
00007b29  ti_sysbios_family_arm_msp432e4_init_Boot_init__I                
00007b29  xdc_runtime_Startup_reset__I                                    
00007b39  HwiP_Params_init                                                
00007b49  PowerMSP432E4_sleepPolicy                                       
00007b59  UARTRxErrorClear                                                
00007b79  ti_sysbios_BIOS_getCpuFreq__E                                   
00007b89  ti_sysbios_BIOS_setThreadType__E                                
00007b99  ti_sysbios_BIOS_start__E                                        
00007ba9  ti_sysbios_family_arm_m3_TaskSupport_glue                       
00007bb9  ti_sysbios_gates_GateMutex_Instance_finalize__E                 
00007bc9  ti_sysbios_knl_Mailbox_Object__get__S                           
00007bd9  ti_sysbios_knl_Semaphore_Instance_finalize__E                   
00007be9  ti_sysbios_knl_Swi_disable__E                                   
00007bf9  ti_sysbios_knl_Task_Object__get__S                              
00007c09  ti_sysbios_knl_Task_disable__E                                  
00007c19  xdc_runtime_Memory_free__E                                      
00007c29  xdc_runtime_SysCallback_abort__E                                
00007c29  xdc_runtime_System_SupportProxy_abort__E                        
00007c39  xdc_runtime_SysCallback_exit__E                                 
00007c39  xdc_runtime_System_SupportProxy_exit__E                         
00007c49  RingBuf_isFull                                                  
00007c57  __TI_decompress_none                                            
00007c69  pthread_attr_setdetachstate                                     
00007c79  ti_sysbios_knl_Idle_loop__E                                     
00007c89  ti_sysbios_knl_Queue_empty__E                                   
00007c97  ClockP_delete                                                   
00007ca3  HwiP_delete                                                     
00007caf  SemaphoreP_delete                                               
00007cbd  _register_lock                                                  
00007cc9  _register_unlock                                                
00007cd5  __TI_zero_init                                                  
00007ce1  ti_sysbios_family_arm_lm4_Timer_getMaxTicks__E                  
00007ced  ti_sysbios_family_arm_m3_Hwi_Params__init__S                    
00007ced  ti_sysbios_hal_Hwi_HwiProxy_Params__init__S                     
00007cf9  ti_sysbios_family_arm_m3_Hwi_disableFxn__E                      
00007cf9  ti_sysbios_hal_Hwi_HwiProxy_disable__E                          
00007d09  ti_sysbios_family_arm_m3_TaskSupport_getStackAlignment__E       
00007d09  ti_sysbios_knl_Task_SupportProxy_getStackAlignment__E           
00007d19  ti_sysbios_gates_GateHwi_enter__E                               
00007d25  ti_sysbios_knl_Clock_Params__init__S                            
00007d31  ti_sysbios_knl_Queue_Object__get__S                             
00007d3d  ti_sysbios_knl_Semaphore_Params__init__S                        
00007d49  ti_sysbios_knl_Task_Params__init__S                             
00007d59  ti_sysbios_knl_Task_self__E                                     
00007d69  ti_sysbios_rts_ti_ReentSupport_taskRegHook__I                   
00007d79  xdc_runtime_Startup_rtsDone__E                                  
00007d85  ClockP_Params_init                                              
00007d8f  NDK_hookInit                                                    
00007d99  UART_read                                                       
00007da3  UART_write                                                      
00007db7  xdc_runtime_Memory_HeapProxy_alloc__E                           
00007dc1  xdc_runtime_Memory_HeapProxy_free__E                            
00007dd1  pthread_attr_setstacksize                                       
00007de1  ti_sysbios_family_arm_lm4_Timer_masterDisable__I                
00007de9  ti_sysbios_family_arm_m3_Hwi_doSwiRestore__I                    
00007df1  ti_sysbios_family_arm_m3_Hwi_startup__E                         
00007df1  ti_sysbios_hal_Hwi_HwiProxy_startup__E                          
00007df1  ti_sysbios_hal_Hwi_startup__E                                   
00007e01  ti_sysbios_family_arm_m3_Hwi_doTaskRestore__I                   
00007e09  HwiP_restore                                                    
00007e09  ti_sysbios_family_arm_m3_Hwi_restoreFxn__E                      
00007e09  ti_sysbios_hal_Hwi_HwiProxy_restore__E                          
00007e11  ti_sysbios_gates_GateHwi_leave__E                               
00007e19  ti_sysbios_heaps_HeapMem_isBlocking__E                          
00007e21  ti_sysbios_knl_Clock_stop__E                                    
00007e29  ti_sysbios_knl_Queue_Instance_init__E                           
00007e31  ti_sysbios_knl_Swi_startup__E                                   
00007e39  xdc_runtime_System_Module_startup__E                            
00007e41  __aeabi_errno_addr                                              
00007e49  ti_sysbios_gates_GateHwi_query__E                               
00007e49  xdc_runtime_Main_Module_GateProxy_query__E                      
00007e49  xdc_runtime_System_Module_GateProxy_query__E                    
00007e51  ti_sysbios_BIOS_RtsGateProxy_query__E                           
00007e51  ti_sysbios_gates_GateMutex_query__E                             
00007e51  ti_sysbios_heaps_HeapMem_Module_GateProxy_query__E              
00007e59  ti_sysbios_knl_Clock_setTimeout__E                              
00007e61  ti_sysbios_knl_Task_startup__E                                  
00007e69  ti_sysbios_BIOS_linkedWithIncorrectBootLibrary__E               
00007e71  ti_sysbios_gates_GateHwi_Instance_init__E                       
00007e79  ti_sysbios_knl_Clock_logTick__E                                 
00007e81  xdc_runtime_SysCallback_defaultAbort                            
00007e89  xdc_runtime_SysCallback_defaultExit                             
00007e91  xdc_runtime_System_abortSpin__E                                 
00007e99  xdc_runtime_System_exitSpin__E                                  
000080ac  _ctypes_                                                        
00008288  ti_sysbios_knl_Task_Object__PARAMS__C                           
000082c4  ti_sysbios_family_arm_m3_Hwi_Object__PARAMS__C                  
000082f4  ti_sysbios_knl_Task_hooks__A                                    
00008350  UARTMSP432E4_fxnTable                                           
00008378  ti_sysbios_heaps_HeapMem_Module__FXNS__C                        
000083a0  UART_defaultParams                                              
000083c4  ti_sysbios_gates_GateHwi_Module__FXNS__C                        
000083e8  ti_sysbios_gates_GateMutex_Module__FXNS__C                      
0000840c  ti_sysbios_heaps_HeapMem_Object__PARAMS__C                      
00008430  ti_sysbios_knl_Clock_Object__PARAMS__C                          
00008454  ti_sysbios_knl_Semaphore_Object__PARAMS__C                      
000084b8  ti_sysbios_family_arm_m3_Hwi_Object__DESC__C                    
000084d8  ti_sysbios_gates_GateHwi_Object__DESC__C                        
000084f8  ti_sysbios_gates_GateMutex_Object__DESC__C                      
00008518  ti_sysbios_heaps_HeapMem_Object__DESC__C                        
00008538  ti_sysbios_knl_Clock_Object__DESC__C                            
00008558  ti_sysbios_knl_Queue_Object__DESC__C                            
00008578  ti_sysbios_knl_Semaphore_Object__DESC__C                        
00008598  ti_sysbios_knl_Task_Object__DESC__C                             
000085b8  xdc_runtime_Startup_sfxnTab__A                                  
000085d8  ti_sysbios_gates_GateHwi_Object__PARAMS__C                      
000085f0  ti_sysbios_gates_GateMutex_Object__PARAMS__C                    
00008608  ti_sysbios_knl_Queue_Object__PARAMS__C                          
00008620  GPIOMSP432E4_config                                             
00008658  xdc_runtime_Startup_firstFxns__A                                
00008668  xdc_runtime_Startup_sfxnRts__A                                  
00008685  xdc_runtime_Error_policy__C                                     
00008686  ti_sysbios_family_arm_m3_Hwi_Module__id__C                      
00008688  UART_config                                                     
00008694  ti_sysbios_knl_Idle_funcList__A                                 
000086a0  CONFIG_GPIO_0_CONST                                             
000086a1  CONFIG_GPIO_1_CONST                                             
000086a2  CONFIG_GPIO_2_CONST                                             
000086a3  CONFIG_GPIO_3_CONST                                             
000086a4  CONFIG_GPIO_4_CONST                                             
000086a5  CONFIG_GPIO_5_CONST                                             
000086a6  CONFIG_GPIO_6_CONST                                             
000086a7  CONFIG_GPIO_7_CONST                                             
000086a8  CONFIG_UART_0_CONST                                             
000086a9  UART_count                                                      
000086aa  ti_sysbios_heaps_HeapMem_Module__id__C                          
000086ac  PowerMSP432E4_config                                            
000086bc  ti_sysbios_knl_Idle_funcList__C                                 
000086c4  ti_sysbios_knl_Task_hooks__C                                    
000086cc  xdc_runtime_Startup_firstFxns__C                                
000086d4  xdc_runtime_Startup_lastFxns__C                                 
000086ee  ti_sysbios_knl_Task_Module__id__C                               
000086f0  ti_sysbios_family_arm_lm4_Timer_enableFunc__C                   
000086f4  ti_sysbios_family_arm_lm4_Timer_numTimerDevices__C              
000086f8  ti_sysbios_family_arm_lm4_Timer_startupNeeded__C                
000086fc  ti_sysbios_family_arm_m3_Hwi_E_alreadyDefined__C                
00008700  ti_sysbios_family_arm_m3_Hwi_E_badIntNum__C                     
00008704  ti_sysbios_family_arm_m3_Hwi_NUM_INTERRUPTS__C                  
00008708  ti_sysbios_family_arm_m3_Hwi_Object__count__C                   
0000870c  ti_sysbios_family_arm_m3_Hwi_ccr__C                             
00008710  ti_sysbios_family_arm_m3_Hwi_excHandlerFunc__C                  
00008714  ti_sysbios_family_arm_m3_Hwi_nullIsrFunc__C                     
00008718  ti_sysbios_family_arm_m3_Hwi_priGroup__C                        
0000871c  ti_sysbios_family_arm_m3_TaskSupport_stackAlignment__C          
00008720  ti_sysbios_gates_GateMutex_Instance_State_sem__O                
00008724  ti_sysbios_heaps_HeapMem_E_memory__C                            
00008728  ti_sysbios_heaps_HeapMem_Module__gateObj__C                     
0000872c  ti_sysbios_heaps_HeapMem_Object__count__C                       
00008730  ti_sysbios_heaps_HeapMem_primaryHeapBaseAddr__C                 
00008734  ti_sysbios_heaps_HeapMem_primaryHeapEndAddr__C                  
00008738  ti_sysbios_heaps_HeapMem_reqAlign__C                            
0000873c  ti_sysbios_knl_Clock_Module_State_clockQ__O                     
00008740  ti_sysbios_knl_Mailbox_Instance_State_freeQue__O                
00008744  ti_sysbios_knl_Mailbox_Object__count__C                         
00008748  ti_sysbios_knl_Mailbox_maxTypeAlign__C                          
0000874c  ti_sysbios_knl_Semaphore_Instance_State_pendQ__O                
00008750  ti_sysbios_knl_Swi_Object__count__C                             
00008754  ti_sysbios_knl_Task_E_deleteNotAllowed__C                       
00008758  ti_sysbios_knl_Task_Module_State_inactiveQ__O                   
0000875c  ti_sysbios_knl_Task_Module_State_terminatedQ__O                 
00008760  ti_sysbios_knl_Task_Object__count__C                            
00008764  ti_sysbios_knl_Task_Object__heap__C                             
00008768  ti_sysbios_knl_Task_allBlockedFunc__C                           
0000876c  ti_sysbios_knl_Task_defaultStackHeap__C                         
00008770  ti_sysbios_knl_Task_defaultStackSize__C                         
00008774  ti_sysbios_knl_Task_numConstructedTasks__C                      
00008778  xdc_runtime_Error_E_memory__C                                   
0000877c  xdc_runtime_Error_policyFxn__C                                  
00008780  xdc_runtime_IGateProvider_Interface__BASE__C                    
00008784  xdc_runtime_IHeap_Interface__BASE__C                            
00008788  xdc_runtime_IModule_Interface__BASE__C                          
0000878c  xdc_runtime_Memory_defaultHeapInstance__C                       
00008790  xdc_runtime_Startup_execImpl__C                                 
00008794  xdc_runtime_Startup_maxPasses__C                                
00008798  xdc_runtime_Startup_sfxnRts__C                                  
0000879c  xdc_runtime_Startup_sfxnTab__C                                  
000087a0  xdc_runtime_SysCallback_abortFxn__C                             
000087a4  xdc_runtime_SysCallback_exitFxn__C                              
000087a8  xdc_runtime_System_Module__gateObj__C                           
000087ac  xdc_runtime_System_abortFxn__C                                  
000087b0  xdc_runtime_System_exitFxn__C                                   
000087b4  xdc_runtime_System_maxAtexitHandlers__C                         
000087b8  xdc_runtime_Memory_Module__id__C                                
000087c0  __TI_static_base__                                              
00008a88  __TI_Handler_Table_Base                                         
00008a94  __TI_Handler_Table_Limit                                        
00008aa0  __TI_CINIT_Base                                                 
00008ab0  __TI_CINIT_Limit                                                
00020000  HEAPSIZE                                                        
20000000  __start___llvm_prf_cnts                                         
20000000  __stop___llvm_prf_cnts                                          
20000000  ti_sysbios_family_arm_m3_Hwi_ramVectors                         
20000360  __primary_heap_start__                                          
20020360  Glo                                                             
20020360  __primary_heap_end__                                            
20020970  ti_sysbios_family_arm_m3_Hwi_dispatchTable                      
20020cd0  ti_sysbios_knl_Task_Instance_State_0_stack__A                   
20020f60  uartMSP432E4Objects                                             
20020fe4  ti_sysbios_knl_Task_Instance_State_0_hookEnv__A                 
20020ff0  PowerMSP432E4_module                                            
200211e8  ti_sysbios_knl_Swi_Module_State_0_readyQ__A                     
20021268  ti_sysbios_knl_Task_Module_State_0_readyQ__A                    
200212e8  ti_sysbios_gates_GateMutex_Object__table__V                     
2002133c  ti_sysbios_knl_Task_Object__table__V                            
20021388  ti_sysbios_knl_Task_Module__state__V                            
200213cc  ti_sysbios_family_arm_lm4_Timer_Module_State_0_device__A        
2002140c  ti_sysbios_family_arm_lm4_Timer_Object__table__V                
2002144c  ti_sysbios_family_arm_m3_Hwi_Module__state__V                   
20021480  ti_sysbios_knl_Swi_Object__table__V                             
200214b0  ti_sysbios_knl_Clock_Module__state__V                           
200214dc  ti_sysbios_BIOS_Module__state__V                                
20021500  gpioCallbackFunctions                                           
20021520  gpioPinConfigs                                                  
20021540  ti_sysbios_family_arm_lm4_Timer_Module_State_0_handles__A       
20021560  xdc_runtime_Error_IgnoreBlock                                   
20021580  ti_sysbios_knl_Swi_Module__state__V                             
2002159c  ti_sysbios_family_arm_m3_Hwi_Object__table__V                   
200215b4  ti_sysbios_heaps_HeapMem_Object__table__V                       
200215cc  ti_sysbios_family_arm_lm4_Timer_Module__state__V                
200215d8  _lock                                                           
200215dc  _unlock                                                         
200215e0  ti_sysbios_family_arm_m3_Hwi_Module__root__V                    
200215e8  ti_sysbios_gates_GateHwi_Module__root__V                        
200215f0  ti_sysbios_gates_GateMutex_Module__root__V                      
200215f8  ti_sysbios_heaps_HeapMem_Module__root__V                        
20021600  ti_sysbios_knl_Clock_Module__root__V                            
20021608  ti_sysbios_knl_Queue_Module__root__V                            
20021610  ti_sysbios_knl_Semaphore_Module__root__V                        
20021618  ti_sysbios_knl_Task_Module__root__V                             
20021620  xdc_runtime_Startup_Module__state__V                            
20021628  xdc_runtime_System_Module_State_0_atexitHandlers__A             
20021630  xdc_runtime_System_Module__state__V                             
2002163e  ti_sysbios_family_arm_m3_Hwi_Module_State_0_excActive__A        
20021640  main_func_sp                                                    
20021644  ti_sysbios_family_arm_m3_Hwi_Module_State_0_excContext__A       
20021648  ti_sysbios_family_arm_m3_Hwi_Module_State_0_excStack__A         
2002164c  ti_sysbios_gates_GateHwi_Object__table__V                       
20021650  ti_sysbios_knl_Task_Module_State_0_idleTask__A                  
20021654  ti_sysbios_rts_ti_ReentSupport_Module__state__V                 
20021658  xdc_runtime_Memory_Module__state__V                             
2003fc00  __stack                                                         
20040000  __STACK_END                                                     
e000e000  ti_sysbios_family_arm_m3_Hwi_nvic                               
ffffffff  __TI_pprof_out_hndl                                             
ffffffff  __TI_prof_data_size                                             
ffffffff  __TI_prof_data_start                                            
ffffffff  __binit__                                                       
ffffffff  __c_args__                                                      
ffffffff  binit                                                           
UNDEFED   SHT$$INIT_ARRAY$$Base                                           
UNDEFED   SHT$$INIT_ARRAY$$Limit                                          

[575 symbols]
